Initialized native services in: C:\Users\Administrator\.gradle\native
Initialized jansi services in: C:\Users\Administrator\.gradle\native
The client will now receive all logging from the daemon (pid: 85144). The daemon log file: C:\Users\Administrator\.gradle\daemon\9.1.0\daemon-85144.out.log
Starting 2nd build in daemon [uptime: 47.535 secs, performance: 100%, GC rate: 0.00/s, heap usage: 0% of 4 GiB]
Using 12 worker leases.
Now considering [D:\riklast\rik原作\rikkahub-master\rikkahub-1.9] as hierarchies to watch
Watching the file system is configured to be enabled if available
File system watching is active
Starting Build
Settings evaluated using settings file 'D:\riklast\rik原作\rikkahub-master\rikkahub-1.9\settings.gradle.kts'.
Projects loaded. Root project using build file 'D:\riklast\rik原作\rikkahub-master\rikkahub-1.9\build.gradle.kts'.
Included projects: [root project 'rikkahub', project ':ai', project ':app', project ':common', project ':document', project ':highlight', project ':search', project ':tts']

> Configure project :
Evaluating root project 'rikkahub' using build file 'D:\riklast\rik原作\rikkahub-master\rikkahub-1.9\build.gradle.kts'.
Resolved plugin [id: 'com.android.application', version: '9.0.0', apply: false]
Resolved plugin [id: 'org.jetbrains.kotlin.plugin.compose', version: '2.3.0', apply: false]
Resolved plugin [id: 'com.android.library', version: '9.0.0', apply: false]
Resolved plugin [id: 'com.google.devtools.ksp', version: '2.3.4', apply: false]
Resolved plugin [id: 'com.android.test', version: '9.0.0', apply: false]
Resolved plugin [id: 'androidx.baselineprofile', version: '1.4.1', apply: false]

> Configure project :ai
Evaluating project ':ai' using build file 'D:\riklast\rik原作\rikkahub-master\rikkahub-1.9\ai\build.gradle.kts'.
Resolved plugin [id: 'com.android.library', version: '9.0.0']
Resolved plugin [id: 'org.jetbrains.kotlin.plugin.serialization', version: '2.3.0']
Resolved plugin [id: 'org.jetbrains.kotlin.plugin.compose', version: '2.3.0']
WARNING: The option setting 'android.overridePathCheck=true' is experimental.
The current default is 'false'.
Build b1167cee-0faa-46cc-8687-cd1bdc4a268c is started
Using default execution profile
Detected Android Gradle Plugin compose compiler configuration
Detected Android Gradle Plugin compose compiler configuration
Detected Android Gradle Plugin compose compiler configuration
Detected Android Gradle Plugin compose compiler configuration

> Configure project :app
Evaluating project ':app' using build file 'D:\riklast\rik原作\rikkahub-master\rikkahub-1.9\app\build.gradle.kts'.
Resolved plugin [id: 'com.android.application', version: '9.0.0']
Resolved plugin [id: 'org.jetbrains.kotlin.plugin.compose', version: '2.3.0']
Resolved plugin [id: 'org.jetbrains.kotlin.plugin.serialization', version: '2.3.0']
Resolved plugin [id: 'com.google.devtools.ksp', version: '2.3.4']
Resolved plugin [id: 'com.chaquo.python', version: '17.0.0']
Using default execution profile
Detected Android Gradle Plugin compose compiler configuration
Detected Android Gradle Plugin compose compiler configuration
Detected Android Gradle Plugin compose compiler configuration
Detected Android Gradle Plugin compose compiler configuration
Detected Android Gradle Plugin compose compiler configuration

> Configure project :common
Evaluating project ':common' using build file 'D:\riklast\rik原作\rikkahub-master\rikkahub-1.9\common\build.gradle.kts'.
Resolved plugin [id: 'com.android.library', version: '9.0.0']
Using default execution profile

> Configure project :document
Evaluating project ':document' using build file 'D:\riklast\rik原作\rikkahub-master\rikkahub-1.9\document\build.gradle.kts'.
Resolved plugin [id: 'com.android.library', version: '9.0.0']
Using default execution profile

> Configure project :highlight
Evaluating project ':highlight' using build file 'D:\riklast\rik原作\rikkahub-master\rikkahub-1.9\highlight\build.gradle.kts'.
Resolved plugin [id: 'com.android.library', version: '9.0.0']
Resolved plugin [id: 'org.jetbrains.kotlin.plugin.compose', version: '2.3.0']
Resolved plugin [id: 'org.jetbrains.kotlin.plugin.serialization', version: '2.3.0']
Using default execution profile
Detected Android Gradle Plugin compose compiler configuration
Detected Android Gradle Plugin compose compiler configuration
Detected Android Gradle Plugin compose compiler configuration
Detected Android Gradle Plugin compose compiler configuration

> Configure project :search
Evaluating project ':search' using build file 'D:\riklast\rik原作\rikkahub-master\rikkahub-1.9\search\build.gradle.kts'.
Resolved plugin [id: 'com.android.library', version: '9.0.0']
Resolved plugin [id: 'org.jetbrains.kotlin.plugin.serialization', version: '2.3.0']
Resolved plugin [id: 'org.jetbrains.kotlin.plugin.compose', version: '2.3.0']
Using default execution profile
Detected Android Gradle Plugin compose compiler configuration
Detected Android Gradle Plugin compose compiler configuration
Detected Android Gradle Plugin compose compiler configuration
Detected Android Gradle Plugin compose compiler configuration

> Configure project :tts
Evaluating project ':tts' using build file 'D:\riklast\rik原作\rikkahub-master\rikkahub-1.9\tts\build.gradle.kts'.
Resolved plugin [id: 'com.android.library', version: '9.0.0']
Resolved plugin [id: 'org.jetbrains.kotlin.plugin.serialization', version: '2.3.0']
Resolved plugin [id: 'org.jetbrains.kotlin.plugin.compose', version: '2.3.0']
Using default execution profile
Detected Android Gradle Plugin compose compiler configuration
Detected Android Gradle Plugin compose compiler configuration
Detected Android Gradle Plugin compose compiler configuration
Detected Android Gradle Plugin compose compiler configuration
All projects evaluated.
Task path ':app:testDebugUnitTest' matched project ':app'
Task name matched 'testDebugUnitTest'
Selected primary task 'testDebugUnitTest' from project :app
Adding -Xuse-inline-scopes-numbers Kotlin compiler flag for task :app:compileDebugKotlin
Starting process 'command 'C:\Windows\py.exe''. Working directory: D:\riklast\rik原作\rikkahub-master\rikkahub-1.9\app Command: C:\Windows\py.exe -3.11 D:\riklast\rik原作\rikkahub-master\rikkahub-1.9\app\build\python\check_build_python.py 3.11
Successfully started process 'command 'C:\Windows\py.exe''
Tasks to be executed: [task ':ai:preBuild', task ':ai:preDebugBuild', task ':ai:generateDebugResources', task ':ai:packageDebugResources', task ':ai:processDebugNavigationResources', task ':ai:parseDebugLocalResources', task ':ai:generateDebugRFile', task ':common:preBuild', task ':common:preDebugBuild', task ':common:generateDebugResources', task ':common:packageDebugResources', task ':common:processDebugNavigationResources', task ':common:parseDebugLocalResources', task ':common:generateDebugRFile', task ':common:compileDebugKotlin', task ':common:javaPreCompileDebug', task ':common:compileDebugJavaWithJavac', task ':common:bundleLibCompileToJarDebug', task ':ai:compileDebugKotlin', task ':ai:javaPreCompileDebug', task ':ai:compileDebugJavaWithJavac', task ':ai:bundleLibRuntimeToJarDebug', task ':ai:processDebugJavaRes', task ':ai:bundleLibCompileToJarDebug', task ':app:preBuild', task ':app:preDebugBuild', task ':app:generateDebugBuildConfig', task ':app:extractDebugPythonBuildPackages', task ':app:installDebugPythonRequirements', task ':app:mergeDebugPythonSources', task ':app:generateDebugPythonProxies', task ':ai:extractDebugSupportedLocales', task ':app:extractDebugSupportedLocales', task ':common:extractDebugSupportedLocales', task ':document:preBuild', task ':document:preDebugBuild', task ':document:extractDebugSupportedLocales', task ':highlight:preBuild', task ':highlight:preDebugBuild', task ':highlight:extractDebugSupportedLocales', task ':search:preBuild', task ':search:preDebugBuild', task ':search:extractDebugSupportedLocales', task ':tts:preBuild', task ':tts:preDebugBuild', task ':tts:extractDebugSupportedLocales', task ':app:generateDebugLocaleConfig', task ':app:generateDebugResources', task ':app:packageDebugResources', task ':document:processDebugNavigationResources', task ':highlight:processDebugNavigationResources', task ':search:processDebugNavigationResources', task ':tts:processDebugNavigationResources', task ':app:processDebugNavigationResources', task ':app:parseDebugLocalResources', task ':app:generateDebugRFile', task ':document:generateDebugResources', task ':document:packageDebugResources', task ':document:parseDebugLocalResources', task ':document:generateDebugRFile', task ':document:compileDebugKotlin', task ':document:javaPreCompileDebug', task ':document:compileDebugJavaWithJavac', task ':document:bundleLibCompileToJarDebug', task ':highlight:generateDebugResources', task ':highlight:packageDebugResources', task ':highlight:parseDebugLocalResources', task ':highlight:generateDebugRFile', task ':highlight:compileDebugKotlin', task ':highlight:javaPreCompileDebug', task ':highlight:compileDebugJavaWithJavac', task ':highlight:bundleLibCompileToJarDebug', task ':search:generateDebugResources', task ':search:packageDebugResources', task ':search:parseDebugLocalResources', task ':search:generateDebugRFile', task ':search:compileDebugKotlin', task ':search:javaPreCompileDebug', task ':search:compileDebugJavaWithJavac', task ':search:bundleLibCompileToJarDebug', task ':tts:generateDebugResources', task ':tts:packageDebugResources', task ':tts:parseDebugLocalResources', task ':tts:generateDebugRFile', task ':tts:compileDebugKotlin', task ':tts:javaPreCompileDebug', task ':tts:compileDebugJavaWithJavac', task ':tts:bundleLibCompileToJarDebug', task ':app:kspDebugKotlin', task ':app:compileDebugKotlin', task ':app:javaPreCompileDebug', task ':app:compileDebugJavaWithJavac', task ':ai:compileDebugLibraryResources', task ':ai:writeDebugAarMetadata', task ':common:writeDebugAarMetadata', task ':document:writeDebugAarMetadata', task ':highlight:writeDebugAarMetadata', task ':search:writeDebugAarMetadata', task ':tts:writeDebugAarMetadata', task ':app:checkDebugAarMetadata', task ':app:compileDebugNavigationResources', task ':app:mapDebugSourceSetPaths', task ':app:mergeDebugResources', task ':app:createDebugCompatibleScreenManifests', task ':ai:extractDeepLinksDebug', task ':ai:processDebugManifest', task ':app:extractDeepLinksDebug', task ':common:extractDeepLinksDebug', task ':common:processDebugManifest', task ':document:extractDeepLinksDebug', task ':document:processDebugManifest', task ':highlight:extractDeepLinksDebug', task ':highlight:processDebugManifest', task ':search:extractDeepLinksDebug', task ':search:processDebugManifest', task ':tts:extractDeepLinksDebug', task ':tts:processDebugManifest', task ':app:processDebugMainManifest', task ':app:processDebugManifest', task ':app:processDebugManifestForPackage', task ':common:compileDebugLibraryResources', task ':document:compileDebugLibraryResources', task ':highlight:compileDebugLibraryResources', task ':search:compileDebugLibraryResources', task ':tts:compileDebugLibraryResources', task ':app:processDebugResources', task ':app:bundleDebugClassesToRuntimeJar', task ':app:bundleDebugClassesToCompileJar', task ':app:kspDebugUnitTestKotlin', task ':app:preDebugUnitTestBuild', task ':app:compileDebugUnitTestKotlin', task ':app:javaPreCompileDebugUnitTest', task ':app:compileDebugUnitTestJavaWithJavac', task ':app:processDebugJavaRes', task ':app:processDebugUnitTestJavaRes', task ':common:bundleLibRuntimeToJarDebug', task ':common:processDebugJavaRes', task ':document:bundleLibRuntimeToJarDebug', task ':document:processDebugJavaRes', task ':highlight:bundleLibRuntimeToJarDebug', task ':highlight:processDebugJavaRes', task ':search:bundleLibRuntimeToJarDebug', task ':search:processDebugJavaRes', task ':tts:bundleLibRuntimeToJarDebug', task ':tts:processDebugJavaRes', task ':app:testDebugUnitTest']
Tasks that were excluded: []
Resolve mutations for :ai:preBuild (Thread[Execution worker,5,main]) started.
:ai:preBuild (Thread[Execution worker,5,main]) started.

> Task :ai:preBuild UP-TO-DATE
Skipping task ':ai:preBuild' as it has no actions.
Resolve mutations for :ai:preDebugBuild (Thread[Execution worker,5,main]) started.
:ai:preDebugBuild (Thread[Execution worker,5,main]) started.

> Task :ai:preDebugBuild UP-TO-DATE
Skipping task ':ai:preDebugBuild' as it has no actions.
Resolve mutations for :ai:generateDebugResources (Thread[Execution worker,5,main]) started.
:ai:generateDebugResources (Thread[Execution worker,5,main]) started.

> Task :ai:generateDebugResources
Caching disabled for task ':ai:generateDebugResources' because:
  Build cache is disabled
Task ':ai:generateDebugResources' is not up-to-date because:
  Output property 'validationReportFile' file D:\riklast\rik原作\rikkahub-master\rikkahub-1.9\ai\build\intermediates\nested_resources_validation_report\debug\generateDebugResources\nestedResourcesValidationReport.txt has been removed.
Resolve mutations for :ai:packageDebugResources (Thread[Execution worker,5,main]) started.
:ai:packageDebugResources (Thread[Execution worker,5,main]) started.

> Task :ai:packageDebugResources
Caching disabled for task ':ai:packageDebugResources' because:
  Build cache is disabled
Task ':ai:packageDebugResources' is not up-to-date because:
  Output property 'dataBindingLayoutInfoOutFolder' file D:\riklast\rik原作\rikkahub-master\rikkahub-1.9\ai\build\intermediates\data_binding_layout_info_type_package\debug\packageDebugResources\out has been removed.
  Output property 'generatedPngsOutputDir' file D:\riklast\rik原作\rikkahub-master\rikkahub-1.9\ai\build\generated\res\pngs\debug has been removed.
  Output property 'incrementalFolder' file D:\riklast\rik原作\rikkahub-master\rikkahub-1.9\ai\build\intermediates\incremental\debug\packageDebugResources has been removed.
  and more...
The input changes require a full rebuild for incremental task ':ai:packageDebugResources'.
[MergeResources] Inputs are non-incremental full task action.
work action resolve packageDebugResources (project :ai) (Thread[Execution worker,5,main]) started.
Resolve mutations for :ai:processDebugNavigationResources (Thread[Execution worker,5,main]) started.
:ai:processDebugNavigationResources (Thread[Execution worker,5,main]) started.

> Task :ai:processDebugNavigationResources
Caching disabled for task ':ai:processDebugNavigationResources' because:
  Build cache is disabled
Task ':ai:processDebugNavigationResources' is not up-to-date because:
  Output property 'outputDir' file D:\riklast\rik原作\rikkahub-master\rikkahub-1.9\ai\build\generated\updated_navigation_xml\debug has been removed.
work action resolve debug (project :ai) (Thread[Execution worker,5,main]) started.
Resolve mutations for :ai:parseDebugLocalResources (Thread[Execution worker,5,main]) started.
:ai:parseDebugLocalResources (Thread[Execution worker,5,main]) started.
Resolve mutations for :common:preBuild (Thread[Execution worker Thread 8,5,main]) started.
:common:preBuild (Thread[Execution worker Thread 9,5,main]) started.

> Task :common:preBuild UP-TO-DATE
Skipping task ':common:preBuild' as it has no actions.
Resolve mutations for :common:preDebugBuild (Thread[Execution worker Thread 9,5,main]) started.
:common:preDebugBuild (Thread[Execution worker Thread 9,5,main]) started.

> Task :common:preDebugBuild UP-TO-DATE
Skipping task ':common:preDebugBuild' as it has no actions.
Resolve mutations for :common:generateDebugResources (Thread[Execution worker Thread 9,5,main]) started.
:common:generateDebugResources (Thread[Execution worker Thread 9,5,main]) started.

> Task :common:generateDebugResources
Caching disabled for task ':common:generateDebugResources' because:
  Build cache is disabled
Task ':common:generateDebugResources' is not up-to-date because:
  Output property 'validationReportFile' file D:\riklast\rik原作\rikkahub-master\rikkahub-1.9\common\build\intermediates\nested_resources_validation_report\debug\generateDebugResources\nestedResourcesValidationReport.txt has been removed.
Resolve mutations for :common:packageDebugResources (Thread[Execution worker Thread 9,5,main]) started.
:common:packageDebugResources (Thread[Execution worker Thread 9,5,main]) started.

> Task :common:packageDebugResources
Caching disabled for task ':common:packageDebugResources' because:
  Build cache is disabled
Task ':common:packageDebugResources' is not up-to-date because:
  Output property 'dataBindingLayoutInfoOutFolder' file D:\riklast\rik原作\rikkahub-master\rikkahub-1.9\common\build\intermediates\data_binding_layout_info_type_package\debug\packageDebugResources\out has been removed.
  Output property 'generatedPngsOutputDir' file D:\riklast\rik原作\rikkahub-master\rikkahub-1.9\common\build\generated\res\pngs\debug has been removed.
  Output property 'incrementalFolder' file D:\riklast\rik原作\rikkahub-master\rikkahub-1.9\common\build\intermediates\incremental\debug\packageDebugResources has been removed.
  and more...
The input changes require a full rebuild for incremental task ':common:packageDebugResources'.
[MergeResources] Inputs are non-incremental full task action.
work action resolve packageDebugResources (project :common) (Thread[Execution worker Thread 9,5,main]) started.
Resolve mutations for :common:processDebugNavigationResources (Thread[Execution worker Thread 9,5,main]) started.
:common:processDebugNavigationResources (Thread[Execution worker Thread 9,5,main]) started.

> Task :common:processDebugNavigationResources
Caching disabled for task ':common:processDebugNavigationResources' because:
  Build cache is disabled
Task ':common:processDebugNavigationResources' is not up-to-date because:
  Output property 'outputDir' file D:\riklast\rik原作\rikkahub-master\rikkahub-1.9\common\build\generated\updated_navigation_xml\debug has been removed.
work action resolve debug (project :common) (Thread[Execution worker Thread 9,5,main]) started.
Resolve mutations for :common:parseDebugLocalResources (Thread[Execution worker Thread 9,5,main]) started.
:common:parseDebugLocalResources (Thread[Execution worker Thread 9,5,main]) started.
Resolve mutations for :common:javaPreCompileDebug (Thread[Execution worker Thread 10,5,main]) started.
:common:javaPreCompileDebug (Thread[Execution worker Thread 10,5,main]) started.
Resolve mutations for :ai:javaPreCompileDebug (Thread[Execution worker Thread 2,5,main]) started.
:ai:javaPreCompileDebug (Thread[Execution worker Thread 2,5,main]) started.
Resolve mutations for :app:preBuild (Thread[Execution worker Thread 3,5,main]) started.
:app:preBuild (Thread[Execution worker Thread 3,5,main]) started.

> Task :app:preBuild UP-TO-DATE
Skipping task ':app:preBuild' as it has no actions.
Resolve mutations for :app:preDebugBuild (Thread[Execution worker Thread 3,5,main]) started.
:app:preDebugBuild (Thread[Execution worker Thread 3,5,main]) started.

> Task :app:preDebugBuild UP-TO-DATE
Skipping task ':app:preDebugBuild' as it has no actions.
Resolve mutations for :app:generateDebugBuildConfig (Thread[Execution worker Thread 3,5,main]) started.
:app:generateDebugBuildConfig (Thread[Execution worker Thread 3,5,main]) started.

> Task :common:javaPreCompileDebug
Caching disabled for task ':common:javaPreCompileDebug' because:
  Build cache is disabled
Task ':common:javaPreCompileDebug' is not up-to-date because:
  Output property 'annotationProcessorListFile' file D:\riklast\rik原作\rikkahub-master\rikkahub-1.9\common\build\intermediates\annotation_processor_list\debug\javaPreCompileDebug\annotationProcessors.json has been removed.

> Task :ai:javaPreCompileDebug
Caching disabled for task ':ai:javaPreCompileDebug' because:
  Build cache is disabled
Task ':ai:javaPreCompileDebug' is not up-to-date because:
  Output property 'annotationProcessorListFile' file D:\riklast\rik原作\rikkahub-master\rikkahub-1.9\ai\build\intermediates\annotation_processor_list\debug\javaPreCompileDebug\annotationProcessors.json has been removed.

> Task :ai:parseDebugLocalResources
Caching disabled for task ':ai:parseDebugLocalResources' because:
  Build cache is disabled
Task ':ai:parseDebugLocalResources' is not up-to-date because:
  Output property 'librarySymbolsFile' file D:\riklast\rik原作\rikkahub-master\rikkahub-1.9\ai\build\intermediates\local_only_symbol_list\debug\parseDebugLocalResources\R-def.txt has been removed.
The input changes require a full rebuild for incremental task ':ai:parseDebugLocalResources'.

> Task :common:parseDebugLocalResources
Caching disabled for task ':common:parseDebugLocalResources' because:
  Build cache is disabled
Task ':common:parseDebugLocalResources' is not up-to-date because:
  Output property 'librarySymbolsFile' file D:\riklast\rik原作\rikkahub-master\rikkahub-1.9\common\build\intermediates\local_only_symbol_list\debug\parseDebugLocalResources\R-def.txt has been removed.
The input changes require a full rebuild for incremental task ':common:parseDebugLocalResources'.

> Task :app:generateDebugBuildConfig
Caching disabled for task ':app:generateDebugBuildConfig' because:
  Build cache is disabled
Task ':app:generateDebugBuildConfig' is not up-to-date because:
  Output property 'sourceOutputDir' file D:\riklast\rik原作\rikkahub-master\rikkahub-1.9\app\build\generated\source\buildConfig\debug has been removed.
  Output property 'sourceOutputDir' file D:\riklast\rik原作\rikkahub-master\rikkahub-1.9\app\build\generated\source\buildConfig\debug\me has been removed.
  Output property 'sourceOutputDir' file D:\riklast\rik原作\rikkahub-master\rikkahub-1.9\app\build\generated\source\buildConfig\debug\me\rerere has been removed.
  and more...
Resolve mutations for :ai:generateDebugRFile (Thread[Execution worker Thread 3,5,main]) started.
:ai:generateDebugRFile (Thread[Execution worker Thread 3,5,main]) started.
Resolve mutations for :common:generateDebugRFile (Thread[Execution worker Thread 9,5,main]) started.
:common:generateDebugRFile (Thread[Execution worker Thread 9,5,main]) started.
Resolve mutations for :app:extractDebugPythonBuildPackages (Thread[Execution worker,5,main]) started.
:app:extractDebugPythonBuildPackages (Thread[Execution worker,5,main]) started.

> Task :ai:generateDebugRFile
Caching disabled for task ':ai:generateDebugRFile' because:
  Build cache is disabled
Task ':ai:generateDebugRFile' is not up-to-date because:
  Output property 'RClassOutputJar' file D:\riklast\rik原作\rikkahub-master\rikkahub-1.9\ai\build\intermediates\compile_r_class_jar\debug\generateDebugRFile\R.jar has been removed.
  Output property 'symbolsWithPackageNameOutputFile' file D:\riklast\rik原作\rikkahub-master\rikkahub-1.9\ai\build\intermediates\symbol_list_with_package_name\debug\generateDebugRFile\package-aware-r.txt has been removed.
  Output property 'textSymbolOutputFileProperty' file D:\riklast\rik原作\rikkahub-master\rikkahub-1.9\ai\build\intermediates\compile_symbol_list\debug\generateDebugRFile\R.txt has been removed.
The input changes require a full rebuild for incremental task ':ai:generateDebugRFile'.

> Task :common:generateDebugRFile
Caching disabled for task ':common:generateDebugRFile' because:
  Build cache is disabled
Task ':common:generateDebugRFile' is not up-to-date because:
  Output property 'RClassOutputJar' file D:\riklast\rik原作\rikkahub-master\rikkahub-1.9\common\build\intermediates\compile_r_class_jar\debug\generateDebugRFile\R.jar has been removed.
  Output property 'symbolsWithPackageNameOutputFile' file D:\riklast\rik原作\rikkahub-master\rikkahub-1.9\common\build\intermediates\symbol_list_with_package_name\debug\generateDebugRFile\package-aware-r.txt has been removed.
  Output property 'textSymbolOutputFileProperty' file D:\riklast\rik原作\rikkahub-master\rikkahub-1.9\common\build\intermediates\compile_symbol_list\debug\generateDebugRFile\R.txt has been removed.
The input changes require a full rebuild for incremental task ':common:generateDebugRFile'.

> Task :app:extractDebugPythonBuildPackages
Custom actions are attached to task ':app:extractDebugPythonBuildPackages'.
Caching disabled for task ':app:extractDebugPythonBuildPackages' because:
  Build cache is disabled
  Caching has not been enabled for the task
Task ':app:extractDebugPythonBuildPackages' is not up-to-date because:
  Output property 'outputDir' file D:\riklast\rik原作\rikkahub-master\rikkahub-1.9\app\build\python\env\debug has been removed.
  Output property 'outputDir' file D:\riklast\rik原作\rikkahub-master\rikkahub-1.9\app\build\python\env\debug\Include has been removed.
  Output property 'outputDir' file D:\riklast\rik原作\rikkahub-master\rikkahub-1.9\app\build\python\env\debug\Lib has been removed.
  and more...
Starting process 'command 'C:\Windows\py.exe''. Working directory: D:\riklast\rik原作\rikkahub-master\rikkahub-1.9\app Command: C:\Windows\py.exe -3.11 -m venv --without-pip D:\riklast\rik原作\rikkahub-master\rikkahub-1.9\app\build\python\env\debug
Successfully started process 'command 'C:\Windows\py.exe''
Starting process 'command 'C:\Windows\py.exe''. Working directory: D:\riklast\rik原作\rikkahub-master\rikkahub-1.9\app Command: C:\Windows\py.exe -3.11 -Wignore -m compileall -qq D:\riklast\rik原作\rikkahub-master\rikkahub-1.9\app\build\python\env\debug
Successfully started process 'command 'C:\Windows\py.exe''
work action resolve package-aware-r.txt (project :common) (Thread[Execution worker,5,main]) started.
work action resolve package-aware-r.txt (project :ai) (Thread[Execution worker,5,main]) started.
Resolve mutations for :common:compileDebugKotlin (Thread[Execution worker,5,main]) started.
:common:compileDebugKotlin (Thread[Execution worker,5,main]) started.
Resolve mutations for :app:installDebugPythonRequirements (Thread[Execution worker Thread 4,5,main]) started.
:app:installDebugPythonRequirements (Thread[Execution worker Thread 4,5,main]) started.

> Task :common:compileDebugKotlin
file or directory 'D:\riklast\rik原作\rikkahub-master\rikkahub-1.9\common\src\main\kotlin', not found
file or directory 'D:\riklast\rik原作\rikkahub-master\rikkahub-1.9\common\src\debug\java', not found
file or directory 'D:\riklast\rik原作\rikkahub-master\rikkahub-1.9\common\src\debug\kotlin', not found
file or directory 'D:\riklast\rik原作\rikkahub-master\rikkahub-1.9\common\src\debug\java', not found
file or directory 'D:\riklast\rik原作\rikkahub-master\rikkahub-1.9\common\src\main\kotlin', not found
file or directory 'D:\riklast\rik原作\rikkahub-master\rikkahub-1.9\common\src\debug\java', not found
file or directory 'D:\riklast\rik原作\rikkahub-master\rikkahub-1.9\common\src\debug\kotlin', not found
file or directory 'D:\riklast\rik原作\rikkahub-master\rikkahub-1.9\common\src\debug\java', not found
file or directory 'D:\riklast\rik原作\rikkahub-master\rikkahub-1.9\common\src\main\kotlin', not found
file or directory 'D:\riklast\rik原作\rikkahub-master\rikkahub-1.9\common\src\debug\java', not found
file or directory 'D:\riklast\rik原作\rikkahub-master\rikkahub-1.9\common\src\debug\kotlin', not found
file or directory 'D:\riklast\rik原作\rikkahub-master\rikkahub-1.9\common\src\debug\java', not found
Custom actions are attached to task ':common:compileDebugKotlin'.
Caching disabled for task ':common:compileDebugKotlin' because:
  Build cache is disabled
Task ':common:compileDebugKotlin' is not up-to-date because:
  Output property 'classpathSnapshotProperties.classpathSnapshotDir' file D:\riklast\rik原作\rikkahub-master\rikkahub-1.9\common\build\kotlin\compileDebugKotlin\classpath-snapshot has been removed.
  Output property 'classpathSnapshotProperties.classpathSnapshotDir' file D:\riklast\rik原作\rikkahub-master\rikkahub-1.9\common\build\kotlin\compileDebugKotlin\classpath-snapshot\shrunk-classpath-snapshot.bin has been removed.
  Output property 'destinationDirectory' file D:\riklast\rik原作\rikkahub-master\rikkahub-1.9\common\build\intermediates\built_in_kotlinc\debug\compileDebugKotlin\classes has been removed.
  and more...
The input changes require a full rebuild for incremental task ':common:compileDebugKotlin'.
file or directory 'D:\riklast\rik原作\rikkahub-master\rikkahub-1.9\common\src\main\kotlin', not found
file or directory 'D:\riklast\rik原作\rikkahub-master\rikkahub-1.9\common\src\main\kotlin', not found
file or directory 'D:\riklast\rik原作\rikkahub-master\rikkahub-1.9\common\src\debug\java', not found
file or directory 'D:\riklast\rik原作\rikkahub-master\rikkahub-1.9\common\src\debug\java', not found
file or directory 'D:\riklast\rik原作\rikkahub-master\rikkahub-1.9\common\src\debug\kotlin', not found
file or directory 'D:\riklast\rik原作\rikkahub-master\rikkahub-1.9\common\src\debug\kotlin', not found
file or directory 'D:\riklast\rik原作\rikkahub-master\rikkahub-1.9\common\src\debug\java', not found
file or directory 'D:\riklast\rik原作\rikkahub-master\rikkahub-1.9\common\src\debug\java', not found
file or directory 'D:\riklast\rik原作\rikkahub-master\rikkahub-1.9\common\src\main\kotlin', not found
file or directory 'D:\riklast\rik原作\rikkahub-master\rikkahub-1.9\common\src\debug\java', not found
file or directory 'D:\riklast\rik原作\rikkahub-master\rikkahub-1.9\common\src\debug\kotlin', not found
file or directory 'D:\riklast\rik原作\rikkahub-master\rikkahub-1.9\common\src\debug\java', not found
file or directory 'D:\riklast\rik原作\rikkahub-master\rikkahub-1.9\common\src\main\kotlin', not found
file or directory 'D:\riklast\rik原作\rikkahub-master\rikkahub-1.9\common\src\main\kotlin', not found
file or directory 'D:\riklast\rik原作\rikkahub-master\rikkahub-1.9\common\src\debug\java', not found
file or directory 'D:\riklast\rik原作\rikkahub-master\rikkahub-1.9\common\src\debug\java', not found
file or directory 'D:\riklast\rik原作\rikkahub-master\rikkahub-1.9\common\src\debug\kotlin', not found
file or directory 'D:\riklast\rik原作\rikkahub-master\rikkahub-1.9\common\src\debug\kotlin', not found
file or directory 'D:\riklast\rik原作\rikkahub-master\rikkahub-1.9\common\src\debug\java', not found
file or directory 'D:\riklast\rik原作\rikkahub-master\rikkahub-1.9\common\src\debug\java', not found
file or directory 'D:\riklast\rik原作\rikkahub-master\rikkahub-1.9\common\src\main\kotlin', not found
file or directory 'D:\riklast\rik原作\rikkahub-master\rikkahub-1.9\common\src\main\kotlin', not found
file or directory 'D:\riklast\rik原作\rikkahub-master\rikkahub-1.9\common\src\debug\java', not found
file or directory 'D:\riklast\rik原作\rikkahub-master\rikkahub-1.9\common\src\debug\java', not found
file or directory 'D:\riklast\rik原作\rikkahub-master\rikkahub-1.9\common\src\debug\kotlin', not found
file or directory 'D:\riklast\rik原作\rikkahub-master\rikkahub-1.9\common\src\debug\kotlin', not found
file or directory 'D:\riklast\rik原作\rikkahub-master\rikkahub-1.9\common\src\debug\java', not found
file or directory 'D:\riklast\rik原作\rikkahub-master\rikkahub-1.9\common\src\debug\java', not found
file or directory 'D:\riklast\rik原作\rikkahub-master\rikkahub-1.9\common\src\main\kotlin', not found
file or directory 'D:\riklast\rik原作\rikkahub-master\rikkahub-1.9\common\src\main\kotlin', not found
file or directory 'D:\riklast\rik原作\rikkahub-master\rikkahub-1.9\common\src\debug\java', not found
file or directory 'D:\riklast\rik原作\rikkahub-master\rikkahub-1.9\common\src\debug\java', not found
file or directory 'D:\riklast\rik原作\rikkahub-master\rikkahub-1.9\common\src\debug\kotlin', not found
file or directory 'D:\riklast\rik原作\rikkahub-master\rikkahub-1.9\common\src\debug\kotlin', not found
file or directory 'D:\riklast\rik原作\rikkahub-master\rikkahub-1.9\common\src\debug\java', not found
file or directory 'D:\riklast\rik原作\rikkahub-master\rikkahub-1.9\common\src\debug\java', not found
Kotlin source files: D:\riklast\rik原作\rikkahub-master\rikkahub-1.9\common\src\main\java\me\rerere\common\android\ContextUtil.kt, D:\riklast\rik原作\rikkahub-master\rikkahub-1.9\common\src\main\java\me\rerere\common\android\Logging.kt, D:\riklast\rik原作\rikkahub-master\rikkahub-1.9\common\src\main\java\me\rerere\common\cache\CacheEntry.kt, D:\riklast\rik原作\rikkahub-master\rikkahub-1.9\common\src\main\java\me\rerere\common\cache\CacheStore.kt, D:\riklast\rik原作\rikkahub-master\rikkahub-1.9\common\src\main\java\me\rerere\common\cache\FileIO.kt, D:\riklast\rik原作\rikkahub-master\rikkahub-1.9\common\src\main\java\me\rerere\common\cache\KeyCodec.kt, D:\riklast\rik原作\rikkahub-master\rikkahub-1.9\common\src\main\java\me\rerere\common\cache\LruCache.kt, D:\riklast\rik原作\rikkahub-master\rikkahub-1.9\common\src\main\java\me\rerere\common\cache\PerKeyFileCacheStore.kt, D:\riklast\rik原作\rikkahub-master\rikkahub-1.9\common\src\main\java\me\rerere\common\cache\SingleFileCacheStore.kt, D:\riklast\rik原作\rikkahub-master\rikkahub-1.9\common\src\main\java\me\rerere\common\http\AcceptLang.kt, D:\riklast\rik原作\rikkahub-master\rikkahub-1.9\common\src\main\java\me\rerere\common\http\Json.kt, D:\riklast\rik原作\rikkahub-master\rikkahub-1.9\common\src\main\java\me\rerere\common\http\JsonExpression.kt, D:\riklast\rik原作\rikkahub-master\rikkahub-1.9\common\src\main\java\me\rerere\common\http\Request.kt, D:\riklast\rik原作\rikkahub-master\rikkahub-1.9\common\src\main\java\me\rerere\common\http\SSE.kt
Java source files: 
Script source files: 
Script file extensions: 
Using Kotlin/JVM incremental compilation
[KOTLIN] Kotlin compilation 'jdkHome' argument: C:\Program Files\Java\jdk-17
i: starting the daemon as: C:\Program Files\Java\jdk-17\bin\java -cp C:\Users\Administrator\.gradle\caches\modules-2\files-2.1\org.jetbrains.kotlin\kotlin-compiler-embeddable\2.3.0\dfa7ae7e29f042fe2abf0708315aa367989bb07d\kotlin-compiler-embeddable-2.3.0.jar;C:\Users\Administrator\.gradle\caches\modules-2\files-2.1\org.jetbrains.kotlin\kotlin-stdlib\2.3.0\ebc4eb2b6e6c91b6c844c1e3183920d86f2ef656\kotlin-stdlib-2.3.0.jar;C:\Users\Administrator\.gradle\caches\modules-2\files-2.1\org.jetbrains.kotlin\kotlin-script-runtime\2.3.0\fb89e0ab064ea19d08c6d6bc9f044d16c5487fc4\kotlin-script-runtime-2.3.0.jar;C:\Users\Administrator\.gradle\caches\modules-2\files-2.1\org.jetbrains.kotlin\kotlin-reflect\1.6.10\1cbe9c92c12a94eea200d23c2bbaedaf3daf5132\kotlin-reflect-1.6.10.jar;C:\Users\Administrator\.gradle\caches\modules-2\files-2.1\org.jetbrains.kotlin\kotlin-daemon-embeddable\2.3.0\3362fbd68a4dfd1df3818cfee0b8d5f4f6a7e35f\kotlin-daemon-embeddable-2.3.0.jar;C:\Users\Administrator\.gradle\caches\modules-2\files-2.1\org.jetbrains.kotlinx\kotlinx-coroutines-core-jvm\1.8.0\ac1dc37a30a93150b704022f8d895ee1bd3a36b3\kotlinx-coroutines-core-jvm-1.8.0.jar;C:\Users\Administrator\.gradle\caches\modules-2\files-2.1\org.jetbrains\annotations\13.0\919f0dfe192fb4e063e7dacadee7f8bb9a2672a9\annotations-13.0.jar -Djava.awt.headless=true -Djava.rmi.server.hostname=127.0.0.1 -Xmx4096m -XX:ReservedCodeCacheSize=320m -Dkotlin.environment.keepalive -ea -XX:+UseCodeCacheFlushing -XX:+UseParallelGC -Dkotlin.daemon.initiator.marker.file=D:\rikkahub-temp\claude-cwd\kotlin-compiler-in-rikkahub-13124583412209420169.alive --add-exports java.base/sun.nio.ch=ALL-UNNAMED org.jetbrains.kotlin.daemon.KotlinCompileDaemon --daemon-runFilesPath C:\Users\Administrator\AppData\Local\kotlin\daemon --daemon-autoshutdownIdleSeconds=7200 --daemon-compilerClasspath C:\Users\Administrator\.gradle\caches\modules-2\files-2.1\org.jetbrains.kotlin\kotlin-compiler-embeddable\2.3.0\dfa7ae7e29f042fe2abf0708315aa367989bb07d\kotlin-compiler-embeddable-2.3.0.jar;C:\Users\Administrator\.gradle\caches\modules-2\files-2.1\org.jetbrains.kotlin\kotlin-stdlib\2.3.0\ebc4eb2b6e6c91b6c844c1e3183920d86f2ef656\kotlin-stdlib-2.3.0.jar;C:\Users\Administrator\.gradle\caches\modules-2\files-2.1\org.jetbrains.kotlin\kotlin-script-runtime\2.3.0\fb89e0ab064ea19d08c6d6bc9f044d16c5487fc4\kotlin-script-runtime-2.3.0.jar;C:\Users\Administrator\.gradle\caches\modules-2\files-2.1\org.jetbrains.kotlin\kotlin-reflect\1.6.10\1cbe9c92c12a94eea200d23c2bbaedaf3daf5132\kotlin-reflect-1.6.10.jar;C:\Users\Administrator\.gradle\caches\modules-2\files-2.1\org.jetbrains.kotlin\kotlin-daemon-embeddable\2.3.0\3362fbd68a4dfd1df3818cfee0b8d5f4f6a7e35f\kotlin-daemon-embeddable-2.3.0.jar;C:\Users\Administrator\.gradle\caches\modules-2\files-2.1\org.jetbrains.kotlinx\kotlinx-coroutines-core-jvm\1.8.0\ac1dc37a30a93150b704022f8d895ee1bd3a36b3\kotlinx-coroutines-core-jvm-1.8.0.jar;C:\Users\Administrator\.gradle\caches\modules-2\files-2.1\org.jetbrains\annotations\13.0\919f0dfe192fb4e063e7dacadee7f8bb9a2672a9\annotations-13.0.jar
i: #1 retrying connecting to the daemon 
Options for KOTLIN DAEMON: IncrementalCompilationOptions(super=CompilationOptions(compilerMode=INCREMENTAL_COMPILER, targetPlatform=JVM, reportCategories=[0, 3], reportSeverity=2, requestedCompilationResults=[0], kotlinScriptExtensions=[]), sourceChanges=org.jetbrains.kotlin.buildtools.api.SourcesChanges$Unknown@3c53ec43, classpathChanges=NotAvailableForNonIncrementalRun, workingDir=D:\riklast\rik原作\rikkahub-master\rikkahub-1.9\common\build\kotlin\compileDebugKotlin\cacheable, multiModuleICSettings=MultiModuleICSettings(buildHistoryFile=D:\riklast\rik原作\rikkahub-master\rikkahub-1.9\common\build\kotlin\compileDebugKotlin\local-state\build-history.bin, useModuleDetection=true), icFeatures=IncrementalCompilationFeatures(usePreciseJavaTracking=true, withAbiSnapshot=false, preciseCompilationResultsBackup=true, keepIncrementalCompilationCachesInMemory=true, enableUnsafeIncrementalCompilationForMultiplatform=false, enableMonotonousIncrementalCompileSetExpansion=true), outputFiles=[D:\riklast\rik原作\rikkahub-master\rikkahub-1.9\common\build\intermediates\built_in_kotlinc\debug\compileDebugKotlin\classes, D:\riklast\rik原作\rikkahub-master\rikkahub-1.9\common\build\kotlin\compileDebugKotlin\cacheable, D:\riklast\rik原作\rikkahub-master\rikkahub-1.9\common\build\kotlin\compileDebugKotlin\local-state])
w: file:///D:/riklast/rik原作/rikkahub-master/rikkahub-1.9/common/src/main/java/me/rerere/common/http/AcceptLang.kt:61:28 'field locale: Locale!' is deprecated. Deprecated in Java.
w: file:///D:/riklast/rik原作/rikkahub-master/rikkahub-1.9/common/src/main/java/me/rerere/common/http/JsonExpression.kt:359:13 'when' is exhaustive so 'else' is redundant here.
Finished executing kotlin compiler using DAEMON strategy

> Task :app:installDebugPythonRequirements
Custom actions are attached to task ':app:installDebugPythonRequirements'.
Caching disabled for task ':app:installDebugPythonRequirements' because:
  Build cache is disabled
  Caching has not been enabled for the task
Task ':app:installDebugPythonRequirements' is not up-to-date because:
  Output property 'outputDir' file D:\riklast\rik原作\rikkahub-master\rikkahub-1.9\app\build\python\pip\debug has been removed.
  Output property 'outputDir' file D:\riklast\rik原作\rikkahub-master\rikkahub-1.9\app\build\python\pip\debug\arm64-v8a has been removed.
  Output property 'outputDir' file D:\riklast\rik原作\rikkahub-master\rikkahub-1.9\app\build\python\pip\debug\arm64-v8a\chaquopy has been removed.
  and more...
Starting process 'command 'D:\riklast\rik原作\rikkahub-master\rikkahub-1.9\app\build\python\env\debug\Scripts\python.exe''. Working directory: D:\riklast\rik原作\rikkahub-master\rikkahub-1.9\app Command: D:\riklast\rik原作\rikkahub-master\rikkahub-1.9\app\build\python\env\debug\Scripts\python.exe -m chaquopy.pip_install --target D:\riklast\rik原作\rikkahub-master\rikkahub-1.9\app\build\python\pip\debug --android-abis arm64-v8a x86_64 --min-api-level 26 --req-file src/main/python/requirements.txt --
Successfully started process 'command 'D:\riklast\rik原作\rikkahub-master\rikkahub-1.9\app\build\python\env\debug\Scripts\python.exe''
Chaquopy: Installing for arm64-v8a
Looking in indexes: https://pypi.org/simple, https://chaquo.com/pypi-13.1
Collecting numpy (from -r src/main/python/requirements.txt (line 2))
  Using cached https://chaquo.com/pypi-13.1/numpy/numpy-1.26.2-0-cp311-cp311-android_21_arm64_v8a.whl (5.0 MB)
Collecting pandas (from -r src/main/python/requirements.txt (line 3))
  Using cached https://chaquo.com/pypi-13.1/pandas/pandas-2.1.3-1-cp311-cp311-android_24_arm64_v8a.whl (11.3 MB)
Collecting openpyxl (from -r src/main/python/requirements.txt (line 4))
  Using cached openpyxl-3.1.5-py2.py3-none-any.whl.metadata (2.5 kB)
Collecting pillow (from -r src/main/python/requirements.txt (line 7))
  Using cached https://chaquo.com/pypi-13.1/pillow/pillow-11.0.0-0-cp311-cp311-android_24_arm64_v8a.whl (582 kB)
Collecting matplotlib (from -r src/main/python/requirements.txt (line 10))
  Using cached https://chaquo.com/pypi-13.1/matplotlib/matplotlib-3.6.0-0-cp311-cp311-android_21_arm64_v8a.whl (6.9 MB)
Collecting requests (from -r src/main/python/requirements.txt (line 13))
  Using cached requests-2.32.5-py3-none-any.whl.metadata (4.9 kB)
Collecting beautifulsoup4 (from -r src/main/python/requirements.txt (line 14))
  Using cached beautifulsoup4-4.14.3-py3-none-any.whl.metadata (3.8 kB)
Collecting lxml (from -r src/main/python/requirements.txt (line 15))
  Using cached https://chaquo.com/pypi-13.1/lxml/lxml-5.3.0-0-cp311-cp311-android_24_arm64_v8a.whl (1.4 MB)
Collecting PyPDF2 (from -r src/main/python/requirements.txt (line 18))
  Using cached pypdf2-3.0.1-py3-none-any.whl.metadata (6.8 kB)
Collecting pypdf (from -r src/main/python/requirements.txt (line 19))
  Using cached pypdf-6.6.2-py3-none-any.whl.metadata (7.1 kB)
Collecting pylint (from -r src/main/python/requirements.txt (line 22))
  Using cached pylint-4.0.4-py3-none-any.whl.metadata (12 kB)
Collecting black (from -r src/main/python/requirements.txt (line 23))
  Using cached black-26.1.0-py3-none-any.whl.metadata (88 kB)
Collecting pyyaml (from -r src/main/python/requirements.txt (line 26))
  Using cached https://chaquo.com/pypi-13.1/pyyaml/pyyaml-6.0.3-0-cp311-cp311-android_24_arm64_v8a.whl (136 kB)
Collecting toml (from -r src/main/python/requirements.txt (line 27))
  Using cached toml-0.10.2-py2.py3-none-any.whl.metadata (7.1 kB)
Collecting textblob (from -r src/main/python/requirements.txt (line 30))
  Using cached textblob-0.19.0-py3-none-any.whl.metadata (4.4 kB)
Collecting python-docx (from -r src/main/python/requirements.txt (line 31))
  Using cached python_docx-1.2.0-py3-none-any.whl.metadata (2.0 kB)
Collecting python-dateutil (from -r src/main/python/requirements.txt (line 34))
  Using cached python_dateutil-2.9.0.post0-py2.py3-none-any.whl.metadata (8.4 kB)
Collecting dulwich (from -r src/main/python/requirements.txt (line 37))
  Using cached dulwich-1.0.0-py3-none-any.whl.metadata (5.4 kB)
Collecting astor (from -r src/main/python/requirements.txt (line 40))
  Using cached astor-0.8.1-py2.py3-none-any.whl.metadata (4.2 kB)
Collecting chaquopy-openblas>=0.2.20 (from numpy->-r src/main/python/requirements.txt (line 2))
  Using cached https://chaquo.com/pypi-13.1/chaquopy-openblas/chaquopy_openblas-0.2.20-5-py3-none-android_21_arm64_v8a.whl (4.3 MB)
Collecting chaquopy-libcxx>=11000 (from numpy->-r src/main/python/requirements.txt (line 2))
  Using cached https://chaquo.com/pypi-13.1/chaquopy-libcxx/chaquopy_libcxx-180000-0-py3-none-android_24_arm64_v8a.whl (413 kB)
Collecting pytz>=2020.1 (from pandas->-r src/main/python/requirements.txt (line 3))
  Using cached pytz-2025.2-py2.py3-none-any.whl.metadata (22 kB)
Collecting tzdata>=2022.1 (from pandas->-r src/main/python/requirements.txt (line 3))
  Using cached tzdata-2025.3-py2.py3-none-any.whl.metadata (1.4 kB)
Collecting et-xmlfile (from openpyxl->-r src/main/python/requirements.txt (line 4))
  Using cached et_xmlfile-2.0.0-py3-none-any.whl.metadata (2.7 kB)
Collecting chaquopy-freetype>=2.9.1 (from pillow->-r src/main/python/requirements.txt (line 7))
  Using cached https://chaquo.com/pypi-13.1/chaquopy-freetype/chaquopy_freetype-2.9.1-2-py3-none-android_21_arm64_v8a.whl (533 kB)
Collecting chaquopy-libjpeg>=1.5.3 (from pillow->-r src/main/python/requirements.txt (line 7))
  Using cached https://chaquo.com/pypi-13.1/chaquopy-libjpeg/chaquopy_libjpeg-1.5.3-1-py3-none-android_21_arm64_v8a.whl (176 kB)
Collecting contourpy>=1.0.1 (from matplotlib->-r src/main/python/requirements.txt (line 10))
  Using cached https://chaquo.com/pypi-13.1/contourpy/contourpy-1.0.5-0-cp311-cp311-android_21_arm64_v8a.whl (212 kB)
Collecting cycler>=0.10 (from matplotlib->-r src/main/python/requirements.txt (line 10))
  Using cached cycler-0.12.1-py3-none-any.whl.metadata (3.8 kB)
Collecting fonttools>=4.22.0 (from matplotlib->-r src/main/python/requirements.txt (line 10))
  Using cached fonttools-4.61.1-py3-none-any.whl.metadata (114 kB)
Collecting kiwisolver>=1.0.1 (from matplotlib->-r src/main/python/requirements.txt (line 10))
  Using cached https://chaquo.com/pypi-13.1/kiwisolver/kiwisolver-1.4.5-0-cp311-cp311-android_21_arm64_v8a.whl (70 kB)
Collecting packaging>=20.0 (from matplotlib->-r src/main/python/requirements.txt (line 10))
  Using cached packaging-26.0-py3-none-any.whl.metadata (3.3 kB)
Collecting pyparsing>=2.2.1 (from matplotlib->-r src/main/python/requirements.txt (line 10))
  Using cached pyparsing-3.3.2-py3-none-any.whl.metadata (5.8 kB)
Collecting chaquopy-libpng>=1.6.34 (from matplotlib->-r src/main/python/requirements.txt (line 10))
  Using cached https://chaquo.com/pypi-13.1/chaquopy-libpng/chaquopy_libpng-1.6.34-1-py3-none-android_21_arm64_v8a.whl (175 kB)
Collecting charset_normalizer<4,>=2 (from requests->-r src/main/python/requirements.txt (line 13))
  Using cached charset_normalizer-3.4.4-py3-none-any.whl.metadata (37 kB)
Collecting idna<4,>=2.5 (from requests->-r src/main/python/requirements.txt (line 13))
  Using cached idna-3.11-py3-none-any.whl.metadata (8.4 kB)
Collecting urllib3<3,>=1.21.1 (from requests->-r src/main/python/requirements.txt (line 13))
  Using cached urllib3-2.6.3-py3-none-any.whl.metadata (6.9 kB)
Collecting certifi>=2017.4.17 (from requests->-r src/main/python/requirements.txt (line 13))
  Using cached certifi-2026.1.4-py3-none-any.whl.metadata (2.5 kB)
Collecting soupsieve>=1.6.1 (from beautifulsoup4->-r src/main/python/requirements.txt (line 14))
  Using cached soupsieve-2.8.3-py3-none-any.whl.metadata (4.6 kB)
Collecting typing-extensions>=4.0.0 (from beautifulsoup4->-r src/main/python/requirements.txt (line 14))
  Using cached typing_extensions-4.15.0-py3-none-any.whl.metadata (3.3 kB)
Collecting chaquopy-libxslt>=1.1.32 (from lxml->-r src/main/python/requirements.txt (line 15))
  Using cached https://chaquo.com/pypi-13.1/chaquopy-libxslt/chaquopy_libxslt-1.1.32-2-py3-none-android_21_arm64_v8a.whl (178 kB)
Collecting chaquopy-libxml2>=2.9.8 (from lxml->-r src/main/python/requirements.txt (line 15))
  Using cached https://chaquo.com/pypi-13.1/chaquopy-libxml2/chaquopy_libxml2-2.9.8-2-py3-none-android_21_arm64_v8a.whl (773 kB)
Collecting astroid<=4.1.dev0,>=4.0.2 (from pylint->-r src/main/python/requirements.txt (line 22))
  Using cached astroid-4.0.3-py3-none-any.whl.metadata (4.4 kB)
Collecting dill>=0.3.6 (from pylint->-r src/main/python/requirements.txt (line 22))
  Using cached dill-0.4.1-py3-none-any.whl.metadata (10 kB)
Collecting isort!=5.13,<8,>=5 (from pylint->-r src/main/python/requirements.txt (line 22))
  Using cached isort-7.0.0-py3-none-any.whl.metadata (11 kB)
Collecting mccabe<0.8,>=0.6 (from pylint->-r src/main/python/requirements.txt (line 22))
  Using cached mccabe-0.7.0-py2.py3-none-any.whl.metadata (5.0 kB)
Collecting platformdirs>=2.2 (from pylint->-r src/main/python/requirements.txt (line 22))
  Using cached platformdirs-4.5.1-py3-none-any.whl.metadata (12 kB)
Collecting tomlkit>=0.10.1 (from pylint->-r src/main/python/requirements.txt (line 22))
  Using cached tomlkit-0.14.0-py3-none-any.whl.metadata (2.8 kB)
Collecting click>=8.0.0 (from black->-r src/main/python/requirements.txt (line 23))
  Using cached click-8.3.1-py3-none-any.whl.metadata (2.6 kB)
Collecting mypy-extensions>=0.4.3 (from black->-r src/main/python/requirements.txt (line 23))
  Using cached mypy_extensions-1.1.0-py3-none-any.whl.metadata (1.1 kB)
Collecting pathspec>=1.0.0 (from black->-r src/main/python/requirements.txt (line 23))
  Using cached pathspec-1.0.4-py3-none-any.whl.metadata (13 kB)
Collecting pytokens>=0.3.0 (from black->-r src/main/python/requirements.txt (line 23))
  Using cached pytokens-0.4.1-py3-none-any.whl.metadata (3.8 kB)
Collecting chaquopy-libyaml>=0.2.5 (from pyyaml->-r src/main/python/requirements.txt (line 26))
  Using cached https://chaquo.com/pypi-13.1/chaquopy-libyaml/chaquopy_libyaml-0.2.5-0-py3-none-android_24_arm64_v8a.whl (58 kB)
Collecting nltk>=3.9 (from textblob->-r src/main/python/requirements.txt (line 30))
  Using cached nltk-3.9.2-py3-none-any.whl.metadata (3.2 kB)
Collecting six>=1.5 (from python-dateutil->-r src/main/python/requirements.txt (line 34))
  Using cached six-1.17.0-py2.py3-none-any.whl.metadata (1.7 kB)
Collecting chaquopy-libgfortran>=4.9 (from chaquopy-openblas>=0.2.20->numpy->-r src/main/python/requirements.txt (line 2))
  Using cached https://chaquo.com/pypi-13.1/chaquopy-libgfortran/chaquopy_libgfortran-4.9-0-py3-none-android_21_arm64_v8a.whl (495 kB)
Collecting joblib (from nltk>=3.9->textblob->-r src/main/python/requirements.txt (line 30))
  Using cached joblib-1.5.3-py3-none-any.whl.metadata (5.5 kB)
Collecting regex>=2021.8.3 (from nltk>=3.9->textblob->-r src/main/python/requirements.txt (line 30))
  Using cached https://chaquo.com/pypi-13.1/regex/regex-2023.10.3-0-cp311-cp311-android_21_arm64_v8a.whl (284 kB)
Collecting tqdm (from nltk>=3.9->textblob->-r src/main/python/requirements.txt (line 30))
  Using cached tqdm-4.67.2-py3-none-any.whl.metadata (57 kB)
Using cached openpyxl-3.1.5-py2.py3-none-any.whl (250 kB)
Using cached requests-2.32.5-py3-none-any.whl (64 kB)
Using cached charset_normalizer-3.4.4-py3-none-any.whl (53 kB)
Using cached idna-3.11-py3-none-any.whl (71 kB)
Using cached urllib3-2.6.3-py3-none-any.whl (131 kB)
Using cached beautifulsoup4-4.14.3-py3-none-any.whl (107 kB)
Using cached pypdf2-3.0.1-py3-none-any.whl (232 kB)
Using cached pypdf-6.6.2-py3-none-any.whl (329 kB)
Using cached pylint-4.0.4-py3-none-any.whl (536 kB)
Using cached astroid-4.0.3-py3-none-any.whl (276 kB)
Using cached isort-7.0.0-py3-none-any.whl (94 kB)
Using cached mccabe-0.7.0-py2.py3-none-any.whl (7.3 kB)
Using cached black-26.1.0-py3-none-any.whl (204 kB)
Using cached toml-0.10.2-py2.py3-none-any.whl (16 kB)
Using cached textblob-0.19.0-py3-none-any.whl (624 kB)
Using cached python_docx-1.2.0-py3-none-any.whl (252 kB)
Using cached python_dateutil-2.9.0.post0-py2.py3-none-any.whl (229 kB)
Using cached dulwich-1.0.0-py3-none-any.whl (647 kB)
Using cached astor-0.8.1-py2.py3-none-any.whl (27 kB)
Using cached certifi-2026.1.4-py3-none-any.whl (152 kB)
Using cached click-8.3.1-py3-none-any.whl (108 kB)
Using cached cycler-0.12.1-py3-none-any.whl (8.3 kB)
Using cached dill-0.4.1-py3-none-any.whl (120 kB)
Using cached fonttools-4.61.1-py3-none-any.whl (1.1 MB)
Using cached mypy_extensions-1.1.0-py3-none-any.whl (5.0 kB)
Using cached nltk-3.9.2-py3-none-any.whl (1.5 MB)
Using cached packaging-26.0-py3-none-any.whl (74 kB)
Using cached pathspec-1.0.4-py3-none-any.whl (55 kB)
Using cached platformdirs-4.5.1-py3-none-any.whl (18 kB)
Using cached pyparsing-3.3.2-py3-none-any.whl (122 kB)
Using cached pytokens-0.4.1-py3-none-any.whl (13 kB)
Using cached pytz-2025.2-py2.py3-none-any.whl (509 kB)
Using cached six-1.17.0-py2.py3-none-any.whl (11 kB)
Using cached soupsieve-2.8.3-py3-none-any.whl (37 kB)
Using cached tomlkit-0.14.0-py3-none-any.whl (39 kB)
Using cached typing_extensions-4.15.0-py3-none-any.whl (44 kB)
Using cached tzdata-2025.3-py2.py3-none-any.whl (348 kB)
Using cached et_xmlfile-2.0.0-py3-none-any.whl (18 kB)
Using cached joblib-1.5.3-py3-none-any.whl (309 kB)
Using cached tqdm-4.67.2-py3-none-any.whl (78 kB)
Installing collected packages: pytz, chaquopy-libyaml, chaquopy-libxml2, chaquopy-libpng, chaquopy-libjpeg, chaquopy-libgfortran, chaquopy-libcxx, chaquopy-freetype, urllib3, tzdata, typing-extensions, tqdm, tomlkit, toml, soupsieve, six, regex, pyyaml, pytokens, PyPDF2, pypdf, pyparsing, platformdirs, pillow, pathspec, packaging, mypy-extensions, mccabe, kiwisolver, joblib, isort, idna, fonttools, et-xmlfile, dill, cycler, click, charset_normalizer, chaquopy-openblas, chaquopy-libxslt, certifi, astroid, astor, requests, python-dateutil, pylint, openpyxl, numpy, nltk, lxml, dulwich, black, beautifulsoup4, textblob, python-docx, pandas, contourpy, matplotlib

Successfully installed PyPDF2-3.0.1 astor-0.8.1 astroid-4.0.3 beautifulsoup4-4.14.3 black-26.1.0 certifi-2026.1.4 chaquopy-freetype-2.9.1 chaquopy-libcxx-180000 chaquopy-libgfortran-4.9 chaquopy-libjpeg-1.5.3 chaquopy-libpng-1.6.34 chaquopy-libxml2-2.9.8 chaquopy-libxslt-1.1.32 chaquopy-libyaml-0.2.5 chaquopy-openblas-0.2.20 charset_normalizer-3.4.4 click-8.3.1 contourpy-1.0.5 cycler-0.12.1 dill-0.4.1 dulwich-1.0.0 et-xmlfile-2.0.0 fonttools-4.61.1 idna-3.11 isort-7.0.0 joblib-1.5.3 kiwisolver-1.4.5 lxml-5.3.0 matplotlib-3.6.0 mccabe-0.7.0 mypy-extensions-1.1.0 nltk-3.9.2 numpy-1.26.2 openpyxl-3.1.5 packaging-26.0 pandas-2.1.3 pathspec-1.0.4 pillow-11.0.0 platformdirs-4.5.1 pylint-4.0.4 pyparsing-3.3.2 pypdf-6.6.2 python-dateutil-2.9.0.post0 python-docx-1.2.0 pytokens-0.4.1 pytz-2025.2 pyyaml-6.0.3 regex-2023.10.3 requests-2.32.5 six-1.17.0 soupsieve-2.8.3 textblob-0.19.0 toml-0.10.2 tomlkit-0.14.0 tqdm-4.67.2 typing-extensions-4.15.0 tzdata-2025.3 urllib3-2.6.3

Chaquopy: Installing for x86_64
Looking in indexes: https://pypi.org/simple, https://chaquo.com/pypi-13.1
Collecting chaquopy-freetype==2.9.1
  Using cached https://chaquo.com/pypi-13.1/chaquopy-freetype/chaquopy_freetype-2.9.1-2-py3-none-android_21_x86_64.whl (567 kB)
Collecting chaquopy-libcxx==180000
  Using cached https://chaquo.com/pypi-13.1/chaquopy-libcxx/chaquopy_libcxx-180000-0-py3-none-android_24_x86_64.whl (422 kB)
Collecting chaquopy-libgfortran==4.9
  Using cached https://chaquo.com/pypi-13.1/chaquopy-libgfortran/chaquopy_libgfortran-4.9-0-py3-none-android_21_x86_64.whl (541 kB)
Collecting chaquopy-libjpeg==1.5.3
  Using cached https://chaquo.com/pypi-13.1/chaquopy-libjpeg/chaquopy_libjpeg-1.5.3-1-py3-none-android_21_x86_64.whl (147 kB)
Collecting chaquopy-libpng==1.6.34
  Using cached https://chaquo.com/pypi-13.1/chaquopy-libpng/chaquopy_libpng-1.6.34-1-py3-none-android_21_x86_64.whl (159 kB)
Collecting chaquopy-libxml2==2.9.8
  Using cached https://chaquo.com/pypi-13.1/chaquopy-libxml2/chaquopy_libxml2-2.9.8-2-py3-none-android_21_x86_64.whl (801 kB)
Collecting chaquopy-libxslt==1.1.32
  Using cached https://chaquo.com/pypi-13.1/chaquopy-libxslt/chaquopy_libxslt-1.1.32-2-py3-none-android_21_x86_64.whl (186 kB)
Collecting chaquopy-libyaml==0.2.5
  Using cached https://chaquo.com/pypi-13.1/chaquopy-libyaml/chaquopy_libyaml-0.2.5-0-py3-none-android_24_x86_64.whl (59 kB)
Collecting chaquopy-openblas==0.2.20
  Using cached https://chaquo.com/pypi-13.1/chaquopy-openblas/chaquopy_openblas-0.2.20-5-py3-none-android_21_x86_64.whl (5.3 MB)
Collecting contourpy==1.0.5
  Using cached https://chaquo.com/pypi-13.1/contourpy/contourpy-1.0.5-0-cp311-cp311-android_21_x86_64.whl (236 kB)
Collecting kiwisolver==1.4.5
  Using cached https://chaquo.com/pypi-13.1/kiwisolver/kiwisolver-1.4.5-0-cp311-cp311-android_21_x86_64.whl (75 kB)
Collecting lxml==5.3.0
  Using cached https://chaquo.com/pypi-13.1/lxml/lxml-5.3.0-0-cp311-cp311-android_24_x86_64.whl (1.5 MB)
Collecting matplotlib==3.6.0
  Using cached https://chaquo.com/pypi-13.1/matplotlib/matplotlib-3.6.0-0-cp311-cp311-android_21_x86_64.whl (7.0 MB)
Collecting numpy==1.26.2
  Using cached https://chaquo.com/pypi-13.1/numpy/numpy-1.26.2-0-cp311-cp311-android_21_x86_64.whl (6.5 MB)
Collecting pandas==2.1.3
  Using cached https://chaquo.com/pypi-13.1/pandas/pandas-2.1.3-1-cp311-cp311-android_24_x86_64.whl (12.0 MB)
Collecting pillow==11.0.0
  Using cached https://chaquo.com/pypi-13.1/pillow/pillow-11.0.0-0-cp311-cp311-android_24_x86_64.whl (603 kB)
Collecting pyyaml==6.0.3
  Using cached https://chaquo.com/pypi-13.1/pyyaml/pyyaml-6.0.3-0-cp311-cp311-android_24_x86_64.whl (144 kB)
Collecting regex==2023.10.3
  Using cached https://chaquo.com/pypi-13.1/regex/regex-2023.10.3-0-cp311-cp311-android_21_x86_64.whl (303 kB)
Installing collected packages: chaquopy-openblas, chaquopy-libyaml, chaquopy-libxslt, chaquopy-libxml2, chaquopy-libpng, chaquopy-libjpeg, chaquopy-libgfortran, chaquopy-libcxx, chaquopy-freetype, regex, pyyaml, pillow, pandas, numpy, matplotlib, lxml, kiwisolver, contourpy

Successfully installed chaquopy-freetype-2.9.1 chaquopy-libcxx-180000 chaquopy-libgfortran-4.9 chaquopy-libjpeg-1.5.3 chaquopy-libpng-1.6.34 chaquopy-libxml2-2.9.8 chaquopy-libxslt-1.1.32 chaquopy-libyaml-0.2.5 chaquopy-openblas-0.2.20 contourpy-1.0.5 kiwisolver-1.4.5 lxml-5.3.0 matplotlib-3.6.0 numpy-1.26.2 pandas-2.1.3 pillow-11.0.0 pyyaml-6.0.3 regex-2023.10.3
Starting process 'command 'D:\riklast\rik原作\rikkahub-master\rikkahub-1.9\app\build\python\env\debug\Scripts\python.exe''. Working directory: D:\riklast\rik原作\rikkahub-master\rikkahub-1.9\app Command: D:\riklast\rik原作\rikkahub-master\rikkahub-1.9\app\build\python\env\debug\Scripts\python.exe -m chaquopy.pyc --python 3.11 --quiet --warning D:\riklast\rik原作\rikkahub-master\rikkahub-1.9\app\build\python\pip\debug
Successfully started process 'command 'D:\riklast\rik原作\rikkahub-master\rikkahub-1.9\app\build\python\env\debug\Scripts\python.exe''
Resolve mutations for :common:compileDebugJavaWithJavac (Thread[Execution worker Thread 4,5,main]) started.
:common:compileDebugJavaWithJavac (Thread[Execution worker Thread 4,5,main]) started.

> Task :common:compileDebugJavaWithJavac NO-SOURCE
Skipping task ':common:compileDebugJavaWithJavac' as it has no source files and no previous output files.
Resolve mutations for :common:bundleLibCompileToJarDebug (Thread[Execution worker Thread 4,5,main]) started.
:common:bundleLibCompileToJarDebug (Thread[Execution worker Thread 4,5,main]) started.
Resolve mutations for :app:mergeDebugPythonSources (Thread[Execution worker Thread 2,5,main]) started.
:app:mergeDebugPythonSources (Thread[Execution worker Thread 2,5,main]) started.

> Task :common:bundleLibCompileToJarDebug
Caching disabled for task ':common:bundleLibCompileToJarDebug' because:
  Build cache is disabled
  Simple merging task
Task ':common:bundleLibCompileToJarDebug' is not up-to-date because:
  Output property 'output' file D:\riklast\rik原作\rikkahub-master\rikkahub-1.9\common\build\intermediates\compile_library_classes_jar\debug\bundleLibCompileToJarDebug\classes.jar has been removed.

> Task :app:mergeDebugPythonSources
Custom actions are attached to task ':app:mergeDebugPythonSources'.
Caching disabled for task ':app:mergeDebugPythonSources' because:
  Build cache is disabled
  Caching has not been enabled for the task
Task ':app:mergeDebugPythonSources' is not up-to-date because:
  Output property 'outputDir' file D:\riklast\rik原作\rikkahub-master\rikkahub-1.9\app\build\python\sources\debug has been removed.
  Output property 'outputDir' file D:\riklast\rik原作\rikkahub-master\rikkahub-1.9\app\build\python\sources\debug\ai_python_examples.py has been removed.
  Output property 'outputDir' file D:\riklast\rik原作\rikkahub-master\rikkahub-1.9\app\build\python\sources\debug\ai_python_examples.pyc has been removed.
  and more...
file or directory 'D:\riklast\rik原作\rikkahub-master\rikkahub-1.9\app\src\debug\python', not found
Starting process 'command 'D:\riklast\rik原作\rikkahub-master\rikkahub-1.9\app\build\python\env\debug\Scripts\python.exe''. Working directory: D:\riklast\rik原作\rikkahub-master\rikkahub-1.9\app Command: D:\riklast\rik原作\rikkahub-master\rikkahub-1.9\app\build\python\env\debug\Scripts\python.exe -m chaquopy.pyc --python 3.11 --quiet --warning D:\riklast\rik原作\rikkahub-master\rikkahub-1.9\app\build\python\sources\debug
Successfully started process 'command 'D:\riklast\rik原作\rikkahub-master\rikkahub-1.9\app\build\python\env\debug\Scripts\python.exe''
work action resolve classes.jar (project :common) (Thread[Execution worker Thread 2,5,main]) started.
Resolve mutations for :ai:compileDebugKotlin (Thread[Execution worker Thread 2,5,main]) started.
:ai:compileDebugKotlin (Thread[Execution worker Thread 2,5,main]) started.
Resolve mutations for :app:generateDebugPythonProxies (Thread[Execution worker Thread 6,5,main]) started.
:app:generateDebugPythonProxies (Thread[Execution worker Thread 6,5,main]) started.

> Task :app:generateDebugPythonProxies
Custom actions are attached to task ':app:generateDebugPythonProxies'.
Caching disabled for task ':app:generateDebugPythonProxies' because:
  Build cache is disabled
  Caching has not been enabled for the task
Task ':app:generateDebugPythonProxies' is not up-to-date because:
  Output property 'outputDir' file D:\riklast\rik原作\rikkahub-master\rikkahub-1.9\app\build\python\proxies\debug has been removed.
Resolve mutations for :ai:extractDebugSupportedLocales (Thread[Execution worker Thread 6,5,main]) started.
:ai:extractDebugSupportedLocales (Thread[Execution worker Thread 6,5,main]) started.

> Task :ai:extractDebugSupportedLocales
Caching disabled for task ':ai:extractDebugSupportedLocales' because:
  Build cache is disabled
Task ':ai:extractDebugSupportedLocales' is not up-to-date because:
  Output property 'supportedLocales' file D:\riklast\rik原作\rikkahub-master\rikkahub-1.9\ai\build\intermediates\supported_locale_list\debug\extractDebugSupportedLocales\supported_locales.txt has been removed.
work action resolve supported_locales.txt (project :ai) (Thread[Execution worker Thread 6,5,main]) started.
Resolve mutations for :app:extractDebugSupportedLocales (Thread[Execution worker Thread 6,5,main]) started.
:app:extractDebugSupportedLocales (Thread[Execution worker Thread 6,5,main]) started.

> Task :app:extractDebugSupportedLocales
Caching disabled for task ':app:extractDebugSupportedLocales' because:
  Build cache is disabled
Task ':app:extractDebugSupportedLocales' is not up-to-date because:
  Output property 'supportedLocales' file D:\riklast\rik原作\rikkahub-master\rikkahub-1.9\app\build\intermediates\supported_locale_list\debug\extractDebugSupportedLocales\supported_locales.txt has been removed.
Resolve mutations for :common:extractDebugSupportedLocales (Thread[Execution worker Thread 6,5,main]) started.
:common:extractDebugSupportedLocales (Thread[Execution worker Thread 6,5,main]) started.

> Task :common:extractDebugSupportedLocales
Caching disabled for task ':common:extractDebugSupportedLocales' because:
  Build cache is disabled
Task ':common:extractDebugSupportedLocales' is not up-to-date because:
  Output property 'supportedLocales' file D:\riklast\rik原作\rikkahub-master\rikkahub-1.9\common\build\intermediates\supported_locale_list\debug\extractDebugSupportedLocales\supported_locales.txt has been removed.
work action resolve supported_locales.txt (project :common) (Thread[Execution worker,5,main]) started.
Resolve mutations for :document:preBuild (Thread[Execution worker,5,main]) started.
:document:preBuild (Thread[Execution worker,5,main]) started.

> Task :document:preBuild UP-TO-DATE
Skipping task ':document:preBuild' as it has no actions.
Resolve mutations for :document:preDebugBuild (Thread[Execution worker,5,main]) started.
:document:preDebugBuild (Thread[Execution worker,5,main]) started.

> Task :document:preDebugBuild UP-TO-DATE
Skipping task ':document:preDebugBuild' as it has no actions.
Resolve mutations for :document:extractDebugSupportedLocales (Thread[Execution worker,5,main]) started.
:document:extractDebugSupportedLocales (Thread[Execution worker,5,main]) started.

> Task :document:extractDebugSupportedLocales
Caching disabled for task ':document:extractDebugSupportedLocales' because:
  Build cache is disabled
Task ':document:extractDebugSupportedLocales' is not up-to-date because:
  Output property 'supportedLocales' file D:\riklast\rik原作\rikkahub-master\rikkahub-1.9\document\build\intermediates\supported_locale_list\debug\extractDebugSupportedLocales\supported_locales.txt has been removed.
work action resolve supported_locales.txt (project :document) (Thread[Execution worker,5,main]) started.
Resolve mutations for :highlight:preBuild (Thread[Execution worker,5,main]) started.
:highlight:preBuild (Thread[Execution worker,5,main]) started.

> Task :highlight:preBuild UP-TO-DATE
Skipping task ':highlight:preBuild' as it has no actions.
Resolve mutations for :highlight:preDebugBuild (Thread[Execution worker,5,main]) started.
:highlight:preDebugBuild (Thread[Execution worker,5,main]) started.

> Task :highlight:preDebugBuild UP-TO-DATE
Skipping task ':highlight:preDebugBuild' as it has no actions.
Resolve mutations for :highlight:extractDebugSupportedLocales (Thread[Execution worker,5,main]) started.
:highlight:extractDebugSupportedLocales (Thread[Execution worker,5,main]) started.

> Task :highlight:extractDebugSupportedLocales
Caching disabled for task ':highlight:extractDebugSupportedLocales' because:
  Build cache is disabled
Task ':highlight:extractDebugSupportedLocales' is not up-to-date because:
  Output property 'supportedLocales' file D:\riklast\rik原作\rikkahub-master\rikkahub-1.9\highlight\build\intermediates\supported_locale_list\debug\extractDebugSupportedLocales\supported_locales.txt has been removed.
work action resolve supported_locales.txt (project :highlight) (Thread[Execution worker,5,main]) started.
Resolve mutations for :search:preBuild (Thread[Execution worker,5,main]) started.
:search:preBuild (Thread[Execution worker,5,main]) started.

> Task :search:preBuild UP-TO-DATE
Skipping task ':search:preBuild' as it has no actions.
Resolve mutations for :search:preDebugBuild (Thread[Execution worker,5,main]) started.
:search:preDebugBuild (Thread[Execution worker,5,main]) started.

> Task :search:preDebugBuild UP-TO-DATE
Skipping task ':search:preDebugBuild' as it has no actions.
Resolve mutations for :search:extractDebugSupportedLocales (Thread[Execution worker,5,main]) started.
:search:extractDebugSupportedLocales (Thread[Execution worker,5,main]) started.

> Task :search:extractDebugSupportedLocales
Caching disabled for task ':search:extractDebugSupportedLocales' because:
  Build cache is disabled
Task ':search:extractDebugSupportedLocales' is not up-to-date because:
  Output property 'supportedLocales' file D:\riklast\rik原作\rikkahub-master\rikkahub-1.9\search\build\intermediates\supported_locale_list\debug\extractDebugSupportedLocales\supported_locales.txt has been removed.
work action resolve supported_locales.txt (project :search) (Thread[Execution worker,5,main]) started.
Resolve mutations for :tts:preBuild (Thread[Execution worker,5,main]) started.
:tts:preBuild (Thread[Execution worker,5,main]) started.

> Task :tts:preBuild UP-TO-DATE
Skipping task ':tts:preBuild' as it has no actions.
Resolve mutations for :tts:preDebugBuild (Thread[Execution worker,5,main]) started.
:tts:preDebugBuild (Thread[Execution worker,5,main]) started.

> Task :tts:preDebugBuild UP-TO-DATE
Skipping task ':tts:preDebugBuild' as it has no actions.
Resolve mutations for :tts:extractDebugSupportedLocales (Thread[Execution worker,5,main]) started.
:tts:extractDebugSupportedLocales (Thread[Execution worker,5,main]) started.

> Task :tts:extractDebugSupportedLocales
Caching disabled for task ':tts:extractDebugSupportedLocales' because:
  Build cache is disabled
Task ':tts:extractDebugSupportedLocales' is not up-to-date because:
  Output property 'supportedLocales' file D:\riklast\rik原作\rikkahub-master\rikkahub-1.9\tts\build\intermediates\supported_locale_list\debug\extractDebugSupportedLocales\supported_locales.txt has been removed.
work action resolve supported_locales.txt (project :tts) (Thread[Execution worker,5,main]) started.
Resolve mutations for :app:generateDebugLocaleConfig (Thread[Execution worker,5,main]) started.
:app:generateDebugLocaleConfig (Thread[Execution worker,5,main]) started.
Resolve mutations for :app:generateDebugResources (Thread[included builds,5,main]) started.
:app:generateDebugResources (Thread[included builds,5,main]) started.

> Task :app:generateDebugResources
Caching disabled for task ':app:generateDebugResources' because:
  Build cache is disabled
Task ':app:generateDebugResources' is not up-to-date because:
  Output property 'validationReportFile' file D:\riklast\rik原作\rikkahub-master\rikkahub-1.9\app\build\intermediates\nested_resources_validation_report\debug\generateDebugResources\nestedResourcesValidationReport.txt has been removed.
Resolve mutations for :document:processDebugNavigationResources (Thread[included builds,5,main]) started.
:document:processDebugNavigationResources (Thread[included builds,5,main]) started.

> Task :app:generateDebugLocaleConfig
file or directory 'D:\riklast\rik原作\rikkahub-master\rikkahub-1.9\app\libs', not found
Caching disabled for task ':app:generateDebugLocaleConfig' because:
  Build cache is disabled
Task ':app:generateDebugLocaleConfig' is not up-to-date because:
  Output property 'localeConfig' file D:\riklast\rik原作\rikkahub-master\rikkahub-1.9\app\build\generated\res\localeConfig\debug has been removed.
  Output property 'localeConfig' file D:\riklast\rik原作\rikkahub-master\rikkahub-1.9\app\build\generated\res\localeConfig\debug\xml has been removed.
  Output property 'localeConfig' file D:\riklast\rik原作\rikkahub-master\rikkahub-1.9\app\build\generated\res\localeConfig\debug\xml\_generated_res_locale_config.xml has been removed.
  and more...

> Task :document:processDebugNavigationResources
Caching disabled for task ':document:processDebugNavigationResources' because:
  Build cache is disabled
Task ':document:processDebugNavigationResources' is not up-to-date because:
  Output property 'outputDir' file D:\riklast\rik原作\rikkahub-master\rikkahub-1.9\document\build\generated\updated_navigation_xml\debug has been removed.
work action resolve debug (project :document) (Thread[included builds,5,main]) started.
Resolve mutations for :app:packageDebugResources (Thread[included builds,5,main]) started.
:app:packageDebugResources (Thread[included builds,5,main]) started.

> Task :ai:compileDebugKotlin
file or directory 'D:\riklast\rik原作\rikkahub-master\rikkahub-1.9\ai\src\main\kotlin', not found
file or directory 'D:\riklast\rik原作\rikkahub-master\rikkahub-1.9\ai\src\debug\java', not found
file or directory 'D:\riklast\rik原作\rikkahub-master\rikkahub-1.9\ai\src\debug\kotlin', not found
file or directory 'D:\riklast\rik原作\rikkahub-master\rikkahub-1.9\ai\src\debug\java', not found
file or directory 'D:\riklast\rik原作\rikkahub-master\rikkahub-1.9\ai\src\main\kotlin', not found
file or directory 'D:\riklast\rik原作\rikkahub-master\rikkahub-1.9\ai\src\debug\java', not found
file or directory 'D:\riklast\rik原作\rikkahub-master\rikkahub-1.9\ai\src\debug\kotlin', not found
file or directory 'D:\riklast\rik原作\rikkahub-master\rikkahub-1.9\ai\src\debug\java', not found
file or directory 'D:\riklast\rik原作\rikkahub-master\rikkahub-1.9\ai\src\main\kotlin', not found
file or directory 'D:\riklast\rik原作\rikkahub-master\rikkahub-1.9\ai\src\debug\java', not found
file or directory 'D:\riklast\rik原作\rikkahub-master\rikkahub-1.9\ai\src\debug\kotlin', not found
file or directory 'D:\riklast\rik原作\rikkahub-master\rikkahub-1.9\ai\src\debug\java', not found
Custom actions are attached to task ':ai:compileDebugKotlin'.
Caching disabled for task ':ai:compileDebugKotlin' because:
  Build cache is disabled
Task ':ai:compileDebugKotlin' is not up-to-date because:
  Output property 'classpathSnapshotProperties.classpathSnapshotDir' file D:\riklast\rik原作\rikkahub-master\rikkahub-1.9\ai\build\kotlin\compileDebugKotlin\classpath-snapshot has been removed.
  Output property 'classpathSnapshotProperties.classpathSnapshotDir' file D:\riklast\rik原作\rikkahub-master\rikkahub-1.9\ai\build\kotlin\compileDebugKotlin\classpath-snapshot\shrunk-classpath-snapshot.bin has been removed.
  Output property 'destinationDirectory' file D:\riklast\rik原作\rikkahub-master\rikkahub-1.9\ai\build\intermediates\built_in_kotlinc\debug\compileDebugKotlin\classes has been removed.
  and more...
The input changes require a full rebuild for incremental task ':ai:compileDebugKotlin'.
file or directory 'D:\riklast\rik原作\rikkahub-master\rikkahub-1.9\ai\src\main\kotlin', not found
file or directory 'D:\riklast\rik原作\rikkahub-master\rikkahub-1.9\ai\src\main\kotlin', not found
file or directory 'D:\riklast\rik原作\rikkahub-master\rikkahub-1.9\ai\src\debug\java', not found
file or directory 'D:\riklast\rik原作\rikkahub-master\rikkahub-1.9\ai\src\debug\java', not found
file or directory 'D:\riklast\rik原作\rikkahub-master\rikkahub-1.9\ai\src\debug\kotlin', not found
file or directory 'D:\riklast\rik原作\rikkahub-master\rikkahub-1.9\ai\src\debug\kotlin', not found
file or directory 'D:\riklast\rik原作\rikkahub-master\rikkahub-1.9\ai\src\debug\java', not found
file or directory 'D:\riklast\rik原作\rikkahub-master\rikkahub-1.9\ai\src\debug\java', not found
file or directory 'D:\riklast\rik原作\rikkahub-master\rikkahub-1.9\ai\src\main\kotlin', not found
file or directory 'D:\riklast\rik原作\rikkahub-master\rikkahub-1.9\ai\src\debug\java', not found
file or directory 'D:\riklast\rik原作\rikkahub-master\rikkahub-1.9\ai\src\debug\kotlin', not found
file or directory 'D:\riklast\rik原作\rikkahub-master\rikkahub-1.9\ai\src\debug\java', not found
file or directory 'D:\riklast\rik原作\rikkahub-master\rikkahub-1.9\ai\src\main\kotlin', not found
file or directory 'D:\riklast\rik原作\rikkahub-master\rikkahub-1.9\ai\src\main\kotlin', not found
file or directory 'D:\riklast\rik原作\rikkahub-master\rikkahub-1.9\ai\src\debug\java', not found
file or directory 'D:\riklast\rik原作\rikkahub-master\rikkahub-1.9\ai\src\debug\java', not found
file or directory 'D:\riklast\rik原作\rikkahub-master\rikkahub-1.9\ai\src\debug\kotlin', not found
file or directory 'D:\riklast\rik原作\rikkahub-master\rikkahub-1.9\ai\src\debug\kotlin', not found
file or directory 'D:\riklast\rik原作\rikkahub-master\rikkahub-1.9\ai\src\debug\java', not found
file or directory 'D:\riklast\rik原作\rikkahub-master\rikkahub-1.9\ai\src\debug\java', not found
file or directory 'D:\riklast\rik原作\rikkahub-master\rikkahub-1.9\ai\src\main\kotlin', not found
file or directory 'D:\riklast\rik原作\rikkahub-master\rikkahub-1.9\ai\src\main\kotlin', not found
file or directory 'D:\riklast\rik原作\rikkahub-master\rikkahub-1.9\ai\src\debug\java', not found
file or directory 'D:\riklast\rik原作\rikkahub-master\rikkahub-1.9\ai\src\debug\java', not found
file or directory 'D:\riklast\rik原作\rikkahub-master\rikkahub-1.9\ai\src\debug\kotlin', not found
file or directory 'D:\riklast\rik原作\rikkahub-master\rikkahub-1.9\ai\src\debug\kotlin', not found
file or directory 'D:\riklast\rik原作\rikkahub-master\rikkahub-1.9\ai\src\debug\java', not found
file or directory 'D:\riklast\rik原作\rikkahub-master\rikkahub-1.9\ai\src\debug\java', not found
file or directory 'D:\riklast\rik原作\rikkahub-master\rikkahub-1.9\ai\src\main\kotlin', not found
file or directory 'D:\riklast\rik原作\rikkahub-master\rikkahub-1.9\ai\src\main\kotlin', not found
file or directory 'D:\riklast\rik原作\rikkahub-master\rikkahub-1.9\ai\src\debug\java', not found
file or directory 'D:\riklast\rik原作\rikkahub-master\rikkahub-1.9\ai\src\debug\java', not found
file or directory 'D:\riklast\rik原作\rikkahub-master\rikkahub-1.9\ai\src\debug\kotlin', not found
file or directory 'D:\riklast\rik原作\rikkahub-master\rikkahub-1.9\ai\src\debug\kotlin', not found
file or directory 'D:\riklast\rik原作\rikkahub-master\rikkahub-1.9\ai\src\debug\java', not found
file or directory 'D:\riklast\rik原作\rikkahub-master\rikkahub-1.9\ai\src\debug\java', not found
Kotlin source files: D:\riklast\rik原作\rikkahub-master\rikkahub-1.9\ai\src\main\java\me\rerere\ai\core\MessageRole.kt, D:\riklast\rik原作\rikkahub-master\rikkahub-1.9\ai\src\main\java\me\rerere\ai\core\Reasoning.kt, D:\riklast\rik原作\rikkahub-master\rikkahub-1.9\ai\src\main\java\me\rerere\ai\core\Tool.kt, D:\riklast\rik原作\rikkahub-master\rikkahub-1.9\ai\src\main\java\me\rerere\ai\core\Usage.kt, D:\riklast\rik原作\rikkahub-master\rikkahub-1.9\ai\src\main\java\me\rerere\ai\provider\Model.kt, D:\riklast\rik原作\rikkahub-master\rikkahub-1.9\ai\src\main\java\me\rerere\ai\provider\Provider.kt, D:\riklast\rik原作\rikkahub-master\rikkahub-1.9\ai\src\main\java\me\rerere\ai\provider\ProviderManager.kt, D:\riklast\rik原作\rikkahub-master\rikkahub-1.9\ai\src\main\java\me\rerere\ai\provider\providers\ClaudeProvider.kt, D:\riklast\rik原作\rikkahub-master\rikkahub-1.9\ai\src\main\java\me\rerere\ai\provider\providers\GoogleProvider.kt, D:\riklast\rik原作\rikkahub-master\rikkahub-1.9\ai\src\main\java\me\rerere\ai\provider\providers\openai\ChatCompletionsAPI.kt, D:\riklast\rik原作\rikkahub-master\rikkahub-1.9\ai\src\main\java\me\rerere\ai\provider\providers\openai\OpenAIImpl.kt, D:\riklast\rik原作\rikkahub-master\rikkahub-1.9\ai\src\main\java\me\rerere\ai\provider\providers\openai\ResponseAPI.kt, D:\riklast\rik原作\rikkahub-master\rikkahub-1.9\ai\src\main\java\me\rerere\ai\provider\providers\OpenAIProvider.kt, D:\riklast\rik原作\rikkahub-master\rikkahub-1.9\ai\src\main\java\me\rerere\ai\provider\providers\ProviderMessageUtils.kt, D:\riklast\rik原作\rikkahub-master\rikkahub-1.9\ai\src\main\java\me\rerere\ai\provider\providers\vertex\ServiceAccountTokenProvider.kt, D:\riklast\rik原作\rikkahub-master\rikkahub-1.9\ai\src\main\java\me\rerere\ai\provider\ProviderSetting.kt, D:\riklast\rik原作\rikkahub-master\rikkahub-1.9\ai\src\main\java\me\rerere\ai\registry\ModelDsl.kt, D:\riklast\rik原作\rikkahub-master\rikkahub-1.9\ai\src\main\java\me\rerere\ai\registry\ModelRegistry.kt, D:\riklast\rik原作\rikkahub-master\rikkahub-1.9\ai\src\main\java\me\rerere\ai\ui\Image.kt, D:\riklast\rik原作\rikkahub-master\rikkahub-1.9\ai\src\main\java\me\rerere\ai\ui\Message.kt, D:\riklast\rik原作\rikkahub-master\rikkahub-1.9\ai\src\main\java\me\rerere\ai\util\ErrorParser.kt, D:\riklast\rik原作\rikkahub-master\rikkahub-1.9\ai\src\main\java\me\rerere\ai\util\FileEncoder.kt, D:\riklast\rik原作\rikkahub-master\rikkahub-1.9\ai\src\main\java\me\rerere\ai\util\Json.kt, D:\riklast\rik原作\rikkahub-master\rikkahub-1.9\ai\src\main\java\me\rerere\ai\util\KeyRoulette.kt, D:\riklast\rik原作\rikkahub-master\rikkahub-1.9\ai\src\main\java\me\rerere\ai\util\ProxyUtils.kt, D:\riklast\rik原作\rikkahub-master\rikkahub-1.9\ai\src\main\java\me\rerere\ai\util\Request.kt, D:\riklast\rik原作\rikkahub-master\rikkahub-1.9\ai\src\main\java\me\rerere\ai\util\Serializer.kt, D:\riklast\rik原作\rikkahub-master\rikkahub-1.9\ai\src\main\java\me\rerere\ai\util\SSE.kt
Java source files: 
Script source files: 
Script file extensions: 
Using Kotlin/JVM incremental compilation
[KOTLIN] Kotlin compilation 'jdkHome' argument: C:\Program Files\Java\jdk-17
Options for KOTLIN DAEMON: IncrementalCompilationOptions(super=CompilationOptions(compilerMode=INCREMENTAL_COMPILER, targetPlatform=JVM, reportCategories=[0, 3], reportSeverity=2, requestedCompilationResults=[0], kotlinScriptExtensions=[]), sourceChanges=org.jetbrains.kotlin.buildtools.api.SourcesChanges$Unknown@3c53ec43, classpathChanges=NotAvailableForNonIncrementalRun, workingDir=D:\riklast\rik原作\rikkahub-master\rikkahub-1.9\ai\build\kotlin\compileDebugKotlin\cacheable, multiModuleICSettings=MultiModuleICSettings(buildHistoryFile=D:\riklast\rik原作\rikkahub-master\rikkahub-1.9\ai\build\kotlin\compileDebugKotlin\local-state\build-history.bin, useModuleDetection=true), icFeatures=IncrementalCompilationFeatures(usePreciseJavaTracking=true, withAbiSnapshot=false, preciseCompilationResultsBackup=true, keepIncrementalCompilationCachesInMemory=true, enableUnsafeIncrementalCompilationForMultiplatform=false, enableMonotonousIncrementalCompileSetExpansion=true), outputFiles=[D:\riklast\rik原作\rikkahub-master\rikkahub-1.9\ai\build\intermediates\built_in_kotlinc\debug\compileDebugKotlin\classes, D:\riklast\rik原作\rikkahub-master\rikkahub-1.9\ai\build\kotlin\compileDebugKotlin\cacheable, D:\riklast\rik原作\rikkahub-master\rikkahub-1.9\ai\build\kotlin\compileDebugKotlin\local-state])

> Task :app:packageDebugResources
Caching disabled for task ':app:packageDebugResources' because:
  Build cache is disabled
Task ':app:packageDebugResources' is not up-to-date because:
  Output property 'dataBindingLayoutInfoOutFolder' file D:\riklast\rik原作\rikkahub-master\rikkahub-1.9\app\build\intermediates\data_binding_layout_info_type_package\debug\packageDebugResources\out has been removed.
  Output property 'incrementalFolder' file D:\riklast\rik原作\rikkahub-master\rikkahub-1.9\app\build\intermediates\incremental\debug\packageDebugResources has been removed.
  Output property 'incrementalFolder' file D:\riklast\rik原作\rikkahub-master\rikkahub-1.9\app\build\intermediates\incremental\debug\packageDebugResources\compile-file-map.properties has been removed.
  and more...
The input changes require a full rebuild for incremental task ':app:packageDebugResources'.
[MergeResources] Inputs are non-incremental full task action.
Resolve mutations for :highlight:processDebugNavigationResources (Thread[included builds,5,main]) started.
:highlight:processDebugNavigationResources (Thread[included builds,5,main]) started.

> Task :highlight:processDebugNavigationResources
Caching disabled for task ':highlight:processDebugNavigationResources' because:
  Build cache is disabled
Task ':highlight:processDebugNavigationResources' is not up-to-date because:
  Output property 'outputDir' file D:\riklast\rik原作\rikkahub-master\rikkahub-1.9\highlight\build\generated\updated_navigation_xml\debug has been removed.
work action resolve debug (project :highlight) (Thread[included builds,5,main]) started.
Resolve mutations for :search:processDebugNavigationResources (Thread[included builds,5,main]) started.
:search:processDebugNavigationResources (Thread[included builds,5,main]) started.

> Task :search:processDebugNavigationResources
Caching disabled for task ':search:processDebugNavigationResources' because:
  Build cache is disabled
Task ':search:processDebugNavigationResources' is not up-to-date because:
  Output property 'outputDir' file D:\riklast\rik原作\rikkahub-master\rikkahub-1.9\search\build\generated\updated_navigation_xml\debug has been removed.
work action resolve debug (project :search) (Thread[included builds,5,main]) started.
Resolve mutations for :tts:processDebugNavigationResources (Thread[included builds,5,main]) started.
:tts:processDebugNavigationResources (Thread[included builds,5,main]) started.

> Task :tts:processDebugNavigationResources
Caching disabled for task ':tts:processDebugNavigationResources' because:
  Build cache is disabled
Task ':tts:processDebugNavigationResources' is not up-to-date because:
  Output property 'outputDir' file D:\riklast\rik原作\rikkahub-master\rikkahub-1.9\tts\build\generated\updated_navigation_xml\debug has been removed.
work action resolve debug (project :tts) (Thread[included builds,5,main]) started.
Resolve mutations for :app:processDebugNavigationResources (Thread[included builds,5,main]) started.
:app:processDebugNavigationResources (Thread[included builds,5,main]) started.

> Task :app:processDebugNavigationResources
file or directory 'D:\riklast\rik原作\rikkahub-master\rikkahub-1.9\app\libs', not found
Caching disabled for task ':app:processDebugNavigationResources' because:
  Build cache is disabled
Task ':app:processDebugNavigationResources' is not up-to-date because:
  Output property 'outputDir' file D:\riklast\rik原作\rikkahub-master\rikkahub-1.9\app\build\generated\updated_navigation_xml\debug has been removed.
Resolve mutations for :app:parseDebugLocalResources (Thread[Execution worker Thread 7,5,main]) started.
:app:parseDebugLocalResources (Thread[Execution worker Thread 7,5,main]) started.
Resolve mutations for :document:generateDebugResources (Thread[included builds,5,main]) started.
:document:generateDebugResources (Thread[included builds,5,main]) started.

> Task :document:generateDebugResources
Caching disabled for task ':document:generateDebugResources' because:
  Build cache is disabled
Task ':document:generateDebugResources' is not up-to-date because:
  Output property 'validationReportFile' file D:\riklast\rik原作\rikkahub-master\rikkahub-1.9\document\build\intermediates\nested_resources_validation_report\debug\generateDebugResources\nestedResourcesValidationReport.txt has been removed.
Resolve mutations for :document:packageDebugResources (Thread[included builds,5,main]) started.
:document:packageDebugResources (Thread[Execution worker Thread 5,5,main]) started.

> Task :document:packageDebugResources
Caching disabled for task ':document:packageDebugResources' because:
  Build cache is disabled
Task ':document:packageDebugResources' is not up-to-date because:
  Output property 'dataBindingLayoutInfoOutFolder' file D:\riklast\rik原作\rikkahub-master\rikkahub-1.9\document\build\intermediates\data_binding_layout_info_type_package\debug\packageDebugResources\out has been removed.
  Output property 'generatedPngsOutputDir' file D:\riklast\rik原作\rikkahub-master\rikkahub-1.9\document\build\generated\res\pngs\debug has been removed.
  Output property 'incrementalFolder' file D:\riklast\rik原作\rikkahub-master\rikkahub-1.9\document\build\intermediates\incremental\debug\packageDebugResources has been removed.
  and more...
The input changes require a full rebuild for incremental task ':document:packageDebugResources'.
[MergeResources] Inputs are non-incremental full task action.
work action resolve packageDebugResources (project :document) (Thread[Execution worker Thread 5,5,main]) started.
Resolve mutations for :document:parseDebugLocalResources (Thread[Execution worker Thread 5,5,main]) started.
:document:parseDebugLocalResources (Thread[Execution worker Thread 5,5,main]) started.
Resolve mutations for :document:javaPreCompileDebug (Thread[Execution worker Thread 6,5,main]) started.
:document:javaPreCompileDebug (Thread[Execution worker Thread 6,5,main]) started.
Resolve mutations for :highlight:generateDebugResources (Thread[included builds,5,main]) started.
:highlight:generateDebugResources (Thread[included builds,5,main]) started.

> Task :document:javaPreCompileDebug
Caching disabled for task ':document:javaPreCompileDebug' because:
  Build cache is disabled
Task ':document:javaPreCompileDebug' is not up-to-date because:
  Output property 'annotationProcessorListFile' file D:\riklast\rik原作\rikkahub-master\rikkahub-1.9\document\build\intermediates\annotation_processor_list\debug\javaPreCompileDebug\annotationProcessors.json has been removed.

> Task :document:parseDebugLocalResources
Caching disabled for task ':document:parseDebugLocalResources' because:
  Build cache is disabled
Task ':document:parseDebugLocalResources' is not up-to-date because:
  Output property 'librarySymbolsFile' file D:\riklast\rik原作\rikkahub-master\rikkahub-1.9\document\build\intermediates\local_only_symbol_list\debug\parseDebugLocalResources\R-def.txt has been removed.
The input changes require a full rebuild for incremental task ':document:parseDebugLocalResources'.

> Task :highlight:generateDebugResources
Caching disabled for task ':highlight:generateDebugResources' because:
  Build cache is disabled
Task ':highlight:generateDebugResources' is not up-to-date because:
  Output property 'validationReportFile' file D:\riklast\rik原作\rikkahub-master\rikkahub-1.9\highlight\build\intermediates\nested_resources_validation_report\debug\generateDebugResources\nestedResourcesValidationReport.txt has been removed.
Resolve mutations for :document:generateDebugRFile (Thread[included builds,5,main]) started.
:document:generateDebugRFile (Thread[included builds,5,main]) started.
Resolve mutations for :highlight:packageDebugResources (Thread[Execution worker Thread 6,5,main]) started.
:highlight:packageDebugResources (Thread[Execution worker Thread 6,5,main]) started.

> Task :app:parseDebugLocalResources
Caching disabled for task ':app:parseDebugLocalResources' because:
  Build cache is disabled
Task ':app:parseDebugLocalResources' is not up-to-date because:
  Output property 'librarySymbolsFile' file D:\riklast\rik原作\rikkahub-master\rikkahub-1.9\app\build\intermediates\local_only_symbol_list\debug\parseDebugLocalResources\R-def.txt has been removed.
The input changes require a full rebuild for incremental task ':app:parseDebugLocalResources'.

> Task :document:generateDebugRFile
Caching disabled for task ':document:generateDebugRFile' because:
  Build cache is disabled
Task ':document:generateDebugRFile' is not up-to-date because:
  Output property 'RClassOutputJar' file D:\riklast\rik原作\rikkahub-master\rikkahub-1.9\document\build\intermediates\compile_r_class_jar\debug\generateDebugRFile\R.jar has been removed.
  Output property 'symbolsWithPackageNameOutputFile' file D:\riklast\rik原作\rikkahub-master\rikkahub-1.9\document\build\intermediates\symbol_list_with_package_name\debug\generateDebugRFile\package-aware-r.txt has been removed.
  Output property 'textSymbolOutputFileProperty' file D:\riklast\rik原作\rikkahub-master\rikkahub-1.9\document\build\intermediates\compile_symbol_list\debug\generateDebugRFile\R.txt has been removed.
The input changes require a full rebuild for incremental task ':document:generateDebugRFile'.

> Task :highlight:packageDebugResources
Caching disabled for task ':highlight:packageDebugResources' because:
  Build cache is disabled
Task ':highlight:packageDebugResources' is not up-to-date because:
  Output property 'dataBindingLayoutInfoOutFolder' file D:\riklast\rik原作\rikkahub-master\rikkahub-1.9\highlight\build\intermediates\data_binding_layout_info_type_package\debug\packageDebugResources\out has been removed.
  Output property 'generatedPngsOutputDir' file D:\riklast\rik原作\rikkahub-master\rikkahub-1.9\highlight\build\generated\res\pngs\debug has been removed.
  Output property 'incrementalFolder' file D:\riklast\rik原作\rikkahub-master\rikkahub-1.9\highlight\build\intermediates\incremental\debug\packageDebugResources has been removed.
  and more...
The input changes require a full rebuild for incremental task ':highlight:packageDebugResources'.
[MergeResources] Inputs are non-incremental full task action.
work action resolve packageDebugResources (project :highlight) (Thread[Execution worker Thread 6,5,main]) started.
work action resolve package-aware-r.txt (project :document) (Thread[Execution worker Thread 6,5,main]) started.
Resolve mutations for :app:generateDebugRFile (Thread[Execution worker Thread 6,5,main]) started.
:app:generateDebugRFile (Thread[Execution worker Thread 6,5,main]) started.
Resolve mutations for :document:compileDebugKotlin (Thread[included builds,5,main]) started.
:document:compileDebugKotlin (Thread[included builds,5,main]) started.

> Task :app:generateDebugRFile
Caching disabled for task ':app:generateDebugRFile' because:
  Build cache is disabled
Task ':app:generateDebugRFile' is not up-to-date because:
  Output property 'RClassOutputJar' file D:\riklast\rik原作\rikkahub-master\rikkahub-1.9\app\build\intermediates\compile_r_class_jar\debug\generateDebugRFile\R.jar has been removed.
  Output property 'symbolsWithPackageNameOutputFile' file D:\riklast\rik原作\rikkahub-master\rikkahub-1.9\app\build\intermediates\symbol_list_with_package_name\debug\generateDebugRFile\package-aware-r.txt has been removed.
  Output property 'textSymbolOutputFileProperty' file D:\riklast\rik原作\rikkahub-master\rikkahub-1.9\app\build\intermediates\compile_symbol_list\debug\generateDebugRFile\R.txt has been removed.
The input changes require a full rebuild for incremental task ':app:generateDebugRFile'.
Resolve mutations for :highlight:parseDebugLocalResources (Thread[Execution worker Thread 9,5,main]) started.
:highlight:parseDebugLocalResources (Thread[Execution worker,5,main]) started.
Resolve mutations for :highlight:javaPreCompileDebug (Thread[Execution worker Thread 9,5,main]) started.
:highlight:javaPreCompileDebug (Thread[Execution worker Thread 9,5,main]) started.
Resolve mutations for :search:generateDebugResources (Thread[Execution worker Thread 6,5,main]) started.
:search:generateDebugResources (Thread[Execution worker Thread 6,5,main]) started.

> Task :highlight:javaPreCompileDebug
Caching disabled for task ':highlight:javaPreCompileDebug' because:
  Build cache is disabled
Task ':highlight:javaPreCompileDebug' is not up-to-date because:
  Output property 'annotationProcessorListFile' file D:\riklast\rik原作\rikkahub-master\rikkahub-1.9\highlight\build\intermediates\annotation_processor_list\debug\javaPreCompileDebug\annotationProcessors.json has been removed.

> Task :highlight:parseDebugLocalResources
Caching disabled for task ':highlight:parseDebugLocalResources' because:
  Build cache is disabled
Task ':highlight:parseDebugLocalResources' is not up-to-date because:
  Output property 'librarySymbolsFile' file D:\riklast\rik原作\rikkahub-master\rikkahub-1.9\highlight\build\intermediates\local_only_symbol_list\debug\parseDebugLocalResources\R-def.txt has been removed.
The input changes require a full rebuild for incremental task ':highlight:parseDebugLocalResources'.

> Task :search:generateDebugResources
Caching disabled for task ':search:generateDebugResources' because:
  Build cache is disabled
Task ':search:generateDebugResources' is not up-to-date because:
  Output property 'validationReportFile' file D:\riklast\rik原作\rikkahub-master\rikkahub-1.9\search\build\intermediates\nested_resources_validation_report\debug\generateDebugResources\nestedResourcesValidationReport.txt has been removed.
Resolve mutations for :highlight:generateDebugRFile (Thread[Execution worker Thread 6,5,main]) started.
:highlight:generateDebugRFile (Thread[Execution worker Thread 4,5,main]) started.
Resolve mutations for :search:packageDebugResources (Thread[Execution worker Thread 6,5,main]) started.
:search:packageDebugResources (Thread[Execution worker Thread 6,5,main]) started.

> Task :highlight:generateDebugRFile
Caching disabled for task ':highlight:generateDebugRFile' because:
  Build cache is disabled
Task ':highlight:generateDebugRFile' is not up-to-date because:
  Output property 'RClassOutputJar' file D:\riklast\rik原作\rikkahub-master\rikkahub-1.9\highlight\build\intermediates\compile_r_class_jar\debug\generateDebugRFile\R.jar has been removed.
  Output property 'symbolsWithPackageNameOutputFile' file D:\riklast\rik原作\rikkahub-master\rikkahub-1.9\highlight\build\intermediates\symbol_list_with_package_name\debug\generateDebugRFile\package-aware-r.txt has been removed.
  Output property 'textSymbolOutputFileProperty' file D:\riklast\rik原作\rikkahub-master\rikkahub-1.9\highlight\build\intermediates\compile_symbol_list\debug\generateDebugRFile\R.txt has been removed.
The input changes require a full rebuild for incremental task ':highlight:generateDebugRFile'.

> Task :search:packageDebugResources
Caching disabled for task ':search:packageDebugResources' because:
  Build cache is disabled
Task ':search:packageDebugResources' is not up-to-date because:
  Output property 'dataBindingLayoutInfoOutFolder' file D:\riklast\rik原作\rikkahub-master\rikkahub-1.9\search\build\intermediates\data_binding_layout_info_type_package\debug\packageDebugResources\out has been removed.
  Output property 'generatedPngsOutputDir' file D:\riklast\rik原作\rikkahub-master\rikkahub-1.9\search\build\generated\res\pngs\debug has been removed.
  Output property 'incrementalFolder' file D:\riklast\rik原作\rikkahub-master\rikkahub-1.9\search\build\intermediates\incremental\debug\packageDebugResources has been removed.
  and more...
The input changes require a full rebuild for incremental task ':search:packageDebugResources'.
[MergeResources] Inputs are non-incremental full task action.
work action resolve packageDebugResources (project :search) (Thread[Execution worker Thread 6,5,main]) started.
work action resolve package-aware-r.txt (project :highlight) (Thread[Execution worker Thread 6,5,main]) started.
Resolve mutations for :highlight:compileDebugKotlin (Thread[Execution worker Thread 6,5,main]) started.
:highlight:compileDebugKotlin (Thread[Execution worker Thread 6,5,main]) started.
Resolve mutations for :search:parseDebugLocalResources (Thread[Execution worker Thread 7,5,main]) started.
:search:parseDebugLocalResources (Thread[Execution worker Thread 7,5,main]) started.
Resolve mutations for :search:javaPreCompileDebug (Thread[Execution worker Thread 10,5,main]) started.
:search:javaPreCompileDebug (Thread[Execution worker Thread 10,5,main]) started.
Resolve mutations for :tts:generateDebugResources (Thread[Execution worker,5,main]) started.
:tts:generateDebugResources (Thread[Execution worker,5,main]) started.

> Task :search:parseDebugLocalResources
Caching disabled for task ':search:parseDebugLocalResources' because:
  Build cache is disabled
Task ':search:parseDebugLocalResources' is not up-to-date because:
  Output property 'librarySymbolsFile' file D:\riklast\rik原作\rikkahub-master\rikkahub-1.9\search\build\intermediates\local_only_symbol_list\debug\parseDebugLocalResources\R-def.txt has been removed.
The input changes require a full rebuild for incremental task ':search:parseDebugLocalResources'.

> Task :search:javaPreCompileDebug
Caching disabled for task ':search:javaPreCompileDebug' because:
  Build cache is disabled
Task ':search:javaPreCompileDebug' is not up-to-date because:
  Output property 'annotationProcessorListFile' file D:\riklast\rik原作\rikkahub-master\rikkahub-1.9\search\build\intermediates\annotation_processor_list\debug\javaPreCompileDebug\annotationProcessors.json has been removed.

> Task :tts:generateDebugResources
Caching disabled for task ':tts:generateDebugResources' because:
  Build cache is disabled
Task ':tts:generateDebugResources' is not up-to-date because:
  Output property 'validationReportFile' file D:\riklast\rik原作\rikkahub-master\rikkahub-1.9\tts\build\intermediates\nested_resources_validation_report\debug\generateDebugResources\nestedResourcesValidationReport.txt has been removed.
Resolve mutations for :search:generateDebugRFile (Thread[Execution worker,5,main]) started.
:search:generateDebugRFile (Thread[Execution worker,5,main]) started.
Resolve mutations for :tts:packageDebugResources (Thread[Execution worker Thread 7,5,main]) started.
:tts:packageDebugResources (Thread[Execution worker Thread 7,5,main]) started.

> Task :search:generateDebugRFile
Caching disabled for task ':search:generateDebugRFile' because:
  Build cache is disabled
Task ':search:generateDebugRFile' is not up-to-date because:
  Output property 'RClassOutputJar' file D:\riklast\rik原作\rikkahub-master\rikkahub-1.9\search\build\intermediates\compile_r_class_jar\debug\generateDebugRFile\R.jar has been removed.
  Output property 'symbolsWithPackageNameOutputFile' file D:\riklast\rik原作\rikkahub-master\rikkahub-1.9\search\build\intermediates\symbol_list_with_package_name\debug\generateDebugRFile\package-aware-r.txt has been removed.
  Output property 'textSymbolOutputFileProperty' file D:\riklast\rik原作\rikkahub-master\rikkahub-1.9\search\build\intermediates\compile_symbol_list\debug\generateDebugRFile\R.txt has been removed.
The input changes require a full rebuild for incremental task ':search:generateDebugRFile'.

> Task :tts:packageDebugResources
Caching disabled for task ':tts:packageDebugResources' because:
  Build cache is disabled
Task ':tts:packageDebugResources' is not up-to-date because:
  Output property 'dataBindingLayoutInfoOutFolder' file D:\riklast\rik原作\rikkahub-master\rikkahub-1.9\tts\build\intermediates\data_binding_layout_info_type_package\debug\packageDebugResources\out has been removed.
  Output property 'generatedPngsOutputDir' file D:\riklast\rik原作\rikkahub-master\rikkahub-1.9\tts\build\generated\res\pngs\debug has been removed.
  Output property 'incrementalFolder' file D:\riklast\rik原作\rikkahub-master\rikkahub-1.9\tts\build\intermediates\incremental\debug\packageDebugResources has been removed.
  and more...
The input changes require a full rebuild for incremental task ':tts:packageDebugResources'.
[MergeResources] Inputs are non-incremental full task action.
work action resolve packageDebugResources (project :tts) (Thread[Execution worker Thread 7,5,main]) started.
work action resolve package-aware-r.txt (project :search) (Thread[Execution worker Thread 7,5,main]) started.
Resolve mutations for :tts:parseDebugLocalResources (Thread[Execution worker Thread 7,5,main]) started.
:tts:parseDebugLocalResources (Thread[Execution worker Thread 7,5,main]) started.
Resolve mutations for :tts:javaPreCompileDebug (Thread[Execution worker Thread 3,5,main]) started.
:tts:javaPreCompileDebug (Thread[Execution worker Thread 3,5,main]) started.
Resolve mutations for :app:javaPreCompileDebug (Thread[Execution worker Thread 4,5,main]) started.
:app:javaPreCompileDebug (Thread[Execution worker Thread 4,5,main]) started.

> Task :tts:parseDebugLocalResources
Caching disabled for task ':tts:parseDebugLocalResources' because:
  Build cache is disabled
Task ':tts:parseDebugLocalResources' is not up-to-date because:
  Output property 'librarySymbolsFile' file D:\riklast\rik原作\rikkahub-master\rikkahub-1.9\tts\build\intermediates\local_only_symbol_list\debug\parseDebugLocalResources\R-def.txt has been removed.
The input changes require a full rebuild for incremental task ':tts:parseDebugLocalResources'.

> Task :tts:javaPreCompileDebug
Caching disabled for task ':tts:javaPreCompileDebug' because:
  Build cache is disabled
Task ':tts:javaPreCompileDebug' is not up-to-date because:
  Output property 'annotationProcessorListFile' file D:\riklast\rik原作\rikkahub-master\rikkahub-1.9\tts\build\intermediates\annotation_processor_list\debug\javaPreCompileDebug\annotationProcessors.json has been removed.
Resolve mutations for :tts:generateDebugRFile (Thread[Execution worker Thread 3,5,main]) started.
:tts:generateDebugRFile (Thread[Execution worker Thread 3,5,main]) started.
Resolve mutations for :ai:compileDebugLibraryResources (Thread[Execution worker Thread 9,5,main]) started.
:ai:compileDebugLibraryResources (Thread[Execution worker Thread 7,5,main]) started.
Resolve mutations for :ai:writeDebugAarMetadata (Thread[Execution worker Thread 9,5,main]) started.
:ai:writeDebugAarMetadata (Thread[Execution worker Thread 9,5,main]) started.

> Task :app:javaPreCompileDebug
Caching disabled for task ':app:javaPreCompileDebug' because:
  Build cache is disabled
Task ':app:javaPreCompileDebug' is not up-to-date because:
  Output property 'annotationProcessorListFile' file D:\riklast\rik原作\rikkahub-master\rikkahub-1.9\app\build\intermediates\annotation_processor_list\debug\javaPreCompileDebug\annotationProcessors.json has been removed.

> Task :tts:generateDebugRFile
Caching disabled for task ':tts:generateDebugRFile' because:
  Build cache is disabled
Task ':tts:generateDebugRFile' is not up-to-date because:
  Output property 'RClassOutputJar' file D:\riklast\rik原作\rikkahub-master\rikkahub-1.9\tts\build\intermediates\compile_r_class_jar\debug\generateDebugRFile\R.jar has been removed.
  Output property 'symbolsWithPackageNameOutputFile' file D:\riklast\rik原作\rikkahub-master\rikkahub-1.9\tts\build\intermediates\symbol_list_with_package_name\debug\generateDebugRFile\package-aware-r.txt has been removed.
  Output property 'textSymbolOutputFileProperty' file D:\riklast\rik原作\rikkahub-master\rikkahub-1.9\tts\build\intermediates\compile_symbol_list\debug\generateDebugRFile\R.txt has been removed.
The input changes require a full rebuild for incremental task ':tts:generateDebugRFile'.

> Task :ai:compileDebugLibraryResources
Caching disabled for task ':ai:compileDebugLibraryResources' because:
  Build cache is disabled
Task ':ai:compileDebugLibraryResources' is not up-to-date because:
  Output property 'outputDir' file D:\riklast\rik原作\rikkahub-master\rikkahub-1.9\ai\build\intermediates\compiled_local_resources\debug\compileDebugLibraryResources\out has been removed.
The input changes require a full rebuild for incremental task ':ai:compileDebugLibraryResources'.
work action resolve package-aware-r.txt (project :tts) (Thread[Execution worker Thread 7,5,main]) started.
work action resolve out (project :ai) (Thread[Execution worker Thread 7,5,main]) started.
Resolve mutations for :tts:compileDebugKotlin (Thread[Execution worker Thread 7,5,main]) started.
:tts:compileDebugKotlin (Thread[Execution worker Thread 7,5,main]) started.

> Task :ai:writeDebugAarMetadata
Caching disabled for task ':ai:writeDebugAarMetadata' because:
  Build cache is disabled
  Caching has been disabled for the task
Task ':ai:writeDebugAarMetadata' is not up-to-date because:
  Output property 'output' file D:\riklast\rik原作\rikkahub-master\rikkahub-1.9\ai\build\intermediates\aar_metadata\debug\writeDebugAarMetadata\aar-metadata.properties has been removed.
work action resolve aar-metadata.properties (project :ai) (Thread[Execution worker Thread 9,5,main]) started.
Resolve mutations for :common:writeDebugAarMetadata (Thread[Execution worker Thread 10,5,main]) started.
:common:writeDebugAarMetadata (Thread[Execution worker Thread 10,5,main]) started.
Resolve mutations for :document:writeDebugAarMetadata (Thread[Execution worker Thread 9,5,main]) started.
:document:writeDebugAarMetadata (Thread[Execution worker Thread 9,5,main]) started.

> Task :common:writeDebugAarMetadata
Caching disabled for task ':common:writeDebugAarMetadata' because:
  Build cache is disabled
  Caching has been disabled for the task
Task ':common:writeDebugAarMetadata' is not up-to-date because:
  Output property 'output' file D:\riklast\rik原作\rikkahub-master\rikkahub-1.9\common\build\intermediates\aar_metadata\debug\writeDebugAarMetadata\aar-metadata.properties has been removed.
work action resolve aar-metadata.properties (project :common) (Thread[Execution worker Thread 10,5,main]) started.
Resolve mutations for :highlight:writeDebugAarMetadata (Thread[Execution worker Thread 10,5,main]) started.
:highlight:writeDebugAarMetadata (Thread[Execution worker Thread 10,5,main]) started.

> Task :document:writeDebugAarMetadata
Caching disabled for task ':document:writeDebugAarMetadata' because:
  Build cache is disabled
  Caching has been disabled for the task
Task ':document:writeDebugAarMetadata' is not up-to-date because:
  Output property 'output' file D:\riklast\rik原作\rikkahub-master\rikkahub-1.9\document\build\intermediates\aar_metadata\debug\writeDebugAarMetadata\aar-metadata.properties has been removed.
work action resolve aar-metadata.properties (project :document) (Thread[Execution worker Thread 9,5,main]) started.
Resolve mutations for :search:writeDebugAarMetadata (Thread[Execution worker Thread 9,5,main]) started.
:search:writeDebugAarMetadata (Thread[Execution worker Thread 9,5,main]) started.

> Task :highlight:writeDebugAarMetadata
Caching disabled for task ':highlight:writeDebugAarMetadata' because:
  Build cache is disabled
  Caching has been disabled for the task
Task ':highlight:writeDebugAarMetadata' is not up-to-date because:
  Output property 'output' file D:\riklast\rik原作\rikkahub-master\rikkahub-1.9\highlight\build\intermediates\aar_metadata\debug\writeDebugAarMetadata\aar-metadata.properties has been removed.
work action resolve aar-metadata.properties (project :highlight) (Thread[Execution worker Thread 10,5,main]) started.
Resolve mutations for :tts:writeDebugAarMetadata (Thread[Execution worker,5,main]) started.
:tts:writeDebugAarMetadata (Thread[Execution worker,5,main]) started.

> Task :search:writeDebugAarMetadata
Caching disabled for task ':search:writeDebugAarMetadata' because:
  Build cache is disabled
  Caching has been disabled for the task
Task ':search:writeDebugAarMetadata' is not up-to-date because:
  Output property 'output' file D:\riklast\rik原作\rikkahub-master\rikkahub-1.9\search\build\intermediates\aar_metadata\debug\writeDebugAarMetadata\aar-metadata.properties has been removed.
work action resolve aar-metadata.properties (project :search) (Thread[Execution worker Thread 9,5,main]) started.
Resolve mutations for :app:compileDebugNavigationResources (Thread[Execution worker Thread 9,5,main]) started.
:app:compileDebugNavigationResources (Thread[Execution worker Thread 9,5,main]) started.

> Task :tts:writeDebugAarMetadata
Caching disabled for task ':tts:writeDebugAarMetadata' because:
  Build cache is disabled
  Caching has been disabled for the task
Task ':tts:writeDebugAarMetadata' is not up-to-date because:
  Output property 'output' file D:\riklast\rik原作\rikkahub-master\rikkahub-1.9\tts\build\intermediates\aar_metadata\debug\writeDebugAarMetadata\aar-metadata.properties has been removed.
work action resolve aar-metadata.properties (project :tts) (Thread[Execution worker,5,main]) started.
Resolve mutations for :app:checkDebugAarMetadata (Thread[Execution worker,5,main]) started.
:app:checkDebugAarMetadata (Thread[Execution worker Thread 8,5,main]) started.

> Task :app:compileDebugNavigationResources
Caching disabled for task ':app:compileDebugNavigationResources' because:
  Build cache is disabled
Task ':app:compileDebugNavigationResources' is not up-to-date because:
  Output property 'outputDir' file D:\riklast\rik原作\rikkahub-master\rikkahub-1.9\app\build\intermediates\compiled_navigation_res\debug\compileDebugNavigationResources has been removed.
The input changes require a full rebuild for incremental task ':app:compileDebugNavigationResources'.
Resolve mutations for :app:mapDebugSourceSetPaths (Thread[Execution worker,5,main]) started.
:app:mapDebugSourceSetPaths (Thread[Execution worker,5,main]) started.

> Task :document:compileDebugKotlin
file or directory 'D:\riklast\rik原作\rikkahub-master\rikkahub-1.9\document\src\main\kotlin', not found
file or directory 'D:\riklast\rik原作\rikkahub-master\rikkahub-1.9\document\src\debug\java', not found
file or directory 'D:\riklast\rik原作\rikkahub-master\rikkahub-1.9\document\src\debug\kotlin', not found
file or directory 'D:\riklast\rik原作\rikkahub-master\rikkahub-1.9\document\src\debug\java', not found
file or directory 'D:\riklast\rik原作\rikkahub-master\rikkahub-1.9\document\src\main\kotlin', not found
file or directory 'D:\riklast\rik原作\rikkahub-master\rikkahub-1.9\document\src\debug\java', not found
file or directory 'D:\riklast\rik原作\rikkahub-master\rikkahub-1.9\document\src\debug\kotlin', not found
file or directory 'D:\riklast\rik原作\rikkahub-master\rikkahub-1.9\document\src\debug\java', not found
file or directory 'D:\riklast\rik原作\rikkahub-master\rikkahub-1.9\document\src\main\kotlin', not found
file or directory 'D:\riklast\rik原作\rikkahub-master\rikkahub-1.9\document\src\debug\java', not found
file or directory 'D:\riklast\rik原作\rikkahub-master\rikkahub-1.9\document\src\debug\kotlin', not found
file or directory 'D:\riklast\rik原作\rikkahub-master\rikkahub-1.9\document\src\debug\java', not found
Custom actions are attached to task ':document:compileDebugKotlin'.
Caching disabled for task ':document:compileDebugKotlin' because:
  Build cache is disabled
Task ':document:compileDebugKotlin' is not up-to-date because:
  Output property 'classpathSnapshotProperties.classpathSnapshotDir' file D:\riklast\rik原作\rikkahub-master\rikkahub-1.9\document\build\kotlin\compileDebugKotlin\classpath-snapshot has been removed.
  Output property 'classpathSnapshotProperties.classpathSnapshotDir' file D:\riklast\rik原作\rikkahub-master\rikkahub-1.9\document\build\kotlin\compileDebugKotlin\classpath-snapshot\shrunk-classpath-snapshot.bin has been removed.
  Output property 'destinationDirectory' file D:\riklast\rik原作\rikkahub-master\rikkahub-1.9\document\build\intermediates\built_in_kotlinc\debug\compileDebugKotlin\classes has been removed.
  and more...
The input changes require a full rebuild for incremental task ':document:compileDebugKotlin'.
file or directory 'D:\riklast\rik原作\rikkahub-master\rikkahub-1.9\document\src\main\kotlin', not found
file or directory 'D:\riklast\rik原作\rikkahub-master\rikkahub-1.9\document\src\main\kotlin', not found
file or directory 'D:\riklast\rik原作\rikkahub-master\rikkahub-1.9\document\src\debug\java', not found
file or directory 'D:\riklast\rik原作\rikkahub-master\rikkahub-1.9\document\src\debug\java', not found
file or directory 'D:\riklast\rik原作\rikkahub-master\rikkahub-1.9\document\src\debug\kotlin', not found
file or directory 'D:\riklast\rik原作\rikkahub-master\rikkahub-1.9\document\src\debug\kotlin', not found
file or directory 'D:\riklast\rik原作\rikkahub-master\rikkahub-1.9\document\src\debug\java', not found
file or directory 'D:\riklast\rik原作\rikkahub-master\rikkahub-1.9\document\src\debug\java', not found
file or directory 'D:\riklast\rik原作\rikkahub-master\rikkahub-1.9\document\src\main\kotlin', not found
file or directory 'D:\riklast\rik原作\rikkahub-master\rikkahub-1.9\document\src\debug\java', not found
file or directory 'D:\riklast\rik原作\rikkahub-master\rikkahub-1.9\document\src\debug\kotlin', not found
file or directory 'D:\riklast\rik原作\rikkahub-master\rikkahub-1.9\document\src\debug\java', not found
file or directory 'D:\riklast\rik原作\rikkahub-master\rikkahub-1.9\document\src\main\kotlin', not found
file or directory 'D:\riklast\rik原作\rikkahub-master\rikkahub-1.9\document\src\main\kotlin', not found
file or directory 'D:\riklast\rik原作\rikkahub-master\rikkahub-1.9\document\src\debug\java', not found
file or directory 'D:\riklast\rik原作\rikkahub-master\rikkahub-1.9\document\src\debug\java', not found
file or directory 'D:\riklast\rik原作\rikkahub-master\rikkahub-1.9\document\src\debug\kotlin', not found
file or directory 'D:\riklast\rik原作\rikkahub-master\rikkahub-1.9\document\src\debug\kotlin', not found
file or directory 'D:\riklast\rik原作\rikkahub-master\rikkahub-1.9\document\src\debug\java', not found
file or directory 'D:\riklast\rik原作\rikkahub-master\rikkahub-1.9\document\src\debug\java', not found
file or directory 'D:\riklast\rik原作\rikkahub-master\rikkahub-1.9\document\src\main\kotlin', not found
file or directory 'D:\riklast\rik原作\rikkahub-master\rikkahub-1.9\document\src\main\kotlin', not found
file or directory 'D:\riklast\rik原作\rikkahub-master\rikkahub-1.9\document\src\debug\java', not found
file or directory 'D:\riklast\rik原作\rikkahub-master\rikkahub-1.9\document\src\debug\java', not found
file or directory 'D:\riklast\rik原作\rikkahub-master\rikkahub-1.9\document\src\debug\kotlin', not found
file or directory 'D:\riklast\rik原作\rikkahub-master\rikkahub-1.9\document\src\debug\kotlin', not found
file or directory 'D:\riklast\rik原作\rikkahub-master\rikkahub-1.9\document\src\debug\java', not found
file or directory 'D:\riklast\rik原作\rikkahub-master\rikkahub-1.9\document\src\debug\java', not found
file or directory 'D:\riklast\rik原作\rikkahub-master\rikkahub-1.9\document\src\main\kotlin', not found
file or directory 'D:\riklast\rik原作\rikkahub-master\rikkahub-1.9\document\src\main\kotlin', not found
file or directory 'D:\riklast\rik原作\rikkahub-master\rikkahub-1.9\document\src\debug\java', not found
file or directory 'D:\riklast\rik原作\rikkahub-master\rikkahub-1.9\document\src\debug\java', not found
file or directory 'D:\riklast\rik原作\rikkahub-master\rikkahub-1.9\document\src\debug\kotlin', not found
file or directory 'D:\riklast\rik原作\rikkahub-master\rikkahub-1.9\document\src\debug\kotlin', not found
file or directory 'D:\riklast\rik原作\rikkahub-master\rikkahub-1.9\document\src\debug\java', not found
file or directory 'D:\riklast\rik原作\rikkahub-master\rikkahub-1.9\document\src\debug\java', not found
Kotlin source files: D:\riklast\rik原作\rikkahub-master\rikkahub-1.9\document\src\main\java\me\rerere\document\DocxParser.kt, D:\riklast\rik原作\rikkahub-master\rikkahub-1.9\document\src\main\java\me\rerere\document\PdfParser.kt, D:\riklast\rik原作\rikkahub-master\rikkahub-1.9\document\src\main\java\me\rerere\document\PptxParser.kt
Java source files: D:\riklast\rik原作\rikkahub-master\rikkahub-1.9\document\src\main\java\com\artifex\mupdf\fitz\AbortException.java, D:\riklast\rik原作\rikkahub-master\rikkahub-1.9\document\src\main\java\com\artifex\mupdf\fitz\android\AndroidDrawDevice.java, D:\riklast\rik原作\rikkahub-master\rikkahub-1.9\document\src\main\java\com\artifex\mupdf\fitz\android\AndroidImage.java, D:\riklast\rik原作\rikkahub-master\rikkahub-1.9\document\src\main\java\com\artifex\mupdf\fitz\Archive.java, D:\riklast\rik原作\rikkahub-master\rikkahub-1.9\document\src\main\java\com\artifex\mupdf\fitz\BarcodeInfo.java, D:\riklast\rik原作\rikkahub-master\rikkahub-1.9\document\src\main\java\com\artifex\mupdf\fitz\Buffer.java, D:\riklast\rik原作\rikkahub-master\rikkahub-1.9\document\src\main\java\com\artifex\mupdf\fitz\BufferInputStream.java, D:\riklast\rik原作\rikkahub-master\rikkahub-1.9\document\src\main\java\com\artifex\mupdf\fitz\BufferOutputStream.java, D:\riklast\rik原作\rikkahub-master\rikkahub-1.9\document\src\main\java\com\artifex\mupdf\fitz\ColorParams.java, D:\riklast\rik原作\rikkahub-master\rikkahub-1.9\document\src\main\java\com\artifex\mupdf\fitz\ColorSpace.java, D:\riklast\rik原作\rikkahub-master\rikkahub-1.9\document\src\main\java\com\artifex\mupdf\fitz\Context.java, D:\riklast\rik原作\rikkahub-master\rikkahub-1.9\document\src\main\java\com\artifex\mupdf\fitz\Cookie.java, D:\riklast\rik原作\rikkahub-master\rikkahub-1.9\document\src\main\java\com\artifex\mupdf\fitz\DefaultAppearance.java, D:\riklast\rik原作\rikkahub-master\rikkahub-1.9\document\src\main\java\com\artifex\mupdf\fitz\DefaultColorSpaces.java, D:\riklast\rik原作\rikkahub-master\rikkahub-1.9\document\src\main\java\com\artifex\mupdf\fitz\Device.java, D:\riklast\rik原作\rikkahub-master\rikkahub-1.9\document\src\main\java\com\artifex\mupdf\fitz\DisplayList.java, D:\riklast\rik原作\rikkahub-master\rikkahub-1.9\document\src\main\java\com\artifex\mupdf\fitz\DisplayListDevice.java, D:\riklast\rik原作\rikkahub-master\rikkahub-1.9\document\src\main\java\com\artifex\mupdf\fitz\Document.java, D:\riklast\rik原作\rikkahub-master\rikkahub-1.9\document\src\main\java\com\artifex\mupdf\fitz\DocumentWriter.java, D:\riklast\rik原作\rikkahub-master\rikkahub-1.9\document\src\main\java\com\artifex\mupdf\fitz\DOM.java, D:\riklast\rik原作\rikkahub-master\rikkahub-1.9\document\src\main\java\com\artifex\mupdf\fitz\DrawDevice.java, D:\riklast\rik原作\rikkahub-master\rikkahub-1.9\document\src\main\java\com\artifex\mupdf\fitz\FileStream.java, D:\riklast\rik原作\rikkahub-master\rikkahub-1.9\document\src\main\java\com\artifex\mupdf\fitz\FitzInputStream.java, D:\riklast\rik原作\rikkahub-master\rikkahub-1.9\document\src\main\java\com\artifex\mupdf\fitz\Font.java, D:\riklast\rik原作\rikkahub-master\rikkahub-1.9\document\src\main\java\com\artifex\mupdf\fitz\Image.java, D:\riklast\rik原作\rikkahub-master\rikkahub-1.9\document\src\main\java\com\artifex\mupdf\fitz\Link.java, D:\riklast\rik原作\rikkahub-master\rikkahub-1.9\document\src\main\java\com\artifex\mupdf\fitz\LinkDestination.java, D:\riklast\rik原作\rikkahub-master\rikkahub-1.9\document\src\main\java\com\artifex\mupdf\fitz\Location.java, D:\riklast\rik原作\rikkahub-master\rikkahub-1.9\document\src\main\java\com\artifex\mupdf\fitz\Matrix.java, D:\riklast\rik原作\rikkahub-master\rikkahub-1.9\document\src\main\java\com\artifex\mupdf\fitz\MultiArchive.java, D:\riklast\rik原作\rikkahub-master\rikkahub-1.9\document\src\main\java\com\artifex\mupdf\fitz\NativeDevice.java, D:\riklast\rik原作\rikkahub-master\rikkahub-1.9\document\src\main\java\com\artifex\mupdf\fitz\Outline.java, D:\riklast\rik原作\rikkahub-master\rikkahub-1.9\document\src\main\java\com\artifex\mupdf\fitz\OutlineIterator.java, D:\riklast\rik原作\rikkahub-master\rikkahub-1.9\document\src\main\java\com\artifex\mupdf\fitz\Page.java, D:\riklast\rik原作\rikkahub-master\rikkahub-1.9\document\src\main\java\com\artifex\mupdf\fitz\Path.java, D:\riklast\rik原作\rikkahub-master\rikkahub-1.9\document\src\main\java\com\artifex\mupdf\fitz\PathWalker.java, D:\riklast\rik原作\rikkahub-master\rikkahub-1.9\document\src\main\java\com\artifex\mupdf\fitz\PDFAnnotation.java, D:\riklast\rik原作\rikkahub-master\rikkahub-1.9\document\src\main\java\com\artifex\mupdf\fitz\PDFDocument.java, D:\riklast\rik原作\rikkahub-master\rikkahub-1.9\document\src\main\java\com\artifex\mupdf\fitz\PDFGraftMap.java, D:\riklast\rik原作\rikkahub-master\rikkahub-1.9\document\src\main\java\com\artifex\mupdf\fitz\PDFObject.java, D:\riklast\rik原作\rikkahub-master\rikkahub-1.9\document\src\main\java\com\artifex\mupdf\fitz\PDFPage.java, D:\riklast\rik原作\rikkahub-master\rikkahub-1.9\document\src\main\java\com\artifex\mupdf\fitz\PDFProcessor.java, D:\riklast\rik原作\rikkahub-master\rikkahub-1.9\document\src\main\java\com\artifex\mupdf\fitz\PDFWidget.java, D:\riklast\rik原作\rikkahub-master\rikkahub-1.9\document\src\main\java\com\artifex\mupdf\fitz\Pixmap.java, D:\riklast\rik原作\rikkahub-master\rikkahub-1.9\document\src\main\java\com\artifex\mupdf\fitz\PKCS7DistinguishedName.java, D:\riklast\rik原作\rikkahub-master\rikkahub-1.9\document\src\main\java\com\artifex\mupdf\fitz\PKCS7Signer.java, D:\riklast\rik原作\rikkahub-master\rikkahub-1.9\document\src\main\java\com\artifex\mupdf\fitz\PKCS7Verifier.java, D:\riklast\rik原作\rikkahub-master\rikkahub-1.9\document\src\main\java\com\artifex\mupdf\fitz\Point.java, D:\riklast\rik原作\rikkahub-master\rikkahub-1.9\document\src\main\java\com\artifex\mupdf\fitz\Quad.java, D:\riklast\rik原作\rikkahub-master\rikkahub-1.9\document\src\main\java\com\artifex\mupdf\fitz\Rect.java, D:\riklast\rik原作\rikkahub-master\rikkahub-1.9\document\src\main\java\com\artifex\mupdf\fitz\RectI.java, D:\riklast\rik原作\rikkahub-master\rikkahub-1.9\document\src\main\java\com\artifex\mupdf\fitz\SeekableInputOutputStream.java, D:\riklast\rik原作\rikkahub-master\rikkahub-1.9\document\src\main\java\com\artifex\mupdf\fitz\SeekableInputStream.java, D:\riklast\rik原作\rikkahub-master\rikkahub-1.9\document\src\main\java\com\artifex\mupdf\fitz\SeekableOutputStream.java, D:\riklast\rik原作\rikkahub-master\rikkahub-1.9\document\src\main\java\com\artifex\mupdf\fitz\SeekableStream.java, D:\riklast\rik原作\rikkahub-master\rikkahub-1.9\document\src\main\java\com\artifex\mupdf\fitz\Shade.java, D:\riklast\rik原作\rikkahub-master\rikkahub-1.9\document\src\main\java\com\artifex\mupdf\fitz\Story.java, D:\riklast\rik原作\rikkahub-master\rikkahub-1.9\document\src\main\java\com\artifex\mupdf\fitz\StrokeState.java, D:\riklast\rik原作\rikkahub-master\rikkahub-1.9\document\src\main\java\com\artifex\mupdf\fitz\StructuredText.java, D:\riklast\rik原作\rikkahub-master\rikkahub-1.9\document\src\main\java\com\artifex\mupdf\fitz\StructuredTextWalker.java, D:\riklast\rik原作\rikkahub-master\rikkahub-1.9\document\src\main\java\com\artifex\mupdf\fitz\Text.java, D:\riklast\rik原作\rikkahub-master\rikkahub-1.9\document\src\main\java\com\artifex\mupdf\fitz\TextWalker.java, D:\riklast\rik原作\rikkahub-master\rikkahub-1.9\document\src\main\java\com\artifex\mupdf\fitz\TreeArchive.java, D:\riklast\rik原作\rikkahub-master\rikkahub-1.9\document\src\main\java\com\artifex\mupdf\fitz\TryLaterException.java
Script source files: 
Script file extensions: 
Using Kotlin/JVM incremental compilation
[KOTLIN] Kotlin compilation 'jdkHome' argument: C:\Program Files\Java\jdk-17
Options for KOTLIN DAEMON: IncrementalCompilationOptions(super=CompilationOptions(compilerMode=INCREMENTAL_COMPILER, targetPlatform=JVM, reportCategories=[0, 3], reportSeverity=2, requestedCompilationResults=[0], kotlinScriptExtensions=[]), sourceChanges=org.jetbrains.kotlin.buildtools.api.SourcesChanges$Unknown@3c53ec43, classpathChanges=NotAvailableForNonIncrementalRun, workingDir=D:\riklast\rik原作\rikkahub-master\rikkahub-1.9\document\build\kotlin\compileDebugKotlin\cacheable, multiModuleICSettings=MultiModuleICSettings(buildHistoryFile=D:\riklast\rik原作\rikkahub-master\rikkahub-1.9\document\build\kotlin\compileDebugKotlin\local-state\build-history.bin, useModuleDetection=true), icFeatures=IncrementalCompilationFeatures(usePreciseJavaTracking=true, withAbiSnapshot=false, preciseCompilationResultsBackup=true, keepIncrementalCompilationCachesInMemory=true, enableUnsafeIncrementalCompilationForMultiplatform=false, enableMonotonousIncrementalCompileSetExpansion=true), outputFiles=[D:\riklast\rik原作\rikkahub-master\rikkahub-1.9\document\build\intermediates\built_in_kotlinc\debug\compileDebugKotlin\classes, D:\riklast\rik原作\rikkahub-master\rikkahub-1.9\document\build\kotlin\compileDebugKotlin\cacheable, D:\riklast\rik原作\rikkahub-master\rikkahub-1.9\document\build\kotlin\compileDebugKotlin\local-state])

> Task :app:checkDebugAarMetadata
file or directory 'D:\riklast\rik原作\rikkahub-master\rikkahub-1.9\app\libs', not found
file or directory 'D:\riklast\rik原作\rikkahub-master\rikkahub-1.9\app\libs', not found
Caching disabled for task ':app:checkDebugAarMetadata' because:
  Build cache is disabled
  Caching has been disabled for the task
Task ':app:checkDebugAarMetadata' is not up-to-date because:
  Output property 'dummyOutputDirectory' file D:\riklast\rik原作\rikkahub-master\rikkahub-1.9\app\build\intermediates\aar_metadata_check\debug\checkDebugAarMetadata has been removed.
file or directory 'D:\riklast\rik原作\rikkahub-master\rikkahub-1.9\app\libs', not found
file or directory 'D:\riklast\rik原作\rikkahub-master\rikkahub-1.9\app\libs', not found

> Task :app:mapDebugSourceSetPaths
file or directory 'D:\riklast\rik原作\rikkahub-master\rikkahub-1.9\app\libs', not found
Caching disabled for task ':app:mapDebugSourceSetPaths' because:
  Build cache is disabled
  Caching has been disabled for the task
Task ':app:mapDebugSourceSetPaths' is not up-to-date because:
  Output property 'filepathMappingFile' file D:\riklast\rik原作\rikkahub-master\rikkahub-1.9\app\build\intermediates\android_res_source_set_path_map\debug\mapDebugSourceSetPaths\file-map.txt has been removed.
Resolve mutations for :app:mergeDebugResources (Thread[Execution worker,5,main]) started.
:app:mergeDebugResources (Thread[Execution worker,5,main]) started.

> Task :highlight:compileDebugKotlin
file or directory 'D:\riklast\rik原作\rikkahub-master\rikkahub-1.9\highlight\src\main\kotlin', not found
file or directory 'D:\riklast\rik原作\rikkahub-master\rikkahub-1.9\highlight\src\debug\java', not found
file or directory 'D:\riklast\rik原作\rikkahub-master\rikkahub-1.9\highlight\src\debug\kotlin', not found
file or directory 'D:\riklast\rik原作\rikkahub-master\rikkahub-1.9\highlight\src\debug\java', not found
file or directory 'D:\riklast\rik原作\rikkahub-master\rikkahub-1.9\highlight\src\main\kotlin', not found
file or directory 'D:\riklast\rik原作\rikkahub-master\rikkahub-1.9\highlight\src\debug\java', not found
file or directory 'D:\riklast\rik原作\rikkahub-master\rikkahub-1.9\highlight\src\debug\kotlin', not found
file or directory 'D:\riklast\rik原作\rikkahub-master\rikkahub-1.9\highlight\src\debug\java', not found
file or directory 'D:\riklast\rik原作\rikkahub-master\rikkahub-1.9\highlight\src\main\kotlin', not found
file or directory 'D:\riklast\rik原作\rikkahub-master\rikkahub-1.9\highlight\src\debug\java', not found
file or directory 'D:\riklast\rik原作\rikkahub-master\rikkahub-1.9\highlight\src\debug\kotlin', not found
file or directory 'D:\riklast\rik原作\rikkahub-master\rikkahub-1.9\highlight\src\debug\java', not found
Custom actions are attached to task ':highlight:compileDebugKotlin'.
Caching disabled for task ':highlight:compileDebugKotlin' because:
  Build cache is disabled
Task ':highlight:compileDebugKotlin' is not up-to-date because:
  Output property 'classpathSnapshotProperties.classpathSnapshotDir' file D:\riklast\rik原作\rikkahub-master\rikkahub-1.9\highlight\build\kotlin\compileDebugKotlin\classpath-snapshot has been removed.
  Output property 'classpathSnapshotProperties.classpathSnapshotDir' file D:\riklast\rik原作\rikkahub-master\rikkahub-1.9\highlight\build\kotlin\compileDebugKotlin\classpath-snapshot\shrunk-classpath-snapshot.bin has been removed.
  Output property 'destinationDirectory' file D:\riklast\rik原作\rikkahub-master\rikkahub-1.9\highlight\build\intermediates\built_in_kotlinc\debug\compileDebugKotlin\classes has been removed.
  and more...
The input changes require a full rebuild for incremental task ':highlight:compileDebugKotlin'.
file or directory 'D:\riklast\rik原作\rikkahub-master\rikkahub-1.9\highlight\src\main\kotlin', not found
file or directory 'D:\riklast\rik原作\rikkahub-master\rikkahub-1.9\highlight\src\main\kotlin', not found
file or directory 'D:\riklast\rik原作\rikkahub-master\rikkahub-1.9\highlight\src\debug\java', not found
file or directory 'D:\riklast\rik原作\rikkahub-master\rikkahub-1.9\highlight\src\debug\java', not found
file or directory 'D:\riklast\rik原作\rikkahub-master\rikkahub-1.9\highlight\src\debug\kotlin', not found
file or directory 'D:\riklast\rik原作\rikkahub-master\rikkahub-1.9\highlight\src\debug\kotlin', not found
file or directory 'D:\riklast\rik原作\rikkahub-master\rikkahub-1.9\highlight\src\debug\java', not found
file or directory 'D:\riklast\rik原作\rikkahub-master\rikkahub-1.9\highlight\src\debug\java', not found
file or directory 'D:\riklast\rik原作\rikkahub-master\rikkahub-1.9\highlight\src\main\kotlin', not found
file or directory 'D:\riklast\rik原作\rikkahub-master\rikkahub-1.9\highlight\src\debug\java', not found
file or directory 'D:\riklast\rik原作\rikkahub-master\rikkahub-1.9\highlight\src\debug\kotlin', not found
file or directory 'D:\riklast\rik原作\rikkahub-master\rikkahub-1.9\highlight\src\debug\java', not found
file or directory 'D:\riklast\rik原作\rikkahub-master\rikkahub-1.9\highlight\src\main\kotlin', not found
file or directory 'D:\riklast\rik原作\rikkahub-master\rikkahub-1.9\highlight\src\main\kotlin', not found
file or directory 'D:\riklast\rik原作\rikkahub-master\rikkahub-1.9\highlight\src\debug\java', not found
file or directory 'D:\riklast\rik原作\rikkahub-master\rikkahub-1.9\highlight\src\debug\java', not found
file or directory 'D:\riklast\rik原作\rikkahub-master\rikkahub-1.9\highlight\src\debug\kotlin', not found
file or directory 'D:\riklast\rik原作\rikkahub-master\rikkahub-1.9\highlight\src\debug\kotlin', not found
file or directory 'D:\riklast\rik原作\rikkahub-master\rikkahub-1.9\highlight\src\debug\java', not found
file or directory 'D:\riklast\rik原作\rikkahub-master\rikkahub-1.9\highlight\src\debug\java', not found
file or directory 'D:\riklast\rik原作\rikkahub-master\rikkahub-1.9\highlight\src\main\kotlin', not found
file or directory 'D:\riklast\rik原作\rikkahub-master\rikkahub-1.9\highlight\src\main\kotlin', not found
file or directory 'D:\riklast\rik原作\rikkahub-master\rikkahub-1.9\highlight\src\debug\java', not found
file or directory 'D:\riklast\rik原作\rikkahub-master\rikkahub-1.9\highlight\src\debug\java', not found
file or directory 'D:\riklast\rik原作\rikkahub-master\rikkahub-1.9\highlight\src\debug\kotlin', not found
file or directory 'D:\riklast\rik原作\rikkahub-master\rikkahub-1.9\highlight\src\debug\kotlin', not found
file or directory 'D:\riklast\rik原作\rikkahub-master\rikkahub-1.9\highlight\src\debug\java', not found
file or directory 'D:\riklast\rik原作\rikkahub-master\rikkahub-1.9\highlight\src\debug\java', not found
file or directory 'D:\riklast\rik原作\rikkahub-master\rikkahub-1.9\highlight\src\main\kotlin', not found
file or directory 'D:\riklast\rik原作\rikkahub-master\rikkahub-1.9\highlight\src\main\kotlin', not found
file or directory 'D:\riklast\rik原作\rikkahub-master\rikkahub-1.9\highlight\src\debug\java', not found
file or directory 'D:\riklast\rik原作\rikkahub-master\rikkahub-1.9\highlight\src\debug\java', not found
file or directory 'D:\riklast\rik原作\rikkahub-master\rikkahub-1.9\highlight\src\debug\kotlin', not found
file or directory 'D:\riklast\rik原作\rikkahub-master\rikkahub-1.9\highlight\src\debug\kotlin', not found
file or directory 'D:\riklast\rik原作\rikkahub-master\rikkahub-1.9\highlight\src\debug\java', not found
file or directory 'D:\riklast\rik原作\rikkahub-master\rikkahub-1.9\highlight\src\debug\java', not found
Kotlin source files: D:\riklast\rik原作\rikkahub-master\rikkahub-1.9\highlight\src\main\java\me\rerere\highlight\Highlighter.kt, D:\riklast\rik原作\rikkahub-master\rikkahub-1.9\highlight\src\main\java\me\rerere\highlight\HighlightText.kt
Java source files: 
Script source files: 
Script file extensions: 
Using Kotlin/JVM incremental compilation
[KOTLIN] Kotlin compilation 'jdkHome' argument: C:\Program Files\Java\jdk-17
Options for KOTLIN DAEMON: IncrementalCompilationOptions(super=CompilationOptions(compilerMode=INCREMENTAL_COMPILER, targetPlatform=JVM, reportCategories=[0, 3], reportSeverity=2, requestedCompilationResults=[0], kotlinScriptExtensions=[]), sourceChanges=org.jetbrains.kotlin.buildtools.api.SourcesChanges$Unknown@3c53ec43, classpathChanges=NotAvailableForNonIncrementalRun, workingDir=D:\riklast\rik原作\rikkahub-master\rikkahub-1.9\highlight\build\kotlin\compileDebugKotlin\cacheable, multiModuleICSettings=MultiModuleICSettings(buildHistoryFile=D:\riklast\rik原作\rikkahub-master\rikkahub-1.9\highlight\build\kotlin\compileDebugKotlin\local-state\build-history.bin, useModuleDetection=true), icFeatures=IncrementalCompilationFeatures(usePreciseJavaTracking=true, withAbiSnapshot=false, preciseCompilationResultsBackup=true, keepIncrementalCompilationCachesInMemory=true, enableUnsafeIncrementalCompilationForMultiplatform=false, enableMonotonousIncrementalCompileSetExpansion=true), outputFiles=[D:\riklast\rik原作\rikkahub-master\rikkahub-1.9\highlight\build\intermediates\built_in_kotlinc\debug\compileDebugKotlin\classes, D:\riklast\rik原作\rikkahub-master\rikkahub-1.9\highlight\build\kotlin\compileDebugKotlin\cacheable, D:\riklast\rik原作\rikkahub-master\rikkahub-1.9\highlight\build\kotlin\compileDebugKotlin\local-state])

> Task :document:compileDebugKotlin
Finished executing kotlin compiler using DAEMON strategy

> Task :tts:compileDebugKotlin
file or directory 'D:\riklast\rik原作\rikkahub-master\rikkahub-1.9\tts\src\main\kotlin', not found
file or directory 'D:\riklast\rik原作\rikkahub-master\rikkahub-1.9\tts\src\debug\java', not found
file or directory 'D:\riklast\rik原作\rikkahub-master\rikkahub-1.9\tts\src\debug\kotlin', not found
file or directory 'D:\riklast\rik原作\rikkahub-master\rikkahub-1.9\tts\src\debug\java', not found
file or directory 'D:\riklast\rik原作\rikkahub-master\rikkahub-1.9\tts\src\main\kotlin', not found
file or directory 'D:\riklast\rik原作\rikkahub-master\rikkahub-1.9\tts\src\debug\java', not found
file or directory 'D:\riklast\rik原作\rikkahub-master\rikkahub-1.9\tts\src\debug\kotlin', not found
file or directory 'D:\riklast\rik原作\rikkahub-master\rikkahub-1.9\tts\src\debug\java', not found
file or directory 'D:\riklast\rik原作\rikkahub-master\rikkahub-1.9\tts\src\main\kotlin', not found
file or directory 'D:\riklast\rik原作\rikkahub-master\rikkahub-1.9\tts\src\debug\java', not found
file or directory 'D:\riklast\rik原作\rikkahub-master\rikkahub-1.9\tts\src\debug\kotlin', not found
file or directory 'D:\riklast\rik原作\rikkahub-master\rikkahub-1.9\tts\src\debug\java', not found
Custom actions are attached to task ':tts:compileDebugKotlin'.
Caching disabled for task ':tts:compileDebugKotlin' because:
  Build cache is disabled
Task ':tts:compileDebugKotlin' is not up-to-date because:
  Output property 'classpathSnapshotProperties.classpathSnapshotDir' file D:\riklast\rik原作\rikkahub-master\rikkahub-1.9\tts\build\kotlin\compileDebugKotlin\classpath-snapshot has been removed.
  Output property 'classpathSnapshotProperties.classpathSnapshotDir' file D:\riklast\rik原作\rikkahub-master\rikkahub-1.9\tts\build\kotlin\compileDebugKotlin\classpath-snapshot\shrunk-classpath-snapshot.bin has been removed.
  Output property 'destinationDirectory' file D:\riklast\rik原作\rikkahub-master\rikkahub-1.9\tts\build\intermediates\built_in_kotlinc\debug\compileDebugKotlin\classes has been removed.
  and more...
The input changes require a full rebuild for incremental task ':tts:compileDebugKotlin'.
file or directory 'D:\riklast\rik原作\rikkahub-master\rikkahub-1.9\tts\src\main\kotlin', not found
file or directory 'D:\riklast\rik原作\rikkahub-master\rikkahub-1.9\tts\src\main\kotlin', not found
file or directory 'D:\riklast\rik原作\rikkahub-master\rikkahub-1.9\tts\src\debug\java', not found
file or directory 'D:\riklast\rik原作\rikkahub-master\rikkahub-1.9\tts\src\debug\java', not found
file or directory 'D:\riklast\rik原作\rikkahub-master\rikkahub-1.9\tts\src\debug\kotlin', not found
file or directory 'D:\riklast\rik原作\rikkahub-master\rikkahub-1.9\tts\src\debug\kotlin', not found
file or directory 'D:\riklast\rik原作\rikkahub-master\rikkahub-1.9\tts\src\debug\java', not found
file or directory 'D:\riklast\rik原作\rikkahub-master\rikkahub-1.9\tts\src\debug\java', not found
file or directory 'D:\riklast\rik原作\rikkahub-master\rikkahub-1.9\tts\src\main\kotlin', not found
file or directory 'D:\riklast\rik原作\rikkahub-master\rikkahub-1.9\tts\src\debug\java', not found
file or directory 'D:\riklast\rik原作\rikkahub-master\rikkahub-1.9\tts\src\debug\kotlin', not found
file or directory 'D:\riklast\rik原作\rikkahub-master\rikkahub-1.9\tts\src\debug\java', not found
file or directory 'D:\riklast\rik原作\rikkahub-master\rikkahub-1.9\tts\src\main\kotlin', not found
file or directory 'D:\riklast\rik原作\rikkahub-master\rikkahub-1.9\tts\src\main\kotlin', not found
file or directory 'D:\riklast\rik原作\rikkahub-master\rikkahub-1.9\tts\src\debug\java', not found
file or directory 'D:\riklast\rik原作\rikkahub-master\rikkahub-1.9\tts\src\debug\java', not found
file or directory 'D:\riklast\rik原作\rikkahub-master\rikkahub-1.9\tts\src\debug\kotlin', not found
file or directory 'D:\riklast\rik原作\rikkahub-master\rikkahub-1.9\tts\src\debug\kotlin', not found
file or directory 'D:\riklast\rik原作\rikkahub-master\rikkahub-1.9\tts\src\debug\java', not found
file or directory 'D:\riklast\rik原作\rikkahub-master\rikkahub-1.9\tts\src\debug\java', not found
file or directory 'D:\riklast\rik原作\rikkahub-master\rikkahub-1.9\tts\src\main\kotlin', not found
file or directory 'D:\riklast\rik原作\rikkahub-master\rikkahub-1.9\tts\src\main\kotlin', not found
file or directory 'D:\riklast\rik原作\rikkahub-master\rikkahub-1.9\tts\src\debug\java', not found
file or directory 'D:\riklast\rik原作\rikkahub-master\rikkahub-1.9\tts\src\debug\java', not found
file or directory 'D:\riklast\rik原作\rikkahub-master\rikkahub-1.9\tts\src\debug\kotlin', not found
file or directory 'D:\riklast\rik原作\rikkahub-master\rikkahub-1.9\tts\src\debug\kotlin', not found
file or directory 'D:\riklast\rik原作\rikkahub-master\rikkahub-1.9\tts\src\debug\java', not found
file or directory 'D:\riklast\rik原作\rikkahub-master\rikkahub-1.9\tts\src\debug\java', not found
file or directory 'D:\riklast\rik原作\rikkahub-master\rikkahub-1.9\tts\src\main\kotlin', not found
file or directory 'D:\riklast\rik原作\rikkahub-master\rikkahub-1.9\tts\src\main\kotlin', not found
file or directory 'D:\riklast\rik原作\rikkahub-master\rikkahub-1.9\tts\src\debug\java', not found
file or directory 'D:\riklast\rik原作\rikkahub-master\rikkahub-1.9\tts\src\debug\java', not found
file or directory 'D:\riklast\rik原作\rikkahub-master\rikkahub-1.9\tts\src\debug\kotlin', not found
file or directory 'D:\riklast\rik原作\rikkahub-master\rikkahub-1.9\tts\src\debug\kotlin', not found
file or directory 'D:\riklast\rik原作\rikkahub-master\rikkahub-1.9\tts\src\debug\java', not found
file or directory 'D:\riklast\rik原作\rikkahub-master\rikkahub-1.9\tts\src\debug\java', not found
Kotlin source files: D:\riklast\rik原作\rikkahub-master\rikkahub-1.9\tts\src\main\java\me\rerere\tts\controller\AudioPlayer.kt, D:\riklast\rik原作\rikkahub-master\rikkahub-1.9\tts\src\main\java\me\rerere\tts\controller\TextChunker.kt, D:\riklast\rik原作\rikkahub-master\rikkahub-1.9\tts\src\main\java\me\rerere\tts\controller\TtsController.kt, D:\riklast\rik原作\rikkahub-master\rikkahub-1.9\tts\src\main\java\me\rerere\tts\controller\TtsSynthesizer.kt, D:\riklast\rik原作\rikkahub-master\rikkahub-1.9\tts\src\main\java\me\rerere\tts\model\PlaybackState.kt, D:\riklast\rik原作\rikkahub-master\rikkahub-1.9\tts\src\main\java\me\rerere\tts\model\TTSRequest.kt, D:\riklast\rik原作\rikkahub-master\rikkahub-1.9\tts\src\main\java\me\rerere\tts\model\TTSResponse.kt, D:\riklast\rik原作\rikkahub-master\rikkahub-1.9\tts\src\main\java\me\rerere\tts\provider\providers\GeminiTTSProvider.kt, D:\riklast\rik原作\rikkahub-master\rikkahub-1.9\tts\src\main\java\me\rerere\tts\provider\providers\GroqTTSProvider.kt, D:\riklast\rik原作\rikkahub-master\rikkahub-1.9\tts\src\main\java\me\rerere\tts\provider\providers\MiniMaxTTSProvider.kt, D:\riklast\rik原作\rikkahub-master\rikkahub-1.9\tts\src\main\java\me\rerere\tts\provider\providers\OpenAITTSProvider.kt, D:\riklast\rik原作\rikkahub-master\rikkahub-1.9\tts\src\main\java\me\rerere\tts\provider\providers\QwenTTSProvider.kt, D:\riklast\rik原作\rikkahub-master\rikkahub-1.9\tts\src\main\java\me\rerere\tts\provider\providers\SystemTTSProvider.kt, D:\riklast\rik原作\rikkahub-master\rikkahub-1.9\tts\src\main\java\me\rerere\tts\provider\TTSManager.kt, D:\riklast\rik原作\rikkahub-master\rikkahub-1.9\tts\src\main\java\me\rerere\tts\provider\TTSProvider.kt, D:\riklast\rik原作\rikkahub-master\rikkahub-1.9\tts\src\main\java\me\rerere\tts\provider\TTSProviderSetting.kt
Java source files: 
Script source files: 
Script file extensions: 
Using Kotlin/JVM incremental compilation
[KOTLIN] Kotlin compilation 'jdkHome' argument: C:\Program Files\Java\jdk-17
Options for KOTLIN DAEMON: IncrementalCompilationOptions(super=CompilationOptions(compilerMode=INCREMENTAL_COMPILER, targetPlatform=JVM, reportCategories=[0, 3], reportSeverity=2, requestedCompilationResults=[0], kotlinScriptExtensions=[]), sourceChanges=org.jetbrains.kotlin.buildtools.api.SourcesChanges$Unknown@3c53ec43, classpathChanges=NotAvailableForNonIncrementalRun, workingDir=D:\riklast\rik原作\rikkahub-master\rikkahub-1.9\tts\build\kotlin\compileDebugKotlin\cacheable, multiModuleICSettings=MultiModuleICSettings(buildHistoryFile=D:\riklast\rik原作\rikkahub-master\rikkahub-1.9\tts\build\kotlin\compileDebugKotlin\local-state\build-history.bin, useModuleDetection=true), icFeatures=IncrementalCompilationFeatures(usePreciseJavaTracking=true, withAbiSnapshot=false, preciseCompilationResultsBackup=true, keepIncrementalCompilationCachesInMemory=true, enableUnsafeIncrementalCompilationForMultiplatform=false, enableMonotonousIncrementalCompileSetExpansion=true), outputFiles=[D:\riklast\rik原作\rikkahub-master\rikkahub-1.9\tts\build\intermediates\built_in_kotlinc\debug\compileDebugKotlin\classes, D:\riklast\rik原作\rikkahub-master\rikkahub-1.9\tts\build\kotlin\compileDebugKotlin\cacheable, D:\riklast\rik原作\rikkahub-master\rikkahub-1.9\tts\build\kotlin\compileDebugKotlin\local-state])

> Task :highlight:compileDebugKotlin
Finished executing kotlin compiler using DAEMON strategy

> Task :app:mergeDebugResources
file or directory 'D:\riklast\rik原作\rikkahub-master\rikkahub-1.9\app\libs', not found
Caching disabled for task ':app:mergeDebugResources' because:
  Build cache is disabled
Task ':app:mergeDebugResources' is not up-to-date because:
  Output property 'blameLogOutputFolder' file D:\riklast\rik原作\rikkahub-master\rikkahub-1.9\app\build\intermediates\merged_res_blame_folder\debug\mergeDebugResources\out has been removed.
  Output property 'blameLogOutputFolder' file D:\riklast\rik原作\rikkahub-master\rikkahub-1.9\app\build\intermediates\merged_res_blame_folder\debug\mergeDebugResources\out\multi-v2 has been removed.
  Output property 'blameLogOutputFolder' file D:\riklast\rik原作\rikkahub-master\rikkahub-1.9\app\build\intermediates\merged_res_blame_folder\debug\mergeDebugResources\out\multi-v2\mergeDebugResources.json has been removed.
  and more...
The input changes require a full rebuild for incremental task ':app:mergeDebugResources'.
[MergeResources] Inputs are non-incremental full task action.
file or directory 'D:\riklast\rik原作\rikkahub-master\rikkahub-1.9\app\libs', not found
Compiling XML table D:\riklast\rik原作\rikkahub-master\rikkahub-1.9\app\build\intermediates\incremental\debug\mergeDebugResources\merged.dir\values\values.xml to D:\riklast\rik原作\rikkahub-master\rikkahub-1.9\app\build\intermediates\merged_res\debug\mergeDebugResources\values_values.arsc.flat
Compiling XML table D:\riklast\rik原作\rikkahub-master\rikkahub-1.9\app\build\intermediates\incremental\debug\mergeDebugResources\merged.dir\values-watch-v21\values-watch-v21.xml to D:\riklast\rik原作\rikkahub-master\rikkahub-1.9\app\build\intermediates\merged_res\debug\mergeDebugResources\values-watch-v21_values-watch-v21.arsc.flat
Compiling XML table D:\riklast\rik原作\rikkahub-master\rikkahub-1.9\app\build\intermediates\incremental\debug\mergeDebugResources\merged.dir\values-hi\values-hi.xml to D:\riklast\rik原作\rikkahub-master\rikkahub-1.9\app\build\intermediates\merged_res\debug\mergeDebugResources\values-hi_values-hi.arsc.flat
Compiling XML table D:\riklast\rik原作\rikkahub-master\rikkahub-1.9\app\build\intermediates\incremental\debug\mergeDebugResources\merged.dir\values-pt\values-pt.xml to D:\riklast\rik原作\rikkahub-master\rikkahub-1.9\app\build\intermediates\merged_res\debug\mergeDebugResources\values-pt_values-pt.arsc.flat
Compiling XML table D:\riklast\rik原作\rikkahub-master\rikkahub-1.9\app\build\intermediates\incremental\debug\mergeDebugResources\merged.dir\values-watch-v20\values-watch-v20.xml to D:\riklast\rik原作\rikkahub-master\rikkahub-1.9\app\build\intermediates\merged_res\debug\mergeDebugResources\values-watch-v20_values-watch-v20.arsc.flat
Compiling XML table D:\riklast\rik原作\rikkahub-master\rikkahub-1.9\app\build\intermediates\incremental\debug\mergeDebugResources\merged.dir\values-hr\values-hr.xml to D:\riklast\rik原作\rikkahub-master\rikkahub-1.9\app\build\intermediates\merged_res\debug\mergeDebugResources\values-hr_values-hr.arsc.flat
Compiling XML table D:\riklast\rik原作\rikkahub-master\rikkahub-1.9\app\build\intermediates\incremental\debug\mergeDebugResources\merged.dir\values-hu\values-hu.xml to D:\riklast\rik原作\rikkahub-master\rikkahub-1.9\app\build\intermediates\merged_res\debug\mergeDebugResources\values-hu_values-hu.arsc.flat
Compiling XML table D:\riklast\rik原作\rikkahub-master\rikkahub-1.9\app\build\intermediates\incremental\debug\mergeDebugResources\merged.dir\values-hy\values-hy.xml to D:\riklast\rik原作\rikkahub-master\rikkahub-1.9\app\build\intermediates\merged_res\debug\mergeDebugResources\values-hy_values-hy.arsc.flat
Compiling XML table D:\riklast\rik原作\rikkahub-master\rikkahub-1.9\app\build\intermediates\incremental\debug\mergeDebugResources\merged.dir\values-h320dp-port-v13\values-h320dp-port-v13.xml to D:\riklast\rik原作\rikkahub-master\rikkahub-1.9\app\build\intermediates\merged_res\debug\mergeDebugResources\values-h320dp-port-v13_values-h320dp-port-v13.arsc.flat
Compiling XML table D:\riklast\rik原作\rikkahub-master\rikkahub-1.9\app\build\intermediates\incremental\debug\mergeDebugResources\merged.dir\values-h480dp-v13\values-h480dp-v13.xml to D:\riklast\rik原作\rikkahub-master\rikkahub-1.9\app\build\intermediates\merged_res\debug\mergeDebugResources\values-h480dp-v13_values-h480dp-v13.arsc.flat
Compiling XML table D:\riklast\rik原作\rikkahub-master\rikkahub-1.9\app\build\intermediates\incremental\debug\mergeDebugResources\merged.dir\values-am\values-am.xml to D:\riklast\rik原作\rikkahub-master\rikkahub-1.9\app\build\intermediates\merged_res\debug\mergeDebugResources\values-am_values-am.arsc.flat
Compiling XML table D:\riklast\rik原作\rikkahub-master\rikkahub-1.9\app\build\intermediates\incremental\debug\mergeDebugResources\merged.dir\values-in\values-in.xml to D:\riklast\rik原作\rikkahub-master\rikkahub-1.9\app\build\intermediates\merged_res\debug\mergeDebugResources\values-in_values-in.arsc.flat
Compiling XML table D:\riklast\rik原作\rikkahub-master\rikkahub-1.9\app\build\intermediates\incremental\debug\mergeDebugResources\merged.dir\values-it\values-it.xml to D:\riklast\rik原作\rikkahub-master\rikkahub-1.9\app\build\intermediates\merged_res\debug\mergeDebugResources\values-it_values-it.arsc.flat
Compiling XML table D:\riklast\rik原作\rikkahub-master\rikkahub-1.9\app\build\intermediates\incremental\debug\mergeDebugResources\merged.dir\values-af\values-af.xml to D:\riklast\rik原作\rikkahub-master\rikkahub-1.9\app\build\intermediates\merged_res\debug\mergeDebugResources\values-af_values-af.arsc.flat
Compiling XML table D:\riklast\rik原作\rikkahub-master\rikkahub-1.9\app\build\intermediates\incremental\debug\mergeDebugResources\merged.dir\values-ldltr-v21\values-ldltr-v21.xml to D:\riklast\rik原作\rikkahub-master\rikkahub-1.9\app\build\intermediates\merged_res\debug\mergeDebugResources\values-ldltr-v21_values-ldltr-v21.arsc.flat
Compiling XML table D:\riklast\rik原作\rikkahub-master\rikkahub-1.9\app\build\intermediates\incremental\debug\mergeDebugResources\merged.dir\values-w320dp-land-v13\values-w320dp-land-v13.xml to D:\riklast\rik原作\rikkahub-master\rikkahub-1.9\app\build\intermediates\merged_res\debug\mergeDebugResources\values-w320dp-land-v13_values-w320dp-land-v13.arsc.flat
Compiling XML table D:\riklast\rik原作\rikkahub-master\rikkahub-1.9\app\build\intermediates\incremental\debug\mergeDebugResources\merged.dir\values-zh-rHK\values-zh-rHK.xml to D:\riklast\rik原作\rikkahub-master\rikkahub-1.9\app\build\intermediates\merged_res\debug\mergeDebugResources\values-zh-rHK_values-zh-rHK.arsc.flat
Compiling XML table D:\riklast\rik原作\rikkahub-master\rikkahub-1.9\app\build\intermediates\incremental\debug\mergeDebugResources\merged.dir\values-ar\values-ar.xml to D:\riklast\rik原作\rikkahub-master\rikkahub-1.9\app\build\intermediates\merged_res\debug\mergeDebugResources\values-ar_values-ar.arsc.flat
Compiling XML table D:\riklast\rik原作\rikkahub-master\rikkahub-1.9\app\build\intermediates\incremental\debug\mergeDebugResources\merged.dir\values-es-rUS\values-es-rUS.xml to D:\riklast\rik原作\rikkahub-master\rikkahub-1.9\app\build\intermediates\merged_res\debug\mergeDebugResources\values-es-rUS_values-es-rUS.arsc.flat
Compiling XML table D:\riklast\rik原作\rikkahub-master\rikkahub-1.9\app\build\intermediates\incremental\debug\mergeDebugResources\merged.dir\values-az\values-az.xml to D:\riklast\rik原作\rikkahub-master\rikkahub-1.9\app\build\intermediates\merged_res\debug\mergeDebugResources\values-az_values-az.arsc.flat
Compiling XML table D:\riklast\rik原作\rikkahub-master\rikkahub-1.9\app\build\intermediates\incremental\debug\mergeDebugResources\merged.dir\values-is\values-is.xml to D:\riklast\rik原作\rikkahub-master\rikkahub-1.9\app\build\intermediates\merged_res\debug\mergeDebugResources\values-is_values-is.arsc.flat
Compiling XML table D:\riklast\rik原作\rikkahub-master\rikkahub-1.9\app\build\intermediates\incremental\debug\mergeDebugResources\merged.dir\values-v21\values-v21.xml to D:\riklast\rik原作\rikkahub-master\rikkahub-1.9\app\build\intermediates\merged_res\debug\mergeDebugResources\values-v21_values-v21.arsc.flat
Compiling XML table D:\riklast\rik原作\rikkahub-master\rikkahub-1.9\app\build\intermediates\incremental\debug\mergeDebugResources\merged.dir\values-w360dp-port-v13\values-w360dp-port-v13.xml to D:\riklast\rik原作\rikkahub-master\rikkahub-1.9\app\build\intermediates\merged_res\debug\mergeDebugResources\values-w360dp-port-v13_values-w360dp-port-v13.arsc.flat
Compiling XML table D:\riklast\rik原作\rikkahub-master\rikkahub-1.9\app\build\intermediates\incremental\debug\mergeDebugResources\merged.dir\values-v23\values-v23.xml to D:\riklast\rik原作\rikkahub-master\rikkahub-1.9\app\build\intermediates\merged_res\debug\mergeDebugResources\values-v23_values-v23.arsc.flat
Compiling XML table D:\riklast\rik原作\rikkahub-master\rikkahub-1.9\app\build\intermediates\incremental\debug\mergeDebugResources\merged.dir\values-h480dp-land-v13\values-h480dp-land-v13.xml to D:\riklast\rik原作\rikkahub-master\rikkahub-1.9\app\build\intermediates\merged_res\debug\mergeDebugResources\values-h480dp-land-v13_values-h480dp-land-v13.arsc.flat
Compiling XML table D:\riklast\rik原作\rikkahub-master\rikkahub-1.9\app\build\intermediates\incremental\debug\mergeDebugResources\merged.dir\values-v27\values-v27.xml to D:\riklast\rik原作\rikkahub-master\rikkahub-1.9\app\build\intermediates\merged_res\debug\mergeDebugResources\values-v27_values-v27.arsc.flat
Compiling XML table D:\riklast\rik原作\rikkahub-master\rikkahub-1.9\app\build\intermediates\incremental\debug\mergeDebugResources\merged.dir\values-ru\values-ru.xml to D:\riklast\rik原作\rikkahub-master\rikkahub-1.9\app\build\intermediates\merged_res\debug\mergeDebugResources\values-ru_values-ru.arsc.flat
Compiling XML table D:\riklast\rik原作\rikkahub-master\rikkahub-1.9\app\build\intermediates\incremental\debug\mergeDebugResources\merged.dir\values-ja\values-ja.xml to D:\riklast\rik原作\rikkahub-master\rikkahub-1.9\app\build\intermediates\merged_res\debug\mergeDebugResources\values-ja_values-ja.arsc.flat
Compiling XML table D:\riklast\rik原作\rikkahub-master\rikkahub-1.9\app\build\intermediates\incremental\debug\mergeDebugResources\merged.dir\values-as\values-as.xml to D:\riklast\rik原作\rikkahub-master\rikkahub-1.9\app\build\intermediates\merged_res\debug\mergeDebugResources\values-as_values-as.arsc.flat
Compiling XML table D:\riklast\rik原作\rikkahub-master\rikkahub-1.9\app\build\intermediates\incremental\debug\mergeDebugResources\merged.dir\values-v26\values-v26.xml to D:\riklast\rik原作\rikkahub-master\rikkahub-1.9\app\build\intermediates\merged_res\debug\mergeDebugResources\values-v26_values-v26.arsc.flat
Compiling XML table D:\riklast\rik原作\rikkahub-master\rikkahub-1.9\app\build\intermediates\incremental\debug\mergeDebugResources\merged.dir\values-v25\values-v25.xml to D:\riklast\rik原作\rikkahub-master\rikkahub-1.9\app\build\intermediates\merged_res\debug\mergeDebugResources\values-v25_values-v25.arsc.flat
Compiling XML table D:\riklast\rik原作\rikkahub-master\rikkahub-1.9\app\build\intermediates\incremental\debug\mergeDebugResources\merged.dir\values-v29\values-v29.xml to D:\riklast\rik原作\rikkahub-master\rikkahub-1.9\app\build\intermediates\merged_res\debug\mergeDebugResources\values-v29_values-v29.arsc.flat
Compiling XML table D:\riklast\rik原作\rikkahub-master\rikkahub-1.9\app\build\intermediates\incremental\debug\mergeDebugResources\merged.dir\values-v31\values-v31.xml to D:\riklast\rik原作\rikkahub-master\rikkahub-1.9\app\build\intermediates\merged_res\debug\mergeDebugResources\values-v31_values-v31.arsc.flat
Compiling XML table D:\riklast\rik原作\rikkahub-master\rikkahub-1.9\app\build\intermediates\incremental\debug\mergeDebugResources\merged.dir\values-v22\values-v22.xml to D:\riklast\rik原作\rikkahub-master\rikkahub-1.9\app\build\intermediates\merged_res\debug\mergeDebugResources\values-v22_values-v22.arsc.flat
Compiling XML table D:\riklast\rik原作\rikkahub-master\rikkahub-1.9\app\build\intermediates\incremental\debug\mergeDebugResources\merged.dir\values-en-rCA\values-en-rCA.xml to D:\riklast\rik原作\rikkahub-master\rikkahub-1.9\app\build\intermediates\merged_res\debug\mergeDebugResources\values-en-rCA_values-en-rCA.arsc.flat
Compiling XML table D:\riklast\rik原作\rikkahub-master\rikkahub-1.9\app\build\intermediates\incremental\debug\mergeDebugResources\merged.dir\values-si\values-si.xml to D:\riklast\rik原作\rikkahub-master\rikkahub-1.9\app\build\intermediates\merged_res\debug\mergeDebugResources\values-si_values-si.arsc.flat
Compiling XML table D:\riklast\rik原作\rikkahub-master\rikkahub-1.9\app\build\intermediates\incremental\debug\mergeDebugResources\merged.dir\values-sl\values-sl.xml to D:\riklast\rik原作\rikkahub-master\rikkahub-1.9\app\build\intermediates\merged_res\debug\mergeDebugResources\values-sl_values-sl.arsc.flat
Compiling XML table D:\riklast\rik原作\rikkahub-master\rikkahub-1.9\app\build\intermediates\incremental\debug\mergeDebugResources\merged.dir\values-v28\values-v28.xml to D:\riklast\rik原作\rikkahub-master\rikkahub-1.9\app\build\intermediates\merged_res\debug\mergeDebugResources\values-v28_values-v28.arsc.flat
Compiling XML table D:\riklast\rik原作\rikkahub-master\rikkahub-1.9\app\build\intermediates\incremental\debug\mergeDebugResources\merged.dir\values-ro\values-ro.xml to D:\riklast\rik原作\rikkahub-master\rikkahub-1.9\app\build\intermediates\merged_res\debug\mergeDebugResources\values-ro_values-ro.arsc.flat
Compiling XML table D:\riklast\rik原作\rikkahub-master\rikkahub-1.9\app\build\intermediates\incremental\debug\mergeDebugResources\merged.dir\values-zu\values-zu.xml to D:\riklast\rik原作\rikkahub-master\rikkahub-1.9\app\build\intermediates\merged_res\debug\mergeDebugResources\values-zu_values-zu.arsc.flat
Compiling XML table D:\riklast\rik原作\rikkahub-master\rikkahub-1.9\app\build\intermediates\incremental\debug\mergeDebugResources\merged.dir\values-sw600dp-v13\values-sw600dp-v13.xml to D:\riklast\rik原作\rikkahub-master\rikkahub-1.9\app\build\intermediates\merged_res\debug\mergeDebugResources\values-sw600dp-v13_values-sw600dp-v13.arsc.flat
Compiling XML table D:\riklast\rik原作\rikkahub-master\rikkahub-1.9\app\build\intermediates\incremental\debug\mergeDebugResources\merged.dir\values-v34\values-v34.xml to D:\riklast\rik原作\rikkahub-master\rikkahub-1.9\app\build\intermediates\merged_res\debug\mergeDebugResources\values-v34_values-v34.arsc.flat
Compiling XML table D:\riklast\rik原作\rikkahub-master\rikkahub-1.9\app\build\intermediates\incremental\debug\mergeDebugResources\merged.dir\values-v30\values-v30.xml to D:\riklast\rik原作\rikkahub-master\rikkahub-1.9\app\build\intermediates\merged_res\debug\mergeDebugResources\values-v30_values-v30.arsc.flat
Compiling XML table D:\riklast\rik原作\rikkahub-master\rikkahub-1.9\app\build\intermediates\incremental\debug\mergeDebugResources\merged.dir\values-kn\values-kn.xml to D:\riklast\rik原作\rikkahub-master\rikkahub-1.9\app\build\intermediates\merged_res\debug\mergeDebugResources\values-kn_values-kn.arsc.flat
Compiling XML table D:\riklast\rik原作\rikkahub-master\rikkahub-1.9\app\build\intermediates\incremental\debug\mergeDebugResources\merged.dir\values-sr\values-sr.xml to D:\riklast\rik原作\rikkahub-master\rikkahub-1.9\app\build\intermediates\merged_res\debug\mergeDebugResources\values-sr_values-sr.arsc.flat
Compiling XML table D:\riklast\rik原作\rikkahub-master\rikkahub-1.9\app\build\intermediates\incremental\debug\mergeDebugResources\merged.dir\values-sv\values-sv.xml to D:\riklast\rik原作\rikkahub-master\rikkahub-1.9\app\build\intermediates\merged_res\debug\mergeDebugResources\values-sv_values-sv.arsc.flat
Compiling XML table D:\riklast\rik原作\rikkahub-master\rikkahub-1.9\app\build\intermediates\incremental\debug\mergeDebugResources\merged.dir\values-ky\values-ky.xml to D:\riklast\rik原作\rikkahub-master\rikkahub-1.9\app\build\intermediates\merged_res\debug\mergeDebugResources\values-ky_values-ky.arsc.flat
Compiling XML table D:\riklast\rik原作\rikkahub-master\rikkahub-1.9\app\build\intermediates\incremental\debug\mergeDebugResources\merged.dir\values-km\values-km.xml to D:\riklast\rik原作\rikkahub-master\rikkahub-1.9\app\build\intermediates\merged_res\debug\mergeDebugResources\values-km_values-km.arsc.flat
Compiling XML table D:\riklast\rik原作\rikkahub-master\rikkahub-1.9\app\build\intermediates\incremental\debug\mergeDebugResources\merged.dir\values-ko\values-ko.xml to D:\riklast\rik原作\rikkahub-master\rikkahub-1.9\app\build\intermediates\merged_res\debug\mergeDebugResources\values-ko_values-ko.arsc.flat
Compiling XML table D:\riklast\rik原作\rikkahub-master\rikkahub-1.9\app\build\intermediates\incremental\debug\mergeDebugResources\merged.dir\values-ka\values-ka.xml to D:\riklast\rik原作\rikkahub-master\rikkahub-1.9\app\build\intermediates\merged_res\debug\mergeDebugResources\values-ka_values-ka.arsc.flat
Compiling XML table D:\riklast\rik原作\rikkahub-master\rikkahub-1.9\app\build\intermediates\incremental\debug\mergeDebugResources\merged.dir\values-da\values-da.xml to D:\riklast\rik原作\rikkahub-master\rikkahub-1.9\app\build\intermediates\merged_res\debug\mergeDebugResources\values-da_values-da.arsc.flat
Compiling XML table D:\riklast\rik原作\rikkahub-master\rikkahub-1.9\app\build\intermediates\incremental\debug\mergeDebugResources\merged.dir\values-lo\values-lo.xml to D:\riklast\rik原作\rikkahub-master\rikkahub-1.9\app\build\intermediates\merged_res\debug\mergeDebugResources\values-lo_values-lo.arsc.flat
Compiling XML table D:\riklast\rik原作\rikkahub-master\rikkahub-1.9\app\build\intermediates\incremental\debug\mergeDebugResources\merged.dir\values-te\values-te.xml to D:\riklast\rik原作\rikkahub-master\rikkahub-1.9\app\build\intermediates\merged_res\debug\mergeDebugResources\values-te_values-te.arsc.flat
Compiling XML table D:\riklast\rik原作\rikkahub-master\rikkahub-1.9\app\build\intermediates\incremental\debug\mergeDebugResources\merged.dir\values-xlarge-v4\values-xlarge-v4.xml to D:\riklast\rik原作\rikkahub-master\rikkahub-1.9\app\build\intermediates\merged_res\debug\mergeDebugResources\values-xlarge-v4_values-xlarge-v4.arsc.flat
Compiling XML table D:\riklast\rik原作\rikkahub-master\rikkahub-1.9\app\build\intermediates\incremental\debug\mergeDebugResources\merged.dir\values-bs\values-bs.xml to D:\riklast\rik原作\rikkahub-master\rikkahub-1.9\app\build\intermediates\merged_res\debug\mergeDebugResources\values-bs_values-bs.arsc.flat
Compiling XML table D:\riklast\rik原作\rikkahub-master\rikkahub-1.9\app\build\intermediates\incremental\debug\mergeDebugResources\merged.dir\values-sk\values-sk.xml to D:\riklast\rik原作\rikkahub-master\rikkahub-1.9\app\build\intermediates\merged_res\debug\mergeDebugResources\values-sk_values-sk.arsc.flat
Compiling XML table D:\riklast\rik原作\rikkahub-master\rikkahub-1.9\app\build\intermediates\incremental\debug\mergeDebugResources\merged.dir\values-en-rAU\values-en-rAU.xml to D:\riklast\rik原作\rikkahub-master\rikkahub-1.9\app\build\intermediates\merged_res\debug\mergeDebugResources\values-en-rAU_values-en-rAU.arsc.flat
Compiling XML table D:\riklast\rik原作\rikkahub-master\rikkahub-1.9\app\build\intermediates\incremental\debug\mergeDebugResources\merged.dir\values-sw\values-sw.xml to D:\riklast\rik原作\rikkahub-master\rikkahub-1.9\app\build\intermediates\merged_res\debug\mergeDebugResources\values-sw_values-sw.arsc.flat
Compiling XML table D:\riklast\rik原作\rikkahub-master\rikkahub-1.9\app\build\intermediates\incremental\debug\mergeDebugResources\merged.dir\values-mk\values-mk.xml to D:\riklast\rik原作\rikkahub-master\rikkahub-1.9\app\build\intermediates\merged_res\debug\mergeDebugResources\values-mk_values-mk.arsc.flat
Compiling XML table D:\riklast\rik原作\rikkahub-master\rikkahub-1.9\app\build\intermediates\incremental\debug\mergeDebugResources\merged.dir\values-ur\values-ur.xml to D:\riklast\rik原作\rikkahub-master\rikkahub-1.9\app\build\intermediates\merged_res\debug\mergeDebugResources\values-ur_values-ur.arsc.flat
Compiling XML table D:\riklast\rik原作\rikkahub-master\rikkahub-1.9\app\build\intermediates\incremental\debug\mergeDebugResources\merged.dir\values-tl\values-tl.xml to D:\riklast\rik原作\rikkahub-master\rikkahub-1.9\app\build\intermediates\merged_res\debug\mergeDebugResources\values-tl_values-tl.arsc.flat
Compiling XML table D:\riklast\rik原作\rikkahub-master\rikkahub-1.9\app\build\intermediates\incremental\debug\mergeDebugResources\merged.dir\values-fr-rCA\values-fr-rCA.xml to D:\riklast\rik原作\rikkahub-master\rikkahub-1.9\app\build\intermediates\merged_res\debug\mergeDebugResources\values-fr-rCA_values-fr-rCA.arsc.flat
Compiling XML table D:\riklast\rik原作\rikkahub-master\rikkahub-1.9\app\build\intermediates\incremental\debug\mergeDebugResources\merged.dir\values-h550dp-port-v13\values-h550dp-port-v13.xml to D:\riklast\rik原作\rikkahub-master\rikkahub-1.9\app\build\intermediates\merged_res\debug\mergeDebugResources\values-h550dp-port-v13_values-h550dp-port-v13.arsc.flat
Compiling XML table D:\riklast\rik原作\rikkahub-master\rikkahub-1.9\app\build\intermediates\incremental\debug\mergeDebugResources\merged.dir\values-kk\values-kk.xml to D:\riklast\rik原作\rikkahub-master\rikkahub-1.9\app\build\intermediates\merged_res\debug\mergeDebugResources\values-kk_values-kk.arsc.flat
Compiling XML table D:\riklast\rik原作\rikkahub-master\rikkahub-1.9\app\build\intermediates\incremental\debug\mergeDebugResources\merged.dir\values-mn\values-mn.xml to D:\riklast\rik原作\rikkahub-master\rikkahub-1.9\app\build\intermediates\merged_res\debug\mergeDebugResources\values-mn_values-mn.arsc.flat
Compiling XML table D:\riklast\rik原作\rikkahub-master\rikkahub-1.9\app\build\intermediates\incremental\debug\mergeDebugResources\merged.dir\values-ta\values-ta.xml to D:\riklast\rik原作\rikkahub-master\rikkahub-1.9\app\build\intermediates\merged_res\debug\mergeDebugResources\values-ta_values-ta.arsc.flat
Compiling XML table D:\riklast\rik原作\rikkahub-master\rikkahub-1.9\app\build\intermediates\incremental\debug\mergeDebugResources\merged.dir\values-tr\values-tr.xml to D:\riklast\rik原作\rikkahub-master\rikkahub-1.9\app\build\intermediates\merged_res\debug\mergeDebugResources\values-tr_values-tr.arsc.flat
Compiling XML table D:\riklast\rik原作\rikkahub-master\rikkahub-1.9\app\build\intermediates\incremental\debug\mergeDebugResources\merged.dir\values-zh-rTW\values-zh-rTW.xml to D:\riklast\rik原作\rikkahub-master\rikkahub-1.9\app\build\intermediates\merged_res\debug\mergeDebugResources\values-zh-rTW_values-zh-rTW.arsc.flat
Compiling XML table D:\riklast\rik原作\rikkahub-master\rikkahub-1.9\app\build\intermediates\incremental\debug\mergeDebugResources\merged.dir\values-es\values-es.xml to D:\riklast\rik原作\rikkahub-master\rikkahub-1.9\app\build\intermediates\merged_res\debug\mergeDebugResources\values-es_values-es.arsc.flat
Compiling XML table D:\riklast\rik原作\rikkahub-master\rikkahub-1.9\app\build\intermediates\incremental\debug\mergeDebugResources\merged.dir\values-et\values-et.xml to D:\riklast\rik原作\rikkahub-master\rikkahub-1.9\app\build\intermediates\merged_res\debug\mergeDebugResources\values-et_values-et.arsc.flat
Compiling XML table D:\riklast\rik原作\rikkahub-master\rikkahub-1.9\app\build\intermediates\incremental\debug\mergeDebugResources\merged.dir\values-nb\values-nb.xml to D:\riklast\rik原作\rikkahub-master\rikkahub-1.9\app\build\intermediates\merged_res\debug\mergeDebugResources\values-nb_values-nb.arsc.flat
Compiling XML table D:\riklast\rik原作\rikkahub-master\rikkahub-1.9\app\build\intermediates\incremental\debug\mergeDebugResources\merged.dir\values-uk\values-uk.xml to D:\riklast\rik原作\rikkahub-master\rikkahub-1.9\app\build\intermediates\merged_res\debug\mergeDebugResources\values-uk_values-uk.arsc.flat
Compiling XML table D:\riklast\rik原作\rikkahub-master\rikkahub-1.9\app\build\intermediates\incremental\debug\mergeDebugResources\merged.dir\values-vi\values-vi.xml to D:\riklast\rik原作\rikkahub-master\rikkahub-1.9\app\build\intermediates\merged_res\debug\mergeDebugResources\values-vi_values-vi.arsc.flat
Compiling XML table D:\riklast\rik原作\rikkahub-master\rikkahub-1.9\app\build\intermediates\incremental\debug\mergeDebugResources\merged.dir\values-ml\values-ml.xml to D:\riklast\rik原作\rikkahub-master\rikkahub-1.9\app\build\intermediates\merged_res\debug\mergeDebugResources\values-ml_values-ml.arsc.flat
Compiling XML table D:\riklast\rik原作\rikkahub-master\rikkahub-1.9\app\build\intermediates\incremental\debug\mergeDebugResources\merged.dir\values-zh-rCN\values-zh-rCN.xml to D:\riklast\rik原作\rikkahub-master\rikkahub-1.9\app\build\intermediates\merged_res\debug\mergeDebugResources\values-zh-rCN_values-zh-rCN.arsc.flat
Compiling XML table D:\riklast\rik原作\rikkahub-master\rikkahub-1.9\app\build\intermediates\incremental\debug\mergeDebugResources\merged.dir\values-nl\values-nl.xml to D:\riklast\rik原作\rikkahub-master\rikkahub-1.9\app\build\intermediates\merged_res\debug\mergeDebugResources\values-nl_values-nl.arsc.flat
Compiling XML table D:\riklast\rik原作\rikkahub-master\rikkahub-1.9\app\build\intermediates\incremental\debug\mergeDebugResources\merged.dir\values-large-v4\values-large-v4.xml to D:\riklast\rik原作\rikkahub-master\rikkahub-1.9\app\build\intermediates\merged_res\debug\mergeDebugResources\values-large-v4_values-large-v4.arsc.flat
Compiling XML table D:\riklast\rik原作\rikkahub-master\rikkahub-1.9\app\build\intermediates\incremental\debug\mergeDebugResources\merged.dir\values-my\values-my.xml to D:\riklast\rik原作\rikkahub-master\rikkahub-1.9\app\build\intermediates\merged_res\debug\mergeDebugResources\values-my_values-my.arsc.flat
Compiling XML table D:\riklast\rik原作\rikkahub-master\rikkahub-1.9\app\build\intermediates\incremental\debug\mergeDebugResources\merged.dir\values-th\values-th.xml to D:\riklast\rik原作\rikkahub-master\rikkahub-1.9\app\build\intermediates\merged_res\debug\mergeDebugResources\values-th_values-th.arsc.flat
Compiling XML table D:\riklast\rik原作\rikkahub-master\rikkahub-1.9\app\build\intermediates\incremental\debug\mergeDebugResources\merged.dir\values-ne\values-ne.xml to D:\riklast\rik原作\rikkahub-master\rikkahub-1.9\app\build\intermediates\merged_res\debug\mergeDebugResources\values-ne_values-ne.arsc.flat
Compiling XML table D:\riklast\rik原作\rikkahub-master\rikkahub-1.9\app\build\intermediates\incremental\debug\mergeDebugResources\merged.dir\values-gu\values-gu.xml to D:\riklast\rik原作\rikkahub-master\rikkahub-1.9\app\build\intermediates\merged_res\debug\mergeDebugResources\values-gu_values-gu.arsc.flat
Compiling XML table D:\riklast\rik原作\rikkahub-master\rikkahub-1.9\app\build\intermediates\incremental\debug\mergeDebugResources\merged.dir\values-de\values-de.xml to D:\riklast\rik原作\rikkahub-master\rikkahub-1.9\app\build\intermediates\merged_res\debug\mergeDebugResources\values-de_values-de.arsc.flat
Compiling xml file D:\riklast\rik原作\rikkahub-master\rikkahub-1.9\app\build\generated\res\localeConfig\debug\xml-v35\_generated_res_locale_config.xml to D:\riklast\rik原作\rikkahub-master\rikkahub-1.9\app\build\intermediates\merged_res\debug\mergeDebugResources\xml-v35__generated_res_locale_config.xml.flat
Compiling XML table D:\riklast\rik原作\rikkahub-master\rikkahub-1.9\app\build\intermediates\incremental\debug\mergeDebugResources\merged.dir\values-pa\values-pa.xml to D:\riklast\rik原作\rikkahub-master\rikkahub-1.9\app\build\intermediates\merged_res\debug\mergeDebugResources\values-pa_values-pa.arsc.flat
Compiling XML table D:\riklast\rik原作\rikkahub-master\rikkahub-1.9\app\build\intermediates\incremental\debug\mergeDebugResources\merged.dir\values-en-rXC\values-en-rXC.xml to D:\riklast\rik原作\rikkahub-master\rikkahub-1.9\app\build\intermediates\merged_res\debug\mergeDebugResources\values-en-rXC_values-en-rXC.arsc.flat
Compiling XML table D:\riklast\rik原作\rikkahub-master\rikkahub-1.9\app\build\intermediates\incremental\debug\mergeDebugResources\merged.dir\values-eu\values-eu.xml to D:\riklast\rik原作\rikkahub-master\rikkahub-1.9\app\build\intermediates\merged_res\debug\mergeDebugResources\values-eu_values-eu.arsc.flat
Compiling XML table D:\riklast\rik原作\rikkahub-master\rikkahub-1.9\app\build\intermediates\incremental\debug\mergeDebugResources\merged.dir\values-ldrtl-v17\values-ldrtl-v17.xml to D:\riklast\rik原作\rikkahub-master\rikkahub-1.9\app\build\intermediates\merged_res\debug\mergeDebugResources\values-ldrtl-v17_values-ldrtl-v17.arsc.flat
Compiling XML table D:\riklast\rik原作\rikkahub-master\rikkahub-1.9\app\build\intermediates\incremental\debug\mergeDebugResources\merged.dir\values-or\values-or.xml to D:\riklast\rik原作\rikkahub-master\rikkahub-1.9\app\build\intermediates\merged_res\debug\mergeDebugResources\values-or_values-or.arsc.flat
Compiling XML table D:\riklast\rik原作\rikkahub-master\rikkahub-1.9\app\build\intermediates\incremental\debug\mergeDebugResources\merged.dir\values-uz\values-uz.xml to D:\riklast\rik原作\rikkahub-master\rikkahub-1.9\app\build\intermediates\merged_res\debug\mergeDebugResources\values-uz_values-uz.arsc.flat
Compiling XML table D:\riklast\rik原作\rikkahub-master\rikkahub-1.9\app\build\intermediates\incremental\debug\mergeDebugResources\merged.dir\values-fa\values-fa.xml to D:\riklast\rik原作\rikkahub-master\rikkahub-1.9\app\build\intermediates\merged_res\debug\mergeDebugResources\values-fa_values-fa.arsc.flat
Compiling image file D:\riklast\rik原作\rikkahub-master\rikkahub-1.9\app\src\main\res\mipmap-mdpi\ic_launcher.png
Compiling image file D:\riklast\rik原作\rikkahub-master\rikkahub-1.9\app\src\main\res\mipmap-xxhdpi\ic_launcher_background.png
Compiling file D:\riklast\rik原作\rikkahub-master\rikkahub-1.9\app\src\main\res\mipmap-xxhdpi\ic_launcher_background.png to D:\riklast\rik原作\rikkahub-master\rikkahub-1.9\app\build\intermediates\merged_res\debug\mergeDebugResources\mipmap-xxhdpi_ic_launcher_background.png.flat
Compiling file D:\riklast\rik原作\rikkahub-master\rikkahub-1.9\app\src\main\res\mipmap-mdpi\ic_launcher.png to D:\riklast\rik原作\rikkahub-master\rikkahub-1.9\app\build\intermediates\merged_res\debug\mergeDebugResources\mipmap-mdpi_ic_launcher.png.flat
Compiling image file D:\riklast\rik原作\rikkahub-master\rikkahub-1.9\app\src\main\res\mipmap-xxxhdpi\ic_launcher.png
Compiling file D:\riklast\rik原作\rikkahub-master\rikkahub-1.9\app\src\main\res\mipmap-xxxhdpi\ic_launcher.png to D:\riklast\rik原作\rikkahub-master\rikkahub-1.9\app\build\intermediates\merged_res\debug\mergeDebugResources\mipmap-xxxhdpi_ic_launcher.png.flat
Compiling XML table D:\riklast\rik原作\rikkahub-master\rikkahub-1.9\app\build\intermediates\incremental\debug\mergeDebugResources\merged.dir\values-en\values-en.xml to D:\riklast\rik原作\rikkahub-master\rikkahub-1.9\app\build\intermediates\merged_res\debug\mergeDebugResources\values-en_values-en.arsc.flat
Compiling image file D:\riklast\rik原作\rikkahub-master\rikkahub-1.9\app\src\main\res\mipmap-xhdpi\ic_launcher_background.png
Compiling file D:\riklast\rik原作\rikkahub-master\rikkahub-1.9\app\src\main\res\mipmap-xhdpi\ic_launcher_background.png to D:\riklast\rik原作\rikkahub-master\rikkahub-1.9\app\build\intermediates\merged_res\debug\mergeDebugResources\mipmap-xhdpi_ic_launcher_background.png.flat
Compiling XML table D:\riklast\rik原作\rikkahub-master\rikkahub-1.9\app\build\intermediates\incremental\debug\mergeDebugResources\merged.dir\values-ko-rKR\values-ko-rKR.xml to D:\riklast\rik原作\rikkahub-master\rikkahub-1.9\app\build\intermediates\merged_res\debug\mergeDebugResources\values-ko-rKR_values-ko-rKR.arsc.flat
Compiling XML table D:\riklast\rik原作\rikkahub-master\rikkahub-1.9\app\build\intermediates\incremental\debug\mergeDebugResources\merged.dir\values-fi\values-fi.xml to D:\riklast\rik原作\rikkahub-master\rikkahub-1.9\app\build\intermediates\merged_res\debug\mergeDebugResources\values-fi_values-fi.arsc.flat
Compiling XML table D:\riklast\rik原作\rikkahub-master\rikkahub-1.9\app\build\intermediates\incremental\debug\mergeDebugResources\merged.dir\values-b+es+419\values-b+es+419.xml to D:\riklast\rik原作\rikkahub-master\rikkahub-1.9\app\build\intermediates\merged_res\debug\mergeDebugResources\values-b+es+419_values-b+es+419.arsc.flat
Compiling XML table D:\riklast\rik原作\rikkahub-master\rikkahub-1.9\app\build\intermediates\incremental\debug\mergeDebugResources\merged.dir\values-w400dp-port-v13\values-w400dp-port-v13.xml to D:\riklast\rik原作\rikkahub-master\rikkahub-1.9\app\build\intermediates\merged_res\debug\mergeDebugResources\values-w400dp-port-v13_values-w400dp-port-v13.arsc.flat
Compiling XML table D:\riklast\rik原作\rikkahub-master\rikkahub-1.9\app\build\intermediates\incremental\debug\mergeDebugResources\merged.dir\values-pl\values-pl.xml to D:\riklast\rik原作\rikkahub-master\rikkahub-1.9\app\build\intermediates\merged_res\debug\mergeDebugResources\values-pl_values-pl.arsc.flat
Compiling image file D:\riklast\rik原作\rikkahub-master\rikkahub-1.9\app\src\main\res\mipmap-xxxhdpi\ic_launcher_foreground.png
Compiling file D:\riklast\rik原作\rikkahub-master\rikkahub-1.9\app\src\main\res\mipmap-xxxhdpi\ic_launcher_foreground.png to D:\riklast\rik原作\rikkahub-master\rikkahub-1.9\app\build\intermediates\merged_res\debug\mergeDebugResources\mipmap-xxxhdpi_ic_launcher_foreground.png.flat
Compiling image file D:\riklast\rik原作\rikkahub-master\rikkahub-1.9\app\src\main\res\mipmap-mdpi\ic_launcher_foreground.png
Compiling file D:\riklast\rik原作\rikkahub-master\rikkahub-1.9\app\src\main\res\mipmap-mdpi\ic_launcher_foreground.png to D:\riklast\rik原作\rikkahub-master\rikkahub-1.9\app\build\intermediates\merged_res\debug\mergeDebugResources\mipmap-mdpi_ic_launcher_foreground.png.flat
Compiling image file D:\riklast\rik原作\rikkahub-master\rikkahub-1.9\app\src\main\res\mipmap-xxxhdpi\ic_launcher_background.png
Compiling image file D:\riklast\rik原作\rikkahub-master\rikkahub-1.9\app\src\main\res\mipmap-hdpi\ic_launcher.png
Compiling file D:\riklast\rik原作\rikkahub-master\rikkahub-1.9\app\src\main\res\mipmap-xxxhdpi\ic_launcher_background.png to D:\riklast\rik原作\rikkahub-master\rikkahub-1.9\app\build\intermediates\merged_res\debug\mergeDebugResources\mipmap-xxxhdpi_ic_launcher_background.png.flat
Compiling file D:\riklast\rik原作\rikkahub-master\rikkahub-1.9\app\src\main\res\mipmap-hdpi\ic_launcher.png to D:\riklast\rik原作\rikkahub-master\rikkahub-1.9\app\build\intermediates\merged_res\debug\mergeDebugResources\mipmap-hdpi_ic_launcher.png.flat
Compiling xml file D:\riklast\rik原作\rikkahub-master\rikkahub-1.9\app\src\main\res\drawable\pdf.xml to D:\riklast\rik原作\rikkahub-master\rikkahub-1.9\app\build\intermediates\merged_res\debug\mergeDebugResources\drawable_pdf.xml.flat
Compiling image file D:\riklast\rik原作\rikkahub-master\rikkahub-1.9\app\src\main\res\mipmap-xhdpi\ic_launcher_foreground.png
Compiling file D:\riklast\rik原作\rikkahub-master\rikkahub-1.9\app\src\main\res\mipmap-xhdpi\ic_launcher_foreground.png to D:\riklast\rik原作\rikkahub-master\rikkahub-1.9\app\build\intermediates\merged_res\debug\mergeDebugResources\mipmap-xhdpi_ic_launcher_foreground.png.flat
Compiling image file D:\riklast\rik原作\rikkahub-master\rikkahub-1.9\app\src\main\res\mipmap-xxxhdpi\ic_launcher_monochrome.png
Compiling image file D:\riklast\rik原作\rikkahub-master\rikkahub-1.9\app\src\main\res\mipmap-xhdpi\ic_launcher_monochrome.png
Compiling image file D:\riklast\rik原作\rikkahub-master\rikkahub-1.9\app\src\main\res\drawable\placeholder.png
Compiling file D:\riklast\rik原作\rikkahub-master\rikkahub-1.9\app\src\main\res\mipmap-xhdpi\ic_launcher_monochrome.png to D:\riklast\rik原作\rikkahub-master\rikkahub-1.9\app\build\intermediates\merged_res\debug\mergeDebugResources\mipmap-xhdpi_ic_launcher_monochrome.png.flat
Compiling file D:\riklast\rik原作\rikkahub-master\rikkahub-1.9\app\src\main\res\mipmap-xxxhdpi\ic_launcher_monochrome.png to D:\riklast\rik原作\rikkahub-master\rikkahub-1.9\app\build\intermediates\merged_res\debug\mergeDebugResources\mipmap-xxxhdpi_ic_launcher_monochrome.png.flat
Compiling file D:\riklast\rik原作\rikkahub-master\rikkahub-1.9\app\src\main\res\drawable\placeholder.png to D:\riklast\rik原作\rikkahub-master\rikkahub-1.9\app\build\intermediates\merged_res\debug\mergeDebugResources\drawable_placeholder.png.flat
Compiling image file D:\riklast\rik原作\rikkahub-master\rikkahub-1.9\app\src\main\res\mipmap-xhdpi\ic_launcher.png
Compiling file D:\riklast\rik原作\rikkahub-master\rikkahub-1.9\app\src\main\res\mipmap-xhdpi\ic_launcher.png to D:\riklast\rik原作\rikkahub-master\rikkahub-1.9\app\build\intermediates\merged_res\debug\mergeDebugResources\mipmap-xhdpi_ic_launcher.png.flat
Compiling XML table D:\riklast\rik原作\rikkahub-master\rikkahub-1.9\app\build\intermediates\incremental\debug\mergeDebugResources\merged.dir\values-fr\values-fr.xml to D:\riklast\rik原作\rikkahub-master\rikkahub-1.9\app\build\intermediates\merged_res\debug\mergeDebugResources\values-fr_values-fr.arsc.flat
Compiling image file D:\riklast\rik原作\rikkahub-master\rikkahub-1.9\app\src\main\res\mipmap-hdpi\ic_launcher_monochrome.png
Compiling file D:\riklast\rik原作\rikkahub-master\rikkahub-1.9\app\src\main\res\mipmap-hdpi\ic_launcher_monochrome.png to D:\riklast\rik原作\rikkahub-master\rikkahub-1.9\app\build\intermediates\merged_res\debug\mergeDebugResources\mipmap-hdpi_ic_launcher_monochrome.png.flat
Compiling image file D:\riklast\rik原作\rikkahub-master\rikkahub-1.9\app\src\main\res\mipmap-mdpi\ic_launcher_monochrome.png
Compiling file D:\riklast\rik原作\rikkahub-master\rikkahub-1.9\app\src\main\res\mipmap-mdpi\ic_launcher_monochrome.png to D:\riklast\rik原作\rikkahub-master\rikkahub-1.9\app\build\intermediates\merged_res\debug\mergeDebugResources\mipmap-mdpi_ic_launcher_monochrome.png.flat
Compiling xml file D:\riklast\rik原作\rikkahub-master\rikkahub-1.9\app\src\main\res\drawable\rikkahub.xml to D:\riklast\rik原作\rikkahub-master\rikkahub-1.9\app\build\intermediates\merged_res\debug\mergeDebugResources\drawable_rikkahub.xml.flat
Compiling XML table D:\riklast\rik原作\rikkahub-master\rikkahub-1.9\app\build\intermediates\incremental\debug\mergeDebugResources\merged.dir\values-gl\values-gl.xml to D:\riklast\rik原作\rikkahub-master\rikkahub-1.9\app\build\intermediates\merged_res\debug\mergeDebugResources\values-gl_values-gl.arsc.flat
Compiling file D:\riklast\rik原作\rikkahub-master\rikkahub-1.9\app\src\main\res\font\jetbrains_mono.ttf to D:\riklast\rik原作\rikkahub-master\rikkahub-1.9\app\build\intermediates\merged_res\debug\mergeDebugResources\font_jetbrains_mono.ttf.flat

Resolve mutations for :document:compileDebugJavaWithJavac (Thread[Execution worker Thread 9,5,main]) started.
:document:compileDebugJavaWithJavac (Thread[Execution worker Thread 9,5,main]) started.

> Task :app:mergeDebugResources
Compiling XML table D:\riklast\rik原作\rikkahub-master\rikkahub-1.9\app\build\intermediates\incremental\debug\mergeDebugResources\merged.dir\values-v16\values-v16.xml to D:\riklast\rik原作\rikkahub-master\rikkahub-1.9\app\build\intermediates\merged_res\debug\mergeDebugResources\values-v16_values-v16.arsc.flat
Compiling XML table D:\riklast\rik原作\rikkahub-master\rikkahub-1.9\app\build\intermediates\incremental\debug\mergeDebugResources\merged.dir\values-v18\values-v18.xml to D:\riklast\rik原作\rikkahub-master\rikkahub-1.9\app\build\intermediates\merged_res\debug\mergeDebugResources\values-v18_values-v18.arsc.flat
Compiling image file D:\riklast\rik原作\rikkahub-master\rikkahub-1.9\app\src\main\res\mipmap-hdpi\ic_launcher_foreground.png
Compiling file D:\riklast\rik原作\rikkahub-master\rikkahub-1.9\app\src\main\res\mipmap-hdpi\ic_launcher_foreground.png to D:\riklast\rik原作\rikkahub-master\rikkahub-1.9\app\build\intermediates\merged_res\debug\mergeDebugResources\mipmap-hdpi_ic_launcher_foreground.png.flat
Compiling XML table D:\riklast\rik原作\rikkahub-master\rikkahub-1.9\app\build\intermediates\incremental\debug\mergeDebugResources\merged.dir\values-zh\values-zh.xml to D:\riklast\rik原作\rikkahub-master\rikkahub-1.9\app\build\intermediates\merged_res\debug\mergeDebugResources\values-zh_values-zh.arsc.flat
Compiling XML table D:\riklast\rik原作\rikkahub-master\rikkahub-1.9\app\build\intermediates\incremental\debug\mergeDebugResources\merged.dir\values-iw\values-iw.xml to D:\riklast\rik原作\rikkahub-master\rikkahub-1.9\app\build\intermediates\merged_res\debug\mergeDebugResources\values-iw_values-iw.arsc.flat
Compiling xml file D:\riklast\rik原作\rikkahub-master\rikkahub-1.9\app\src\main\res\xml\remote_config_defaults.xml to D:\riklast\rik原作\rikkahub-master\rikkahub-1.9\app\build\intermediates\merged_res\debug\mergeDebugResources\xml_remote_config_defaults.xml.flat
Compiling xml file D:\riklast\rik原作\rikkahub-master\rikkahub-1.9\app\src\main\res\mipmap-anydpi-v26\ic_launcher.xml to D:\riklast\rik原作\rikkahub-master\rikkahub-1.9\app\build\intermediates\merged_res\debug\mergeDebugResources\mipmap-anydpi-v26_ic_launcher.xml.flat
Compiling xml file D:\riklast\rik原作\rikkahub-master\rikkahub-1.9\app\src\main\res\drawable\ic_lucide_camera.xml to D:\riklast\rik原作\rikkahub-master\rikkahub-1.9\app\build\intermediates\merged_res\debug\mergeDebugResources\drawable_ic_lucide_camera.xml.flat
Compiling xml file D:\riklast\rik原作\rikkahub-master\rikkahub-1.9\app\src\main\res\xml\shortcuts.xml to D:\riklast\rik原作\rikkahub-master\rikkahub-1.9\app\build\intermediates\merged_res\debug\mergeDebugResources\xml_shortcuts.xml.flat
Compiling image file D:\riklast\rik原作\rikkahub-master\rikkahub-1.9\app\src\main\res\drawable\placeholder_dark.png
Compiling file D:\riklast\rik原作\rikkahub-master\rikkahub-1.9\app\src\main\res\drawable\placeholder_dark.png to D:\riklast\rik原作\rikkahub-master\rikkahub-1.9\app\build\intermediates\merged_res\debug\mergeDebugResources\drawable_placeholder_dark.png.flat
Compiling XML table D:\riklast\rik原作\rikkahub-master\rikkahub-1.9\app\build\intermediates\incremental\debug\mergeDebugResources\merged.dir\values-v17\values-v17.xml to D:\riklast\rik原作\rikkahub-master\rikkahub-1.9\app\build\intermediates\merged_res\debug\mergeDebugResources\values-v17_values-v17.arsc.flat
Compiling xml file D:\riklast\rik原作\rikkahub-master\rikkahub-1.9\app\src\main\res\drawable\deepthink.xml to D:\riklast\rik原作\rikkahub-master\rikkahub-1.9\app\build\intermediates\merged_res\debug\mergeDebugResources\drawable_deepthink.xml.flat
Compiling image file D:\riklast\rik原作\rikkahub-master\rikkahub-1.9\app\src\main\res\drawable\siliconflow_light.png
Compiling file D:\riklast\rik原作\rikkahub-master\rikkahub-1.9\app\src\main\res\drawable\siliconflow_light.png to D:\riklast\rik原作\rikkahub-master\rikkahub-1.9\app\build\intermediates\merged_res\debug\mergeDebugResources\drawable_siliconflow_light.png.flat
Compiling XML table D:\riklast\rik原作\rikkahub-master\rikkahub-1.9\app\build\intermediates\incremental\debug\mergeDebugResources\merged.dir\values-b+sr+Latn\values-b+sr+Latn.xml to D:\riklast\rik原作\rikkahub-master\rikkahub-1.9\app\build\intermediates\merged_res\debug\mergeDebugResources\values-b+sr+Latn_values-b+sr+Latn.arsc.flat
Compiling XML table D:\riklast\rik原作\rikkahub-master\rikkahub-1.9\app\build\intermediates\incremental\debug\mergeDebugResources\merged.dir\values-h360dp-land-v13\values-h360dp-land-v13.xml to D:\riklast\rik原作\rikkahub-master\rikkahub-1.9\app\build\intermediates\merged_res\debug\mergeDebugResources\values-h360dp-land-v13_values-h360dp-land-v13.arsc.flat
Compiling image file D:\riklast\rik原作\rikkahub-master\rikkahub-1.9\app\src\main\res\drawable\siliconflow_dark.png
Compiling file D:\riklast\rik原作\rikkahub-master\rikkahub-1.9\app\src\main\res\drawable\siliconflow_dark.png to D:\riklast\rik原作\rikkahub-master\rikkahub-1.9\app\build\intermediates\merged_res\debug\mergeDebugResources\drawable_siliconflow_dark.png.flat
Compiling XML table D:\riklast\rik原作\rikkahub-master\rikkahub-1.9\app\build\intermediates\incremental\debug\mergeDebugResources\merged.dir\values-bg\values-bg.xml to D:\riklast\rik原作\rikkahub-master\rikkahub-1.9\app\build\intermediates\merged_res\debug\mergeDebugResources\values-bg_values-bg.arsc.flat
Compiling xml file D:\riklast\rik原作\rikkahub-master\rikkahub-1.9\app\src\main\res\xml\file_paths.xml to D:\riklast\rik原作\rikkahub-master\rikkahub-1.9\app\build\intermediates\merged_res\debug\mergeDebugResources\xml_file_paths.xml.flat
Compiling XML table D:\riklast\rik原作\rikkahub-master\rikkahub-1.9\app\build\intermediates\incremental\debug\mergeDebugResources\merged.dir\values-v24\values-v24.xml to D:\riklast\rik原作\rikkahub-master\rikkahub-1.9\app\build\intermediates\merged_res\debug\mergeDebugResources\values-v24_values-v24.arsc.flat
Compiling XML table D:\riklast\rik原作\rikkahub-master\rikkahub-1.9\app\build\intermediates\incremental\debug\mergeDebugResources\merged.dir\values-be\values-be.xml to D:\riklast\rik原作\rikkahub-master\rikkahub-1.9\app\build\intermediates\merged_res\debug\mergeDebugResources\values-be_values-be.arsc.flat
Compiling xml file D:\riklast\rik原作\rikkahub-master\rikkahub-1.9\app\src\main\res\drawable\small_icon.xml to D:\riklast\rik原作\rikkahub-master\rikkahub-1.9\app\build\intermediates\merged_res\debug\mergeDebugResources\drawable_small_icon.xml.flat
Compiling XML table D:\riklast\rik原作\rikkahub-master\rikkahub-1.9\app\build\intermediates\incremental\debug\mergeDebugResources\merged.dir\values-pt-rPT\values-pt-rPT.xml to D:\riklast\rik原作\rikkahub-master\rikkahub-1.9\app\build\intermediates\merged_res\debug\mergeDebugResources\values-pt-rPT_values-pt-rPT.arsc.flat
Compiling XML table D:\riklast\rik原作\rikkahub-master\rikkahub-1.9\app\build\intermediates\incremental\debug\mergeDebugResources\merged.dir\values-ca\values-ca.xml to D:\riklast\rik原作\rikkahub-master\rikkahub-1.9\app\build\intermediates\merged_res\debug\mergeDebugResources\values-ca_values-ca.arsc.flat
Compiling XML table D:\riklast\rik原作\rikkahub-master\rikkahub-1.9\app\build\intermediates\incremental\debug\mergeDebugResources\merged.dir\values-v35\values-v35.xml to D:\riklast\rik原作\rikkahub-master\rikkahub-1.9\app\build\intermediates\merged_res\debug\mergeDebugResources\values-v35_values-v35.arsc.flat
Compiling XML table D:\riklast\rik原作\rikkahub-master\rikkahub-1.9\app\build\intermediates\incremental\debug\mergeDebugResources\merged.dir\values-pt-rBR\values-pt-rBR.xml to D:\riklast\rik原作\rikkahub-master\rikkahub-1.9\app\build\intermediates\merged_res\debug\mergeDebugResources\values-pt-rBR_values-pt-rBR.arsc.flat
Compiling XML table D:\riklast\rik原作\rikkahub-master\rikkahub-1.9\app\build\intermediates\incremental\debug\mergeDebugResources\merged.dir\values-bn\values-bn.xml to D:\riklast\rik原作\rikkahub-master\rikkahub-1.9\app\build\intermediates\merged_res\debug\mergeDebugResources\values-bn_values-bn.arsc.flat
Compiling XML table D:\riklast\rik原作\rikkahub-master\rikkahub-1.9\app\build\intermediates\incremental\debug\mergeDebugResources\merged.dir\values-cs\values-cs.xml to D:\riklast\rik原作\rikkahub-master\rikkahub-1.9\app\build\intermediates\merged_res\debug\mergeDebugResources\values-cs_values-cs.arsc.flat
Compiling XML table D:\riklast\rik原作\rikkahub-master\rikkahub-1.9\app\build\intermediates\incremental\debug\mergeDebugResources\merged.dir\values-lt\values-lt.xml to D:\riklast\rik原作\rikkahub-master\rikkahub-1.9\app\build\intermediates\merged_res\debug\mergeDebugResources\values-lt_values-lt.arsc.flat
Compiling XML table D:\riklast\rik原作\rikkahub-master\rikkahub-1.9\app\build\intermediates\incremental\debug\mergeDebugResources\merged.dir\values-sq\values-sq.xml to D:\riklast\rik原作\rikkahub-master\rikkahub-1.9\app\build\intermediates\merged_res\debug\mergeDebugResources\values-sq_values-sq.arsc.flat
Compiling XML table D:\riklast\rik原作\rikkahub-master\rikkahub-1.9\app\build\intermediates\incremental\debug\mergeDebugResources\merged.dir\values-lv\values-lv.xml to D:\riklast\rik原作\rikkahub-master\rikkahub-1.9\app\build\intermediates\merged_res\debug\mergeDebugResources\values-lv_values-lv.arsc.flat
Compiling XML table D:\riklast\rik原作\rikkahub-master\rikkahub-1.9\app\build\intermediates\incremental\debug\mergeDebugResources\merged.dir\values-mr\values-mr.xml to D:\riklast\rik原作\rikkahub-master\rikkahub-1.9\app\build\intermediates\merged_res\debug\mergeDebugResources\values-mr_values-mr.arsc.flat
Compiling XML table D:\riklast\rik原作\rikkahub-master\rikkahub-1.9\app\build\intermediates\incremental\debug\mergeDebugResources\merged.dir\values-h720dp-v13\values-h720dp-v13.xml to D:\riklast\rik原作\rikkahub-master\rikkahub-1.9\app\build\intermediates\merged_res\debug\mergeDebugResources\values-h720dp-v13_values-h720dp-v13.arsc.flat
Compiling XML table D:\riklast\rik原作\rikkahub-master\rikkahub-1.9\app\build\intermediates\incremental\debug\mergeDebugResources\merged.dir\values-en-rIN\values-en-rIN.xml to D:\riklast\rik原作\rikkahub-master\rikkahub-1.9\app\build\intermediates\merged_res\debug\mergeDebugResources\values-en-rIN_values-en-rIN.arsc.flat
Compiling XML table D:\riklast\rik原作\rikkahub-master\rikkahub-1.9\app\build\intermediates\incremental\debug\mergeDebugResources\merged.dir\values-ms\values-ms.xml to D:\riklast\rik原作\rikkahub-master\rikkahub-1.9\app\build\intermediates\merged_res\debug\mergeDebugResources\values-ms_values-ms.arsc.flat
Compiling XML table D:\riklast\rik原作\rikkahub-master\rikkahub-1.9\app\build\intermediates\incremental\debug\mergeDebugResources\merged.dir\values-port\values-port.xml to D:\riklast\rik原作\rikkahub-master\rikkahub-1.9\app\build\intermediates\merged_res\debug\mergeDebugResources\values-port_values-port.arsc.flat
Compiling XML table D:\riklast\rik原作\rikkahub-master\rikkahub-1.9\app\build\intermediates\incremental\debug\mergeDebugResources\merged.dir\values-hdpi-v4\values-hdpi-v4.xml to D:\riklast\rik原作\rikkahub-master\rikkahub-1.9\app\build\intermediates\merged_res\debug\mergeDebugResources\values-hdpi-v4_values-hdpi-v4.arsc.flat
Compiling XML table D:\riklast\rik原作\rikkahub-master\rikkahub-1.9\app\build\intermediates\incremental\debug\mergeDebugResources\merged.dir\values-el\values-el.xml to D:\riklast\rik原作\rikkahub-master\rikkahub-1.9\app\build\intermediates\merged_res\debug\mergeDebugResources\values-el_values-el.arsc.flat
Compiling image file D:\riklast\rik原作\rikkahub-master\rikkahub-1.9\app\src\main\res\mipmap-xxhdpi\ic_launcher.png
Compiling file D:\riklast\rik原作\rikkahub-master\rikkahub-1.9\app\src\main\res\mipmap-xxhdpi\ic_launcher.png to D:\riklast\rik原作\rikkahub-master\rikkahub-1.9\app\build\intermediates\merged_res\debug\mergeDebugResources\mipmap-xxhdpi_ic_launcher.png.flat
Compiling file D:\riklast\rik原作\rikkahub-master\rikkahub-1.9\app\src\main\res\drawable\kofi.webp to D:\riklast\rik原作\rikkahub-master\rikkahub-1.9\app\build\intermediates\merged_res\debug\mergeDebugResources\drawable_kofi.webp.flat
Compiling XML table D:\riklast\rik原作\rikkahub-master\rikkahub-1.9\app\build\intermediates\incremental\debug\mergeDebugResources\merged.dir\values-w600dp-land-v13\values-w600dp-land-v13.xml to D:\riklast\rik原作\rikkahub-master\rikkahub-1.9\app\build\intermediates\merged_res\debug\mergeDebugResources\values-w600dp-land-v13_values-w600dp-land-v13.arsc.flat
Compiling xml file D:\riklast\rik原作\rikkahub-master\rikkahub-1.9\app\src\main\res\drawable\patreon.xml to D:\riklast\rik原作\rikkahub-master\rikkahub-1.9\app\build\intermediates\merged_res\debug\mergeDebugResources\drawable_patreon.xml.flat
Compiling XML table D:\riklast\rik原作\rikkahub-master\rikkahub-1.9\app\build\intermediates\incremental\debug\mergeDebugResources\merged.dir\values-night-v8\values-night-v8.xml to D:\riklast\rik原作\rikkahub-master\rikkahub-1.9\app\build\intermediates\merged_res\debug\mergeDebugResources\values-night-v8_values-night-v8.arsc.flat
Compiling XML table D:\riklast\rik原作\rikkahub-master\rikkahub-1.9\app\build\intermediates\incremental\debug\mergeDebugResources\merged.dir\values-en-rGB\values-en-rGB.xml to D:\riklast\rik原作\rikkahub-master\rikkahub-1.9\app\build\intermediates\merged_res\debug\mergeDebugResources\values-en-rGB_values-en-rGB.arsc.flat
Compiling xml file D:\riklast\rik原作\rikkahub-master\rikkahub-1.9\app\src\main\res\xml\backup_rules.xml to D:\riklast\rik原作\rikkahub-master\rikkahub-1.9\app\build\intermediates\merged_res\debug\mergeDebugResources\xml_backup_rules.xml.flat
Compiling XML table D:\riklast\rik原作\rikkahub-master\rikkahub-1.9\app\build\intermediates\incremental\debug\mergeDebugResources\merged.dir\values-land\values-land.xml to D:\riklast\rik原作\rikkahub-master\rikkahub-1.9\app\build\intermediates\merged_res\debug\mergeDebugResources\values-land_values-land.arsc.flat
Compiling image file D:\riklast\rik原作\rikkahub-master\rikkahub-1.9\app\src\main\res\mipmap-mdpi\ic_launcher_background.png
Compiling file D:\riklast\rik原作\rikkahub-master\rikkahub-1.9\app\src\main\res\mipmap-mdpi\ic_launcher_background.png to D:\riklast\rik原作\rikkahub-master\rikkahub-1.9\app\build\intermediates\merged_res\debug\mergeDebugResources\mipmap-mdpi_ic_launcher_background.png.flat
Compiling xml file D:\riklast\rik原作\rikkahub-master\rikkahub-1.9\app\src\main\res\drawable\docx.xml to D:\riklast\rik原作\rikkahub-master\rikkahub-1.9\app\build\intermediates\merged_res\debug\mergeDebugResources\drawable_docx.xml.flat
Compiling image file D:\riklast\rik原作\rikkahub-master\rikkahub-1.9\app\src\main\res\mipmap-xxhdpi\ic_launcher_monochrome.png
Compiling file D:\riklast\rik原作\rikkahub-master\rikkahub-1.9\app\src\main\res\mipmap-xxhdpi\ic_launcher_monochrome.png to D:\riklast\rik原作\rikkahub-master\rikkahub-1.9\app\build\intermediates\merged_res\debug\mergeDebugResources\mipmap-xxhdpi_ic_launcher_monochrome.png.flat
Compiling image file D:\riklast\rik原作\rikkahub-master\rikkahub-1.9\app\src\main\res\mipmap-xxhdpi\ic_launcher_foreground.png
Compiling file D:\riklast\rik原作\rikkahub-master\rikkahub-1.9\app\src\main\res\mipmap-xxhdpi\ic_launcher_foreground.png to D:\riklast\rik原作\rikkahub-master\rikkahub-1.9\app\build\intermediates\merged_res\debug\mergeDebugResources\mipmap-xxhdpi_ic_launcher_foreground.png.flat
Compiling xml file D:\riklast\rik原作\rikkahub-master\rikkahub-1.9\app\src\main\res\xml\data_extraction_rules.xml to D:\riklast\rik原作\rikkahub-master\rikkahub-1.9\app\build\intermediates\merged_res\debug\mergeDebugResources\xml_data_extraction_rules.xml.flat
Compiling xml file D:\riklast\rik原作\rikkahub-master\rikkahub-1.9\app\build\generated\res\localeConfig\debug\xml\_generated_res_locale_config.xml to D:\riklast\rik原作\rikkahub-master\rikkahub-1.9\app\build\intermediates\merged_res\debug\mergeDebugResources\xml__generated_res_locale_config.xml.flat
Compiling image file D:\riklast\rik原作\rikkahub-master\rikkahub-1.9\app\src\main\res\mipmap-hdpi\ic_launcher_background.png
Compiling file D:\riklast\rik原作\rikkahub-master\rikkahub-1.9\app\src\main\res\mipmap-hdpi\ic_launcher_background.png to D:\riklast\rik原作\rikkahub-master\rikkahub-1.9\app\build\intermediates\merged_res\debug\mergeDebugResources\mipmap-hdpi_ic_launcher_background.png.flat
Compiling xml file D:\riklast\rik原作\rikkahub-master\rikkahub-1.9\app\src\main\res\drawable\afdian.xml to D:\riklast\rik原作\rikkahub-master\rikkahub-1.9\app\build\intermediates\merged_res\debug\mergeDebugResources\drawable_afdian.xml.flat

> Task :document:compileDebugJavaWithJavac
Custom actions are attached to task ':document:compileDebugJavaWithJavac'.
Caching disabled for task ':document:compileDebugJavaWithJavac' because:
  Build cache is disabled
Task ':document:compileDebugJavaWithJavac' is not up-to-date because:
  Output property 'destinationDirectory' file D:\riklast\rik原作\rikkahub-master\rikkahub-1.9\document\build\intermediates\javac\debug\compileDebugJavaWithJavac\classes has been removed.
  Output property 'destinationDirectory' file D:\riklast\rik原作\rikkahub-master\rikkahub-1.9\document\build\intermediates\javac\debug\compileDebugJavaWithJavac\classes\com has been removed.
  Output property 'destinationDirectory' file D:\riklast\rik原作\rikkahub-master\rikkahub-1.9\document\build\intermediates\javac\debug\compileDebugJavaWithJavac\classes\com\artifex has been removed.
  and more...
The input changes require a full rebuild for incremental task ':document:compileDebugJavaWithJavac'.
Compilation mode: in-process compilation
Full recompilation is required because no incremental change information is available. This is usually caused by clean builds or changing compiler arguments.
Compiling with toolchain 'C:\Program Files\Java\jdk-17'.
file or directory 'D:\riklast\rik原作\rikkahub-master\rikkahub-1.9\document\src\debug\java', not found
Compiling with JDK Java compiler API.

> Task :tts:compileDebugKotlin
w: file:///D:/riklast/rik原作/rikkahub-master/rikkahub-1.9/tts/src/main/java/me/rerere/tts/provider/providers/GroqTTSProvider.kt:51:56 Unnecessary safe call on a non-null receiver of type 'ResponseBody'.
w: file:///D:/riklast/rik原作/rikkahub-master/rikkahub-1.9/tts/src/main/java/me/rerere/tts/provider/providers/SystemTTSProvider.kt:79:34 This declaration overrides a deprecated member but is not marked as deprecated itself. Add the '@Deprecated' annotation or suppress the diagnostic.
w: file:///D:/riklast/rik原作/rikkahub-master/rikkahub-1.9/tts/src/main/java/me/rerere/tts/provider/providers/SystemTTSProvider.kt:112:16 Unnecessary safe call on a non-null receiver of type 'TextToSpeech'.
Finished executing kotlin compiler using DAEMON strategy

> Task :document:compileDebugJavaWithJavac
Class dependency analysis for incremental compilation took 0.112 secs.
Created classpath snapshot for incremental compilation in 0.145 secs.
Resolve mutations for :document:bundleLibCompileToJarDebug (Thread[Execution worker Thread 9,5,main]) started.
:document:bundleLibCompileToJarDebug (Thread[Execution worker Thread 9,5,main]) started.
Resolve mutations for :highlight:compileDebugJavaWithJavac (Thread[Execution worker Thread 10,5,main]) started.
:highlight:compileDebugJavaWithJavac (Thread[Execution worker Thread 10,5,main]) started.

> Task :highlight:compileDebugJavaWithJavac NO-SOURCE
Skipping task ':highlight:compileDebugJavaWithJavac' as it has no source files and no previous output files.
Resolve mutations for :highlight:bundleLibCompileToJarDebug (Thread[Execution worker Thread 10,5,main]) started.
:highlight:bundleLibCompileToJarDebug (Thread[Execution worker Thread 10,5,main]) started.
Resolve mutations for :tts:compileDebugJavaWithJavac (Thread[Execution worker Thread 7,5,main]) started.
:tts:compileDebugJavaWithJavac (Thread[Execution worker,5,main]) started.

> Task :tts:compileDebugJavaWithJavac NO-SOURCE
Skipping task ':tts:compileDebugJavaWithJavac' as it has no source files and no previous output files.
Resolve mutations for :tts:bundleLibCompileToJarDebug (Thread[Execution worker,5,main]) started.
:tts:bundleLibCompileToJarDebug (Thread[Execution worker,5,main]) started.
Resolve mutations for :app:createDebugCompatibleScreenManifests (Thread[Execution worker Thread 7,5,main]) started.
:app:createDebugCompatibleScreenManifests (Thread[Execution worker Thread 7,5,main]) started.

> Task :highlight:bundleLibCompileToJarDebug
Caching disabled for task ':highlight:bundleLibCompileToJarDebug' because:
  Build cache is disabled
  Simple merging task
Task ':highlight:bundleLibCompileToJarDebug' is not up-to-date because:
  Output property 'output' file D:\riklast\rik原作\rikkahub-master\rikkahub-1.9\highlight\build\intermediates\compile_library_classes_jar\debug\bundleLibCompileToJarDebug\classes.jar has been removed.

> Task :app:createDebugCompatibleScreenManifests
Caching disabled for task ':app:createDebugCompatibleScreenManifests' because:
  Build cache is disabled
  Caching has been disabled for the task
Task ':app:createDebugCompatibleScreenManifests' is not up-to-date because:
  Output property 'outputFolder' file D:\riklast\rik原作\rikkahub-master\rikkahub-1.9\app\build\intermediates\compatible_screen_manifest\debug\createDebugCompatibleScreenManifests has been removed.
  Output property 'outputFolder' file D:\riklast\rik原作\rikkahub-master\rikkahub-1.9\app\build\intermediates\compatible_screen_manifest\debug\createDebugCompatibleScreenManifests\output-metadata.json has been removed.
work action resolve classes.jar (project :highlight) (Thread[Execution worker Thread 7,5,main]) started.
Resolve mutations for :ai:extractDeepLinksDebug (Thread[Execution worker Thread 7,5,main]) started.
:ai:extractDeepLinksDebug (Thread[Execution worker Thread 7,5,main]) started.

> Task :document:bundleLibCompileToJarDebug
Caching disabled for task ':document:bundleLibCompileToJarDebug' because:
  Build cache is disabled
  Simple merging task
Task ':document:bundleLibCompileToJarDebug' is not up-to-date because:
  Output property 'output' file D:\riklast\rik原作\rikkahub-master\rikkahub-1.9\document\build\intermediates\compile_library_classes_jar\debug\bundleLibCompileToJarDebug\classes.jar has been removed.

> Task :ai:extractDeepLinksDebug
Caching disabled for task ':ai:extractDeepLinksDebug' because:
  Build cache is disabled
Task ':ai:extractDeepLinksDebug' is not up-to-date because:
  Output property 'navigationJson' file D:\riklast\rik原作\rikkahub-master\rikkahub-1.9\ai\build\intermediates\navigation_json\debug\extractDeepLinksDebug\navigation.json has been removed.
work action resolve classes.jar (project :document) (Thread[Execution worker Thread 7,5,main]) started.
work action resolve navigation.json (project :ai) (Thread[Execution worker Thread 7,5,main]) started.
Resolve mutations for :ai:processDebugManifest (Thread[Execution worker Thread 7,5,main]) started.
:ai:processDebugManifest (Thread[Execution worker Thread 7,5,main]) started.
Resolve mutations for :app:extractDeepLinksDebug (Thread[Execution worker Thread 4,5,main]) started.
:app:extractDeepLinksDebug (Thread[Execution worker Thread 4,5,main]) started.

> Task :tts:bundleLibCompileToJarDebug
Caching disabled for task ':tts:bundleLibCompileToJarDebug' because:
  Build cache is disabled
  Simple merging task
Task ':tts:bundleLibCompileToJarDebug' is not up-to-date because:
  Output property 'output' file D:\riklast\rik原作\rikkahub-master\rikkahub-1.9\tts\build\intermediates\compile_library_classes_jar\debug\bundleLibCompileToJarDebug\classes.jar has been removed.

> Task :app:extractDeepLinksDebug
Caching disabled for task ':app:extractDeepLinksDebug' because:
  Build cache is disabled
Task ':app:extractDeepLinksDebug' is not up-to-date because:
  Output property 'navigationJson' file D:\riklast\rik原作\rikkahub-master\rikkahub-1.9\app\build\intermediates\navigation_json\debug\extractDeepLinksDebug\navigation.json has been removed.
work action resolve classes.jar (project :tts) (Thread[Execution worker Thread 4,5,main]) started.
Resolve mutations for :common:extractDeepLinksDebug (Thread[Execution worker Thread 4,5,main]) started.
:common:extractDeepLinksDebug (Thread[Execution worker Thread 4,5,main]) started.

> Task :common:extractDeepLinksDebug
Caching disabled for task ':common:extractDeepLinksDebug' because:
  Build cache is disabled
Task ':common:extractDeepLinksDebug' is not up-to-date because:
  Output property 'navigationJson' file D:\riklast\rik原作\rikkahub-master\rikkahub-1.9\common\build\intermediates\navigation_json\debug\extractDeepLinksDebug\navigation.json has been removed.
work action resolve navigation.json (project :common) (Thread[Execution worker Thread 4,5,main]) started.
Resolve mutations for :common:processDebugManifest (Thread[Execution worker Thread 4,5,main]) started.
:common:processDebugManifest (Thread[Execution worker Thread 4,5,main]) started.
Resolve mutations for :document:extractDeepLinksDebug (Thread[Execution worker,5,main]) started.
:document:extractDeepLinksDebug (Thread[Execution worker,5,main]) started.

> Task :document:extractDeepLinksDebug
Caching disabled for task ':document:extractDeepLinksDebug' because:
  Build cache is disabled
Task ':document:extractDeepLinksDebug' is not up-to-date because:
  Output property 'navigationJson' file D:\riklast\rik原作\rikkahub-master\rikkahub-1.9\document\build\intermediates\navigation_json\debug\extractDeepLinksDebug\navigation.json has been removed.
work action resolve navigation.json (project :document) (Thread[Execution worker,5,main]) started.
Resolve mutations for :document:processDebugManifest (Thread[Execution worker,5,main]) started.
:document:processDebugManifest (Thread[Execution worker,5,main]) started.
Resolve mutations for :highlight:extractDeepLinksDebug (Thread[Execution worker Thread 8,5,main]) started.
:highlight:extractDeepLinksDebug (Thread[Execution worker Thread 8,5,main]) started.

> Task :highlight:extractDeepLinksDebug
Caching disabled for task ':highlight:extractDeepLinksDebug' because:
  Build cache is disabled
Task ':highlight:extractDeepLinksDebug' is not up-to-date because:
  Output property 'navigationJson' file D:\riklast\rik原作\rikkahub-master\rikkahub-1.9\highlight\build\intermediates\navigation_json\debug\extractDeepLinksDebug\navigation.json has been removed.
work action resolve navigation.json (project :highlight) (Thread[Execution worker Thread 8,5,main]) started.
Resolve mutations for :highlight:processDebugManifest (Thread[Execution worker Thread 8,5,main]) started.
:highlight:processDebugManifest (Thread[Execution worker Thread 8,5,main]) started.
Resolve mutations for :search:extractDeepLinksDebug (Thread[included builds,5,main]) started.
:search:extractDeepLinksDebug (Thread[included builds,5,main]) started.

> Task :search:extractDeepLinksDebug
Caching disabled for task ':search:extractDeepLinksDebug' because:
  Build cache is disabled
Task ':search:extractDeepLinksDebug' is not up-to-date because:
  Output property 'navigationJson' file D:\riklast\rik原作\rikkahub-master\rikkahub-1.9\search\build\intermediates\navigation_json\debug\extractDeepLinksDebug\navigation.json has been removed.
work action resolve navigation.json (project :search) (Thread[included builds,5,main]) started.
Resolve mutations for :search:processDebugManifest (Thread[included builds,5,main]) started.
:search:processDebugManifest (Thread[Execution worker Thread 6,5,main]) started.
Resolve mutations for :tts:extractDeepLinksDebug (Thread[included builds,5,main]) started.
:tts:extractDeepLinksDebug (Thread[included builds,5,main]) started.

> Task :highlight:processDebugManifest
Caching disabled for task ':highlight:processDebugManifest' because:
  Build cache is disabled
Task ':highlight:processDebugManifest' is not up-to-date because:
  Output property 'aaptFriendlyManifestOutputDirectory' file D:\riklast\rik原作\rikkahub-master\rikkahub-1.9\highlight\build\intermediates\aapt_friendly_merged_manifests\debug\processDebugManifest\aapt has been removed.
  Output property 'aaptFriendlyManifestOutputDirectory' file D:\riklast\rik原作\rikkahub-master\rikkahub-1.9\highlight\build\intermediates\aapt_friendly_merged_manifests\debug\processDebugManifest\aapt\AndroidManifest.xml has been removed.
  Output property 'aaptFriendlyManifestOutputDirectory' file D:\riklast\rik原作\rikkahub-master\rikkahub-1.9\highlight\build\intermediates\aapt_friendly_merged_manifests\debug\processDebugManifest\aapt\output-metadata.json has been removed.
  and more...
Merging main manifest D:\riklast\rik原作\rikkahub-master\rikkahub-1.9\highlight\src\main\AndroidManifest.xml

Merging result: SUCCESS
1<?xml version="1.0" encoding="utf-8"?>
2<manifest xmlns:android="http://schemas.android.com/apk/res/android"
3    package="me.rerere.highlight" >
4
5    <uses-sdk android:minSdkVersion="24" />
6
7</manifest>

Merged manifest saved to D:\riklast\rik原作\rikkahub-master\rikkahub-1.9\highlight\build\intermediates\merged_manifest\debug\processDebugManifest\AndroidManifest.xml

> Task :ai:processDebugManifest
Caching disabled for task ':ai:processDebugManifest' because:
  Build cache is disabled
Task ':ai:processDebugManifest' is not up-to-date because:
  Output property 'aaptFriendlyManifestOutputDirectory' file D:\riklast\rik原作\rikkahub-master\rikkahub-1.9\ai\build\intermediates\aapt_friendly_merged_manifests\debug\processDebugManifest\aapt has been removed.
  Output property 'aaptFriendlyManifestOutputDirectory' file D:\riklast\rik原作\rikkahub-master\rikkahub-1.9\ai\build\intermediates\aapt_friendly_merged_manifests\debug\processDebugManifest\aapt\AndroidManifest.xml has been removed.
  Output property 'aaptFriendlyManifestOutputDirectory' file D:\riklast\rik原作\rikkahub-master\rikkahub-1.9\ai\build\intermediates\aapt_friendly_merged_manifests\debug\processDebugManifest\aapt\output-metadata.json has been removed.
  and more...
Merging main manifest D:\riklast\rik原作\rikkahub-master\rikkahub-1.9\ai\src\main\AndroidManifest.xml

Merging result: SUCCESS
1<?xml version="1.0" encoding="utf-8"?>
2<manifest xmlns:android="http://schemas.android.com/apk/res/android"
3    package="me.rerere.ai" >
4
5    <uses-sdk android:minSdkVersion="26" />
6
7    <uses-permission android:name="android.permission.INTERNET" />
7-->D:\riklast\rik原作\rikkahub-master\rikkahub-1.9\ai\src\main\AndroidManifest.xml:4:3-65
7-->D:\riklast\rik原作\rikkahub-master\rikkahub-1.9\ai\src\main\AndroidManifest.xml:4:20-62
8
9</manifest>

Merged manifest saved to D:\riklast\rik原作\rikkahub-master\rikkahub-1.9\ai\build\intermediates\merged_manifest\debug\processDebugManifest\AndroidManifest.xml

> Task :document:processDebugManifest
Caching disabled for task ':document:processDebugManifest' because:
  Build cache is disabled
Task ':document:processDebugManifest' is not up-to-date because:
  Output property 'aaptFriendlyManifestOutputDirectory' file D:\riklast\rik原作\rikkahub-master\rikkahub-1.9\document\build\intermediates\aapt_friendly_merged_manifests\debug\processDebugManifest\aapt has been removed.
  Output property 'aaptFriendlyManifestOutputDirectory' file D:\riklast\rik原作\rikkahub-master\rikkahub-1.9\document\build\intermediates\aapt_friendly_merged_manifests\debug\processDebugManifest\aapt\AndroidManifest.xml has been removed.
  Output property 'aaptFriendlyManifestOutputDirectory' file D:\riklast\rik原作\rikkahub-master\rikkahub-1.9\document\build\intermediates\aapt_friendly_merged_manifests\debug\processDebugManifest\aapt\output-metadata.json has been removed.
  and more...
Merging main manifest D:\riklast\rik原作\rikkahub-master\rikkahub-1.9\document\src\main\AndroidManifest.xml

Merging result: SUCCESS
1<?xml version="1.0" encoding="utf-8"?>
2<manifest xmlns:android="http://schemas.android.com/apk/res/android"
3    package="me.rerere.document" >
4
5    <uses-sdk android:minSdkVersion="26" />
6
7</manifest>

Merged manifest saved to D:\riklast\rik原作\rikkahub-master\rikkahub-1.9\document\build\intermediates\merged_manifest\debug\processDebugManifest\AndroidManifest.xml

> Task :common:processDebugManifest
Caching disabled for task ':common:processDebugManifest' because:
  Build cache is disabled
Task ':common:processDebugManifest' is not up-to-date because:
  Output property 'aaptFriendlyManifestOutputDirectory' file D:\riklast\rik原作\rikkahub-master\rikkahub-1.9\common\build\intermediates\aapt_friendly_merged_manifests\debug\processDebugManifest\aapt has been removed.
  Output property 'aaptFriendlyManifestOutputDirectory' file D:\riklast\rik原作\rikkahub-master\rikkahub-1.9\common\build\intermediates\aapt_friendly_merged_manifests\debug\processDebugManifest\aapt\AndroidManifest.xml has been removed.
  Output property 'aaptFriendlyManifestOutputDirectory' file D:\riklast\rik原作\rikkahub-master\rikkahub-1.9\common\build\intermediates\aapt_friendly_merged_manifests\debug\processDebugManifest\aapt\output-metadata.json has been removed.
  and more...
Merging main manifest D:\riklast\rik原作\rikkahub-master\rikkahub-1.9\common\src\main\AndroidManifest.xml

Merging result: SUCCESS
1<?xml version="1.0" encoding="utf-8"?>
2<manifest xmlns:android="http://schemas.android.com/apk/res/android"
3    package="me.rerere.common" >
4
5    <uses-sdk android:minSdkVersion="26" />
6
7</manifest>

Merged manifest saved to D:\riklast\rik原作\rikkahub-master\rikkahub-1.9\common\build\intermediates\merged_manifest\debug\processDebugManifest\AndroidManifest.xml

> Task :tts:extractDeepLinksDebug
Caching disabled for task ':tts:extractDeepLinksDebug' because:
  Build cache is disabled
Task ':tts:extractDeepLinksDebug' is not up-to-date because:
  Output property 'navigationJson' file D:\riklast\rik原作\rikkahub-master\rikkahub-1.9\tts\build\intermediates\navigation_json\debug\extractDeepLinksDebug\navigation.json has been removed.
work action resolve navigation.json (project :tts) (Thread[included builds,5,main]) started.
work action resolve AndroidManifest.xml (project :common) (Thread[included builds,5,main]) started.
work action resolve AndroidManifest.xml (project :highlight) (Thread[included builds,5,main]) started.
work action resolve AndroidManifest.xml (project :document) (Thread[included builds,5,main]) started.
work action resolve AndroidManifest.xml (project :ai) (Thread[included builds,5,main]) started.
Resolve mutations for :tts:processDebugManifest (Thread[included builds,5,main]) started.
:tts:processDebugManifest (Thread[included builds,5,main]) started.

> Task :search:processDebugManifest
Caching disabled for task ':search:processDebugManifest' because:
  Build cache is disabled
Task ':search:processDebugManifest' is not up-to-date because:
  Output property 'aaptFriendlyManifestOutputDirectory' file D:\riklast\rik原作\rikkahub-master\rikkahub-1.9\search\build\intermediates\aapt_friendly_merged_manifests\debug\processDebugManifest\aapt has been removed.
  Output property 'aaptFriendlyManifestOutputDirectory' file D:\riklast\rik原作\rikkahub-master\rikkahub-1.9\search\build\intermediates\aapt_friendly_merged_manifests\debug\processDebugManifest\aapt\AndroidManifest.xml has been removed.
  Output property 'aaptFriendlyManifestOutputDirectory' file D:\riklast\rik原作\rikkahub-master\rikkahub-1.9\search\build\intermediates\aapt_friendly_merged_manifests\debug\processDebugManifest\aapt\output-metadata.json has been removed.
  and more...
Merging main manifest D:\riklast\rik原作\rikkahub-master\rikkahub-1.9\search\src\main\AndroidManifest.xml

Merging result: SUCCESS
1<?xml version="1.0" encoding="utf-8"?>
2<manifest xmlns:android="http://schemas.android.com/apk/res/android"
3    package="me.rerere.search" >
4
5    <uses-sdk android:minSdkVersion="23" />
6
7    <uses-permission android:name="android.permission.INTERNET" />
7-->D:\riklast\rik原作\rikkahub-master\rikkahub-1.9\search\src\main\AndroidManifest.xml:4:3-65
7-->D:\riklast\rik原作\rikkahub-master\rikkahub-1.9\search\src\main\AndroidManifest.xml:4:20-62
8
9</manifest>

Merged manifest saved to D:\riklast\rik原作\rikkahub-master\rikkahub-1.9\search\build\intermediates\merged_manifest\debug\processDebugManifest\AndroidManifest.xml
work action resolve AndroidManifest.xml (project :search) (Thread[Execution worker Thread 6,5,main]) started.
Resolve mutations for :common:compileDebugLibraryResources (Thread[Execution worker Thread 6,5,main]) started.
:common:compileDebugLibraryResources (Thread[Execution worker Thread 6,5,main]) started.
Resolve mutations for :document:compileDebugLibraryResources (Thread[Execution worker Thread 8,5,main]) started.
:document:compileDebugLibraryResources (Thread[Execution worker Thread 8,5,main]) started.

> Task :common:compileDebugLibraryResources
Caching disabled for task ':common:compileDebugLibraryResources' because:
  Build cache is disabled
Task ':common:compileDebugLibraryResources' is not up-to-date because:
  Output property 'outputDir' file D:\riklast\rik原作\rikkahub-master\rikkahub-1.9\common\build\intermediates\compiled_local_resources\debug\compileDebugLibraryResources\out has been removed.
The input changes require a full rebuild for incremental task ':common:compileDebugLibraryResources'.

> Task :tts:processDebugManifest
Caching disabled for task ':tts:processDebugManifest' because:
  Build cache is disabled
Task ':tts:processDebugManifest' is not up-to-date because:
  Output property 'aaptFriendlyManifestOutputDirectory' file D:\riklast\rik原作\rikkahub-master\rikkahub-1.9\tts\build\intermediates\aapt_friendly_merged_manifests\debug\processDebugManifest\aapt has been removed.
  Output property 'aaptFriendlyManifestOutputDirectory' file D:\riklast\rik原作\rikkahub-master\rikkahub-1.9\tts\build\intermediates\aapt_friendly_merged_manifests\debug\processDebugManifest\aapt\AndroidManifest.xml has been removed.
  Output property 'aaptFriendlyManifestOutputDirectory' file D:\riklast\rik原作\rikkahub-master\rikkahub-1.9\tts\build\intermediates\aapt_friendly_merged_manifests\debug\processDebugManifest\aapt\output-metadata.json has been removed.
  and more...
Merging main manifest D:\riklast\rik原作\rikkahub-master\rikkahub-1.9\tts\src\main\AndroidManifest.xml

Merging result: SUCCESS
1<?xml version="1.0" encoding="utf-8"?>
2<manifest xmlns:android="http://schemas.android.com/apk/res/android"
3    package="me.rerere.tts" >
4
5    <uses-sdk android:minSdkVersion="26" />
6
7</manifest>

Merged manifest saved to D:\riklast\rik原作\rikkahub-master\rikkahub-1.9\tts\build\intermediates\merged_manifest\debug\processDebugManifest\AndroidManifest.xml
work action resolve AndroidManifest.xml (project :tts) (Thread[included builds,5,main]) started.
work action resolve out (project :common) (Thread[included builds,5,main]) started.
Resolve mutations for :app:processDebugMainManifest (Thread[included builds,5,main]) started.
:app:processDebugMainManifest (Thread[included builds,5,main]) started.

> Task :document:compileDebugLibraryResources
Caching disabled for task ':document:compileDebugLibraryResources' because:
  Build cache is disabled
Task ':document:compileDebugLibraryResources' is not up-to-date because:
  Output property 'outputDir' file D:\riklast\rik原作\rikkahub-master\rikkahub-1.9\document\build\intermediates\compiled_local_resources\debug\compileDebugLibraryResources\out has been removed.
The input changes require a full rebuild for incremental task ':document:compileDebugLibraryResources'.
work action resolve out (project :document) (Thread[Execution worker Thread 8,5,main]) started.

> Task :app:processDebugMainManifest
file or directory 'D:\riklast\rik原作\rikkahub-master\rikkahub-1.9\app\libs', not found
file or directory 'D:\riklast\rik原作\rikkahub-master\rikkahub-1.9\app\libs', not found
Caching disabled for task ':app:processDebugMainManifest' because:
  Build cache is disabled
Task ':app:processDebugMainManifest' is not up-to-date because:
  Value of input property 'targetSdkVersion' has changed for task ':app:processDebugMainManifest'
file or directory 'D:\riklast\rik原作\rikkahub-master\rikkahub-1.9\app\libs', not found
file or directory 'D:\riklast\rik原作\rikkahub-master\rikkahub-1.9\app\libs', not found
Loading library manifest C:\Users\Administrator\.gradle\caches\9.1.0\transforms\a99ffd7606dd8547f392bfab8bfda890\workspace\transformed\image-viewer-1.1.0-alpha.7\AndroidManifest.xml
Loading library manifest C:\Users\Administrator\.gradle\caches\9.1.0\transforms\fb12ac78152de825fd15ca8ab8512653\workspace\transformed\browser-1.9.0\AndroidManifest.xml
Loading library manifest D:\riklast\rik原作\rikkahub-master\rikkahub-1.9\search\build\intermediates\merged_manifest\debug\processDebugManifest\AndroidManifest.xml
Loading library manifest D:\riklast\rik原作\rikkahub-master\rikkahub-1.9\ai\build\intermediates\merged_manifest\debug\processDebugManifest\AndroidManifest.xml
Loading library manifest D:\riklast\rik原作\rikkahub-master\rikkahub-1.9\highlight\build\intermediates\merged_manifest\debug\processDebugManifest\AndroidManifest.xml
Loading library manifest D:\riklast\rik原作\rikkahub-master\rikkahub-1.9\tts\build\intermediates\merged_manifest\debug\processDebugManifest\AndroidManifest.xml
Loading library manifest C:\Users\Administrator\.gradle\caches\9.1.0\transforms\de4b3b5329df0e67a4734e108dfd74ee\workspace\transformed\material3\AndroidManifest.xml
Loading library manifest C:\Users\Administrator\.gradle\caches\9.1.0\transforms\7d65e506669e9d13a148de06f24ffde9\workspace\transformed\adaptive-layout\AndroidManifest.xml
Loading library manifest C:\Users\Administrator\.gradle\caches\9.1.0\transforms\ee9206bec65c3c1b10c00dc3df6d2bd9\workspace\transformed\adaptive\AndroidManifest.xml
Loading library manifest C:\Users\Administrator\.gradle\caches\9.1.0\transforms\e4948362756dd5a2faec8796070b3cc8\workspace\transformed\navigation-runtime-release\AndroidManifest.xml
Loading library manifest C:\Users\Administrator\.gradle\caches\9.1.0\transforms\15e03c98ffecdfa710e66266204f04b4\workspace\transformed\navigation-common-release\AndroidManifest.xml
Loading library manifest C:\Users\Administrator\.gradle\caches\9.1.0\transforms\94f12903f2bceda0711caee9127ad532\workspace\transformed\navigation-compose-release\AndroidManifest.xml
Loading library manifest C:\Users\Administrator\.gradle\caches\9.1.0\transforms\c9f22827322ba7b6ffd42fae2df96dd8\workspace\transformed\koin-androidx-workmanager-4.1.1\AndroidManifest.xml
Loading library manifest C:\Users\Administrator\.gradle\caches\9.1.0\transforms\f2d29180c4b5b24fbdde9c48a274d708\workspace\transformed\work-runtime-ktx-2.11.0\AndroidManifest.xml
Loading library manifest C:\Users\Administrator\.gradle\caches\9.1.0\transforms\567551e0135846ecebecc073e0293881\workspace\transformed\work-runtime-2.11.0\AndroidManifest.xml
Loading library manifest C:\Users\Administrator\.gradle\caches\9.1.0\transforms\681fe0653acaf7013bb5cbb793650c18\workspace\transformed\room-runtime\AndroidManifest.xml
Loading library manifest C:\Users\Administrator\.gradle\caches\9.1.0\transforms\3d937b5e0915690b8220d6844885b429\workspace\transformed\room-ktx-2.8.4\AndroidManifest.xml
Loading library manifest C:\Users\Administrator\.gradle\caches\9.1.0\transforms\ffa2f134719824a89eafc590cdd497f2\workspace\transformed\room-paging\AndroidManifest.xml
Loading library manifest C:\Users\Administrator\.gradle\caches\9.1.0\transforms\aabe6233cb509a02d3e3a70fd1ee6bfe\workspace\transformed\paging-common\AndroidManifest.xml
Loading library manifest C:\Users\Administrator\.gradle\caches\9.1.0\transforms\7de603b6eaa8caa7890f934de9f9ee94\workspace\transformed\paging-runtime-3.4.0\AndroidManifest.xml
Loading library manifest C:\Users\Administrator\.gradle\caches\9.1.0\transforms\64d7f4bceb9df0f5c5900e643a6f484f\workspace\transformed\paging-compose\AndroidManifest.xml
Loading library manifest C:\Users\Administrator\.gradle\caches\9.1.0\transforms\66d5233e4cb2abc3b3801ef6bd21e838\workspace\transformed\zoomable-view-1.1.0-alpha.7\AndroidManifest.xml
Loading library manifest C:\Users\Administrator\.gradle\caches\9.1.0\transforms\766aa5ba0363021b9cb67b8ab152dd34\workspace\transformed\navigationevent\AndroidManifest.xml
Loading library manifest C:\Users\Administrator\.gradle\caches\9.1.0\transforms\d51f4a0740ec1f47d1901d9254e086cf\workspace\transformed\navigationevent-compose\AndroidManifest.xml
Loading library manifest C:\Users\Administrator\.gradle\caches\9.1.0\transforms\8fd91ff701cfb47ae5028d890e2a0b89\workspace\transformed\sonner-release\AndroidManifest.xml
Loading library manifest C:\Users\Administrator\.gradle\caches\9.1.0\transforms\12cfacad6e1c32e2d260cfa78fec8825\workspace\transformed\reorderable-debug\AndroidManifest.xml
Loading library manifest C:\Users\Administrator\.gradle\caches\9.1.0\transforms\600863ee0d5accbf24765a5b17efbe97\workspace\transformed\icons-lucide-debug\AndroidManifest.xml
Loading library manifest C:\Users\Administrator\.gradle\caches\9.1.0\transforms\d58bcbaac23f83e58bc4ccd9a9552a6e\workspace\transformed\koin-androidx-compose-4.1.1\AndroidManifest.xml
Loading library manifest C:\Users\Administrator\.gradle\caches\9.1.0\transforms\c843311be1a9b582527e244a1d2b96ac\workspace\transformed\koin-compose-viewmodel-release\AndroidManifest.xml
Loading library manifest C:\Users\Administrator\.gradle\caches\9.1.0\transforms\404c1db2940f1ebc6f3029ae44091404\workspace\transformed\koin-compose-release\AndroidManifest.xml
Loading library manifest C:\Users\Administrator\.gradle\caches\9.1.0\transforms\1b0f0546f0ec37825d764ab76b6b7c44\workspace\transformed\coil-compose-release\AndroidManifest.xml
Loading library manifest C:\Users\Administrator\.gradle\caches\9.1.0\transforms\bbadeed9326aedb8beb322297f2cc27f\workspace\transformed\coil-compose-core-release\AndroidManifest.xml
Loading library manifest C:\Users\Administrator\.gradle\caches\9.1.0\transforms\8fca04edeb78cf20708538f6428ebd64\workspace\transformed\material\AndroidManifest.xml
Loading library manifest C:\Users\Administrator\.gradle\caches\9.1.0\transforms\223f7e7054e982fd699cb4557bc2d8b9\workspace\transformed\material-ripple\AndroidManifest.xml
Loading library manifest C:\Users\Administrator\.gradle\caches\9.1.0\transforms\846c4ae6ea430c4b10b4b4c51bc48374\workspace\transformed\foundation\AndroidManifest.xml
Loading library manifest C:\Users\Administrator\.gradle\caches\9.1.0\transforms\e2b549f9a01eccb0ce137f3c1e1f2d89\workspace\transformed\foundation-layout\AndroidManifest.xml
Loading library manifest C:\Users\Administrator\.gradle\caches\9.1.0\transforms\07477c054308c1078373942b315bf82e\workspace\transformed\animation-core\AndroidManifest.xml
Loading library manifest C:\Users\Administrator\.gradle\caches\9.1.0\transforms\a355a8d805e7a0dd1555a1fa71fd7ff7\workspace\transformed\animation\AndroidManifest.xml
Loading library manifest C:\Users\Administrator\.gradle\caches\9.1.0\transforms\7080262acd816d57aea468e907cbdf39\workspace\transformed\ui-tooling-data\AndroidManifest.xml
Loading library manifest C:\Users\Administrator\.gradle\caches\9.1.0\transforms\a2a54b9b74410c5e04620986edc120ba\workspace\transformed\ui-unit\AndroidManifest.xml
Loading library manifest C:\Users\Administrator\.gradle\caches\9.1.0\transforms\44f08975e4935337ce31ec61a84f134a\workspace\transformed\ui-geometry\AndroidManifest.xml
Loading library manifest C:\Users\Administrator\.gradle\caches\9.1.0\transforms\544af35ee7373ec861e31c64819001cc\workspace\transformed\ui-text\AndroidManifest.xml
Loading library manifest C:\Users\Administrator\.gradle\caches\9.1.0\transforms\b49bb327aa9478b766004f03e6ba6e18\workspace\transformed\ui-util\AndroidManifest.xml
Loading library manifest C:\Users\Administrator\.gradle\caches\9.1.0\transforms\9d1a509d5015bf721bc31676bdccea20\workspace\transformed\ui-tooling-preview\AndroidManifest.xml
Loading library manifest C:\Users\Administrator\.gradle\caches\9.1.0\transforms\73e0e58246e5f9e3db59dada798b26d3\workspace\transformed\ui-tooling\AndroidManifest.xml
Loading library manifest C:\Users\Administrator\.gradle\caches\9.1.0\transforms\a7c22935ca24a1c50af56f4c033671fe\workspace\transformed\ui-graphics\AndroidManifest.xml
Loading library manifest C:\Users\Administrator\.gradle\caches\9.1.0\transforms\91589c0c83700b3268b76c85fc77c839\workspace\transformed\quickie-bundled-1.11.0\AndroidManifest.xml
Loading library manifest C:\Users\Administrator\.gradle\caches\9.1.0\transforms\f7494eb42909bb52be847d80667f92f8\workspace\transformed\camera-video-1.5.3\AndroidManifest.xml
Loading library manifest C:\Users\Administrator\.gradle\caches\9.1.0\transforms\ab7d9adc8ae7cc3872a25e7bf482b643\workspace\transformed\camera-view-1.5.3\AndroidManifest.xml
Loading library manifest C:\Users\Administrator\.gradle\caches\9.1.0\transforms\71dd376c7b73536548281a925bcd80df\workspace\transformed\camera-lifecycle-1.5.3\AndroidManifest.xml
Loading library manifest C:\Users\Administrator\.gradle\caches\9.1.0\transforms\c94b18a1fff752e86d8837aa3d6941bb\workspace\transformed\camera-camera2-1.5.3\AndroidManifest.xml
Loading library manifest C:\Users\Administrator\.gradle\caches\9.1.0\transforms\7a729428e5ec3a0983ea3826bda0c306\workspace\transformed\camera-core-1.5.3\AndroidManifest.xml
Loading library manifest C:\Users\Administrator\.gradle\caches\9.1.0\transforms\08ee4d1ad7a027585ee97e70783e7a3e\workspace\transformed\koin-android-4.1.1\AndroidManifest.xml
Loading library manifest C:\Users\Administrator\.gradle\caches\9.1.0\transforms\425f8c80378f9558d0f0f50fa105101a\workspace\transformed\barcode-scanning-17.3.0\AndroidManifest.xml
Loading library manifest C:\Users\Administrator\.gradle\caches\9.1.0\transforms\f6d318925b7be68e8b829ab553d2e0d7\workspace\transformed\play-services-mlkit-barcode-scanning-18.3.1\AndroidManifest.xml
Loading library manifest C:\Users\Administrator\.gradle\caches\9.1.0\transforms\b4943e9f05f51a4ae96aa6e11a43ca42\workspace\transformed\barcode-scanning-common-17.0.0\AndroidManifest.xml
Loading library manifest C:\Users\Administrator\.gradle\caches\9.1.0\transforms\113bd6406a7c2f2021e9f98c8b56c41b\workspace\transformed\vision-common-17.3.0\AndroidManifest.xml
Loading library manifest C:\Users\Administrator\.gradle\caches\9.1.0\transforms\f834f7a54db60711b1cc8edb63f1d4eb\workspace\transformed\common-18.11.0\AndroidManifest.xml
Loading library manifest C:\Users\Administrator\.gradle\caches\9.1.0\transforms\37409a5139d37af1e2c80386e2897646\workspace\transformed\play-services-base-18.5.0\AndroidManifest.xml
Loading library manifest C:\Users\Administrator\.gradle\caches\9.1.0\transforms\d7fa9d79ff0b4021772998ea3fbbc99f\workspace\transformed\vision-interfaces-16.3.0\AndroidManifest.xml
Loading library manifest C:\Users\Administrator\.gradle\caches\9.1.0\transforms\c2db80701a048696116e10ad9a93814b\workspace\transformed\play-services-tasks-18.2.0\AndroidManifest.xml
Loading library manifest C:\Users\Administrator\.gradle\caches\9.1.0\transforms\035aeae9628e9646e2f7e0c7b20346d1\workspace\transformed\play-services-basement-18.4.0\AndroidManifest.xml
Loading library manifest D:\riklast\rik原作\rikkahub-master\rikkahub-1.9\document\build\intermediates\merged_manifest\debug\processDebugManifest\AndroidManifest.xml
Loading library manifest D:\riklast\rik原作\rikkahub-master\rikkahub-1.9\common\build\intermediates\merged_manifest\debug\processDebugManifest\AndroidManifest.xml
Loading library manifest C:\Users\Administrator\.gradle\caches\9.1.0\transforms\536c6e639909964822022bf08a2ca525\workspace\transformed\material-1.13.0\AndroidManifest.xml
Loading library manifest C:\Users\Administrator\.gradle\caches\9.1.0\transforms\6a30a08350a053a89a69eac7bbbec2c0\workspace\transformed\floatingx-compose-2.3.7\AndroidManifest.xml
Loading library manifest C:\Users\Administrator\.gradle\caches\9.1.0\transforms\d4bbdabd831671d06517558ceffe56cb\workspace\transformed\floatingx-2.3.7\AndroidManifest.xml
Loading library manifest C:\Users\Administrator\.gradle\caches\9.1.0\transforms\2a36ec0137a2394d827c6f219847acb7\workspace\transformed\coil-svg-release\AndroidManifest.xml
Loading library manifest C:\Users\Administrator\.gradle\caches\9.1.0\transforms\cb47b15f34df0b3f33b76d3bcbb98a71\workspace\transformed\coil-release\AndroidManifest.xml
Loading library manifest C:\Users\Administrator\.gradle\caches\9.1.0\transforms\0d2f01839065710a81273d758f894bff\workspace\transformed\coil-network-core-release\AndroidManifest.xml
Loading library manifest C:\Users\Administrator\.gradle\caches\9.1.0\transforms\c198be742a88b4233d9c122e79f7cd97\workspace\transformed\coil-core-release\AndroidManifest.xml
Loading library manifest C:\Users\Administrator\.gradle\caches\9.1.0\transforms\113f8b1948e4a7e220ad4e5bcf90aa08\workspace\transformed\appcompat-resources-1.7.1\AndroidManifest.xml
Loading library manifest C:\Users\Administrator\.gradle\caches\9.1.0\transforms\65e9c62730740b211199175fc94bd187\workspace\transformed\constraintlayout-2.1.0\AndroidManifest.xml
Loading library manifest C:\Users\Administrator\.gradle\caches\9.1.0\transforms\a4576632f5f5f4b56b365f6d6bc92364\workspace\transformed\appcompat-1.7.1\AndroidManifest.xml
Loading library manifest C:\Users\Administrator\.gradle\caches\9.1.0\transforms\69906ac1c1fafeb35fe55f7856413b44\workspace\transformed\media3-ui-1.9.1\AndroidManifest.xml
Loading library manifest C:\Users\Administrator\.gradle\caches\9.1.0\transforms\004d72850532af5fe6d6a39c3193e067\workspace\transformed\media3-extractor-1.9.1\AndroidManifest.xml
Loading library manifest C:\Users\Administrator\.gradle\caches\9.1.0\transforms\a48f71a1cf155226c900a60ae9e0d465\workspace\transformed\media3-container-1.9.1\AndroidManifest.xml
Loading library manifest C:\Users\Administrator\.gradle\caches\9.1.0\transforms\d026d0910c09fdfd90bc6ea70563219a\workspace\transformed\media3-datasource-1.9.1\AndroidManifest.xml
Loading library manifest C:\Users\Administrator\.gradle\caches\9.1.0\transforms\51042b189de38100d235256a07d0912d\workspace\transformed\media3-decoder-1.9.1\AndroidManifest.xml
Loading library manifest C:\Users\Administrator\.gradle\caches\9.1.0\transforms\198a717e2070ef79d129b9142dfcc159\workspace\transformed\media3-database-1.9.1\AndroidManifest.xml
Loading library manifest C:\Users\Administrator\.gradle\caches\9.1.0\transforms\47177e24ab1b741d1c09272e0c748ea9\workspace\transformed\media3-common-1.9.1\AndroidManifest.xml
Loading library manifest C:\Users\Administrator\.gradle\caches\9.1.0\transforms\b2cb5384a13dcdc027d495e808a1098a\workspace\transformed\media3-exoplayer-1.9.1\AndroidManifest.xml
Loading library manifest C:\Users\Administrator\.gradle\caches\9.1.0\transforms\91f648d55f8fe104c576a7f9bec7fe4c\workspace\transformed\drawerlayout-1.1.1\AndroidManifest.xml
Loading library manifest C:\Users\Administrator\.gradle\caches\9.1.0\transforms\cb32d46e0cc996e0f4963e40103f7a06\workspace\transformed\coordinatorlayout-1.1.0\AndroidManifest.xml
Loading library manifest C:\Users\Administrator\.gradle\caches\9.1.0\transforms\f6f6ec3460a0478b52cd118250fa57b3\workspace\transformed\transition-1.6.0\AndroidManifest.xml
Loading library manifest C:\Users\Administrator\.gradle\caches\9.1.0\transforms\b06855b7cbe61dd803b4c4a2c13003e2\workspace\transformed\dynamicanimation-1.1.0\AndroidManifest.xml
Loading library manifest C:\Users\Administrator\.gradle\caches\9.1.0\transforms\b6ce4f20c02526453c17c046eba59063\workspace\transformed\vectordrawable-animated-1.1.0\AndroidManifest.xml
Loading library manifest C:\Users\Administrator\.gradle\caches\9.1.0\transforms\b922e12c52fff3310c7a9be5b18e18d6\workspace\transformed\vectordrawable-1.1.0\AndroidManifest.xml
Loading library manifest C:\Users\Administrator\.gradle\caches\9.1.0\transforms\2c151f849897498bf2a2dd2322ed02a0\workspace\transformed\viewpager2-1.0.0\AndroidManifest.xml
Loading library manifest C:\Users\Administrator\.gradle\caches\9.1.0\transforms\37d83db6442a7d4ec88109db9a60cdd4\workspace\transformed\recyclerview-1.3.0\AndroidManifest.xml
Loading library manifest C:\Users\Administrator\.gradle\caches\9.1.0\transforms\f2602aea5c9e2e41c8c5e3e3ac0410c6\workspace\transformed\window-core\AndroidManifest.xml
Loading library manifest C:\Users\Administrator\.gradle\caches\9.1.0\transforms\76dac4180062ad38d004b0737ba254e8\workspace\transformed\window-1.5.0\AndroidManifest.xml
Loading library manifest C:\Users\Administrator\.gradle\caches\9.1.0\transforms\4b0d4eecc7fc90e52d3d50113ebc1449\workspace\transformed\autofill-1.0.0\AndroidManifest.xml
Loading library manifest C:\Users\Administrator\.gradle\caches\9.1.0\transforms\2a22e406898df8fdb09c9148d4e20d94\workspace\transformed\graphics-path-1.0.1\AndroidManifest.xml
Loading library manifest C:\Users\Administrator\.gradle\caches\9.1.0\transforms\dba72a5c984a7c76d488ae584702541d\workspace\transformed\fragment-ktx-1.8.9\AndroidManifest.xml
Loading library manifest C:\Users\Administrator\.gradle\caches\9.1.0\transforms\d3f5b2ca11273962cfeac704e75380e1\workspace\transformed\fragment-1.8.9\AndroidManifest.xml
Loading library manifest C:\Users\Administrator\.gradle\caches\9.1.0\transforms\a25a62ee63b9b47cafc02f727164067e\workspace\transformed\viewpager-1.0.0\AndroidManifest.xml
Loading library manifest C:\Users\Administrator\.gradle\caches\9.1.0\transforms\0b5b6dcad86174c41ad7e0b0918c1969\workspace\transformed\customview-1.1.0\AndroidManifest.xml
Loading library manifest C:\Users\Administrator\.gradle\caches\9.1.0\transforms\1e9e018b2feec6fb749c28d9c4b43fe2\workspace\transformed\emoji2-views-helper-1.4.0\AndroidManifest.xml
Loading library manifest C:\Users\Administrator\.gradle\caches\9.1.0\transforms\4c8ba4d4f8f6ceba9c5d900de8c1ff3e\workspace\transformed\emoji2-1.4.0\AndroidManifest.xml
Loading library manifest C:\Users\Administrator\.gradle\caches\9.1.0\transforms\cad78a6fb136f01e5a6f0ee424d84c13\workspace\transformed\loader-1.0.0\AndroidManifest.xml
Loading library manifest C:\Users\Administrator\.gradle\caches\9.1.0\transforms\cff52b7e1b746f96d3f71f3135e26fd4\workspace\transformed\core-1.17.0\AndroidManifest.xml
Loading library manifest C:\Users\Administrator\.gradle\caches\9.1.0\transforms\fd5454e0e60bc7946dfdab397b6039dc\workspace\transformed\koin-core-viewmodel-release\AndroidManifest.xml
Loading library manifest C:\Users\Administrator\.gradle\caches\9.1.0\transforms\fe1b75d0aa8222868c69aa9af731e0b1\workspace\transformed\lifecycle-viewmodel-savedstate\AndroidManifest.xml
Loading library manifest C:\Users\Administrator\.gradle\caches\9.1.0\transforms\84061cff2066f9c90cb029be83259ab3\workspace\transformed\lifecycle-livedata-core-ktx-2.10.0\AndroidManifest.xml
Loading library manifest C:\Users\Administrator\.gradle\caches\9.1.0\transforms\d6a74c2105399c914207465ce2ea8b11\workspace\transformed\lifecycle-viewmodel-2.10.0\AndroidManifest.xml
Loading library manifest C:\Users\Administrator\.gradle\caches\9.1.0\transforms\c9bf7496c002301ed454653e73ce7f1c\workspace\transformed\lifecycle-viewmodel\AndroidManifest.xml
Loading library manifest C:\Users\Administrator\.gradle\caches\9.1.0\transforms\420132b3f3317b903a7bed7ff1d7dcc3\workspace\transformed\runtime-retain\AndroidManifest.xml
Loading library manifest C:\Users\Administrator\.gradle\caches\9.1.0\transforms\87414e576102b98eaee19cd646814298\workspace\transformed\runtime-annotation\AndroidManifest.xml
Loading library manifest C:\Users\Administrator\.gradle\caches\9.1.0\transforms\7d627bb2c7bb54863f1da2d1ab90cf29\workspace\transformed\activity-ktx-1.12.3\AndroidManifest.xml
Loading library manifest C:\Users\Administrator\.gradle\caches\9.1.0\transforms\c51b78d2fa4bc370a496d118bf23596a\workspace\transformed\savedstate-ktx-1.4.0\AndroidManifest.xml
Loading library manifest C:\Users\Administrator\.gradle\caches\9.1.0\transforms\91f5edfd00f13435ef0683e6daf69d40\workspace\transformed\savedstate\AndroidManifest.xml
Loading library manifest C:\Users\Administrator\.gradle\caches\9.1.0\transforms\243a2c67a570d370b8401afd6e2c2bcb\workspace\transformed\savedstate-compose\AndroidManifest.xml
Loading library manifest C:\Users\Administrator\.gradle\caches\9.1.0\transforms\3aa2a9f8dac90485c5c44680fd5c9297\workspace\transformed\runtime\AndroidManifest.xml
Loading library manifest C:\Users\Administrator\.gradle\caches\9.1.0\transforms\434dfd3209177ddbe9ea4912cced6c07\workspace\transformed\runtime-saveable\AndroidManifest.xml
Loading library manifest C:\Users\Administrator\.gradle\caches\9.1.0\transforms\fb3893252bd082627dd29bb32fa8996d\workspace\transformed\lifecycle-runtime-compose\AndroidManifest.xml
Loading library manifest C:\Users\Administrator\.gradle\caches\9.1.0\transforms\8dcffa21a8ebe204beff3fedfb569ecb\workspace\transformed\lifecycle-service-2.10.0\AndroidManifest.xml
Loading library manifest C:\Users\Administrator\.gradle\caches\9.1.0\transforms\711ef82287761adcb450f040b5b27ca4\workspace\transformed\lifecycle-runtime\AndroidManifest.xml
Loading library manifest C:\Users\Administrator\.gradle\caches\9.1.0\transforms\199971d4a00f045bbedef2326f94452f\workspace\transformed\lifecycle-viewmodel-ktx-2.10.0\AndroidManifest.xml
Loading library manifest C:\Users\Administrator\.gradle\caches\9.1.0\transforms\c7a2b681aec5f6e86d9ec279e9889080\workspace\transformed\lifecycle-livedata-ktx-2.10.0\AndroidManifest.xml
Loading library manifest C:\Users\Administrator\.gradle\caches\9.1.0\transforms\c5b70ce8a16b657f8ebb6e5a6008cb43\workspace\transformed\lifecycle-livedata-core-2.10.0\AndroidManifest.xml
Loading library manifest C:\Users\Administrator\.gradle\caches\9.1.0\transforms\f2b965c71a564db102de0411a24fdd62\workspace\transformed\lifecycle-livedata-2.10.0\AndroidManifest.xml
Loading library manifest C:\Users\Administrator\.gradle\caches\9.1.0\transforms\4c8ad3b1c2331d8307ee77c5c5d2968c\workspace\transformed\lifecycle-process-2.10.0\AndroidManifest.xml
Loading library manifest C:\Users\Administrator\.gradle\caches\9.1.0\transforms\f387eb3a6b3946c37dcb58565b34bd94\workspace\transformed\lifecycle-runtime-ktx\AndroidManifest.xml
Loading library manifest C:\Users\Administrator\.gradle\caches\9.1.0\transforms\85a1e39d2a63525f7e5ffa34c6fbc325\workspace\transformed\lifecycle-viewmodel-compose\AndroidManifest.xml
Loading library manifest C:\Users\Administrator\.gradle\caches\9.1.0\transforms\58bf7cef2bf2cf2c8cfe56b388a50e3f\workspace\transformed\accompanist-drawablepainter-0.37.3\AndroidManifest.xml
Loading library manifest C:\Users\Administrator\.gradle\caches\9.1.0\transforms\03abf01737d5db936812bc187db3777f\workspace\transformed\ui\AndroidManifest.xml
Loading library manifest C:\Users\Administrator\.gradle\caches\9.1.0\transforms\c801ae5d24022223f520e24ae94e823b\workspace\transformed\ui-test-manifest-1.10.2\AndroidManifest.xml
Loading library manifest C:\Users\Administrator\.gradle\caches\9.1.0\transforms\49e2e946b404c750a6fda815da347c6b\workspace\transformed\activity-1.12.3\AndroidManifest.xml
Loading library manifest C:\Users\Administrator\.gradle\caches\9.1.0\transforms\4d59830b45e8ad319b636dfd35548c13\workspace\transformed\activity-compose-1.12.3\AndroidManifest.xml
Loading library manifest C:\Users\Administrator\.gradle\caches\9.1.0\transforms\6bb200d024a79aeac0d9da215c32bc1e\workspace\transformed\graphics-shapes-release\AndroidManifest.xml
Loading library manifest C:\Users\Administrator\.gradle\caches\9.1.0\transforms\06692a97b22f6532dd9f9984374d7203\workspace\transformed\customview-poolingcontainer-1.0.0\AndroidManifest.xml
Loading library manifest C:\Users\Administrator\.gradle\caches\9.1.0\transforms\8a488554a8ebed13b0c37a210ed8c9cb\workspace\transformed\core-ktx-1.17.0\AndroidManifest.xml
Loading library manifest C:\Users\Administrator\.gradle\caches\9.1.0\transforms\02d8277f946d7cae3bb93f37660e5dff\workspace\transformed\jlatexmath-1.3\AndroidManifest.xml
Loading library manifest C:\Users\Administrator\.gradle\caches\9.1.0\transforms\a643e1a13d754e63cbf2e69dc9796a4b\workspace\transformed\jlatexmath-font-greek-1.3\AndroidManifest.xml
Loading library manifest C:\Users\Administrator\.gradle\caches\9.1.0\transforms\131fd364d212ed4a79098b5a80a06cf3\workspace\transformed\jlatexmath-font-cyrillic-1.3\AndroidManifest.xml
Loading library manifest C:\Users\Administrator\.gradle\caches\9.1.0\transforms\d31503b97d72ab353269f4be8ad8af0b\workspace\transformed\datastore-core\AndroidManifest.xml
Loading library manifest C:\Users\Administrator\.gradle\caches\9.1.0\transforms\5f7f51a66862218340272113c333c305\workspace\transformed\datastore-preferences-core\AndroidManifest.xml
Loading library manifest C:\Users\Administrator\.gradle\caches\9.1.0\transforms\8661e4607edb3f6d697c7a78cbdb2602\workspace\transformed\datastore\AndroidManifest.xml
Loading library manifest C:\Users\Administrator\.gradle\caches\9.1.0\transforms\8ee233e49218b61a17c5c69226df2658\workspace\transformed\datastore-preferences\AndroidManifest.xml
Loading library manifest C:\Users\Administrator\.gradle\caches\9.1.0\transforms\8dfc55bc7d5d72e3dc9edd502e3e45e4\workspace\transformed\okhttp-release\AndroidManifest.xml
Loading library manifest C:\Users\Administrator\.gradle\caches\9.1.0\transforms\a2fcc74176dfd363840b904d8b412955\workspace\transformed\core-viewtree-1.0.0\AndroidManifest.xml
Loading library manifest C:\Users\Administrator\.gradle\caches\9.1.0\transforms\e08dd9836c413c5c6ab593047806f2f3\workspace\transformed\profileinstaller-1.4.1\AndroidManifest.xml
Loading library manifest C:\Users\Administrator\.gradle\caches\9.1.0\transforms\ee6b2b1867cd2679634d249bfbb68de5\workspace\transformed\interpolator-1.0.0\AndroidManifest.xml
Loading library manifest C:\Users\Administrator\.gradle\caches\9.1.0\transforms\0a935973b14211a80eba275f314a64a3\workspace\transformed\viewbinding-8.10.0\AndroidManifest.xml
Loading library manifest C:\Users\Administrator\.gradle\caches\9.1.0\transforms\838c08107c95cd854bcf938ac1c566e4\workspace\transformed\exifinterface-1.4.2\AndroidManifest.xml
Loading library manifest C:\Users\Administrator\.gradle\caches\9.1.0\transforms\73ec6473357be81e8c313e849c29b93f\workspace\transformed\tracing-ktx-1.2.0\AndroidManifest.xml
Loading library manifest C:\Users\Administrator\.gradle\caches\9.1.0\transforms\b7b3ffefa4f6ad4c61c89c1043fa3e65\workspace\transformed\startup-runtime-1.2.0\AndroidManifest.xml
Loading library manifest C:\Users\Administrator\.gradle\caches\9.1.0\transforms\02b2c6ce4a2038e96c17b8805cc3ce92\workspace\transformed\tracing-1.2.0\AndroidManifest.xml
Loading library manifest C:\Users\Administrator\.gradle\caches\9.1.0\transforms\e06419133ef61b7112a44e2a246ce5e0\workspace\transformed\versionedparcelable-1.1.1\AndroidManifest.xml
Loading library manifest C:\Users\Administrator\.gradle\caches\9.1.0\transforms\f3fee578cb5e217649d3748ff42bf4ea\workspace\transformed\transport-backend-cct-2.3.3\AndroidManifest.xml
Loading library manifest C:\Users\Administrator\.gradle\caches\9.1.0\transforms\2881978e1a769e64e8408d98e492c949\workspace\transformed\transport-runtime-2.2.6\AndroidManifest.xml
Loading library manifest C:\Users\Administrator\.gradle\caches\9.1.0\transforms\9bec8f60c497c07770f8d07d5df77fba\workspace\transformed\transport-api-2.2.1\AndroidManifest.xml
Loading library manifest C:\Users\Administrator\.gradle\caches\9.1.0\transforms\b5045955e29405fc5d33649074ec0ff8\workspace\transformed\firebase-components-16.1.0\AndroidManifest.xml
Loading library manifest C:\Users\Administrator\.gradle\caches\9.1.0\transforms\303c89dd597f8da52d96179d0d8a531a\workspace\transformed\firebase-encoders-json-17.1.0\AndroidManifest.xml
Loading library manifest C:\Users\Administrator\.gradle\caches\9.1.0\transforms\1b9d861a875202837b67f19fdd6f6453\workspace\transformed\core-runtime-2.2.0\AndroidManifest.xml
Loading library manifest C:\Users\Administrator\.gradle\caches\9.1.0\transforms\99bd4719fa6d02c97ec5cd5b3a40d08d\workspace\transformed\featurecombinationquery-1.5.3\AndroidManifest.xml
Loading library manifest C:\Users\Administrator\.gradle\caches\9.1.0\transforms\8c6a0ad1de43ef7e84a3fa55dbc09f4b\workspace\transformed\cursoradapter-1.0.0\AndroidManifest.xml
Loading library manifest C:\Users\Administrator\.gradle\caches\9.1.0\transforms\49b7fcfb254da62a97c268def78782b4\workspace\transformed\cardview-1.0.0\AndroidManifest.xml
Loading library manifest C:\Users\Administrator\.gradle\caches\9.1.0\transforms\2be8d68d29a7434cec960db66e06799f\workspace\transformed\sqlite-framework\AndroidManifest.xml
Loading library manifest C:\Users\Administrator\.gradle\caches\9.1.0\transforms\3642376ab505db1219ce64d411d72c25\workspace\transformed\sqlite\AndroidManifest.xml
Loading library manifest C:\Users\Administrator\.gradle\caches\9.1.0\transforms\66629ea252635f4c6f2da5d8a04ee43a\workspace\transformed\annotation-experimental-1.5.1\AndroidManifest.xml
Loading library manifest C:\Users\Administrator\.gradle\caches\9.1.0\transforms\a1f224e0870a3ffb670d1ea0c51fc387\workspace\transformed\kotlin-logging-debug\AndroidManifest.xml
Loading library manifest C:\Users\Administrator\.gradle\caches\9.1.0\transforms\44d1c29f04ba4dab0cd27a6063a501ea\workspace\transformed\ucrop-2.2.11-native\AndroidManifest.xml
Loading library manifest C:\Users\Administrator\.gradle\caches\9.1.0\transforms\055e1e407e6adebc39cf0027e501e419\workspace\transformed\wrapper-android-3.2.3\AndroidManifest.xml
Loading library manifest C:\Users\Administrator\.gradle\caches\9.1.0\transforms\2af0f48eaffe776df3c4ae5ff716dbe6\workspace\transformed\androidsvg-aar-1.4\AndroidManifest.xml
Loading library manifest C:\Users\Administrator\.gradle\caches\9.1.0\transforms\99d23adac03c95b7b85c9fe985fe376e\workspace\transformed\image-1.0.0-beta1\AndroidManifest.xml
Merging main manifest D:\riklast\rik原作\rikkahub-master\rikkahub-1.9\app\src\main\AndroidManifest.xml

Merging library manifest C:\Users\Administrator\.gradle\caches\9.1.0\transforms\a99ffd7606dd8547f392bfab8bfda890\workspace\transformed\image-viewer-1.1.0-alpha.7\AndroidManifest.xml
Merging manifest with lower [com.jvziyaoyao.scale:image-viewer:1.1.0-alpha.7] AndroidManifest.xml:2:1-7:12
uses-sdk defined in both files...
Merging uses-sdk with lower [com.jvziyaoyao.scale:image-viewer:1.1.0-alpha.7] AndroidManifest.xml:5:5-44
Merging library manifest C:\Users\Administrator\.gradle\caches\9.1.0\transforms\fb12ac78152de825fd15ca8ab8512653\workspace\transformed\browser-1.9.0\AndroidManifest.xml
Merging manifest with lower [androidx.browser:browser:1.9.0] AndroidManifest.xml:2:1-7:12
uses-sdk defined in both files...
Merging uses-sdk with lower [androidx.browser:browser:1.9.0] AndroidManifest.xml:5:5-44
Merging library manifest D:\riklast\rik原作\rikkahub-master\rikkahub-1.9\search\build\intermediates\merged_manifest\debug\processDebugManifest\AndroidManifest.xml
Merging manifest with lower [:search] AndroidManifest.xml:2:1-9:12
uses-sdk defined in both files...
Merging uses-sdk with lower [:search] AndroidManifest.xml:5:5-44
uses-permission#android.permission.INTERNET defined in both files...
Merging uses-permission#android.permission.INTERNET with lower [:search] AndroidManifest.xml:7:5-67
Merging library manifest D:\riklast\rik原作\rikkahub-master\rikkahub-1.9\ai\build\intermediates\merged_manifest\debug\processDebugManifest\AndroidManifest.xml
Merging manifest with lower [:ai] AndroidManifest.xml:2:1-9:12
uses-sdk defined in both files...
Merging uses-sdk with lower [:ai] AndroidManifest.xml:5:5-44
uses-permission#android.permission.INTERNET defined in both files...
Merging uses-permission#android.permission.INTERNET with lower [:ai] AndroidManifest.xml:7:5-67
Merging library manifest D:\riklast\rik原作\rikkahub-master\rikkahub-1.9\highlight\build\intermediates\merged_manifest\debug\processDebugManifest\AndroidManifest.xml
Merging manifest with lower [:highlight] AndroidManifest.xml:2:1-7:12
uses-sdk defined in both files...
Merging uses-sdk with lower [:highlight] AndroidManifest.xml:5:5-44
Merging library manifest D:\riklast\rik原作\rikkahub-master\rikkahub-1.9\tts\build\intermediates\merged_manifest\debug\processDebugManifest\AndroidManifest.xml
Merging manifest with lower [:tts] AndroidManifest.xml:2:1-7:12
uses-sdk defined in both files...
Merging uses-sdk with lower [:tts] AndroidManifest.xml:5:5-44
Merging library manifest C:\Users\Administrator\.gradle\caches\9.1.0\transforms\de4b3b5329df0e67a4734e108dfd74ee\workspace\transformed\material3\AndroidManifest.xml
Merging manifest with lower [androidx.compose.material3:material3-android:1.5.0-alpha13] AndroidManifest.xml:17:1-22:12
uses-sdk defined in both files...
Merging uses-sdk with lower [androidx.compose.material3:material3-android:1.5.0-alpha13] AndroidManifest.xml:20:5-44
Merging library manifest C:\Users\Administrator\.gradle\caches\9.1.0\transforms\7d65e506669e9d13a148de06f24ffde9\workspace\transformed\adaptive-layout\AndroidManifest.xml
Merging manifest with lower [androidx.compose.material3.adaptive:adaptive-layout-android:1.2.0] AndroidManifest.xml:17:1-22:12
uses-sdk defined in both files...
Merging uses-sdk with lower [androidx.compose.material3.adaptive:adaptive-layout-android:1.2.0] AndroidManifest.xml:20:5-44
Merging library manifest C:\Users\Administrator\.gradle\caches\9.1.0\transforms\ee9206bec65c3c1b10c00dc3df6d2bd9\workspace\transformed\adaptive\AndroidManifest.xml
Merging manifest with lower [androidx.compose.material3.adaptive:adaptive-android:1.2.0] AndroidManifest.xml:17:1-22:12
uses-sdk defined in both files...
Merging uses-sdk with lower [androidx.compose.material3.adaptive:adaptive-android:1.2.0] AndroidManifest.xml:20:5-44
Merging library manifest C:\Users\Administrator\.gradle\caches\9.1.0\transforms\e4948362756dd5a2faec8796070b3cc8\workspace\transformed\navigation-runtime-release\AndroidManifest.xml
Merging manifest with lower [androidx.navigation:navigation-runtime-android:2.9.7] AndroidManifest.xml:17:1-22:12
uses-sdk defined in both files...
Merging uses-sdk with lower [androidx.navigation:navigation-runtime-android:2.9.7] AndroidManifest.xml:20:5-44
Merging library manifest C:\Users\Administrator\.gradle\caches\9.1.0\transforms\15e03c98ffecdfa710e66266204f04b4\workspace\transformed\navigation-common-release\AndroidManifest.xml
Merging manifest with lower [androidx.navigation:navigation-common-android:2.9.7] AndroidManifest.xml:17:1-22:12
uses-sdk defined in both files...
Merging uses-sdk with lower [androidx.navigation:navigation-common-android:2.9.7] AndroidManifest.xml:20:5-44
Merging library manifest C:\Users\Administrator\.gradle\caches\9.1.0\transforms\94f12903f2bceda0711caee9127ad532\workspace\transformed\navigation-compose-release\AndroidManifest.xml
Merging manifest with lower [androidx.navigation:navigation-compose-android:2.9.7] AndroidManifest.xml:2:1-7:12
uses-sdk defined in both files...
Merging uses-sdk with lower [androidx.navigation:navigation-compose-android:2.9.7] AndroidManifest.xml:5:5-44
Merging library manifest C:\Users\Administrator\.gradle\caches\9.1.0\transforms\c9f22827322ba7b6ffd42fae2df96dd8\workspace\transformed\koin-androidx-workmanager-4.1.1\AndroidManifest.xml
Merging manifest with lower [io.insert-koin:koin-androidx-workmanager:4.1.1] AndroidManifest.xml:2:1-7:12
uses-sdk defined in both files...
Merging uses-sdk with lower [io.insert-koin:koin-androidx-workmanager:4.1.1] AndroidManifest.xml:5:5-44
Merging library manifest C:\Users\Administrator\.gradle\caches\9.1.0\transforms\f2d29180c4b5b24fbdde9c48a274d708\workspace\transformed\work-runtime-ktx-2.11.0\AndroidManifest.xml
Merging manifest with lower [androidx.work:work-runtime-ktx:2.11.0] AndroidManifest.xml:17:1-22:12
uses-sdk defined in both files...
Merging uses-sdk with lower [androidx.work:work-runtime-ktx:2.11.0] AndroidManifest.xml:20:5-44
Merging library manifest C:\Users\Administrator\.gradle\caches\9.1.0\transforms\567551e0135846ecebecc073e0293881\workspace\transformed\work-runtime-2.11.0\AndroidManifest.xml
Merging manifest with lower [androidx.work:work-runtime:2.11.0] AndroidManifest.xml:17:1-83:12
uses-sdk defined in both files...
Merging uses-sdk with lower [androidx.work:work-runtime:2.11.0] AndroidManifest.xml:21:5-44
uses-permission#android.permission.WAKE_LOCK defined in both files...
Merging uses-permission#android.permission.WAKE_LOCK with lower [androidx.work:work-runtime:2.11.0] AndroidManifest.xml:23:5-68
Adopted [uses-permission: null]
Adopted [uses-permission: null]
uses-permission#android.permission.FOREGROUND_SERVICE defined in both files...
Merging uses-permission#android.permission.FOREGROUND_SERVICE with lower [androidx.work:work-runtime:2.11.0] AndroidManifest.xml:26:5-77
application defined in both files...
Merging application with lower [androidx.work:work-runtime:2.11.0] AndroidManifest.xml:28:5-81:19
provider#androidx.startup.InitializationProvider defined in both files...
Merging provider#androidx.startup.InitializationProvider with lower [androidx.work:work-runtime:2.11.0] AndroidManifest.xml:29:9-37:20
meta-data#androidx.work.WorkManagerInitializer defined in both files...
Adopted [service: null]
Adopted [service: null]
Adopted [receiver: null]
Adopted [receiver: null]
Adopted [receiver: null]
Merging library manifest C:\Users\Administrator\.gradle\caches\9.1.0\transforms\681fe0653acaf7013bb5cbb793650c18\workspace\transformed\room-runtime\AndroidManifest.xml
Merging manifest with lower [androidx.room:room-runtime-android:2.8.4] AndroidManifest.xml:17:1-31:12
uses-sdk defined in both files...
Merging uses-sdk with lower [androidx.room:room-runtime-android:2.8.4] AndroidManifest.xml:21:5-44
application defined in both files...
Merging application with lower [androidx.room:room-runtime-android:2.8.4] AndroidManifest.xml:23:5-29:19
Adopted [service: null]
Merging library manifest C:\Users\Administrator\.gradle\caches\9.1.0\transforms\3d937b5e0915690b8220d6844885b429\workspace\transformed\room-ktx-2.8.4\AndroidManifest.xml
Merging manifest with lower [androidx.room:room-ktx:2.8.4] AndroidManifest.xml:17:1-22:12
uses-sdk defined in both files...
Merging uses-sdk with lower [androidx.room:room-ktx:2.8.4] AndroidManifest.xml:20:5-44
Merging library manifest C:\Users\Administrator\.gradle\caches\9.1.0\transforms\ffa2f134719824a89eafc590cdd497f2\workspace\transformed\room-paging\AndroidManifest.xml
Merging manifest with lower [androidx.room:room-paging-android:2.8.4] AndroidManifest.xml:17:1-22:12
uses-sdk defined in both files...
Merging uses-sdk with lower [androidx.room:room-paging-android:2.8.4] AndroidManifest.xml:20:5-44
Merging library manifest C:\Users\Administrator\.gradle\caches\9.1.0\transforms\aabe6233cb509a02d3e3a70fd1ee6bfe\workspace\transformed\paging-common\AndroidManifest.xml
Merging manifest with lower [androidx.paging:paging-common-android:3.4.0] AndroidManifest.xml:2:1-7:12
uses-sdk defined in both files...
Merging uses-sdk with lower [androidx.paging:paging-common-android:3.4.0] AndroidManifest.xml:5:5-44
Merging library manifest C:\Users\Administrator\.gradle\caches\9.1.0\transforms\7de603b6eaa8caa7890f934de9f9ee94\workspace\transformed\paging-runtime-3.4.0\AndroidManifest.xml
Merging manifest with lower [androidx.paging:paging-runtime:3.4.0] AndroidManifest.xml:2:1-7:12
uses-sdk defined in both files...
Merging uses-sdk with lower [androidx.paging:paging-runtime:3.4.0] AndroidManifest.xml:5:5-44
Merging library manifest C:\Users\Administrator\.gradle\caches\9.1.0\transforms\64d7f4bceb9df0f5c5900e643a6f484f\workspace\transformed\paging-compose\AndroidManifest.xml
Merging manifest with lower [androidx.paging:paging-compose-android:3.4.0] AndroidManifest.xml:2:1-7:12
uses-sdk defined in both files...
Merging uses-sdk with lower [androidx.paging:paging-compose-android:3.4.0] AndroidManifest.xml:5:5-44
Merging library manifest C:\Users\Administrator\.gradle\caches\9.1.0\transforms\66d5233e4cb2abc3b3801ef6bd21e838\workspace\transformed\zoomable-view-1.1.0-alpha.7\AndroidManifest.xml
Merging manifest with lower [com.jvziyaoyao.scale:zoomable-view:1.1.0-alpha.7] AndroidManifest.xml:2:1-7:12
uses-sdk defined in both files...
Merging uses-sdk with lower [com.jvziyaoyao.scale:zoomable-view:1.1.0-alpha.7] AndroidManifest.xml:5:5-44
Merging library manifest C:\Users\Administrator\.gradle\caches\9.1.0\transforms\766aa5ba0363021b9cb67b8ab152dd34\workspace\transformed\navigationevent\AndroidManifest.xml
Merging manifest with lower [androidx.navigationevent:navigationevent-android:1.0.2] AndroidManifest.xml:2:1-7:12
uses-sdk defined in both files...
Merging uses-sdk with lower [androidx.navigationevent:navigationevent-android:1.0.2] AndroidManifest.xml:5:5-44
Merging library manifest C:\Users\Administrator\.gradle\caches\9.1.0\transforms\d51f4a0740ec1f47d1901d9254e086cf\workspace\transformed\navigationevent-compose\AndroidManifest.xml
Merging manifest with lower [androidx.navigationevent:navigationevent-compose-android:1.0.2] AndroidManifest.xml:2:1-7:12
uses-sdk defined in both files...
Merging uses-sdk with lower [androidx.navigationevent:navigationevent-compose-android:1.0.2] AndroidManifest.xml:5:5-44
Merging library manifest C:\Users\Administrator\.gradle\caches\9.1.0\transforms\8fd91ff701cfb47ae5028d890e2a0b89\workspace\transformed\sonner-release\AndroidManifest.xml
Merging manifest with lower [io.github.brdominguez:compose-sonner-android:0.4.0] AndroidManifest.xml:2:1-7:12
uses-sdk defined in both files...
Merging uses-sdk with lower [io.github.brdominguez:compose-sonner-android:0.4.0] AndroidManifest.xml:5:5-43
Merging library manifest C:\Users\Administrator\.gradle\caches\9.1.0\transforms\12cfacad6e1c32e2d260cfa78fec8825\workspace\transformed\reorderable-debug\AndroidManifest.xml
Merging manifest with lower [sh.calvin.reorderable:reorderable-android-debug:3.0.0] AndroidManifest.xml:2:1-7:12
uses-sdk defined in both files...
Merging uses-sdk with lower [sh.calvin.reorderable:reorderable-android-debug:3.0.0] AndroidManifest.xml:5:5-44
Merging library manifest C:\Users\Administrator\.gradle\caches\9.1.0\transforms\600863ee0d5accbf24765a5b17efbe97\workspace\transformed\icons-lucide-debug\AndroidManifest.xml
Merging manifest with lower [com.composables:icons-lucide-android-debug:1.1.0] AndroidManifest.xml:2:1-7:12
uses-sdk defined in both files...
Merging uses-sdk with lower [com.composables:icons-lucide-android-debug:1.1.0] AndroidManifest.xml:5:5-44
Merging library manifest C:\Users\Administrator\.gradle\caches\9.1.0\transforms\d58bcbaac23f83e58bc4ccd9a9552a6e\workspace\transformed\koin-androidx-compose-4.1.1\AndroidManifest.xml
Merging manifest with lower [io.insert-koin:koin-androidx-compose:4.1.1] AndroidManifest.xml:2:1-7:12
uses-sdk defined in both files...
Merging uses-sdk with lower [io.insert-koin:koin-androidx-compose:4.1.1] AndroidManifest.xml:5:5-44
Merging library manifest C:\Users\Administrator\.gradle\caches\9.1.0\transforms\c843311be1a9b582527e244a1d2b96ac\workspace\transformed\koin-compose-viewmodel-release\AndroidManifest.xml
Merging manifest with lower [io.insert-koin:koin-compose-viewmodel-android:4.1.1] AndroidManifest.xml:2:1-7:12
uses-sdk defined in both files...
Merging uses-sdk with lower [io.insert-koin:koin-compose-viewmodel-android:4.1.1] AndroidManifest.xml:5:5-44
Merging library manifest C:\Users\Administrator\.gradle\caches\9.1.0\transforms\404c1db2940f1ebc6f3029ae44091404\workspace\transformed\koin-compose-release\AndroidManifest.xml
Merging manifest with lower [io.insert-koin:koin-compose-android:4.1.1] AndroidManifest.xml:2:1-7:12
uses-sdk defined in both files...
Merging uses-sdk with lower [io.insert-koin:koin-compose-android:4.1.1] AndroidManifest.xml:5:5-44
Merging library manifest C:\Users\Administrator\.gradle\caches\9.1.0\transforms\1b0f0546f0ec37825d764ab76b6b7c44\workspace\transformed\coil-compose-release\AndroidManifest.xml
Merging manifest with lower [io.coil-kt.coil3:coil-compose-android:3.3.0] AndroidManifest.xml:2:1-7:12
uses-sdk defined in both files...
Merging uses-sdk with lower [io.coil-kt.coil3:coil-compose-android:3.3.0] AndroidManifest.xml:5:5-44
Merging library manifest C:\Users\Administrator\.gradle\caches\9.1.0\transforms\bbadeed9326aedb8beb322297f2cc27f\workspace\transformed\coil-compose-core-release\AndroidManifest.xml
Merging manifest with lower [io.coil-kt.coil3:coil-compose-core-android:3.3.0] AndroidManifest.xml:2:1-7:12
uses-sdk defined in both files...
Merging uses-sdk with lower [io.coil-kt.coil3:coil-compose-core-android:3.3.0] AndroidManifest.xml:5:5-44
Merging library manifest C:\Users\Administrator\.gradle\caches\9.1.0\transforms\8fca04edeb78cf20708538f6428ebd64\workspace\transformed\material\AndroidManifest.xml
Merging manifest with lower [androidx.compose.material:material-android:1.10.2] AndroidManifest.xml:2:1-7:12
uses-sdk defined in both files...
Merging uses-sdk with lower [androidx.compose.material:material-android:1.10.2] AndroidManifest.xml:5:5-44
Merging library manifest C:\Users\Administrator\.gradle\caches\9.1.0\transforms\223f7e7054e982fd699cb4557bc2d8b9\workspace\transformed\material-ripple\AndroidManifest.xml
Merging manifest with lower [androidx.compose.material:material-ripple-android:1.10.2] AndroidManifest.xml:2:1-7:12
uses-sdk defined in both files...
Merging uses-sdk with lower [androidx.compose.material:material-ripple-android:1.10.2] AndroidManifest.xml:5:5-44
Merging library manifest C:\Users\Administrator\.gradle\caches\9.1.0\transforms\846c4ae6ea430c4b10b4b4c51bc48374\workspace\transformed\foundation\AndroidManifest.xml
Merging manifest with lower [androidx.compose.foundation:foundation-android:1.10.2] AndroidManifest.xml:2:1-7:12
uses-sdk defined in both files...
Merging uses-sdk with lower [androidx.compose.foundation:foundation-android:1.10.2] AndroidManifest.xml:5:5-44
Merging library manifest C:\Users\Administrator\.gradle\caches\9.1.0\transforms\e2b549f9a01eccb0ce137f3c1e1f2d89\workspace\transformed\foundation-layout\AndroidManifest.xml
Merging manifest with lower [androidx.compose.foundation:foundation-layout-android:1.10.2] AndroidManifest.xml:2:1-7:12
uses-sdk defined in both files...
Merging uses-sdk with lower [androidx.compose.foundation:foundation-layout-android:1.10.2] AndroidManifest.xml:5:5-44
Merging library manifest C:\Users\Administrator\.gradle\caches\9.1.0\transforms\07477c054308c1078373942b315bf82e\workspace\transformed\animation-core\AndroidManifest.xml
Merging manifest with lower [androidx.compose.animation:animation-core-android:1.10.2] AndroidManifest.xml:2:1-7:12
uses-sdk defined in both files...
Merging uses-sdk with lower [androidx.compose.animation:animation-core-android:1.10.2] AndroidManifest.xml:5:5-44
Merging library manifest C:\Users\Administrator\.gradle\caches\9.1.0\transforms\a355a8d805e7a0dd1555a1fa71fd7ff7\workspace\transformed\animation\AndroidManifest.xml
Merging manifest with lower [androidx.compose.animation:animation-android:1.10.2] AndroidManifest.xml:2:1-7:12
uses-sdk defined in both files...
Merging uses-sdk with lower [androidx.compose.animation:animation-android:1.10.2] AndroidManifest.xml:5:5-44
Merging library manifest C:\Users\Administrator\.gradle\caches\9.1.0\transforms\7080262acd816d57aea468e907cbdf39\workspace\transformed\ui-tooling-data\AndroidManifest.xml
Merging manifest with lower [androidx.compose.ui:ui-tooling-data-android:1.10.2] AndroidManifest.xml:2:1-7:12
uses-sdk defined in both files...
Merging uses-sdk with lower [androidx.compose.ui:ui-tooling-data-android:1.10.2] AndroidManifest.xml:5:5-44
Merging library manifest C:\Users\Administrator\.gradle\caches\9.1.0\transforms\a2a54b9b74410c5e04620986edc120ba\workspace\transformed\ui-unit\AndroidManifest.xml
Merging manifest with lower [androidx.compose.ui:ui-unit-android:1.10.2] AndroidManifest.xml:2:1-7:12
uses-sdk defined in both files...
Merging uses-sdk with lower [androidx.compose.ui:ui-unit-android:1.10.2] AndroidManifest.xml:5:5-44
Merging library manifest C:\Users\Administrator\.gradle\caches\9.1.0\transforms\44f08975e4935337ce31ec61a84f134a\workspace\transformed\ui-geometry\AndroidManifest.xml
Merging manifest with lower [androidx.compose.ui:ui-geometry-android:1.10.2] AndroidManifest.xml:2:1-7:12
uses-sdk defined in both files...
Merging uses-sdk with lower [androidx.compose.ui:ui-geometry-android:1.10.2] AndroidManifest.xml:5:5-44
Merging library manifest C:\Users\Administrator\.gradle\caches\9.1.0\transforms\544af35ee7373ec861e31c64819001cc\workspace\transformed\ui-text\AndroidManifest.xml
Merging manifest with lower [androidx.compose.ui:ui-text-android:1.10.2] AndroidManifest.xml:2:1-7:12
uses-sdk defined in both files...
Merging uses-sdk with lower [androidx.compose.ui:ui-text-android:1.10.2] AndroidManifest.xml:5:5-44
Merging library manifest C:\Users\Administrator\.gradle\caches\9.1.0\transforms\b49bb327aa9478b766004f03e6ba6e18\workspace\transformed\ui-util\AndroidManifest.xml
Merging manifest with lower [androidx.compose.ui:ui-util-android:1.10.2] AndroidManifest.xml:2:1-7:12
uses-sdk defined in both files...
Merging uses-sdk with lower [androidx.compose.ui:ui-util-android:1.10.2] AndroidManifest.xml:5:5-44
Merging library manifest C:\Users\Administrator\.gradle\caches\9.1.0\transforms\9d1a509d5015bf721bc31676bdccea20\workspace\transformed\ui-tooling-preview\AndroidManifest.xml
Merging manifest with lower [androidx.compose.ui:ui-tooling-preview-android:1.10.2] AndroidManifest.xml:17:1-22:12
uses-sdk defined in both files...
Merging uses-sdk with lower [androidx.compose.ui:ui-tooling-preview-android:1.10.2] AndroidManifest.xml:20:5-44
Merging library manifest C:\Users\Administrator\.gradle\caches\9.1.0\transforms\73e0e58246e5f9e3db59dada798b26d3\workspace\transformed\ui-tooling\AndroidManifest.xml
Merging manifest with lower [androidx.compose.ui:ui-tooling-android:1.10.2] AndroidManifest.xml:17:1-28:12
uses-sdk defined in both files...
Merging uses-sdk with lower [androidx.compose.ui:ui-tooling-android:1.10.2] AndroidManifest.xml:20:5-44
application defined in both files...
Merging application with lower [androidx.compose.ui:ui-tooling-android:1.10.2] AndroidManifest.xml:22:5-26:19
Adopted [activity: null]
Merging library manifest C:\Users\Administrator\.gradle\caches\9.1.0\transforms\a7c22935ca24a1c50af56f4c033671fe\workspace\transformed\ui-graphics\AndroidManifest.xml
Merging manifest with lower [androidx.compose.ui:ui-graphics-android:1.10.2] AndroidManifest.xml:2:1-7:12
uses-sdk defined in both files...
Merging uses-sdk with lower [androidx.compose.ui:ui-graphics-android:1.10.2] AndroidManifest.xml:5:5-44
Merging library manifest C:\Users\Administrator\.gradle\caches\9.1.0\transforms\91589c0c83700b3268b76c85fc77c839\workspace\transformed\quickie-bundled-1.11.0\AndroidManifest.xml
Merging manifest with lower [io.github.g00fy2.quickie:quickie-bundled:1.11.0] AndroidManifest.xml:2:1-22:12
uses-sdk defined in both files...
Merging uses-sdk with lower [io.github.g00fy2.quickie:quickie-bundled:1.11.0] AndroidManifest.xml:6:5-44
uses-feature#android.hardware.camera defined in both files...
Merging uses-feature#android.hardware.camera with lower [io.github.g00fy2.quickie:quickie-bundled:1.11.0] AndroidManifest.xml:8:5-10:36
uses-permission#android.permission.CAMERA defined in both files...
Merging uses-permission#android.permission.CAMERA with lower [io.github.g00fy2.quickie:quickie-bundled:1.11.0] AndroidManifest.xml:12:5-65
application defined in both files...
Merging application with lower [io.github.g00fy2.quickie:quickie-bundled:1.11.0] AndroidManifest.xml:14:5-20:19
Adopted [activity: null]
Merging library manifest C:\Users\Administrator\.gradle\caches\9.1.0\transforms\f7494eb42909bb52be847d80667f92f8\workspace\transformed\camera-video-1.5.3\AndroidManifest.xml
Merging manifest with lower [androidx.camera:camera-video:1.5.3] AndroidManifest.xml:2:1-7:12
uses-sdk defined in both files...
Merging uses-sdk with lower [androidx.camera:camera-video:1.5.3] AndroidManifest.xml:5:5-44
Merging library manifest C:\Users\Administrator\.gradle\caches\9.1.0\transforms\ab7d9adc8ae7cc3872a25e7bf482b643\workspace\transformed\camera-view-1.5.3\AndroidManifest.xml
Merging manifest with lower [androidx.camera:camera-view:1.5.3] AndroidManifest.xml:2:1-7:12
uses-sdk defined in both files...
Merging uses-sdk with lower [androidx.camera:camera-view:1.5.3] AndroidManifest.xml:5:5-44
Merging library manifest C:\Users\Administrator\.gradle\caches\9.1.0\transforms\71dd376c7b73536548281a925bcd80df\workspace\transformed\camera-lifecycle-1.5.3\AndroidManifest.xml
Merging manifest with lower [androidx.camera:camera-lifecycle:1.5.3] AndroidManifest.xml:2:1-7:12
uses-sdk defined in both files...
Merging uses-sdk with lower [androidx.camera:camera-lifecycle:1.5.3] AndroidManifest.xml:5:5-44
Merging library manifest C:\Users\Administrator\.gradle\caches\9.1.0\transforms\c94b18a1fff752e86d8837aa3d6941bb\workspace\transformed\camera-camera2-1.5.3\AndroidManifest.xml
Merging manifest with lower [androidx.camera:camera-camera2:1.5.3] AndroidManifest.xml:17:1-36:12
uses-sdk defined in both files...
Merging uses-sdk with lower [androidx.camera:camera-camera2:1.5.3] AndroidManifest.xml:21:5-44
application defined in both files...
Merging application with lower [androidx.camera:camera-camera2:1.5.3] AndroidManifest.xml:23:5-34:19
Adopted [service: null]
Merging library manifest C:\Users\Administrator\.gradle\caches\9.1.0\transforms\7a729428e5ec3a0983ea3826bda0c306\workspace\transformed\camera-core-1.5.3\AndroidManifest.xml
Merging manifest with lower [androidx.camera:camera-core:1.5.3] AndroidManifest.xml:17:1-36:12
uses-sdk defined in both files...
Merging uses-sdk with lower [androidx.camera:camera-core:1.5.3] AndroidManifest.xml:21:5-44
application defined in both files...
Merging application with lower [androidx.camera:camera-core:1.5.3] AndroidManifest.xml:23:5-34:19
service#androidx.camera.core.impl.MetadataHolderService defined in both files...
Merging service#androidx.camera.core.impl.MetadataHolderService with lower [androidx.camera:camera-core:1.5.3] AndroidManifest.xml:29:9-33:78
Merging library manifest C:\Users\Administrator\.gradle\caches\9.1.0\transforms\08ee4d1ad7a027585ee97e70783e7a3e\workspace\transformed\koin-android-4.1.1\AndroidManifest.xml
Merging manifest with lower [io.insert-koin:koin-android:4.1.1] AndroidManifest.xml:2:1-7:12
uses-sdk defined in both files...
Merging uses-sdk with lower [io.insert-koin:koin-android:4.1.1] AndroidManifest.xml:5:5-44
Merging library manifest C:\Users\Administrator\.gradle\caches\9.1.0\transforms\425f8c80378f9558d0f0f50fa105101a\workspace\transformed\barcode-scanning-17.3.0\AndroidManifest.xml
Merging manifest with lower [com.google.mlkit:barcode-scanning:17.3.0] AndroidManifest.xml:2:1-7:12
uses-sdk defined in both files...
Merging uses-sdk with lower [com.google.mlkit:barcode-scanning:17.3.0] AndroidManifest.xml:5:5-44
Merging library manifest C:\Users\Administrator\.gradle\caches\9.1.0\transforms\f6d318925b7be68e8b829ab553d2e0d7\workspace\transformed\play-services-mlkit-barcode-scanning-18.3.1\AndroidManifest.xml
Merging manifest with lower [com.google.android.gms:play-services-mlkit-barcode-scanning:18.3.1] AndroidManifest.xml:2:1-18:12
uses-sdk defined in both files...
Merging uses-sdk with lower [com.google.android.gms:play-services-mlkit-barcode-scanning:18.3.1] AndroidManifest.xml:6:5-44
application defined in both files...
Merging application with lower [com.google.android.gms:play-services-mlkit-barcode-scanning:18.3.1] AndroidManifest.xml:8:5-16:19
Adopted [service: null]
Merging library manifest C:\Users\Administrator\.gradle\caches\9.1.0\transforms\b4943e9f05f51a4ae96aa6e11a43ca42\workspace\transformed\barcode-scanning-common-17.0.0\AndroidManifest.xml
Merging manifest with lower [com.google.mlkit:barcode-scanning-common:17.0.0] AndroidManifest.xml:2:1-7:12
uses-sdk defined in both files...
Merging uses-sdk with lower [com.google.mlkit:barcode-scanning-common:17.0.0] AndroidManifest.xml:5:5-44
Merging library manifest C:\Users\Administrator\.gradle\caches\9.1.0\transforms\113bd6406a7c2f2021e9f98c8b56c41b\workspace\transformed\vision-common-17.3.0\AndroidManifest.xml
Merging manifest with lower [com.google.mlkit:vision-common:17.3.0] AndroidManifest.xml:2:1-18:12
uses-sdk defined in both files...
Merging uses-sdk with lower [com.google.mlkit:vision-common:17.3.0] AndroidManifest.xml:6:5-44
application defined in both files...
Merging application with lower [com.google.mlkit:vision-common:17.3.0] AndroidManifest.xml:8:5-16:19
service#com.google.mlkit.common.internal.MlKitComponentDiscoveryService defined in both files...
Merging service#com.google.mlkit.common.internal.MlKitComponentDiscoveryService with lower [com.google.mlkit:vision-common:17.3.0] AndroidManifest.xml:9:9-15:19
Adopted [meta-data: null]
Merging library manifest C:\Users\Administrator\.gradle\caches\9.1.0\transforms\f834f7a54db60711b1cc8edb63f1d4eb\workspace\transformed\common-18.11.0\AndroidManifest.xml
Merging manifest with lower [com.google.mlkit:common:18.11.0] AndroidManifest.xml:2:1-26:12
uses-sdk defined in both files...
Merging uses-sdk with lower [com.google.mlkit:common:18.11.0] AndroidManifest.xml:6:5-44
application defined in both files...
Merging application with lower [com.google.mlkit:common:18.11.0] AndroidManifest.xml:8:5-24:19
Adopted [provider: null]
service#com.google.mlkit.common.internal.MlKitComponentDiscoveryService defined in both files...
Merging service#com.google.mlkit.common.internal.MlKitComponentDiscoveryService with lower [com.google.mlkit:common:18.11.0] AndroidManifest.xml:15:9-23:19
Adopted [meta-data: null]
Merging library manifest C:\Users\Administrator\.gradle\caches\9.1.0\transforms\37409a5139d37af1e2c80386e2897646\workspace\transformed\play-services-base-18.5.0\AndroidManifest.xml
Merging manifest with lower [com.google.android.gms:play-services-base:18.5.0] AndroidManifest.xml:2:1-7:12
uses-sdk defined in both files...
Merging uses-sdk with lower [com.google.android.gms:play-services-base:18.5.0] AndroidManifest.xml:3:5-44
application defined in both files...
Merging application with lower [com.google.android.gms:play-services-base:18.5.0] AndroidManifest.xml:4:5-6:19
Adopted [activity: null]
Merging library manifest C:\Users\Administrator\.gradle\caches\9.1.0\transforms\d7fa9d79ff0b4021772998ea3fbbc99f\workspace\transformed\vision-interfaces-16.3.0\AndroidManifest.xml
Merging manifest with lower [com.google.mlkit:vision-interfaces:16.3.0] AndroidManifest.xml:2:1-7:12
uses-sdk defined in both files...
Merging uses-sdk with lower [com.google.mlkit:vision-interfaces:16.3.0] AndroidManifest.xml:5:5-44
Merging library manifest C:\Users\Administrator\.gradle\caches\9.1.0\transforms\c2db80701a048696116e10ad9a93814b\workspace\transformed\play-services-tasks-18.2.0\AndroidManifest.xml
Merging manifest with lower [com.google.android.gms:play-services-tasks:18.2.0] AndroidManifest.xml:2:1-5:12
uses-sdk defined in both files...
Merging uses-sdk with lower [com.google.android.gms:play-services-tasks:18.2.0] AndroidManifest.xml:3:5-44
application defined in both files...
Merging application with lower [com.google.android.gms:play-services-tasks:18.2.0] AndroidManifest.xml:4:5-20
Merging library manifest C:\Users\Administrator\.gradle\caches\9.1.0\transforms\035aeae9628e9646e2f7e0c7b20346d1\workspace\transformed\play-services-basement-18.4.0\AndroidManifest.xml
Merging manifest with lower [com.google.android.gms:play-services-basement:18.4.0] AndroidManifest.xml:2:1-9:12
uses-sdk defined in both files...
Merging uses-sdk with lower [com.google.android.gms:play-services-basement:18.4.0] AndroidManifest.xml:3:5-44
application defined in both files...
Merging application with lower [com.google.android.gms:play-services-basement:18.4.0] AndroidManifest.xml:5:5-7:19
Adopted [meta-data: null]
Merging library manifest D:\riklast\rik原作\rikkahub-master\rikkahub-1.9\document\build\intermediates\merged_manifest\debug\processDebugManifest\AndroidManifest.xml
Merging manifest with lower [:document] AndroidManifest.xml:2:1-7:12
uses-sdk defined in both files...
Merging uses-sdk with lower [:document] AndroidManifest.xml:5:5-44
Merging library manifest D:\riklast\rik原作\rikkahub-master\rikkahub-1.9\common\build\intermediates\merged_manifest\debug\processDebugManifest\AndroidManifest.xml
Merging manifest with lower [:common] AndroidManifest.xml:2:1-7:12
uses-sdk defined in both files...
Merging uses-sdk with lower [:common] AndroidManifest.xml:5:5-44
Merging library manifest C:\Users\Administrator\.gradle\caches\9.1.0\transforms\536c6e639909964822022bf08a2ca525\workspace\transformed\material-1.13.0\AndroidManifest.xml
Merging manifest with lower [com.google.android.material:material:1.13.0] AndroidManifest.xml:17:1-24:12
uses-sdk defined in both files...
Merging uses-sdk with lower [com.google.android.material:material:1.13.0] AndroidManifest.xml:20:5-44
application defined in both files...
Merging application with lower [com.google.android.material:material:1.13.0] AndroidManifest.xml:22:5-20
Merging library manifest C:\Users\Administrator\.gradle\caches\9.1.0\transforms\6a30a08350a053a89a69eac7bbbec2c0\workspace\transformed\floatingx-compose-2.3.7\AndroidManifest.xml
Merging manifest with lower [io.github.petterpx:floatingx-compose:2.3.7] AndroidManifest.xml:2:1-7:12
uses-sdk defined in both files...
Merging uses-sdk with lower [io.github.petterpx:floatingx-compose:2.3.7] AndroidManifest.xml:5:5-44
Merging library manifest C:\Users\Administrator\.gradle\caches\9.1.0\transforms\d4bbdabd831671d06517558ceffe56cb\workspace\transformed\floatingx-2.3.7\AndroidManifest.xml
Merging manifest with lower [io.github.petterpx:floatingx:2.3.7] AndroidManifest.xml:2:1-15:12
uses-sdk defined in both files...
Merging uses-sdk with lower [io.github.petterpx:floatingx:2.3.7] AndroidManifest.xml:5:5-44
application defined in both files...
Merging application with lower [io.github.petterpx:floatingx:2.3.7] AndroidManifest.xml:7:5-13:19
Adopted [provider: null]
Merging library manifest C:\Users\Administrator\.gradle\caches\9.1.0\transforms\2a36ec0137a2394d827c6f219847acb7\workspace\transformed\coil-svg-release\AndroidManifest.xml
Merging manifest with lower [io.coil-kt.coil3:coil-svg-android:3.3.0] AndroidManifest.xml:2:1-7:12
uses-sdk defined in both files...
Merging uses-sdk with lower [io.coil-kt.coil3:coil-svg-android:3.3.0] AndroidManifest.xml:5:5-44
Merging library manifest C:\Users\Administrator\.gradle\caches\9.1.0\transforms\cb47b15f34df0b3f33b76d3bcbb98a71\workspace\transformed\coil-release\AndroidManifest.xml
Merging manifest with lower [io.coil-kt.coil3:coil-android:3.3.0] AndroidManifest.xml:2:1-7:12
uses-sdk defined in both files...
Merging uses-sdk with lower [io.coil-kt.coil3:coil-android:3.3.0] AndroidManifest.xml:5:5-44
Merging library manifest C:\Users\Administrator\.gradle\caches\9.1.0\transforms\0d2f01839065710a81273d758f894bff\workspace\transformed\coil-network-core-release\AndroidManifest.xml
Merging manifest with lower [io.coil-kt.coil3:coil-network-core-android:3.3.0] AndroidManifest.xml:2:1-7:12
uses-sdk defined in both files...
Merging uses-sdk with lower [io.coil-kt.coil3:coil-network-core-android:3.3.0] AndroidManifest.xml:5:5-44
Merging library manifest C:\Users\Administrator\.gradle\caches\9.1.0\transforms\c198be742a88b4233d9c122e79f7cd97\workspace\transformed\coil-core-release\AndroidManifest.xml
Merging manifest with lower [io.coil-kt.coil3:coil-core-android:3.3.0] AndroidManifest.xml:2:1-7:12
uses-sdk defined in both files...
Merging uses-sdk with lower [io.coil-kt.coil3:coil-core-android:3.3.0] AndroidManifest.xml:5:5-44
Merging library manifest C:\Users\Administrator\.gradle\caches\9.1.0\transforms\113f8b1948e4a7e220ad4e5bcf90aa08\workspace\transformed\appcompat-resources-1.7.1\AndroidManifest.xml
Merging manifest with lower [androidx.appcompat:appcompat-resources:1.7.1] AndroidManifest.xml:2:1-7:12
uses-sdk defined in both files...
Merging uses-sdk with lower [androidx.appcompat:appcompat-resources:1.7.1] AndroidManifest.xml:5:5-44
Merging library manifest C:\Users\Administrator\.gradle\caches\9.1.0\transforms\65e9c62730740b211199175fc94bd187\workspace\transformed\constraintlayout-2.1.0\AndroidManifest.xml
Merging manifest with lower [androidx.constraintlayout:constraintlayout:2.1.0] AndroidManifest.xml:2:1-11:12
uses-sdk defined in both files...
Merging uses-sdk with lower [androidx.constraintlayout:constraintlayout:2.1.0] AndroidManifest.xml:5:5-7:41
application defined in both files...
Merging application with lower [androidx.constraintlayout:constraintlayout:2.1.0] AndroidManifest.xml:9:5-20
Merging library manifest C:\Users\Administrator\.gradle\caches\9.1.0\transforms\a4576632f5f5f4b56b365f6d6bc92364\workspace\transformed\appcompat-1.7.1\AndroidManifest.xml
Merging manifest with lower [androidx.appcompat:appcompat:1.7.1] AndroidManifest.xml:2:1-7:12
uses-sdk defined in both files...
Merging uses-sdk with lower [androidx.appcompat:appcompat:1.7.1] AndroidManifest.xml:5:5-44
Merging library manifest C:\Users\Administrator\.gradle\caches\9.1.0\transforms\69906ac1c1fafeb35fe55f7856413b44\workspace\transformed\media3-ui-1.9.1\AndroidManifest.xml
Merging manifest with lower [androidx.media3:media3-ui:1.9.1] AndroidManifest.xml:17:1-22:12
uses-sdk defined in both files...
Merging uses-sdk with lower [androidx.media3:media3-ui:1.9.1] AndroidManifest.xml:20:5-44
Merging library manifest C:\Users\Administrator\.gradle\caches\9.1.0\transforms\004d72850532af5fe6d6a39c3193e067\workspace\transformed\media3-extractor-1.9.1\AndroidManifest.xml
Merging manifest with lower [androidx.media3:media3-extractor:1.9.1] AndroidManifest.xml:17:1-22:12
uses-sdk defined in both files...
Merging uses-sdk with lower [androidx.media3:media3-extractor:1.9.1] AndroidManifest.xml:20:5-44
Merging library manifest C:\Users\Administrator\.gradle\caches\9.1.0\transforms\a48f71a1cf155226c900a60ae9e0d465\workspace\transformed\media3-container-1.9.1\AndroidManifest.xml
Merging manifest with lower [androidx.media3:media3-container:1.9.1] AndroidManifest.xml:17:1-22:12
uses-sdk defined in both files...
Merging uses-sdk with lower [androidx.media3:media3-container:1.9.1] AndroidManifest.xml:20:5-44
Merging library manifest C:\Users\Administrator\.gradle\caches\9.1.0\transforms\d026d0910c09fdfd90bc6ea70563219a\workspace\transformed\media3-datasource-1.9.1\AndroidManifest.xml
Merging manifest with lower [androidx.media3:media3-datasource:1.9.1] AndroidManifest.xml:17:1-22:12
uses-sdk defined in both files...
Merging uses-sdk with lower [androidx.media3:media3-datasource:1.9.1] AndroidManifest.xml:20:5-44
Merging library manifest C:\Users\Administrator\.gradle\caches\9.1.0\transforms\51042b189de38100d235256a07d0912d\workspace\transformed\media3-decoder-1.9.1\AndroidManifest.xml
Merging manifest with lower [androidx.media3:media3-decoder:1.9.1] AndroidManifest.xml:17:1-22:12
uses-sdk defined in both files...
Merging uses-sdk with lower [androidx.media3:media3-decoder:1.9.1] AndroidManifest.xml:20:5-44
Merging library manifest C:\Users\Administrator\.gradle\caches\9.1.0\transforms\198a717e2070ef79d129b9142dfcc159\workspace\transformed\media3-database-1.9.1\AndroidManifest.xml
Merging manifest with lower [androidx.media3:media3-database:1.9.1] AndroidManifest.xml:17:1-22:12
uses-sdk defined in both files...
Merging uses-sdk with lower [androidx.media3:media3-database:1.9.1] AndroidManifest.xml:20:5-44
Merging library manifest C:\Users\Administrator\.gradle\caches\9.1.0\transforms\47177e24ab1b741d1c09272e0c748ea9\workspace\transformed\media3-common-1.9.1\AndroidManifest.xml
Merging manifest with lower [androidx.media3:media3-common:1.9.1] AndroidManifest.xml:17:1-24:12
uses-sdk defined in both files...
Merging uses-sdk with lower [androidx.media3:media3-common:1.9.1] AndroidManifest.xml:20:5-44
uses-permission#android.permission.ACCESS_NETWORK_STATE defined in both files...
Merging uses-permission#android.permission.ACCESS_NETWORK_STATE with lower [androidx.media3:media3-common:1.9.1] AndroidManifest.xml:22:5-79
Merging library manifest C:\Users\Administrator\.gradle\caches\9.1.0\transforms\b2cb5384a13dcdc027d495e808a1098a\workspace\transformed\media3-exoplayer-1.9.1\AndroidManifest.xml
Merging manifest with lower [androidx.media3:media3-exoplayer:1.9.1] AndroidManifest.xml:17:1-25:12
uses-sdk defined in both files...
Merging uses-sdk with lower [androidx.media3:media3-exoplayer:1.9.1] AndroidManifest.xml:20:5-44
uses-permission#android.permission.ACCESS_NETWORK_STATE defined in both files...
Merging uses-permission#android.permission.ACCESS_NETWORK_STATE with lower [androidx.media3:media3-exoplayer:1.9.1] AndroidManifest.xml:22:5-79
uses-permission#android.permission.WAKE_LOCK defined in both files...
Merging uses-permission#android.permission.WAKE_LOCK with lower [androidx.media3:media3-exoplayer:1.9.1] AndroidManifest.xml:23:5-68
Merging library manifest C:\Users\Administrator\.gradle\caches\9.1.0\transforms\91f648d55f8fe104c576a7f9bec7fe4c\workspace\transformed\drawerlayout-1.1.1\AndroidManifest.xml
Merging manifest with lower [androidx.drawerlayout:drawerlayout:1.1.1] AndroidManifest.xml:17:1-24:12
uses-sdk defined in both files...
Merging uses-sdk with lower [androidx.drawerlayout:drawerlayout:1.1.1] AndroidManifest.xml:20:5-22:41
Merging library manifest C:\Users\Administrator\.gradle\caches\9.1.0\transforms\cb32d46e0cc996e0f4963e40103f7a06\workspace\transformed\coordinatorlayout-1.1.0\AndroidManifest.xml
Merging manifest with lower [androidx.coordinatorlayout:coordinatorlayout:1.1.0] AndroidManifest.xml:17:1-24:12
uses-sdk defined in both files...
Merging uses-sdk with lower [androidx.coordinatorlayout:coordinatorlayout:1.1.0] AndroidManifest.xml:20:5-22:41
Merging library manifest C:\Users\Administrator\.gradle\caches\9.1.0\transforms\f6f6ec3460a0478b52cd118250fa57b3\workspace\transformed\transition-1.6.0\AndroidManifest.xml
Merging manifest with lower [androidx.transition:transition:1.6.0] AndroidManifest.xml:2:1-7:12
uses-sdk defined in both files...
Merging uses-sdk with lower [androidx.transition:transition:1.6.0] AndroidManifest.xml:5:5-44
Merging library manifest C:\Users\Administrator\.gradle\caches\9.1.0\transforms\b06855b7cbe61dd803b4c4a2c13003e2\workspace\transformed\dynamicanimation-1.1.0\AndroidManifest.xml
Merging manifest with lower [androidx.dynamicanimation:dynamicanimation:1.1.0] AndroidManifest.xml:2:1-7:12
uses-sdk defined in both files...
Merging uses-sdk with lower [androidx.dynamicanimation:dynamicanimation:1.1.0] AndroidManifest.xml:5:5-44
Merging library manifest C:\Users\Administrator\.gradle\caches\9.1.0\transforms\b6ce4f20c02526453c17c046eba59063\workspace\transformed\vectordrawable-animated-1.1.0\AndroidManifest.xml
Merging manifest with lower [androidx.vectordrawable:vectordrawable-animated:1.1.0] AndroidManifest.xml:17:1-24:12
uses-sdk defined in both files...
Merging uses-sdk with lower [androidx.vectordrawable:vectordrawable-animated:1.1.0] AndroidManifest.xml:20:5-22:41
Merging library manifest C:\Users\Administrator\.gradle\caches\9.1.0\transforms\b922e12c52fff3310c7a9be5b18e18d6\workspace\transformed\vectordrawable-1.1.0\AndroidManifest.xml
Merging manifest with lower [androidx.vectordrawable:vectordrawable:1.1.0] AndroidManifest.xml:17:1-24:12
uses-sdk defined in both files...
Merging uses-sdk with lower [androidx.vectordrawable:vectordrawable:1.1.0] AndroidManifest.xml:20:5-22:41
Merging library manifest C:\Users\Administrator\.gradle\caches\9.1.0\transforms\2c151f849897498bf2a2dd2322ed02a0\workspace\transformed\viewpager2-1.0.0\AndroidManifest.xml
Merging manifest with lower [androidx.viewpager2:viewpager2:1.0.0] AndroidManifest.xml:17:1-24:12
uses-sdk defined in both files...
Merging uses-sdk with lower [androidx.viewpager2:viewpager2:1.0.0] AndroidManifest.xml:20:5-22:41
Merging library manifest C:\Users\Administrator\.gradle\caches\9.1.0\transforms\37d83db6442a7d4ec88109db9a60cdd4\workspace\transformed\recyclerview-1.3.0\AndroidManifest.xml
Merging manifest with lower [androidx.recyclerview:recyclerview:1.3.0] AndroidManifest.xml:17:1-22:12
uses-sdk defined in both files...
Merging uses-sdk with lower [androidx.recyclerview:recyclerview:1.3.0] AndroidManifest.xml:20:5-44
Merging library manifest C:\Users\Administrator\.gradle\caches\9.1.0\transforms\f2602aea5c9e2e41c8c5e3e3ac0410c6\workspace\transformed\window-core\AndroidManifest.xml
Merging manifest with lower [androidx.window:window-core-android:1.5.0] AndroidManifest.xml:2:1-7:12
uses-sdk defined in both files...
Merging uses-sdk with lower [androidx.window:window-core-android:1.5.0] AndroidManifest.xml:5:5-44
Merging library manifest C:\Users\Administrator\.gradle\caches\9.1.0\transforms\76dac4180062ad38d004b0737ba254e8\workspace\transformed\window-1.5.0\AndroidManifest.xml
Merging manifest with lower [androidx.window:window:1.5.0] AndroidManifest.xml:17:1-31:12
uses-sdk defined in both files...
Merging uses-sdk with lower [androidx.window:window:1.5.0] AndroidManifest.xml:20:5-44
application defined in both files...
Merging application with lower [androidx.window:window:1.5.0] AndroidManifest.xml:22:5-29:19
Adopted [uses-library: null]
Adopted [uses-library: null]
Merging library manifest C:\Users\Administrator\.gradle\caches\9.1.0\transforms\4b0d4eecc7fc90e52d3d50113ebc1449\workspace\transformed\autofill-1.0.0\AndroidManifest.xml
Merging manifest with lower [androidx.autofill:autofill:1.0.0] AndroidManifest.xml:17:1-24:12
uses-sdk defined in both files...
Merging uses-sdk with lower [androidx.autofill:autofill:1.0.0] AndroidManifest.xml:20:5-22:41
Merging library manifest C:\Users\Administrator\.gradle\caches\9.1.0\transforms\2a22e406898df8fdb09c9148d4e20d94\workspace\transformed\graphics-path-1.0.1\AndroidManifest.xml
Merging manifest with lower [androidx.graphics:graphics-path:1.0.1] AndroidManifest.xml:2:1-7:12
uses-sdk defined in both files...
Merging uses-sdk with lower [androidx.graphics:graphics-path:1.0.1] AndroidManifest.xml:5:5-44
Merging library manifest C:\Users\Administrator\.gradle\caches\9.1.0\transforms\dba72a5c984a7c76d488ae584702541d\workspace\transformed\fragment-ktx-1.8.9\AndroidManifest.xml
Merging manifest with lower [androidx.fragment:fragment-ktx:1.8.9] AndroidManifest.xml:2:1-7:12
uses-sdk defined in both files...
Merging uses-sdk with lower [androidx.fragment:fragment-ktx:1.8.9] AndroidManifest.xml:5:5-44
Merging library manifest C:\Users\Administrator\.gradle\caches\9.1.0\transforms\d3f5b2ca11273962cfeac704e75380e1\workspace\transformed\fragment-1.8.9\AndroidManifest.xml
Merging manifest with lower [androidx.fragment:fragment:1.8.9] AndroidManifest.xml:2:1-7:12
uses-sdk defined in both files...
Merging uses-sdk with lower [androidx.fragment:fragment:1.8.9] AndroidManifest.xml:5:5-44
Merging library manifest C:\Users\Administrator\.gradle\caches\9.1.0\transforms\a25a62ee63b9b47cafc02f727164067e\workspace\transformed\viewpager-1.0.0\AndroidManifest.xml
Merging manifest with lower [androidx.viewpager:viewpager:1.0.0] AndroidManifest.xml:17:1-22:12
uses-sdk defined in both files...
Merging uses-sdk with lower [androidx.viewpager:viewpager:1.0.0] AndroidManifest.xml:20:5-44
Merging library manifest C:\Users\Administrator\.gradle\caches\9.1.0\transforms\0b5b6dcad86174c41ad7e0b0918c1969\workspace\transformed\customview-1.1.0\AndroidManifest.xml
Merging manifest with lower [androidx.customview:customview:1.1.0] AndroidManifest.xml:17:1-24:12
uses-sdk defined in both files...
Merging uses-sdk with lower [androidx.customview:customview:1.1.0] AndroidManifest.xml:20:5-22:41
Merging library manifest C:\Users\Administrator\.gradle\caches\9.1.0\transforms\1e9e018b2feec6fb749c28d9c4b43fe2\workspace\transformed\emoji2-views-helper-1.4.0\AndroidManifest.xml
Merging manifest with lower [androidx.emoji2:emoji2-views-helper:1.4.0] AndroidManifest.xml:2:1-7:12
uses-sdk defined in both files...
Merging uses-sdk with lower [androidx.emoji2:emoji2-views-helper:1.4.0] AndroidManifest.xml:5:5-44
Merging library manifest C:\Users\Administrator\.gradle\caches\9.1.0\transforms\4c8ba4d4f8f6ceba9c5d900de8c1ff3e\workspace\transformed\emoji2-1.4.0\AndroidManifest.xml
Merging manifest with lower [androidx.emoji2:emoji2:1.4.0] AndroidManifest.xml:17:1-35:12
uses-sdk defined in both files...
Merging uses-sdk with lower [androidx.emoji2:emoji2:1.4.0] AndroidManifest.xml:21:5-44
application defined in both files...
Merging application with lower [androidx.emoji2:emoji2:1.4.0] AndroidManifest.xml:23:5-33:19
provider#androidx.startup.InitializationProvider defined in both files...
Merging provider#androidx.startup.InitializationProvider with lower [androidx.emoji2:emoji2:1.4.0] AndroidManifest.xml:24:9-32:20
Adopted [meta-data: null]
Merging library manifest C:\Users\Administrator\.gradle\caches\9.1.0\transforms\cad78a6fb136f01e5a6f0ee424d84c13\workspace\transformed\loader-1.0.0\AndroidManifest.xml
Merging manifest with lower [androidx.loader:loader:1.0.0] AndroidManifest.xml:17:1-22:12
uses-sdk defined in both files...
Merging uses-sdk with lower [androidx.loader:loader:1.0.0] AndroidManifest.xml:20:5-44
Merging library manifest C:\Users\Administrator\.gradle\caches\9.1.0\transforms\cff52b7e1b746f96d3f71f3135e26fd4\workspace\transformed\core-1.17.0\AndroidManifest.xml
Merging manifest with lower [androidx.core:core:1.17.0] AndroidManifest.xml:17:1-30:12
uses-sdk defined in both files...
Merging uses-sdk with lower [androidx.core:core:1.17.0] AndroidManifest.xml:20:5-44
Adopted [permission: null]
Adopted [uses-permission: null]
application defined in both files...
Merging application with lower [androidx.core:core:1.17.0] AndroidManifest.xml:28:5-89
Merging library manifest C:\Users\Administrator\.gradle\caches\9.1.0\transforms\fd5454e0e60bc7946dfdab397b6039dc\workspace\transformed\koin-core-viewmodel-release\AndroidManifest.xml
Merging manifest with lower [io.insert-koin:koin-core-viewmodel-android:4.1.1] AndroidManifest.xml:2:1-7:12
uses-sdk defined in both files...
Merging uses-sdk with lower [io.insert-koin:koin-core-viewmodel-android:4.1.1] AndroidManifest.xml:5:5-44
Merging library manifest C:\Users\Administrator\.gradle\caches\9.1.0\transforms\fe1b75d0aa8222868c69aa9af731e0b1\workspace\transformed\lifecycle-viewmodel-savedstate\AndroidManifest.xml
Merging manifest with lower [androidx.lifecycle:lifecycle-viewmodel-savedstate-android:2.10.0] AndroidManifest.xml:17:1-22:12
uses-sdk defined in both files...
Merging uses-sdk with lower [androidx.lifecycle:lifecycle-viewmodel-savedstate-android:2.10.0] AndroidManifest.xml:20:5-44
Merging library manifest C:\Users\Administrator\.gradle\caches\9.1.0\transforms\84061cff2066f9c90cb029be83259ab3\workspace\transformed\lifecycle-livedata-core-ktx-2.10.0\AndroidManifest.xml
Merging manifest with lower [androidx.lifecycle:lifecycle-livedata-core-ktx:2.10.0] AndroidManifest.xml:2:1-7:12
uses-sdk defined in both files...
Merging uses-sdk with lower [androidx.lifecycle:lifecycle-livedata-core-ktx:2.10.0] AndroidManifest.xml:5:5-44
Merging library manifest C:\Users\Administrator\.gradle\caches\9.1.0\transforms\d6a74c2105399c914207465ce2ea8b11\workspace\transformed\lifecycle-viewmodel-2.10.0\AndroidManifest.xml
Merging manifest with lower [androidx.lifecycle:lifecycle-viewmodel:2.10.0] AndroidManifest.xml:2:1-5:12
uses-sdk defined in both files...
Merging uses-sdk with lower [androidx.lifecycle:lifecycle-viewmodel:2.10.0] AndroidManifest.xml:4:5-43
Merging library manifest C:\Users\Administrator\.gradle\caches\9.1.0\transforms\c9bf7496c002301ed454653e73ce7f1c\workspace\transformed\lifecycle-viewmodel\AndroidManifest.xml
Merging manifest with lower [androidx.lifecycle:lifecycle-viewmodel-android:2.10.0] AndroidManifest.xml:17:1-22:12
uses-sdk defined in both files...
Merging uses-sdk with lower [androidx.lifecycle:lifecycle-viewmodel-android:2.10.0] AndroidManifest.xml:20:5-44
Merging library manifest C:\Users\Administrator\.gradle\caches\9.1.0\transforms\420132b3f3317b903a7bed7ff1d7dcc3\workspace\transformed\runtime-retain\AndroidManifest.xml
Merging manifest with lower [androidx.compose.runtime:runtime-retain-android:1.10.2] AndroidManifest.xml:2:1-7:12
uses-sdk defined in both files...
Merging uses-sdk with lower [androidx.compose.runtime:runtime-retain-android:1.10.2] AndroidManifest.xml:5:5-44
Merging library manifest C:\Users\Administrator\.gradle\caches\9.1.0\transforms\87414e576102b98eaee19cd646814298\workspace\transformed\runtime-annotation\AndroidManifest.xml
Merging manifest with lower [androidx.compose.runtime:runtime-annotation-android:1.10.2] AndroidManifest.xml:2:1-7:12
uses-sdk defined in both files...
Merging uses-sdk with lower [androidx.compose.runtime:runtime-annotation-android:1.10.2] AndroidManifest.xml:5:5-44
Merging library manifest C:\Users\Administrator\.gradle\caches\9.1.0\transforms\7d627bb2c7bb54863f1da2d1ab90cf29\workspace\transformed\activity-ktx-1.12.3\AndroidManifest.xml
Merging manifest with lower [androidx.activity:activity-ktx:1.12.3] AndroidManifest.xml:2:1-7:12
uses-sdk defined in both files...
Merging uses-sdk with lower [androidx.activity:activity-ktx:1.12.3] AndroidManifest.xml:5:5-44
Merging library manifest C:\Users\Administrator\.gradle\caches\9.1.0\transforms\c51b78d2fa4bc370a496d118bf23596a\workspace\transformed\savedstate-ktx-1.4.0\AndroidManifest.xml
Merging manifest with lower [androidx.savedstate:savedstate-ktx:1.4.0] AndroidManifest.xml:2:1-7:12
uses-sdk defined in both files...
Merging uses-sdk with lower [androidx.savedstate:savedstate-ktx:1.4.0] AndroidManifest.xml:5:5-44
Merging library manifest C:\Users\Administrator\.gradle\caches\9.1.0\transforms\91f5edfd00f13435ef0683e6daf69d40\workspace\transformed\savedstate\AndroidManifest.xml
Merging manifest with lower [androidx.savedstate:savedstate-android:1.4.0] AndroidManifest.xml:17:1-22:12
uses-sdk defined in both files...
Merging uses-sdk with lower [androidx.savedstate:savedstate-android:1.4.0] AndroidManifest.xml:20:5-44
Merging library manifest C:\Users\Administrator\.gradle\caches\9.1.0\transforms\243a2c67a570d370b8401afd6e2c2bcb\workspace\transformed\savedstate-compose\AndroidManifest.xml
Merging manifest with lower [androidx.savedstate:savedstate-compose-android:1.4.0] AndroidManifest.xml:2:1-7:12
uses-sdk defined in both files...
Merging uses-sdk with lower [androidx.savedstate:savedstate-compose-android:1.4.0] AndroidManifest.xml:5:5-44
Merging library manifest C:\Users\Administrator\.gradle\caches\9.1.0\transforms\3aa2a9f8dac90485c5c44680fd5c9297\workspace\transformed\runtime\AndroidManifest.xml
Merging manifest with lower [androidx.compose.runtime:runtime-android:1.10.2] AndroidManifest.xml:2:1-7:12
uses-sdk defined in both files...
Merging uses-sdk with lower [androidx.compose.runtime:runtime-android:1.10.2] AndroidManifest.xml:5:5-44
Merging library manifest C:\Users\Administrator\.gradle\caches\9.1.0\transforms\434dfd3209177ddbe9ea4912cced6c07\workspace\transformed\runtime-saveable\AndroidManifest.xml
Merging manifest with lower [androidx.compose.runtime:runtime-saveable-android:1.10.2] AndroidManifest.xml:2:1-7:12
uses-sdk defined in both files...
Merging uses-sdk with lower [androidx.compose.runtime:runtime-saveable-android:1.10.2] AndroidManifest.xml:5:5-44
Merging library manifest C:\Users\Administrator\.gradle\caches\9.1.0\transforms\fb3893252bd082627dd29bb32fa8996d\workspace\transformed\lifecycle-runtime-compose\AndroidManifest.xml
Merging manifest with lower [androidx.lifecycle:lifecycle-runtime-compose-android:2.10.0] AndroidManifest.xml:2:1-7:12
uses-sdk defined in both files...
Merging uses-sdk with lower [androidx.lifecycle:lifecycle-runtime-compose-android:2.10.0] AndroidManifest.xml:5:5-44
Merging library manifest C:\Users\Administrator\.gradle\caches\9.1.0\transforms\8dcffa21a8ebe204beff3fedfb569ecb\workspace\transformed\lifecycle-service-2.10.0\AndroidManifest.xml
Merging manifest with lower [androidx.lifecycle:lifecycle-service:2.10.0] AndroidManifest.xml:2:1-7:12
uses-sdk defined in both files...
Merging uses-sdk with lower [androidx.lifecycle:lifecycle-service:2.10.0] AndroidManifest.xml:5:5-44
Merging library manifest C:\Users\Administrator\.gradle\caches\9.1.0\transforms\711ef82287761adcb450f040b5b27ca4\workspace\transformed\lifecycle-runtime\AndroidManifest.xml
Merging manifest with lower [androidx.lifecycle:lifecycle-runtime-android:2.10.0] AndroidManifest.xml:17:1-22:12
uses-sdk defined in both files...
Merging uses-sdk with lower [androidx.lifecycle:lifecycle-runtime-android:2.10.0] AndroidManifest.xml:20:5-44
Merging library manifest C:\Users\Administrator\.gradle\caches\9.1.0\transforms\199971d4a00f045bbedef2326f94452f\workspace\transformed\lifecycle-viewmodel-ktx-2.10.0\AndroidManifest.xml
Merging manifest with lower [androidx.lifecycle:lifecycle-viewmodel-ktx:2.10.0] AndroidManifest.xml:2:1-7:12
uses-sdk defined in both files...
Merging uses-sdk with lower [androidx.lifecycle:lifecycle-viewmodel-ktx:2.10.0] AndroidManifest.xml:5:5-44
Merging library manifest C:\Users\Administrator\.gradle\caches\9.1.0\transforms\c7a2b681aec5f6e86d9ec279e9889080\workspace\transformed\lifecycle-livedata-ktx-2.10.0\AndroidManifest.xml
Merging manifest with lower [androidx.lifecycle:lifecycle-livedata-ktx:2.10.0] AndroidManifest.xml:2:1-7:12
uses-sdk defined in both files...
Merging uses-sdk with lower [androidx.lifecycle:lifecycle-livedata-ktx:2.10.0] AndroidManifest.xml:5:5-44
Merging library manifest C:\Users\Administrator\.gradle\caches\9.1.0\transforms\c5b70ce8a16b657f8ebb6e5a6008cb43\workspace\transformed\lifecycle-livedata-core-2.10.0\AndroidManifest.xml
Merging manifest with lower [androidx.lifecycle:lifecycle-livedata-core:2.10.0] AndroidManifest.xml:17:1-22:12
uses-sdk defined in both files...
Merging uses-sdk with lower [androidx.lifecycle:lifecycle-livedata-core:2.10.0] AndroidManifest.xml:20:5-44
Merging library manifest C:\Users\Administrator\.gradle\caches\9.1.0\transforms\f2b965c71a564db102de0411a24fdd62\workspace\transformed\lifecycle-livedata-2.10.0\AndroidManifest.xml
Merging manifest with lower [androidx.lifecycle:lifecycle-livedata:2.10.0] AndroidManifest.xml:17:1-22:12
uses-sdk defined in both files...
Merging uses-sdk with lower [androidx.lifecycle:lifecycle-livedata:2.10.0] AndroidManifest.xml:20:5-44
Merging library manifest C:\Users\Administrator\.gradle\caches\9.1.0\transforms\4c8ad3b1c2331d8307ee77c5c5d2968c\workspace\transformed\lifecycle-process-2.10.0\AndroidManifest.xml
Merging manifest with lower [androidx.lifecycle:lifecycle-process:2.10.0] AndroidManifest.xml:17:1-35:12
uses-sdk defined in both files...
Merging uses-sdk with lower [androidx.lifecycle:lifecycle-process:2.10.0] AndroidManifest.xml:21:5-44
application defined in both files...
Merging application with lower [androidx.lifecycle:lifecycle-process:2.10.0] AndroidManifest.xml:23:5-33:19
provider#androidx.startup.InitializationProvider defined in both files...
Merging provider#androidx.startup.InitializationProvider with lower [androidx.lifecycle:lifecycle-process:2.10.0] AndroidManifest.xml:24:9-32:20
Adopted [meta-data: null]
Merging library manifest C:\Users\Administrator\.gradle\caches\9.1.0\transforms\f387eb3a6b3946c37dcb58565b34bd94\workspace\transformed\lifecycle-runtime-ktx\AndroidManifest.xml
Merging manifest with lower [androidx.lifecycle:lifecycle-runtime-ktx-android:2.10.0] AndroidManifest.xml:2:1-7:12
uses-sdk defined in both files...
Merging uses-sdk with lower [androidx.lifecycle:lifecycle-runtime-ktx-android:2.10.0] AndroidManifest.xml:5:5-44
Merging library manifest C:\Users\Administrator\.gradle\caches\9.1.0\transforms\85a1e39d2a63525f7e5ffa34c6fbc325\workspace\transformed\lifecycle-viewmodel-compose\AndroidManifest.xml
Merging manifest with lower [androidx.lifecycle:lifecycle-viewmodel-compose-android:2.10.0] AndroidManifest.xml:2:1-7:12
uses-sdk defined in both files...
Merging uses-sdk with lower [androidx.lifecycle:lifecycle-viewmodel-compose-android:2.10.0] AndroidManifest.xml:5:5-44
Merging library manifest C:\Users\Administrator\.gradle\caches\9.1.0\transforms\58bf7cef2bf2cf2c8cfe56b388a50e3f\workspace\transformed\accompanist-drawablepainter-0.37.3\AndroidManifest.xml
Merging manifest with lower [com.google.accompanist:accompanist-drawablepainter:0.37.3] AndroidManifest.xml:17:1-23:12
uses-sdk defined in both files...
Merging uses-sdk with lower [com.google.accompanist:accompanist-drawablepainter:0.37.3] AndroidManifest.xml:21:5-44
Merging library manifest C:\Users\Administrator\.gradle\caches\9.1.0\transforms\03abf01737d5db936812bc187db3777f\workspace\transformed\ui\AndroidManifest.xml
Merging manifest with lower [androidx.compose.ui:ui-android:1.10.2] AndroidManifest.xml:2:1-7:12
uses-sdk defined in both files...
Merging uses-sdk with lower [androidx.compose.ui:ui-android:1.10.2] AndroidManifest.xml:5:5-44
Merging library manifest C:\Users\Administrator\.gradle\caches\9.1.0\transforms\c801ae5d24022223f520e24ae94e823b\workspace\transformed\ui-test-manifest-1.10.2\AndroidManifest.xml
Merging manifest with lower [androidx.compose.ui:ui-test-manifest:1.10.2] AndroidManifest.xml:17:1-29:12
uses-sdk defined in both files...
Merging uses-sdk with lower [androidx.compose.ui:ui-test-manifest:1.10.2] AndroidManifest.xml:20:5-44
application defined in both files...
Merging application with lower [androidx.compose.ui:ui-test-manifest:1.10.2] AndroidManifest.xml:22:5-27:19
Adopted [activity: null]
Merging library manifest C:\Users\Administrator\.gradle\caches\9.1.0\transforms\49e2e946b404c750a6fda815da347c6b\workspace\transformed\activity-1.12.3\AndroidManifest.xml
Merging manifest with lower [androidx.activity:activity:1.12.3] AndroidManifest.xml:17:1-22:12
uses-sdk defined in both files...
Merging uses-sdk with lower [androidx.activity:activity:1.12.3] AndroidManifest.xml:20:5-44
Merging library manifest C:\Users\Administrator\.gradle\caches\9.1.0\transforms\4d59830b45e8ad319b636dfd35548c13\workspace\transformed\activity-compose-1.12.3\AndroidManifest.xml
Merging manifest with lower [androidx.activity:activity-compose:1.12.3] AndroidManifest.xml:2:1-7:12
uses-sdk defined in both files...
Merging uses-sdk with lower [androidx.activity:activity-compose:1.12.3] AndroidManifest.xml:5:5-44
Merging library manifest C:\Users\Administrator\.gradle\caches\9.1.0\transforms\6bb200d024a79aeac0d9da215c32bc1e\workspace\transformed\graphics-shapes-release\AndroidManifest.xml
Merging manifest with lower [androidx.graphics:graphics-shapes-android:1.0.1] AndroidManifest.xml:2:1-7:12
uses-sdk defined in both files...
Merging uses-sdk with lower [androidx.graphics:graphics-shapes-android:1.0.1] AndroidManifest.xml:5:5-44
Merging library manifest C:\Users\Administrator\.gradle\caches\9.1.0\transforms\06692a97b22f6532dd9f9984374d7203\workspace\transformed\customview-poolingcontainer-1.0.0\AndroidManifest.xml
Merging manifest with lower [androidx.customview:customview-poolingcontainer:1.0.0] AndroidManifest.xml:17:1-23:12
uses-sdk defined in both files...
Merging uses-sdk with lower [androidx.customview:customview-poolingcontainer:1.0.0] AndroidManifest.xml:20:5-21:38
Merging library manifest C:\Users\Administrator\.gradle\caches\9.1.0\transforms\8a488554a8ebed13b0c37a210ed8c9cb\workspace\transformed\core-ktx-1.17.0\AndroidManifest.xml
Merging manifest with lower [androidx.core:core-ktx:1.17.0] AndroidManifest.xml:2:1-7:12
uses-sdk defined in both files...
Merging uses-sdk with lower [androidx.core:core-ktx:1.17.0] AndroidManifest.xml:5:5-44
Merging library manifest C:\Users\Administrator\.gradle\caches\9.1.0\transforms\02d8277f946d7cae3bb93f37660e5dff\workspace\transformed\jlatexmath-1.3\AndroidManifest.xml
Merging manifest with lower [com.github.rikkahub.jlatexmath-android:jlatexmath:1.3] AndroidManifest.xml:2:1-14:12
uses-sdk defined in both files...
Merging uses-sdk with lower [com.github.rikkahub.jlatexmath-android:jlatexmath:1.3] AndroidManifest.xml:5:5-44
application defined in both files...
Merging application with lower [com.github.rikkahub.jlatexmath-android:jlatexmath:1.3] AndroidManifest.xml:7:5-12:19
Adopted [provider: null]
Merging library manifest C:\Users\Administrator\.gradle\caches\9.1.0\transforms\a643e1a13d754e63cbf2e69dc9796a4b\workspace\transformed\jlatexmath-font-greek-1.3\AndroidManifest.xml
Merging manifest with lower [com.github.rikkahub.jlatexmath-android:jlatexmath-font-greek:1.3] AndroidManifest.xml:2:1-7:12
uses-sdk defined in both files...
Merging uses-sdk with lower [com.github.rikkahub.jlatexmath-android:jlatexmath-font-greek:1.3] AndroidManifest.xml:5:5-44
Merging library manifest C:\Users\Administrator\.gradle\caches\9.1.0\transforms\131fd364d212ed4a79098b5a80a06cf3\workspace\transformed\jlatexmath-font-cyrillic-1.3\AndroidManifest.xml
Merging manifest with lower [com.github.rikkahub.jlatexmath-android:jlatexmath-font-cyrillic:1.3] AndroidManifest.xml:2:1-7:12
uses-sdk defined in both files...
Merging uses-sdk with lower [com.github.rikkahub.jlatexmath-android:jlatexmath-font-cyrillic:1.3] AndroidManifest.xml:5:5-44
Merging library manifest C:\Users\Administrator\.gradle\caches\9.1.0\transforms\d31503b97d72ab353269f4be8ad8af0b\workspace\transformed\datastore-core\AndroidManifest.xml
Merging manifest with lower [androidx.datastore:datastore-core-android:1.2.0] AndroidManifest.xml:2:1-7:12
uses-sdk defined in both files...
Merging uses-sdk with lower [androidx.datastore:datastore-core-android:1.2.0] AndroidManifest.xml:5:5-44
Merging library manifest C:\Users\Administrator\.gradle\caches\9.1.0\transforms\5f7f51a66862218340272113c333c305\workspace\transformed\datastore-preferences-core\AndroidManifest.xml
Merging manifest with lower [androidx.datastore:datastore-preferences-core-android:1.2.0] AndroidManifest.xml:2:1-7:12
uses-sdk defined in both files...
Merging uses-sdk with lower [androidx.datastore:datastore-preferences-core-android:1.2.0] AndroidManifest.xml:5:5-44
Merging library manifest C:\Users\Administrator\.gradle\caches\9.1.0\transforms\8661e4607edb3f6d697c7a78cbdb2602\workspace\transformed\datastore\AndroidManifest.xml
Merging manifest with lower [androidx.datastore:datastore-android:1.2.0] AndroidManifest.xml:17:1-22:12
uses-sdk defined in both files...
Merging uses-sdk with lower [androidx.datastore:datastore-android:1.2.0] AndroidManifest.xml:20:5-44
Merging library manifest C:\Users\Administrator\.gradle\caches\9.1.0\transforms\8ee233e49218b61a17c5c69226df2658\workspace\transformed\datastore-preferences\AndroidManifest.xml
Merging manifest with lower [androidx.datastore:datastore-preferences-android:1.2.0] AndroidManifest.xml:17:1-22:12
uses-sdk defined in both files...
Merging uses-sdk with lower [androidx.datastore:datastore-preferences-android:1.2.0] AndroidManifest.xml:20:5-44
Merging library manifest C:\Users\Administrator\.gradle\caches\9.1.0\transforms\8dfc55bc7d5d72e3dc9edd502e3e45e4\workspace\transformed\okhttp-release\AndroidManifest.xml
Merging manifest with lower [com.squareup.okhttp3:okhttp-android:5.3.2] AndroidManifest.xml:2:1-22:12
uses-sdk defined in both files...
Merging uses-sdk with lower [com.squareup.okhttp3:okhttp-android:5.3.2] AndroidManifest.xml:6:5-44
uses-permission#android.permission.INTERNET defined in both files...
Merging uses-permission#android.permission.INTERNET with lower [com.squareup.okhttp3:okhttp-android:5.3.2] AndroidManifest.xml:8:5-67
application defined in both files...
Merging application with lower [com.squareup.okhttp3:okhttp-android:5.3.2] AndroidManifest.xml:10:5-20:19
provider#androidx.startup.InitializationProvider defined in both files...
Merging provider#androidx.startup.InitializationProvider with lower [com.squareup.okhttp3:okhttp-android:5.3.2] AndroidManifest.xml:11:9-19:20
Adopted [meta-data: null]
Merging library manifest C:\Users\Administrator\.gradle\caches\9.1.0\transforms\a2fcc74176dfd363840b904d8b412955\workspace\transformed\core-viewtree-1.0.0\AndroidManifest.xml
Merging manifest with lower [androidx.core:core-viewtree:1.0.0] AndroidManifest.xml:2:1-7:12
uses-sdk defined in both files...
Merging uses-sdk with lower [androidx.core:core-viewtree:1.0.0] AndroidManifest.xml:5:5-44
Merging library manifest C:\Users\Administrator\.gradle\caches\9.1.0\transforms\e08dd9836c413c5c6ab593047806f2f3\workspace\transformed\profileinstaller-1.4.1\AndroidManifest.xml
Merging manifest with lower [androidx.profileinstaller:profileinstaller:1.4.1] AndroidManifest.xml:17:1-55:12
uses-sdk defined in both files...
Merging uses-sdk with lower [androidx.profileinstaller:profileinstaller:1.4.1] AndroidManifest.xml:21:5-44
application defined in both files...
Merging application with lower [androidx.profileinstaller:profileinstaller:1.4.1] AndroidManifest.xml:23:5-53:19
provider#androidx.startup.InitializationProvider defined in both files...
Merging provider#androidx.startup.InitializationProvider with lower [androidx.profileinstaller:profileinstaller:1.4.1] AndroidManifest.xml:24:9-32:20
Adopted [meta-data: null]
Adopted [receiver: null]
Merging library manifest C:\Users\Administrator\.gradle\caches\9.1.0\transforms\ee6b2b1867cd2679634d249bfbb68de5\workspace\transformed\interpolator-1.0.0\AndroidManifest.xml
Merging manifest with lower [androidx.interpolator:interpolator:1.0.0] AndroidManifest.xml:17:1-22:12
uses-sdk defined in both files...
Merging uses-sdk with lower [androidx.interpolator:interpolator:1.0.0] AndroidManifest.xml:20:5-44
Merging library manifest C:\Users\Administrator\.gradle\caches\9.1.0\transforms\0a935973b14211a80eba275f314a64a3\workspace\transformed\viewbinding-8.10.0\AndroidManifest.xml
Merging manifest with lower [androidx.databinding:viewbinding:8.10.0] AndroidManifest.xml:2:1-7:12
uses-sdk defined in both files...
Merging uses-sdk with lower [androidx.databinding:viewbinding:8.10.0] AndroidManifest.xml:5:5-44
Merging library manifest C:\Users\Administrator\.gradle\caches\9.1.0\transforms\838c08107c95cd854bcf938ac1c566e4\workspace\transformed\exifinterface-1.4.2\AndroidManifest.xml
Merging manifest with lower [androidx.exifinterface:exifinterface:1.4.2] AndroidManifest.xml:2:1-7:12
uses-sdk defined in both files...
Merging uses-sdk with lower [androidx.exifinterface:exifinterface:1.4.2] AndroidManifest.xml:5:5-44
Merging library manifest C:\Users\Administrator\.gradle\caches\9.1.0\transforms\73ec6473357be81e8c313e849c29b93f\workspace\transformed\tracing-ktx-1.2.0\AndroidManifest.xml
Merging manifest with lower [androidx.tracing:tracing-ktx:1.2.0] AndroidManifest.xml:17:1-22:12
uses-sdk defined in both files...
Merging uses-sdk with lower [androidx.tracing:tracing-ktx:1.2.0] AndroidManifest.xml:20:5-44
Merging library manifest C:\Users\Administrator\.gradle\caches\9.1.0\transforms\b7b3ffefa4f6ad4c61c89c1043fa3e65\workspace\transformed\startup-runtime-1.2.0\AndroidManifest.xml
Merging manifest with lower [androidx.startup:startup-runtime:1.2.0] AndroidManifest.xml:17:1-31:12
uses-sdk defined in both files...
Merging uses-sdk with lower [androidx.startup:startup-runtime:1.2.0] AndroidManifest.xml:21:5-44
application defined in both files...
Merging application with lower [androidx.startup:startup-runtime:1.2.0] AndroidManifest.xml:23:5-29:19
provider#androidx.startup.InitializationProvider defined in both files...
Merging provider#androidx.startup.InitializationProvider with lower [androidx.startup:startup-runtime:1.2.0] AndroidManifest.xml:24:9-28:34
Merging library manifest C:\Users\Administrator\.gradle\caches\9.1.0\transforms\02b2c6ce4a2038e96c17b8805cc3ce92\workspace\transformed\tracing-1.2.0\AndroidManifest.xml
Merging manifest with lower [androidx.tracing:tracing:1.2.0] AndroidManifest.xml:17:1-22:12
uses-sdk defined in both files...
Merging uses-sdk with lower [androidx.tracing:tracing:1.2.0] AndroidManifest.xml:20:5-44
Merging library manifest C:\Users\Administrator\.gradle\caches\9.1.0\transforms\e06419133ef61b7112a44e2a246ce5e0\workspace\transformed\versionedparcelable-1.1.1\AndroidManifest.xml
Merging manifest with lower [androidx.versionedparcelable:versionedparcelable:1.1.1] AndroidManifest.xml:17:1-27:12
uses-sdk defined in both files...
Merging uses-sdk with lower [androidx.versionedparcelable:versionedparcelable:1.1.1] AndroidManifest.xml:20:5-22:41
application defined in both files...
Merging application with lower [androidx.versionedparcelable:versionedparcelable:1.1.1] AndroidManifest.xml:24:5-25:19
Merging library manifest C:\Users\Administrator\.gradle\caches\9.1.0\transforms\f3fee578cb5e217649d3748ff42bf4ea\workspace\transformed\transport-backend-cct-2.3.3\AndroidManifest.xml
Merging manifest with lower [com.google.android.datatransport:transport-backend-cct:2.3.3] AndroidManifest.xml:15:1-38:12
uses-sdk defined in both files...
Merging uses-sdk with lower [com.google.android.datatransport:transport-backend-cct:2.3.3] AndroidManifest.xml:19:5-21:41
uses-permission#android.permission.ACCESS_NETWORK_STATE defined in both files...
Merging uses-permission#android.permission.ACCESS_NETWORK_STATE with lower [com.google.android.datatransport:transport-backend-cct:2.3.3] AndroidManifest.xml:25:5-79
uses-permission#android.permission.INTERNET defined in both files...
Merging uses-permission#android.permission.INTERNET with lower [com.google.android.datatransport:transport-backend-cct:2.3.3] AndroidManifest.xml:26:5-67
application defined in both files...
Merging application with lower [com.google.android.datatransport:transport-backend-cct:2.3.3] AndroidManifest.xml:28:5-36:19
Adopted [service: null]
Merging library manifest C:\Users\Administrator\.gradle\caches\9.1.0\transforms\2881978e1a769e64e8408d98e492c949\workspace\transformed\transport-runtime-2.2.6\AndroidManifest.xml
Merging manifest with lower [com.google.android.datatransport:transport-runtime:2.2.6] AndroidManifest.xml:15:1-41:12
uses-sdk defined in both files...
Merging uses-sdk with lower [com.google.android.datatransport:transport-runtime:2.2.6] AndroidManifest.xml:18:5-20:41
uses-permission#android.permission.ACCESS_NETWORK_STATE defined in both files...
Merging uses-permission#android.permission.ACCESS_NETWORK_STATE with lower [com.google.android.datatransport:transport-runtime:2.2.6] AndroidManifest.xml:22:5-79
application defined in both files...
Merging application with lower [com.google.android.datatransport:transport-runtime:2.2.6] AndroidManifest.xml:25:5-39:19
Adopted [service: null]
Adopted [receiver: null]
service#com.google.android.datatransport.runtime.backends.TransportBackendDiscovery defined in both files...
Merging service#com.google.android.datatransport.runtime.backends.TransportBackendDiscovery with lower [com.google.android.datatransport:transport-runtime:2.2.6] AndroidManifest.xml:36:9-38:40
Merging library manifest C:\Users\Administrator\.gradle\caches\9.1.0\transforms\9bec8f60c497c07770f8d07d5df77fba\workspace\transformed\transport-api-2.2.1\AndroidManifest.xml
Merging manifest with lower [com.google.android.datatransport:transport-api:2.2.1] AndroidManifest.xml:15:1-22:12
uses-sdk defined in both files...
Merging uses-sdk with lower [com.google.android.datatransport:transport-api:2.2.1] AndroidManifest.xml:18:5-20:41
Merging library manifest C:\Users\Administrator\.gradle\caches\9.1.0\transforms\b5045955e29405fc5d33649074ec0ff8\workspace\transformed\firebase-components-16.1.0\AndroidManifest.xml
Merging manifest with lower [com.google.firebase:firebase-components:16.1.0] AndroidManifest.xml:15:1-23:12
uses-sdk defined in both files...
Merging uses-sdk with lower [com.google.firebase:firebase-components:16.1.0] AndroidManifest.xml:19:5-21:41
Merging library manifest C:\Users\Administrator\.gradle\caches\9.1.0\transforms\303c89dd597f8da52d96179d0d8a531a\workspace\transformed\firebase-encoders-json-17.1.0\AndroidManifest.xml
Merging manifest with lower [com.google.firebase:firebase-encoders-json:17.1.0] AndroidManifest.xml:15:1-23:12
uses-sdk defined in both files...
Merging uses-sdk with lower [com.google.firebase:firebase-encoders-json:17.1.0] AndroidManifest.xml:19:5-21:41
Merging library manifest C:\Users\Administrator\.gradle\caches\9.1.0\transforms\1b9d861a875202837b67f19fdd6f6453\workspace\transformed\core-runtime-2.2.0\AndroidManifest.xml
Merging manifest with lower [androidx.arch.core:core-runtime:2.2.0] AndroidManifest.xml:17:1-22:12
uses-sdk defined in both files...
Merging uses-sdk with lower [androidx.arch.core:core-runtime:2.2.0] AndroidManifest.xml:20:5-44
Merging library manifest C:\Users\Administrator\.gradle\caches\9.1.0\transforms\99bd4719fa6d02c97ec5cd5b3a40d08d\workspace\transformed\featurecombinationquery-1.5.3\AndroidManifest.xml
Merging manifest with lower [androidx.camera.featurecombinationquery:featurecombinationquery:1.5.3] AndroidManifest.xml:2:1-7:12
uses-sdk defined in both files...
Merging uses-sdk with lower [androidx.camera.featurecombinationquery:featurecombinationquery:1.5.3] AndroidManifest.xml:5:5-44
Merging library manifest C:\Users\Administrator\.gradle\caches\9.1.0\transforms\8c6a0ad1de43ef7e84a3fa55dbc09f4b\workspace\transformed\cursoradapter-1.0.0\AndroidManifest.xml
Merging manifest with lower [androidx.cursoradapter:cursoradapter:1.0.0] AndroidManifest.xml:17:1-22:12
uses-sdk defined in both files...
Merging uses-sdk with lower [androidx.cursoradapter:cursoradapter:1.0.0] AndroidManifest.xml:20:5-44
Merging library manifest C:\Users\Administrator\.gradle\caches\9.1.0\transforms\49b7fcfb254da62a97c268def78782b4\workspace\transformed\cardview-1.0.0\AndroidManifest.xml
Merging manifest with lower [androidx.cardview:cardview:1.0.0] AndroidManifest.xml:17:1-22:12
uses-sdk defined in both files...
Merging uses-sdk with lower [androidx.cardview:cardview:1.0.0] AndroidManifest.xml:20:5-44
Merging library manifest C:\Users\Administrator\.gradle\caches\9.1.0\transforms\2be8d68d29a7434cec960db66e06799f\workspace\transformed\sqlite-framework\AndroidManifest.xml
Merging manifest with lower [androidx.sqlite:sqlite-framework-android:2.6.2] AndroidManifest.xml:17:1-22:12
uses-sdk defined in both files...
Merging uses-sdk with lower [androidx.sqlite:sqlite-framework-android:2.6.2] AndroidManifest.xml:20:5-44
Merging library manifest C:\Users\Administrator\.gradle\caches\9.1.0\transforms\3642376ab505db1219ce64d411d72c25\workspace\transformed\sqlite\AndroidManifest.xml
Merging manifest with lower [androidx.sqlite:sqlite-android:2.6.2] AndroidManifest.xml:17:1-22:12
uses-sdk defined in both files...
Merging uses-sdk with lower [androidx.sqlite:sqlite-android:2.6.2] AndroidManifest.xml:20:5-44
Merging library manifest C:\Users\Administrator\.gradle\caches\9.1.0\transforms\66629ea252635f4c6f2da5d8a04ee43a\workspace\transformed\annotation-experimental-1.5.1\AndroidManifest.xml
Merging manifest with lower [androidx.annotation:annotation-experimental:1.5.1] AndroidManifest.xml:2:1-7:12
uses-sdk defined in both files...
Merging uses-sdk with lower [androidx.annotation:annotation-experimental:1.5.1] AndroidManifest.xml:5:5-44
Merging library manifest C:\Users\Administrator\.gradle\caches\9.1.0\transforms\a1f224e0870a3ffb670d1ea0c51fc387\workspace\transformed\kotlin-logging-debug\AndroidManifest.xml
Merging manifest with lower [io.github.oshai:kotlin-logging-android-debug:7.0.14] AndroidManifest.xml:2:1-7:12
uses-sdk defined in both files...
Merging uses-sdk with lower [io.github.oshai:kotlin-logging-android-debug:7.0.14] AndroidManifest.xml:5:5-44
Merging library manifest C:\Users\Administrator\.gradle\caches\9.1.0\transforms\44d1c29f04ba4dab0cd27a6063a501ea\workspace\transformed\ucrop-2.2.11-native\AndroidManifest.xml
Merging manifest with lower [com.github.yalantis:ucrop:2.2.11-native] AndroidManifest.xml:2:1-7:12
uses-sdk defined in both files...
Merging uses-sdk with lower [com.github.yalantis:ucrop:2.2.11-native] AndroidManifest.xml:5:5-44
Merging library manifest C:\Users\Administrator\.gradle\caches\9.1.0\transforms\055e1e407e6adebc39cf0027e501e419\workspace\transformed\wrapper-android-3.2.3\AndroidManifest.xml
Merging manifest with lower [wang.harlon.quickjs:wrapper-android:3.2.3] AndroidManifest.xml:2:1-7:12
uses-sdk defined in both files...
Merging uses-sdk with lower [wang.harlon.quickjs:wrapper-android:3.2.3] AndroidManifest.xml:5:5-44
Merging library manifest C:\Users\Administrator\.gradle\caches\9.1.0\transforms\2af0f48eaffe776df3c4ae5ff716dbe6\workspace\transformed\androidsvg-aar-1.4\AndroidManifest.xml
Merging manifest with lower [com.caverock:androidsvg-aar:1.4] AndroidManifest.xml:2:1-11:12
uses-sdk defined in both files...
Merging uses-sdk with lower [com.caverock:androidsvg-aar:1.4] AndroidManifest.xml:7:5-9:41
Merging library manifest C:\Users\Administrator\.gradle\caches\9.1.0\transforms\99d23adac03c95b7b85c9fe985fe376e\workspace\transformed\image-1.0.0-beta1\AndroidManifest.xml
Merging manifest with lower [com.google.android.odml:image:1.0.0-beta1] AndroidManifest.xml:2:1-9:12
uses-sdk defined in both files...
Merging uses-sdk with lower [com.google.android.odml:image:1.0.0-beta1] AndroidManifest.xml:5:5-44
application defined in both files...
Merging application with lower [com.google.android.odml:image:1.0.0-beta1] AndroidManifest.xml:7:5-20
Merging result: SUCCESS
1<?xml version="1.0" encoding="utf-8"?>
2<manifest xmlns:android="http://schemas.android.com/apk/res/android"
3    package="me.rerere.rikkahub.debug"
4    android:versionCode="135"
5    android:versionName="1.9.0-beta.1" >
6
7    <uses-sdk
8        android:minSdkVersion="26"
9        android:targetSdkVersion="28" />
10
11    <uses-permission android:name="android.permission.INTERNET" />
11-->D:\riklast\rik原作\rikkahub-master\rikkahub-1.9\app\src\main\AndroidManifest.xml:5:3-65
11-->D:\riklast\rik原作\rikkahub-master\rikkahub-1.9\app\src\main\AndroidManifest.xml:5:20-62
12    <uses-permission android:name="android.permission.CAMERA" />
12-->D:\riklast\rik原作\rikkahub-master\rikkahub-1.9\app\src\main\AndroidManifest.xml:6:3-63
12-->D:\riklast\rik原作\rikkahub-master\rikkahub-1.9\app\src\main\AndroidManifest.xml:6:20-60
13    <uses-permission android:name="android.permission.POST_NOTIFICATIONS" />
13-->D:\riklast\rik原作\rikkahub-master\rikkahub-1.9\app\src\main\AndroidManifest.xml:7:3-75
13-->D:\riklast\rik原作\rikkahub-master\rikkahub-1.9\app\src\main\AndroidManifest.xml:7:20-72
14    <uses-permission android:name="android.permission.POST_PROMOTED_NOTIFICATIONS" />
14-->D:\riklast\rik原作\rikkahub-master\rikkahub-1.9\app\src\main\AndroidManifest.xml:8:3-84
14-->D:\riklast\rik原作\rikkahub-master\rikkahub-1.9\app\src\main\AndroidManifest.xml:8:20-81
15    <uses-permission android:name="android.permission.FOREGROUND_SERVICE" />
15-->D:\riklast\rik原作\rikkahub-master\rikkahub-1.9\app\src\main\AndroidManifest.xml:9:3-75
15-->D:\riklast\rik原作\rikkahub-master\rikkahub-1.9\app\src\main\AndroidManifest.xml:9:20-72
16    <uses-permission android:name="android.permission.FOREGROUND_SERVICE_DATA_SYNC" />
16-->D:\riklast\rik原作\rikkahub-master\rikkahub-1.9\app\src\main\AndroidManifest.xml:10:3-85
16-->D:\riklast\rik原作\rikkahub-master\rikkahub-1.9\app\src\main\AndroidManifest.xml:10:20-82
17    <uses-permission android:name="android.permission.WAKE_LOCK" />
17-->D:\riklast\rik原作\rikkahub-master\rikkahub-1.9\app\src\main\AndroidManifest.xml:11:3-66
17-->D:\riklast\rik原作\rikkahub-master\rikkahub-1.9\app\src\main\AndroidManifest.xml:11:20-63
18    <uses-permission android:name="android.permission.REQUEST_IGNORE_BATTERY_OPTIMIZATIONS" />
18-->D:\riklast\rik原作\rikkahub-master\rikkahub-1.9\app\src\main\AndroidManifest.xml:12:3-93
18-->D:\riklast\rik原作\rikkahub-master\rikkahub-1.9\app\src\main\AndroidManifest.xml:12:20-90
19
20    <uses-feature
20-->D:\riklast\rik原作\rikkahub-master\rikkahub-1.9\app\src\main\AndroidManifest.xml:14:3-16:32
21        android:name="android.hardware.camera"
21-->D:\riklast\rik原作\rikkahub-master\rikkahub-1.9\app\src\main\AndroidManifest.xml:15:5-43
22        android:required="false" />
22-->D:\riklast\rik原作\rikkahub-master\rikkahub-1.9\app\src\main\AndroidManifest.xml:16:5-29
23    <uses-feature
23-->D:\riklast\rik原作\rikkahub-master\rikkahub-1.9\app\src\main\AndroidManifest.xml:17:3-19:32
24        android:name="android.hardware.camera.autofocus"
24-->D:\riklast\rik原作\rikkahub-master\rikkahub-1.9\app\src\main\AndroidManifest.xml:18:5-53
25        android:required="false" />
25-->D:\riklast\rik原作\rikkahub-master\rikkahub-1.9\app\src\main\AndroidManifest.xml:19:5-29
26
27    <queries>
27-->D:\riklast\rik原作\rikkahub-master\rikkahub-1.9\app\src\main\AndroidManifest.xml:103:3-107:13
28        <intent>
28-->D:\riklast\rik原作\rikkahub-master\rikkahub-1.9\app\src\main\AndroidManifest.xml:104:5-106:14
29            <action android:name="android.intent.action.TTS_SERVICE" />
29-->D:\riklast\rik原作\rikkahub-master\rikkahub-1.9\app\src\main\AndroidManifest.xml:105:7-66
29-->D:\riklast\rik原作\rikkahub-master\rikkahub-1.9\app\src\main\AndroidManifest.xml:105:15-63
30        </intent>
31    </queries>
32
33    <uses-permission android:name="android.permission.ACCESS_NETWORK_STATE" />
33-->[androidx.work:work-runtime:2.11.0] C:\Users\Administrator\.gradle\caches\9.1.0\transforms\567551e0135846ecebecc073e0293881\workspace\transformed\work-runtime-2.11.0\AndroidManifest.xml:24:5-79
33-->[androidx.work:work-runtime:2.11.0] C:\Users\Administrator\.gradle\caches\9.1.0\transforms\567551e0135846ecebecc073e0293881\workspace\transformed\work-runtime-2.11.0\AndroidManifest.xml:24:22-76
34    <uses-permission android:name="android.permission.RECEIVE_BOOT_COMPLETED" />
34-->[androidx.work:work-runtime:2.11.0] C:\Users\Administrator\.gradle\caches\9.1.0\transforms\567551e0135846ecebecc073e0293881\workspace\transformed\work-runtime-2.11.0\AndroidManifest.xml:25:5-81
34-->[androidx.work:work-runtime:2.11.0] C:\Users\Administrator\.gradle\caches\9.1.0\transforms\567551e0135846ecebecc073e0293881\workspace\transformed\work-runtime-2.11.0\AndroidManifest.xml:25:22-78
35    <uses-permission android:name="android.permission.WRITE_EXTERNAL_STORAGE" />
36    <uses-permission android:name="android.permission.READ_PHONE_STATE" />
37    <uses-permission android:name="android.permission.READ_EXTERNAL_STORAGE" />
38
39    <permission
39-->[androidx.core:core:1.17.0] C:\Users\Administrator\.gradle\caches\9.1.0\transforms\cff52b7e1b746f96d3f71f3135e26fd4\workspace\transformed\core-1.17.0\AndroidManifest.xml:22:5-24:47
40        android:name="me.rerere.rikkahub.debug.DYNAMIC_RECEIVER_NOT_EXPORTED_PERMISSION"
40-->[androidx.core:core:1.17.0] C:\Users\Administrator\.gradle\caches\9.1.0\transforms\cff52b7e1b746f96d3f71f3135e26fd4\workspace\transformed\core-1.17.0\AndroidManifest.xml:23:9-81
41        android:protectionLevel="signature" />
41-->[androidx.core:core:1.17.0] C:\Users\Administrator\.gradle\caches\9.1.0\transforms\cff52b7e1b746f96d3f71f3135e26fd4\workspace\transformed\core-1.17.0\AndroidManifest.xml:24:9-44
42
43    <uses-permission android:name="me.rerere.rikkahub.debug.DYNAMIC_RECEIVER_NOT_EXPORTED_PERMISSION" />
43-->[androidx.core:core:1.17.0] C:\Users\Administrator\.gradle\caches\9.1.0\transforms\cff52b7e1b746f96d3f71f3135e26fd4\workspace\transformed\core-1.17.0\AndroidManifest.xml:26:5-97
43-->[androidx.core:core:1.17.0] C:\Users\Administrator\.gradle\caches\9.1.0\transforms\cff52b7e1b746f96d3f71f3135e26fd4\workspace\transformed\core-1.17.0\AndroidManifest.xml:26:22-94
44
45    <application
45-->D:\riklast\rik原作\rikkahub-master\rikkahub-1.9\app\src\main\AndroidManifest.xml:21:3-101:17
46        android:name="me.rerere.rikkahub.RikkaHubApp"
46-->D:\riklast\rik原作\rikkahub-master\rikkahub-1.9\app\src\main\AndroidManifest.xml:22:5-32
47        android:allowBackup="true"
47-->D:\riklast\rik原作\rikkahub-master\rikkahub-1.9\app\src\main\AndroidManifest.xml:23:5-31
48        android:appCategory="productivity"
48-->D:\riklast\rik原作\rikkahub-master\rikkahub-1.9\app\src\main\AndroidManifest.xml:24:5-39
49        android:appComponentFactory="androidx.core.app.CoreComponentFactory"
49-->[androidx.core:core:1.17.0] C:\Users\Administrator\.gradle\caches\9.1.0\transforms\cff52b7e1b746f96d3f71f3135e26fd4\workspace\transformed\core-1.17.0\AndroidManifest.xml:28:18-86
50        android:dataExtractionRules="@xml/data_extraction_rules"
50-->D:\riklast\rik原作\rikkahub-master\rikkahub-1.9\app\src\main\AndroidManifest.xml:25:5-61
51        android:debuggable="true"
52        android:enableOnBackInvokedCallback="true"
52-->D:\riklast\rik原作\rikkahub-master\rikkahub-1.9\app\src\main\AndroidManifest.xml:26:5-47
53        android:extractNativeLibs="false"
54        android:fullBackupContent="@xml/backup_rules"
54-->D:\riklast\rik原作\rikkahub-master\rikkahub-1.9\app\src\main\AndroidManifest.xml:27:5-50
55        android:icon="@mipmap/ic_launcher"
55-->D:\riklast\rik原作\rikkahub-master\rikkahub-1.9\app\src\main\AndroidManifest.xml:28:5-39
56        android:label="@string/app_name"
56-->D:\riklast\rik原作\rikkahub-master\rikkahub-1.9\app\src\main\AndroidManifest.xml:29:5-37
57        android:largeHeap="true"
57-->D:\riklast\rik原作\rikkahub-master\rikkahub-1.9\app\src\main\AndroidManifest.xml:30:5-29
58        android:localeConfig="@xml/_generated_res_locale_config"
59        android:supportsRtl="true"
59-->D:\riklast\rik原作\rikkahub-master\rikkahub-1.9\app\src\main\AndroidManifest.xml:31:5-31
60        android:theme="@style/Theme.Rikkahub"
60-->D:\riklast\rik原作\rikkahub-master\rikkahub-1.9\app\src\main\AndroidManifest.xml:32:5-42
61        android:usesCleartextTraffic="true" >
61-->D:\riklast\rik原作\rikkahub-master\rikkahub-1.9\app\src\main\AndroidManifest.xml:33:5-40
62        <activity
62-->D:\riklast\rik原作\rikkahub-master\rikkahub-1.9\app\src\main\AndroidManifest.xml:35:5-58:16
63            android:name="me.rerere.rikkahub.RouteActivity"
63-->D:\riklast\rik原作\rikkahub-master\rikkahub-1.9\app\src\main\AndroidManifest.xml:36:7-36
64            android:configChanges="keyboardHidden|orientation|screenSize"
64-->D:\riklast\rik原作\rikkahub-master\rikkahub-1.9\app\src\main\AndroidManifest.xml:37:7-68
65            android:exported="true"
65-->D:\riklast\rik原作\rikkahub-master\rikkahub-1.9\app\src\main\AndroidManifest.xml:38:7-30
66            android:theme="@style/Theme.Rikkahub"
66-->D:\riklast\rik原作\rikkahub-master\rikkahub-1.9\app\src\main\AndroidManifest.xml:39:7-44
67            android:windowSoftInputMode="adjustResize" >
67-->D:\riklast\rik原作\rikkahub-master\rikkahub-1.9\app\src\main\AndroidManifest.xml:40:7-49
68            <intent-filter>
68-->D:\riklast\rik原作\rikkahub-master\rikkahub-1.9\app\src\main\AndroidManifest.xml:41:7-44:23
69                <action android:name="android.intent.action.MAIN" />
69-->D:\riklast\rik原作\rikkahub-master\rikkahub-1.9\app\src\main\AndroidManifest.xml:42:9-61
69-->D:\riklast\rik原作\rikkahub-master\rikkahub-1.9\app\src\main\AndroidManifest.xml:42:17-58
70
71                <category android:name="android.intent.category.LAUNCHER" />
71-->D:\riklast\rik原作\rikkahub-master\rikkahub-1.9\app\src\main\AndroidManifest.xml:43:9-69
71-->D:\riklast\rik原作\rikkahub-master\rikkahub-1.9\app\src\main\AndroidManifest.xml:43:19-66
72            </intent-filter>
73            <intent-filter>
73-->D:\riklast\rik原作\rikkahub-master\rikkahub-1.9\app\src\main\AndroidManifest.xml:45:7-49:23
74                <action android:name="android.intent.action.SEND" />
74-->D:\riklast\rik原作\rikkahub-master\rikkahub-1.9\app\src\main\AndroidManifest.xml:46:9-61
74-->D:\riklast\rik原作\rikkahub-master\rikkahub-1.9\app\src\main\AndroidManifest.xml:46:17-58
75
76                <category android:name="android.intent.category.DEFAULT" />
76-->D:\riklast\rik原作\rikkahub-master\rikkahub-1.9\app\src\main\AndroidManifest.xml:47:9-68
76-->D:\riklast\rik原作\rikkahub-master\rikkahub-1.9\app\src\main\AndroidManifest.xml:47:19-65
77
78                <data android:mimeType="text/plain" />
78-->D:\riklast\rik原作\rikkahub-master\rikkahub-1.9\app\src\main\AndroidManifest.xml:48:9-47
78-->D:\riklast\rik原作\rikkahub-master\rikkahub-1.9\app\src\main\AndroidManifest.xml:48:15-44
79            </intent-filter>
80            <intent-filter>
80-->D:\riklast\rik原作\rikkahub-master\rikkahub-1.9\app\src\main\AndroidManifest.xml:50:7-54:23
81                <action android:name="android.intent.action.PROCESS_TEXT" />
81-->D:\riklast\rik原作\rikkahub-master\rikkahub-1.9\app\src\main\AndroidManifest.xml:51:9-69
81-->D:\riklast\rik原作\rikkahub-master\rikkahub-1.9\app\src\main\AndroidManifest.xml:51:17-66
82
83                <category android:name="android.intent.category.DEFAULT" />
83-->D:\riklast\rik原作\rikkahub-master\rikkahub-1.9\app\src\main\AndroidManifest.xml:47:9-68
83-->D:\riklast\rik原作\rikkahub-master\rikkahub-1.9\app\src\main\AndroidManifest.xml:47:19-65
84
85                <data android:mimeType="text/plain" />
85-->D:\riklast\rik原作\rikkahub-master\rikkahub-1.9\app\src\main\AndroidManifest.xml:48:9-47
85-->D:\riklast\rik原作\rikkahub-master\rikkahub-1.9\app\src\main\AndroidManifest.xml:48:15-44
86            </intent-filter>
87
88            <meta-data
88-->D:\riklast\rik原作\rikkahub-master\rikkahub-1.9\app\src\main\AndroidManifest.xml:55:7-57:47
89                android:name="android.app.shortcuts"
89-->D:\riklast\rik原作\rikkahub-master\rikkahub-1.9\app\src\main\AndroidManifest.xml:56:11-47
90                android:resource="@xml/shortcuts" />
90-->D:\riklast\rik原作\rikkahub-master\rikkahub-1.9\app\src\main\AndroidManifest.xml:57:11-44
91        </activity>
92        <activity
92-->D:\riklast\rik原作\rikkahub-master\rikkahub-1.9\app\src\main\AndroidManifest.xml:60:5-69:16
93            android:name="me.rerere.rikkahub.ui.activity.ShortcutHandlerActivity"
93-->D:\riklast\rik原作\rikkahub-master\rikkahub-1.9\app\src\main\AndroidManifest.xml:61:9-60
94            android:exported="true"
94-->D:\riklast\rik原作\rikkahub-master\rikkahub-1.9\app\src\main\AndroidManifest.xml:62:9-32
95            android:theme="@android:style/Theme.Translucent.NoTitleBar" >
95-->D:\riklast\rik原作\rikkahub-master\rikkahub-1.9\app\src\main\AndroidManifest.xml:63:9-68
96            <intent-filter>
96-->D:\riklast\rik原作\rikkahub-master\rikkahub-1.9\app\src\main\AndroidManifest.xml:64:9-68:25
97                <action android:name="android.intent.action.VIEW" />
97-->D:\riklast\rik原作\rikkahub-master\rikkahub-1.9\app\src\main\AndroidManifest.xml:65:13-65
97-->D:\riklast\rik原作\rikkahub-master\rikkahub-1.9\app\src\main\AndroidManifest.xml:65:21-62
98
99                <category android:name="android.intent.category.DEFAULT" />
99-->D:\riklast\rik原作\rikkahub-master\rikkahub-1.9\app\src\main\AndroidManifest.xml:47:9-68
99-->D:\riklast\rik原作\rikkahub-master\rikkahub-1.9\app\src\main\AndroidManifest.xml:47:19-65
100
101                <data
101-->D:\riklast\rik原作\rikkahub-master\rikkahub-1.9\app\src\main\AndroidManifest.xml:48:9-47
102                    android:host="shortcut"
102-->D:\riklast\rik原作\rikkahub-master\rikkahub-1.9\app\src\main\AndroidManifest.xml:67:45-68
103                    android:scheme="rikkahub" />
103-->D:\riklast\rik原作\rikkahub-master\rikkahub-1.9\app\src\main\AndroidManifest.xml:67:19-44
104            </intent-filter>
105        </activity>
106        <activity
106-->D:\riklast\rik原作\rikkahub-master\rikkahub-1.9\app\src\main\AndroidManifest.xml:71:5-73:65
107            android:name="com.yalantis.ucrop.UCropActivity"
107-->D:\riklast\rik原作\rikkahub-master\rikkahub-1.9\app\src\main\AndroidManifest.xml:72:7-54
108            android:theme="@style/Theme.AppCompat.Light.NoActionBar" />
108-->D:\riklast\rik原作\rikkahub-master\rikkahub-1.9\app\src\main\AndroidManifest.xml:73:7-63
109
110        <service
110-->D:\riklast\rik原作\rikkahub-master\rikkahub-1.9\app\src\main\AndroidManifest.xml:75:5-79:50
111            android:name="me.rerere.rikkahub.service.RikkaHubForegroundService"
111-->D:\riklast\rik原作\rikkahub-master\rikkahub-1.9\app\src\main\AndroidManifest.xml:76:7-56
112            android:enabled="true"
112-->D:\riklast\rik原作\rikkahub-master\rikkahub-1.9\app\src\main\AndroidManifest.xml:77:7-29
113            android:exported="false"
113-->D:\riklast\rik原作\rikkahub-master\rikkahub-1.9\app\src\main\AndroidManifest.xml:78:7-31
114            android:foregroundServiceType="dataSync" />
114-->D:\riklast\rik原作\rikkahub-master\rikkahub-1.9\app\src\main\AndroidManifest.xml:79:7-47
115
116        <provider
117            android:name="androidx.core.content.FileProvider"
117-->D:\riklast\rik原作\rikkahub-master\rikkahub-1.9\app\src\main\AndroidManifest.xml:82:7-56
118            android:authorities="me.rerere.rikkahub.debug.fileprovider"
118-->D:\riklast\rik原作\rikkahub-master\rikkahub-1.9\app\src\main\AndroidManifest.xml:83:7-58
119            android:exported="false"
119-->D:\riklast\rik原作\rikkahub-master\rikkahub-1.9\app\src\main\AndroidManifest.xml:84:7-31
120            android:grantUriPermissions="true" >
120-->D:\riklast\rik原作\rikkahub-master\rikkahub-1.9\app\src\main\AndroidManifest.xml:85:7-41
121            <meta-data
121-->D:\riklast\rik原作\rikkahub-master\rikkahub-1.9\app\src\main\AndroidManifest.xml:86:7-88:46
122                android:name="android.support.FILE_PROVIDER_PATHS"
122-->D:\riklast\rik原作\rikkahub-master\rikkahub-1.9\app\src\main\AndroidManifest.xml:87:9-59
123                android:resource="@xml/file_paths" />
123-->D:\riklast\rik原作\rikkahub-master\rikkahub-1.9\app\src\main\AndroidManifest.xml:88:9-43
124        </provider>
125        <provider
126            android:name="androidx.startup.InitializationProvider"
126-->D:\riklast\rik原作\rikkahub-master\rikkahub-1.9\app\src\main\AndroidManifest.xml:92:7-61
127            android:authorities="me.rerere.rikkahub.debug.androidx-startup"
127-->D:\riklast\rik原作\rikkahub-master\rikkahub-1.9\app\src\main\AndroidManifest.xml:93:7-62
128            android:exported="false" >
128-->D:\riklast\rik原作\rikkahub-master\rikkahub-1.9\app\src\main\AndroidManifest.xml:94:7-31
129            <meta-data
129-->[androidx.emoji2:emoji2:1.4.0] C:\Users\Administrator\.gradle\caches\9.1.0\transforms\4c8ba4d4f8f6ceba9c5d900de8c1ff3e\workspace\transformed\emoji2-1.4.0\AndroidManifest.xml:29:13-31:52
130                android:name="androidx.emoji2.text.EmojiCompatInitializer"
130-->[androidx.emoji2:emoji2:1.4.0] C:\Users\Administrator\.gradle\caches\9.1.0\transforms\4c8ba4d4f8f6ceba9c5d900de8c1ff3e\workspace\transformed\emoji2-1.4.0\AndroidManifest.xml:30:17-75
131                android:value="androidx.startup" />
131-->[androidx.emoji2:emoji2:1.4.0] C:\Users\Administrator\.gradle\caches\9.1.0\transforms\4c8ba4d4f8f6ceba9c5d900de8c1ff3e\workspace\transformed\emoji2-1.4.0\AndroidManifest.xml:31:17-49
132            <meta-data
132-->[androidx.lifecycle:lifecycle-process:2.10.0] C:\Users\Administrator\.gradle\caches\9.1.0\transforms\4c8ad3b1c2331d8307ee77c5c5d2968c\workspace\transformed\lifecycle-process-2.10.0\AndroidManifest.xml:29:13-31:52
133                android:name="androidx.lifecycle.ProcessLifecycleInitializer"
133-->[androidx.lifecycle:lifecycle-process:2.10.0] C:\Users\Administrator\.gradle\caches\9.1.0\transforms\4c8ad3b1c2331d8307ee77c5c5d2968c\workspace\transformed\lifecycle-process-2.10.0\AndroidManifest.xml:30:17-78
134                android:value="androidx.startup" />
134-->[androidx.lifecycle:lifecycle-process:2.10.0] C:\Users\Administrator\.gradle\caches\9.1.0\transforms\4c8ad3b1c2331d8307ee77c5c5d2968c\workspace\transformed\lifecycle-process-2.10.0\AndroidManifest.xml:31:17-49
135            <meta-data
135-->[com.squareup.okhttp3:okhttp-android:5.3.2] C:\Users\Administrator\.gradle\caches\9.1.0\transforms\8dfc55bc7d5d72e3dc9edd502e3e45e4\workspace\transformed\okhttp-release\AndroidManifest.xml:16:13-18:52
136                android:name="okhttp3.internal.platform.PlatformInitializer"
136-->[com.squareup.okhttp3:okhttp-android:5.3.2] C:\Users\Administrator\.gradle\caches\9.1.0\transforms\8dfc55bc7d5d72e3dc9edd502e3e45e4\workspace\transformed\okhttp-release\AndroidManifest.xml:17:17-77
137                android:value="androidx.startup" />
137-->[com.squareup.okhttp3:okhttp-android:5.3.2] C:\Users\Administrator\.gradle\caches\9.1.0\transforms\8dfc55bc7d5d72e3dc9edd502e3e45e4\workspace\transformed\okhttp-release\AndroidManifest.xml:18:17-49
138            <meta-data
138-->[androidx.profileinstaller:profileinstaller:1.4.1] C:\Users\Administrator\.gradle\caches\9.1.0\transforms\e08dd9836c413c5c6ab593047806f2f3\workspace\transformed\profileinstaller-1.4.1\AndroidManifest.xml:29:13-31:52
139                android:name="androidx.profileinstaller.ProfileInstallerInitializer"
139-->[androidx.profileinstaller:profileinstaller:1.4.1] C:\Users\Administrator\.gradle\caches\9.1.0\transforms\e08dd9836c413c5c6ab593047806f2f3\workspace\transformed\profileinstaller-1.4.1\AndroidManifest.xml:30:17-85
140                android:value="androidx.startup" />
140-->[androidx.profileinstaller:profileinstaller:1.4.1] C:\Users\Administrator\.gradle\caches\9.1.0\transforms\e08dd9836c413c5c6ab593047806f2f3\workspace\transformed\profileinstaller-1.4.1\AndroidManifest.xml:31:17-49
141        </provider>
142
143        <service
143-->[androidx.work:work-runtime:2.11.0] C:\Users\Administrator\.gradle\caches\9.1.0\transforms\567551e0135846ecebecc073e0293881\workspace\transformed\work-runtime-2.11.0\AndroidManifest.xml:39:9-45:35
144            android:name="androidx.work.impl.background.systemjob.SystemJobService"
144-->[androidx.work:work-runtime:2.11.0] C:\Users\Administrator\.gradle\caches\9.1.0\transforms\567551e0135846ecebecc073e0293881\workspace\transformed\work-runtime-2.11.0\AndroidManifest.xml:40:13-84
145            android:directBootAware="false"
145-->[androidx.work:work-runtime:2.11.0] C:\Users\Administrator\.gradle\caches\9.1.0\transforms\567551e0135846ecebecc073e0293881\workspace\transformed\work-runtime-2.11.0\AndroidManifest.xml:41:13-44
146            android:enabled="@bool/enable_system_job_service_default"
146-->[androidx.work:work-runtime:2.11.0] C:\Users\Administrator\.gradle\caches\9.1.0\transforms\567551e0135846ecebecc073e0293881\workspace\transformed\work-runtime-2.11.0\AndroidManifest.xml:42:13-70
147            android:exported="true"
147-->[androidx.work:work-runtime:2.11.0] C:\Users\Administrator\.gradle\caches\9.1.0\transforms\567551e0135846ecebecc073e0293881\workspace\transformed\work-runtime-2.11.0\AndroidManifest.xml:43:13-36
148            android:permission="android.permission.BIND_JOB_SERVICE" />
148-->[androidx.work:work-runtime:2.11.0] C:\Users\Administrator\.gradle\caches\9.1.0\transforms\567551e0135846ecebecc073e0293881\workspace\transformed\work-runtime-2.11.0\AndroidManifest.xml:44:13-69
149        <service
149-->[androidx.work:work-runtime:2.11.0] C:\Users\Administrator\.gradle\caches\9.1.0\transforms\567551e0135846ecebecc073e0293881\workspace\transformed\work-runtime-2.11.0\AndroidManifest.xml:46:9-52:35
150            android:name="androidx.work.impl.foreground.SystemForegroundService"
150-->[androidx.work:work-runtime:2.11.0] C:\Users\Administrator\.gradle\caches\9.1.0\transforms\567551e0135846ecebecc073e0293881\workspace\transformed\work-runtime-2.11.0\AndroidManifest.xml:47:13-81
151            android:directBootAware="false"
151-->[androidx.work:work-runtime:2.11.0] C:\Users\Administrator\.gradle\caches\9.1.0\transforms\567551e0135846ecebecc073e0293881\workspace\transformed\work-runtime-2.11.0\AndroidManifest.xml:48:13-44
152            android:enabled="@bool/enable_system_foreground_service_default"
152-->[androidx.work:work-runtime:2.11.0] C:\Users\Administrator\.gradle\caches\9.1.0\transforms\567551e0135846ecebecc073e0293881\workspace\transformed\work-runtime-2.11.0\AndroidManifest.xml:49:13-77
153            android:exported="false" />
153-->[androidx.work:work-runtime:2.11.0] C:\Users\Administrator\.gradle\caches\9.1.0\transforms\567551e0135846ecebecc073e0293881\workspace\transformed\work-runtime-2.11.0\AndroidManifest.xml:50:13-37
154
155        <receiver
155-->[androidx.work:work-runtime:2.11.0] C:\Users\Administrator\.gradle\caches\9.1.0\transforms\567551e0135846ecebecc073e0293881\workspace\transformed\work-runtime-2.11.0\AndroidManifest.xml:54:9-59:35
156            android:name="androidx.work.impl.utils.ForceStopRunnable$BroadcastReceiver"
156-->[androidx.work:work-runtime:2.11.0] C:\Users\Administrator\.gradle\caches\9.1.0\transforms\567551e0135846ecebecc073e0293881\workspace\transformed\work-runtime-2.11.0\AndroidManifest.xml:55:13-88
157            android:directBootAware="false"
157-->[androidx.work:work-runtime:2.11.0] C:\Users\Administrator\.gradle\caches\9.1.0\transforms\567551e0135846ecebecc073e0293881\workspace\transformed\work-runtime-2.11.0\AndroidManifest.xml:56:13-44
158            android:enabled="true"
158-->[androidx.work:work-runtime:2.11.0] C:\Users\Administrator\.gradle\caches\9.1.0\transforms\567551e0135846ecebecc073e0293881\workspace\transformed\work-runtime-2.11.0\AndroidManifest.xml:57:13-35
159            android:exported="false" />
159-->[androidx.work:work-runtime:2.11.0] C:\Users\Administrator\.gradle\caches\9.1.0\transforms\567551e0135846ecebecc073e0293881\workspace\transformed\work-runtime-2.11.0\AndroidManifest.xml:58:13-37
160        <receiver
160-->[androidx.work:work-runtime:2.11.0] C:\Users\Administrator\.gradle\caches\9.1.0\transforms\567551e0135846ecebecc073e0293881\workspace\transformed\work-runtime-2.11.0\AndroidManifest.xml:60:9-69:20
161            android:name="androidx.work.impl.background.systemalarm.RescheduleReceiver"
161-->[androidx.work:work-runtime:2.11.0] C:\Users\Administrator\.gradle\caches\9.1.0\transforms\567551e0135846ecebecc073e0293881\workspace\transformed\work-runtime-2.11.0\AndroidManifest.xml:61:13-88
162            android:directBootAware="false"
162-->[androidx.work:work-runtime:2.11.0] C:\Users\Administrator\.gradle\caches\9.1.0\transforms\567551e0135846ecebecc073e0293881\workspace\transformed\work-runtime-2.11.0\AndroidManifest.xml:62:13-44
163            android:enabled="false"
163-->[androidx.work:work-runtime:2.11.0] C:\Users\Administrator\.gradle\caches\9.1.0\transforms\567551e0135846ecebecc073e0293881\workspace\transformed\work-runtime-2.11.0\AndroidManifest.xml:63:13-36
164            android:exported="false" >
164-->[androidx.work:work-runtime:2.11.0] C:\Users\Administrator\.gradle\caches\9.1.0\transforms\567551e0135846ecebecc073e0293881\workspace\transformed\work-runtime-2.11.0\AndroidManifest.xml:64:13-37
165            <intent-filter>
165-->[androidx.work:work-runtime:2.11.0] C:\Users\Administrator\.gradle\caches\9.1.0\transforms\567551e0135846ecebecc073e0293881\workspace\transformed\work-runtime-2.11.0\AndroidManifest.xml:66:13-68:29
166                <action android:name="android.intent.action.BOOT_COMPLETED" />
166-->[androidx.work:work-runtime:2.11.0] C:\Users\Administrator\.gradle\caches\9.1.0\transforms\567551e0135846ecebecc073e0293881\workspace\transformed\work-runtime-2.11.0\AndroidManifest.xml:67:17-79
166-->[androidx.work:work-runtime:2.11.0] C:\Users\Administrator\.gradle\caches\9.1.0\transforms\567551e0135846ecebecc073e0293881\workspace\transformed\work-runtime-2.11.0\AndroidManifest.xml:67:25-76
167            </intent-filter>
168        </receiver>
169        <receiver
169-->[androidx.work:work-runtime:2.11.0] C:\Users\Administrator\.gradle\caches\9.1.0\transforms\567551e0135846ecebecc073e0293881\workspace\transformed\work-runtime-2.11.0\AndroidManifest.xml:70:9-80:20
170            android:name="androidx.work.impl.diagnostics.DiagnosticsReceiver"
170-->[androidx.work:work-runtime:2.11.0] C:\Users\Administrator\.gradle\caches\9.1.0\transforms\567551e0135846ecebecc073e0293881\workspace\transformed\work-runtime-2.11.0\AndroidManifest.xml:71:13-78
171            android:directBootAware="false"
171-->[androidx.work:work-runtime:2.11.0] C:\Users\Administrator\.gradle\caches\9.1.0\transforms\567551e0135846ecebecc073e0293881\workspace\transformed\work-runtime-2.11.0\AndroidManifest.xml:72:13-44
172            android:enabled="true"
172-->[androidx.work:work-runtime:2.11.0] C:\Users\Administrator\.gradle\caches\9.1.0\transforms\567551e0135846ecebecc073e0293881\workspace\transformed\work-runtime-2.11.0\AndroidManifest.xml:73:13-35
173            android:exported="true"
173-->[androidx.work:work-runtime:2.11.0] C:\Users\Administrator\.gradle\caches\9.1.0\transforms\567551e0135846ecebecc073e0293881\workspace\transformed\work-runtime-2.11.0\AndroidManifest.xml:74:13-36
174            android:permission="android.permission.DUMP" >
174-->[androidx.work:work-runtime:2.11.0] C:\Users\Administrator\.gradle\caches\9.1.0\transforms\567551e0135846ecebecc073e0293881\workspace\transformed\work-runtime-2.11.0\AndroidManifest.xml:75:13-57
175            <intent-filter>
175-->[androidx.work:work-runtime:2.11.0] C:\Users\Administrator\.gradle\caches\9.1.0\transforms\567551e0135846ecebecc073e0293881\workspace\transformed\work-runtime-2.11.0\AndroidManifest.xml:77:13-79:29
176                <action android:name="androidx.work.diagnostics.REQUEST_DIAGNOSTICS" />
176-->[androidx.work:work-runtime:2.11.0] C:\Users\Administrator\.gradle\caches\9.1.0\transforms\567551e0135846ecebecc073e0293881\workspace\transformed\work-runtime-2.11.0\AndroidManifest.xml:78:17-88
176-->[androidx.work:work-runtime:2.11.0] C:\Users\Administrator\.gradle\caches\9.1.0\transforms\567551e0135846ecebecc073e0293881\workspace\transformed\work-runtime-2.11.0\AndroidManifest.xml:78:25-85
177            </intent-filter>
178        </receiver>
179
180        <service
180-->[androidx.room:room-runtime-android:2.8.4] C:\Users\Administrator\.gradle\caches\9.1.0\transforms\681fe0653acaf7013bb5cbb793650c18\workspace\transformed\room-runtime\AndroidManifest.xml:24:9-28:63
181            android:name="androidx.room.MultiInstanceInvalidationService"
181-->[androidx.room:room-runtime-android:2.8.4] C:\Users\Administrator\.gradle\caches\9.1.0\transforms\681fe0653acaf7013bb5cbb793650c18\workspace\transformed\room-runtime\AndroidManifest.xml:25:13-74
182            android:directBootAware="true"
182-->[androidx.room:room-runtime-android:2.8.4] C:\Users\Administrator\.gradle\caches\9.1.0\transforms\681fe0653acaf7013bb5cbb793650c18\workspace\transformed\room-runtime\AndroidManifest.xml:26:13-43
183            android:exported="false" />
183-->[androidx.room:room-runtime-android:2.8.4] C:\Users\Administrator\.gradle\caches\9.1.0\transforms\681fe0653acaf7013bb5cbb793650c18\workspace\transformed\room-runtime\AndroidManifest.xml:27:13-37
184
185        <activity
185-->[androidx.compose.ui:ui-tooling-android:1.10.2] C:\Users\Administrator\.gradle\caches\9.1.0\transforms\73e0e58246e5f9e3db59dada798b26d3\workspace\transformed\ui-tooling\AndroidManifest.xml:23:9-25:39
186            android:name="androidx.compose.ui.tooling.PreviewActivity"
186-->[androidx.compose.ui:ui-tooling-android:1.10.2] C:\Users\Administrator\.gradle\caches\9.1.0\transforms\73e0e58246e5f9e3db59dada798b26d3\workspace\transformed\ui-tooling\AndroidManifest.xml:24:13-71
187            android:exported="true" />
187-->[androidx.compose.ui:ui-tooling-android:1.10.2] C:\Users\Administrator\.gradle\caches\9.1.0\transforms\73e0e58246e5f9e3db59dada798b26d3\workspace\transformed\ui-tooling\AndroidManifest.xml:25:13-36
188        <activity
188-->[io.github.g00fy2.quickie:quickie-bundled:1.11.0] C:\Users\Administrator\.gradle\caches\9.1.0\transforms\91589c0c83700b3268b76c85fc77c839\workspace\transformed\quickie-bundled-1.11.0\AndroidManifest.xml:15:9-19:45
189            android:name="io.github.g00fy2.quickie.QRScannerActivity"
189-->[io.github.g00fy2.quickie:quickie-bundled:1.11.0] C:\Users\Administrator\.gradle\caches\9.1.0\transforms\91589c0c83700b3268b76c85fc77c839\workspace\transformed\quickie-bundled-1.11.0\AndroidManifest.xml:16:13-70
190            android:screenOrientation="behind"
190-->[io.github.g00fy2.quickie:quickie-bundled:1.11.0] C:\Users\Administrator\.gradle\caches\9.1.0\transforms\91589c0c83700b3268b76c85fc77c839\workspace\transformed\quickie-bundled-1.11.0\AndroidManifest.xml:17:13-47
191            android:theme="@style/QuickieScannerActivity" />
191-->[io.github.g00fy2.quickie:quickie-bundled:1.11.0] C:\Users\Administrator\.gradle\caches\9.1.0\transforms\91589c0c83700b3268b76c85fc77c839\workspace\transformed\quickie-bundled-1.11.0\AndroidManifest.xml:18:13-58
192
193        <service
193-->[androidx.camera:camera-camera2:1.5.3] C:\Users\Administrator\.gradle\caches\9.1.0\transforms\c94b18a1fff752e86d8837aa3d6941bb\workspace\transformed\camera-camera2-1.5.3\AndroidManifest.xml:24:9-33:19
194            android:name="androidx.camera.core.impl.MetadataHolderService"
194-->[androidx.camera:camera-camera2:1.5.3] C:\Users\Administrator\.gradle\caches\9.1.0\transforms\c94b18a1fff752e86d8837aa3d6941bb\workspace\transformed\camera-camera2-1.5.3\AndroidManifest.xml:25:13-75
195            android:enabled="false"
195-->[androidx.camera:camera-camera2:1.5.3] C:\Users\Administrator\.gradle\caches\9.1.0\transforms\c94b18a1fff752e86d8837aa3d6941bb\workspace\transformed\camera-camera2-1.5.3\AndroidManifest.xml:26:13-36
196            android:exported="false" >
196-->[androidx.camera:camera-camera2:1.5.3] C:\Users\Administrator\.gradle\caches\9.1.0\transforms\c94b18a1fff752e86d8837aa3d6941bb\workspace\transformed\camera-camera2-1.5.3\AndroidManifest.xml:27:13-37
197            <meta-data
197-->[androidx.camera:camera-camera2:1.5.3] C:\Users\Administrator\.gradle\caches\9.1.0\transforms\c94b18a1fff752e86d8837aa3d6941bb\workspace\transformed\camera-camera2-1.5.3\AndroidManifest.xml:30:13-32:89
198                android:name="androidx.camera.core.impl.MetadataHolderService.DEFAULT_CONFIG_PROVIDER"
198-->[androidx.camera:camera-camera2:1.5.3] C:\Users\Administrator\.gradle\caches\9.1.0\transforms\c94b18a1fff752e86d8837aa3d6941bb\workspace\transformed\camera-camera2-1.5.3\AndroidManifest.xml:31:17-103
199                android:value="androidx.camera.camera2.Camera2Config$DefaultProvider" />
199-->[androidx.camera:camera-camera2:1.5.3] C:\Users\Administrator\.gradle\caches\9.1.0\transforms\c94b18a1fff752e86d8837aa3d6941bb\workspace\transformed\camera-camera2-1.5.3\AndroidManifest.xml:32:17-86
200        </service>
201        <service
201-->[com.google.android.gms:play-services-mlkit-barcode-scanning:18.3.1] C:\Users\Administrator\.gradle\caches\9.1.0\transforms\f6d318925b7be68e8b829ab553d2e0d7\workspace\transformed\play-services-mlkit-barcode-scanning-18.3.1\AndroidManifest.xml:9:9-15:19
202            android:name="com.google.mlkit.common.internal.MlKitComponentDiscoveryService"
202-->[com.google.android.gms:play-services-mlkit-barcode-scanning:18.3.1] C:\Users\Administrator\.gradle\caches\9.1.0\transforms\f6d318925b7be68e8b829ab553d2e0d7\workspace\transformed\play-services-mlkit-barcode-scanning-18.3.1\AndroidManifest.xml:10:13-91
203            android:directBootAware="true"
203-->[com.google.mlkit:common:18.11.0] C:\Users\Administrator\.gradle\caches\9.1.0\transforms\f834f7a54db60711b1cc8edb63f1d4eb\workspace\transformed\common-18.11.0\AndroidManifest.xml:17:13-43
204            android:exported="false" >
204-->[com.google.android.gms:play-services-mlkit-barcode-scanning:18.3.1] C:\Users\Administrator\.gradle\caches\9.1.0\transforms\f6d318925b7be68e8b829ab553d2e0d7\workspace\transformed\play-services-mlkit-barcode-scanning-18.3.1\AndroidManifest.xml:11:13-37
205            <meta-data
205-->[com.google.android.gms:play-services-mlkit-barcode-scanning:18.3.1] C:\Users\Administrator\.gradle\caches\9.1.0\transforms\f6d318925b7be68e8b829ab553d2e0d7\workspace\transformed\play-services-mlkit-barcode-scanning-18.3.1\AndroidManifest.xml:12:13-14:85
206                android:name="com.google.firebase.components:com.google.mlkit.vision.barcode.internal.BarcodeRegistrar"
206-->[com.google.android.gms:play-services-mlkit-barcode-scanning:18.3.1] C:\Users\Administrator\.gradle\caches\9.1.0\transforms\f6d318925b7be68e8b829ab553d2e0d7\workspace\transformed\play-services-mlkit-barcode-scanning-18.3.1\AndroidManifest.xml:13:17-120
207                android:value="com.google.firebase.components.ComponentRegistrar" />
207-->[com.google.android.gms:play-services-mlkit-barcode-scanning:18.3.1] C:\Users\Administrator\.gradle\caches\9.1.0\transforms\f6d318925b7be68e8b829ab553d2e0d7\workspace\transformed\play-services-mlkit-barcode-scanning-18.3.1\AndroidManifest.xml:14:17-82
208            <meta-data
208-->[com.google.mlkit:vision-common:17.3.0] C:\Users\Administrator\.gradle\caches\9.1.0\transforms\113bd6406a7c2f2021e9f98c8b56c41b\workspace\transformed\vision-common-17.3.0\AndroidManifest.xml:12:13-14:85
209                android:name="com.google.firebase.components:com.google.mlkit.vision.common.internal.VisionCommonRegistrar"
209-->[com.google.mlkit:vision-common:17.3.0] C:\Users\Administrator\.gradle\caches\9.1.0\transforms\113bd6406a7c2f2021e9f98c8b56c41b\workspace\transformed\vision-common-17.3.0\AndroidManifest.xml:13:17-124
210                android:value="com.google.firebase.components.ComponentRegistrar" />
210-->[com.google.mlkit:vision-common:17.3.0] C:\Users\Administrator\.gradle\caches\9.1.0\transforms\113bd6406a7c2f2021e9f98c8b56c41b\workspace\transformed\vision-common-17.3.0\AndroidManifest.xml:14:17-82
211            <meta-data
211-->[com.google.mlkit:common:18.11.0] C:\Users\Administrator\.gradle\caches\9.1.0\transforms\f834f7a54db60711b1cc8edb63f1d4eb\workspace\transformed\common-18.11.0\AndroidManifest.xml:20:13-22:85
212                android:name="com.google.firebase.components:com.google.mlkit.common.internal.CommonComponentRegistrar"
212-->[com.google.mlkit:common:18.11.0] C:\Users\Administrator\.gradle\caches\9.1.0\transforms\f834f7a54db60711b1cc8edb63f1d4eb\workspace\transformed\common-18.11.0\AndroidManifest.xml:21:17-120
213                android:value="com.google.firebase.components.ComponentRegistrar" />
213-->[com.google.mlkit:common:18.11.0] C:\Users\Administrator\.gradle\caches\9.1.0\transforms\f834f7a54db60711b1cc8edb63f1d4eb\workspace\transformed\common-18.11.0\AndroidManifest.xml:22:17-82
214        </service>
215
216        <provider
216-->[com.google.mlkit:common:18.11.0] C:\Users\Administrator\.gradle\caches\9.1.0\transforms\f834f7a54db60711b1cc8edb63f1d4eb\workspace\transformed\common-18.11.0\AndroidManifest.xml:9:9-13:38
217            android:name="com.google.mlkit.common.internal.MlKitInitProvider"
217-->[com.google.mlkit:common:18.11.0] C:\Users\Administrator\.gradle\caches\9.1.0\transforms\f834f7a54db60711b1cc8edb63f1d4eb\workspace\transformed\common-18.11.0\AndroidManifest.xml:10:13-78
218            android:authorities="me.rerere.rikkahub.debug.mlkitinitprovider"
218-->[com.google.mlkit:common:18.11.0] C:\Users\Administrator\.gradle\caches\9.1.0\transforms\f834f7a54db60711b1cc8edb63f1d4eb\workspace\transformed\common-18.11.0\AndroidManifest.xml:11:13-69
219            android:exported="false"
219-->[com.google.mlkit:common:18.11.0] C:\Users\Administrator\.gradle\caches\9.1.0\transforms\f834f7a54db60711b1cc8edb63f1d4eb\workspace\transformed\common-18.11.0\AndroidManifest.xml:12:13-37
220            android:initOrder="99" />
220-->[com.google.mlkit:common:18.11.0] C:\Users\Administrator\.gradle\caches\9.1.0\transforms\f834f7a54db60711b1cc8edb63f1d4eb\workspace\transformed\common-18.11.0\AndroidManifest.xml:13:13-35
221
222        <activity
222-->[com.google.android.gms:play-services-base:18.5.0] C:\Users\Administrator\.gradle\caches\9.1.0\transforms\37409a5139d37af1e2c80386e2897646\workspace\transformed\play-services-base-18.5.0\AndroidManifest.xml:5:9-173
223            android:name="com.google.android.gms.common.api.GoogleApiActivity"
223-->[com.google.android.gms:play-services-base:18.5.0] C:\Users\Administrator\.gradle\caches\9.1.0\transforms\37409a5139d37af1e2c80386e2897646\workspace\transformed\play-services-base-18.5.0\AndroidManifest.xml:5:19-85
224            android:exported="false"
224-->[com.google.android.gms:play-services-base:18.5.0] C:\Users\Administrator\.gradle\caches\9.1.0\transforms\37409a5139d37af1e2c80386e2897646\workspace\transformed\play-services-base-18.5.0\AndroidManifest.xml:5:146-170
225            android:theme="@android:style/Theme.Translucent.NoTitleBar" />
225-->[com.google.android.gms:play-services-base:18.5.0] C:\Users\Administrator\.gradle\caches\9.1.0\transforms\37409a5139d37af1e2c80386e2897646\workspace\transformed\play-services-base-18.5.0\AndroidManifest.xml:5:86-145
226
227        <meta-data
227-->[com.google.android.gms:play-services-basement:18.4.0] C:\Users\Administrator\.gradle\caches\9.1.0\transforms\035aeae9628e9646e2f7e0c7b20346d1\workspace\transformed\play-services-basement-18.4.0\AndroidManifest.xml:6:9-122
228            android:name="com.google.android.gms.version"
228-->[com.google.android.gms:play-services-basement:18.4.0] C:\Users\Administrator\.gradle\caches\9.1.0\transforms\035aeae9628e9646e2f7e0c7b20346d1\workspace\transformed\play-services-basement-18.4.0\AndroidManifest.xml:6:20-65
229            android:value="@integer/google_play_services_version" />
229-->[com.google.android.gms:play-services-basement:18.4.0] C:\Users\Administrator\.gradle\caches\9.1.0\transforms\035aeae9628e9646e2f7e0c7b20346d1\workspace\transformed\play-services-basement-18.4.0\AndroidManifest.xml:6:66-119
230
231        <provider
231-->[io.github.petterpx:floatingx:2.3.7] C:\Users\Administrator\.gradle\caches\9.1.0\transforms\d4bbdabd831671d06517558ceffe56cb\workspace\transformed\floatingx-2.3.7\AndroidManifest.xml:8:9-12:43
232            android:name="com.petterp.floatingx.assist.FxContentProvider"
232-->[io.github.petterpx:floatingx:2.3.7] C:\Users\Administrator\.gradle\caches\9.1.0\transforms\d4bbdabd831671d06517558ceffe56cb\workspace\transformed\floatingx-2.3.7\AndroidManifest.xml:9:13-74
233            android:authorities="me.rerere.rikkahub.debug.fx.provider"
233-->[io.github.petterpx:floatingx:2.3.7] C:\Users\Administrator\.gradle\caches\9.1.0\transforms\d4bbdabd831671d06517558ceffe56cb\workspace\transformed\floatingx-2.3.7\AndroidManifest.xml:10:13-63
234            android:exported="false"
234-->[io.github.petterpx:floatingx:2.3.7] C:\Users\Administrator\.gradle\caches\9.1.0\transforms\d4bbdabd831671d06517558ceffe56cb\workspace\transformed\floatingx-2.3.7\AndroidManifest.xml:11:13-37
235            android:multiprocess="true" />
235-->[io.github.petterpx:floatingx:2.3.7] C:\Users\Administrator\.gradle\caches\9.1.0\transforms\d4bbdabd831671d06517558ceffe56cb\workspace\transformed\floatingx-2.3.7\AndroidManifest.xml:12:13-40
236
237        <uses-library
237-->[androidx.window:window:1.5.0] C:\Users\Administrator\.gradle\caches\9.1.0\transforms\76dac4180062ad38d004b0737ba254e8\workspace\transformed\window-1.5.0\AndroidManifest.xml:23:9-25:40
238            android:name="androidx.window.extensions"
238-->[androidx.window:window:1.5.0] C:\Users\Administrator\.gradle\caches\9.1.0\transforms\76dac4180062ad38d004b0737ba254e8\workspace\transformed\window-1.5.0\AndroidManifest.xml:24:13-54
239            android:required="false" />
239-->[androidx.window:window:1.5.0] C:\Users\Administrator\.gradle\caches\9.1.0\transforms\76dac4180062ad38d004b0737ba254e8\workspace\transformed\window-1.5.0\AndroidManifest.xml:25:13-37
240        <uses-library
240-->[androidx.window:window:1.5.0] C:\Users\Administrator\.gradle\caches\9.1.0\transforms\76dac4180062ad38d004b0737ba254e8\workspace\transformed\window-1.5.0\AndroidManifest.xml:26:9-28:40
241            android:name="androidx.window.sidecar"
241-->[androidx.window:window:1.5.0] C:\Users\Administrator\.gradle\caches\9.1.0\transforms\76dac4180062ad38d004b0737ba254e8\workspace\transformed\window-1.5.0\AndroidManifest.xml:27:13-51
242            android:required="false" />
242-->[androidx.window:window:1.5.0] C:\Users\Administrator\.gradle\caches\9.1.0\transforms\76dac4180062ad38d004b0737ba254e8\workspace\transformed\window-1.5.0\AndroidManifest.xml:28:13-37
243
244        <activity
244-->[androidx.compose.ui:ui-test-manifest:1.10.2] C:\Users\Administrator\.gradle\caches\9.1.0\transforms\c801ae5d24022223f520e24ae94e823b\workspace\transformed\ui-test-manifest-1.10.2\AndroidManifest.xml:23:9-26:79
245            android:name="androidx.activity.ComponentActivity"
245-->[androidx.compose.ui:ui-test-manifest:1.10.2] C:\Users\Administrator\.gradle\caches\9.1.0\transforms\c801ae5d24022223f520e24ae94e823b\workspace\transformed\ui-test-manifest-1.10.2\AndroidManifest.xml:24:13-63
246            android:exported="true"
246-->[androidx.compose.ui:ui-test-manifest:1.10.2] C:\Users\Administrator\.gradle\caches\9.1.0\transforms\c801ae5d24022223f520e24ae94e823b\workspace\transformed\ui-test-manifest-1.10.2\AndroidManifest.xml:25:13-36
247            android:theme="@android:style/Theme.Material.Light.NoActionBar" />
247-->[androidx.compose.ui:ui-test-manifest:1.10.2] C:\Users\Administrator\.gradle\caches\9.1.0\transforms\c801ae5d24022223f520e24ae94e823b\workspace\transformed\ui-test-manifest-1.10.2\AndroidManifest.xml:26:13-76
248
249        <provider
249-->[com.github.rikkahub.jlatexmath-android:jlatexmath:1.3] C:\Users\Administrator\.gradle\caches\9.1.0\transforms\02d8277f946d7cae3bb93f37660e5dff\workspace\transformed\jlatexmath-1.3\AndroidManifest.xml:8:9-11:40
250            android:name="ru.noties.jlatexmath.JLatexMathInitProvider"
250-->[com.github.rikkahub.jlatexmath-android:jlatexmath:1.3] C:\Users\Administrator\.gradle\caches\9.1.0\transforms\02d8277f946d7cae3bb93f37660e5dff\workspace\transformed\jlatexmath-1.3\AndroidManifest.xml:9:13-71
251            android:authorities="me.rerere.rikkahub.debug.jlatexmathinitprovider"
251-->[com.github.rikkahub.jlatexmath-android:jlatexmath:1.3] C:\Users\Administrator\.gradle\caches\9.1.0\transforms\02d8277f946d7cae3bb93f37660e5dff\workspace\transformed\jlatexmath-1.3\AndroidManifest.xml:10:13-74
252            android:exported="false" />
252-->[com.github.rikkahub.jlatexmath-android:jlatexmath:1.3] C:\Users\Administrator\.gradle\caches\9.1.0\transforms\02d8277f946d7cae3bb93f37660e5dff\workspace\transformed\jlatexmath-1.3\AndroidManifest.xml:11:13-37
253
254        <receiver
254-->[androidx.profileinstaller:profileinstaller:1.4.1] C:\Users\Administrator\.gradle\caches\9.1.0\transforms\e08dd9836c413c5c6ab593047806f2f3\workspace\transformed\profileinstaller-1.4.1\AndroidManifest.xml:34:9-52:20
255            android:name="androidx.profileinstaller.ProfileInstallReceiver"
255-->[androidx.profileinstaller:profileinstaller:1.4.1] C:\Users\Administrator\.gradle\caches\9.1.0\transforms\e08dd9836c413c5c6ab593047806f2f3\workspace\transformed\profileinstaller-1.4.1\AndroidManifest.xml:35:13-76
256            android:directBootAware="false"
256-->[androidx.profileinstaller:profileinstaller:1.4.1] C:\Users\Administrator\.gradle\caches\9.1.0\transforms\e08dd9836c413c5c6ab593047806f2f3\workspace\transformed\profileinstaller-1.4.1\AndroidManifest.xml:36:13-44
257            android:enabled="true"
257-->[androidx.profileinstaller:profileinstaller:1.4.1] C:\Users\Administrator\.gradle\caches\9.1.0\transforms\e08dd9836c413c5c6ab593047806f2f3\workspace\transformed\profileinstaller-1.4.1\AndroidManifest.xml:37:13-35
258            android:exported="true"
258-->[androidx.profileinstaller:profileinstaller:1.4.1] C:\Users\Administrator\.gradle\caches\9.1.0\transforms\e08dd9836c413c5c6ab593047806f2f3\workspace\transformed\profileinstaller-1.4.1\AndroidManifest.xml:38:13-36
259            android:permission="android.permission.DUMP" >
259-->[androidx.profileinstaller:profileinstaller:1.4.1] C:\Users\Administrator\.gradle\caches\9.1.0\transforms\e08dd9836c413c5c6ab593047806f2f3\workspace\transformed\profileinstaller-1.4.1\AndroidManifest.xml:39:13-57
260            <intent-filter>
260-->[androidx.profileinstaller:profileinstaller:1.4.1] C:\Users\Administrator\.gradle\caches\9.1.0\transforms\e08dd9836c413c5c6ab593047806f2f3\workspace\transformed\profileinstaller-1.4.1\AndroidManifest.xml:40:13-42:29
261                <action android:name="androidx.profileinstaller.action.INSTALL_PROFILE" />
261-->[androidx.profileinstaller:profileinstaller:1.4.1] C:\Users\Administrator\.gradle\caches\9.1.0\transforms\e08dd9836c413c5c6ab593047806f2f3\workspace\transformed\profileinstaller-1.4.1\AndroidManifest.xml:41:17-91
261-->[androidx.profileinstaller:profileinstaller:1.4.1] C:\Users\Administrator\.gradle\caches\9.1.0\transforms\e08dd9836c413c5c6ab593047806f2f3\workspace\transformed\profileinstaller-1.4.1\AndroidManifest.xml:41:25-88
262            </intent-filter>
263            <intent-filter>
263-->[androidx.profileinstaller:profileinstaller:1.4.1] C:\Users\Administrator\.gradle\caches\9.1.0\transforms\e08dd9836c413c5c6ab593047806f2f3\workspace\transformed\profileinstaller-1.4.1\AndroidManifest.xml:43:13-45:29
264                <action android:name="androidx.profileinstaller.action.SKIP_FILE" />
264-->[androidx.profileinstaller:profileinstaller:1.4.1] C:\Users\Administrator\.gradle\caches\9.1.0\transforms\e08dd9836c413c5c6ab593047806f2f3\workspace\transformed\profileinstaller-1.4.1\AndroidManifest.xml:44:17-85
264-->[androidx.profileinstaller:profileinstaller:1.4.1] C:\Users\Administrator\.gradle\caches\9.1.0\transforms\e08dd9836c413c5c6ab593047806f2f3\workspace\transformed\profileinstaller-1.4.1\AndroidManifest.xml:44:25-82
265            </intent-filter>
266            <intent-filter>
266-->[androidx.profileinstaller:profileinstaller:1.4.1] C:\Users\Administrator\.gradle\caches\9.1.0\transforms\e08dd9836c413c5c6ab593047806f2f3\workspace\transformed\profileinstaller-1.4.1\AndroidManifest.xml:46:13-48:29
267                <action android:name="androidx.profileinstaller.action.SAVE_PROFILE" />
267-->[androidx.profileinstaller:profileinstaller:1.4.1] C:\Users\Administrator\.gradle\caches\9.1.0\transforms\e08dd9836c413c5c6ab593047806f2f3\workspace\transformed\profileinstaller-1.4.1\AndroidManifest.xml:47:17-88
267-->[androidx.profileinstaller:profileinstaller:1.4.1] C:\Users\Administrator\.gradle\caches\9.1.0\transforms\e08dd9836c413c5c6ab593047806f2f3\workspace\transformed\profileinstaller-1.4.1\AndroidManifest.xml:47:25-85
268            </intent-filter>
269            <intent-filter>
269-->[androidx.profileinstaller:profileinstaller:1.4.1] C:\Users\Administrator\.gradle\caches\9.1.0\transforms\e08dd9836c413c5c6ab593047806f2f3\workspace\transformed\profileinstaller-1.4.1\AndroidManifest.xml:49:13-51:29
270                <action android:name="androidx.profileinstaller.action.BENCHMARK_OPERATION" />
270-->[androidx.profileinstaller:profileinstaller:1.4.1] C:\Users\Administrator\.gradle\caches\9.1.0\transforms\e08dd9836c413c5c6ab593047806f2f3\workspace\transformed\profileinstaller-1.4.1\AndroidManifest.xml:50:17-95
270-->[androidx.profileinstaller:profileinstaller:1.4.1] C:\Users\Administrator\.gradle\caches\9.1.0\transforms\e08dd9836c413c5c6ab593047806f2f3\workspace\transformed\profileinstaller-1.4.1\AndroidManifest.xml:50:25-92
271            </intent-filter>
272        </receiver>
273
274        <service
274-->[com.google.android.datatransport:transport-backend-cct:2.3.3] C:\Users\Administrator\.gradle\caches\9.1.0\transforms\f3fee578cb5e217649d3748ff42bf4ea\workspace\transformed\transport-backend-cct-2.3.3\AndroidManifest.xml:29:9-35:19
275            android:name="com.google.android.datatransport.runtime.backends.TransportBackendDiscovery"
275-->[com.google.android.datatransport:transport-backend-cct:2.3.3] C:\Users\Administrator\.gradle\caches\9.1.0\transforms\f3fee578cb5e217649d3748ff42bf4ea\workspace\transformed\transport-backend-cct-2.3.3\AndroidManifest.xml:30:13-103
276            android:exported="false" >
276-->[com.google.android.datatransport:transport-backend-cct:2.3.3] C:\Users\Administrator\.gradle\caches\9.1.0\transforms\f3fee578cb5e217649d3748ff42bf4ea\workspace\transformed\transport-backend-cct-2.3.3\AndroidManifest.xml:31:13-37
277            <meta-data
277-->[com.google.android.datatransport:transport-backend-cct:2.3.3] C:\Users\Administrator\.gradle\caches\9.1.0\transforms\f3fee578cb5e217649d3748ff42bf4ea\workspace\transformed\transport-backend-cct-2.3.3\AndroidManifest.xml:32:13-34:39
278                android:name="backend:com.google.android.datatransport.cct.CctBackendFactory"
278-->[com.google.android.datatransport:transport-backend-cct:2.3.3] C:\Users\Administrator\.gradle\caches\9.1.0\transforms\f3fee578cb5e217649d3748ff42bf4ea\workspace\transformed\transport-backend-cct-2.3.3\AndroidManifest.xml:33:17-94
279                android:value="cct" />
279-->[com.google.android.datatransport:transport-backend-cct:2.3.3] C:\Users\Administrator\.gradle\caches\9.1.0\transforms\f3fee578cb5e217649d3748ff42bf4ea\workspace\transformed\transport-backend-cct-2.3.3\AndroidManifest.xml:34:17-36
280        </service>
281        <service
281-->[com.google.android.datatransport:transport-runtime:2.2.6] C:\Users\Administrator\.gradle\caches\9.1.0\transforms\2881978e1a769e64e8408d98e492c949\workspace\transformed\transport-runtime-2.2.6\AndroidManifest.xml:26:9-30:19
282            android:name="com.google.android.datatransport.runtime.scheduling.jobscheduling.JobInfoSchedulerService"
282-->[com.google.android.datatransport:transport-runtime:2.2.6] C:\Users\Administrator\.gradle\caches\9.1.0\transforms\2881978e1a769e64e8408d98e492c949\workspace\transformed\transport-runtime-2.2.6\AndroidManifest.xml:27:13-117
283            android:exported="false"
283-->[com.google.android.datatransport:transport-runtime:2.2.6] C:\Users\Administrator\.gradle\caches\9.1.0\transforms\2881978e1a769e64e8408d98e492c949\workspace\transformed\transport-runtime-2.2.6\AndroidManifest.xml:28:13-37
284            android:permission="android.permission.BIND_JOB_SERVICE" >
284-->[com.google.android.datatransport:transport-runtime:2.2.6] C:\Users\Administrator\.gradle\caches\9.1.0\transforms\2881978e1a769e64e8408d98e492c949\workspace\transformed\transport-runtime-2.2.6\AndroidManifest.xml:29:13-69
285        </service>
286
287        <receiver
287-->[com.google.android.datatransport:transport-runtime:2.2.6] C:\Users\Administrator\.gradle\caches\9.1.0\transforms\2881978e1a769e64e8408d98e492c949\workspace\transformed\transport-runtime-2.2.6\AndroidManifest.xml:32:9-34:40
288            android:name="com.google.android.datatransport.runtime.scheduling.jobscheduling.AlarmManagerSchedulerBroadcastReceiver"
288-->[com.google.android.datatransport:transport-runtime:2.2.6] C:\Users\Administrator\.gradle\caches\9.1.0\transforms\2881978e1a769e64e8408d98e492c949\workspace\transformed\transport-runtime-2.2.6\AndroidManifest.xml:33:13-132
289            android:exported="false" />
289-->[com.google.android.datatransport:transport-runtime:2.2.6] C:\Users\Administrator\.gradle\caches\9.1.0\transforms\2881978e1a769e64e8408d98e492c949\workspace\transformed\transport-runtime-2.2.6\AndroidManifest.xml:34:13-37
290    </application>
291
292</manifest>

Merged manifest saved to D:\riklast\rik原作\rikkahub-master\rikkahub-1.9\app\build\intermediates\merged_manifest\debug\processDebugMainManifest\AndroidManifest.xml
Resolve mutations for :app:processDebugManifest (Thread[included builds,5,main]) started.
:app:processDebugManifest (Thread[included builds,5,main]) started.

> Task :app:processDebugManifest
Caching disabled for task ':app:processDebugManifest' because:
  Build cache is disabled
Task ':app:processDebugManifest' is not up-to-date because:
  Output property 'multiApkManifestOutputDirectory' file D:\riklast\rik原作\rikkahub-master\rikkahub-1.9\app\build\intermediates\merged_manifests\debug\processDebugManifest has been removed.
  Output property 'multiApkManifestOutputDirectory' file D:\riklast\rik原作\rikkahub-master\rikkahub-1.9\app\build\intermediates\merged_manifests\debug\processDebugManifest\arm64-v8a has been removed.
  Output property 'multiApkManifestOutputDirectory' file D:\riklast\rik原作\rikkahub-master\rikkahub-1.9\app\build\intermediates\merged_manifests\debug\processDebugManifest\arm64-v8a\AndroidManifest.xml has been removed.
  and more...
Resolve mutations for :app:processDebugManifestForPackage (Thread[included builds,5,main]) started.
:app:processDebugManifestForPackage (Thread[included builds,5,main]) started.
Resolve mutations for :highlight:compileDebugLibraryResources (Thread[Execution worker,5,main]) started.
:highlight:compileDebugLibraryResources (Thread[Execution worker,5,main]) started.
Resolve mutations for :search:compileDebugLibraryResources (Thread[Execution worker Thread 7,5,main]) started.
:search:compileDebugLibraryResources (Thread[Execution worker Thread 7,5,main]) started.

> Task :highlight:compileDebugLibraryResources
Caching disabled for task ':highlight:compileDebugLibraryResources' because:
  Build cache is disabled
Task ':highlight:compileDebugLibraryResources' is not up-to-date because:
  Output property 'outputDir' file D:\riklast\rik原作\rikkahub-master\rikkahub-1.9\highlight\build\intermediates\compiled_local_resources\debug\compileDebugLibraryResources\out has been removed.
  Output property 'outputDir' file D:\riklast\rik原作\rikkahub-master\rikkahub-1.9\highlight\build\intermediates\compiled_local_resources\debug\compileDebugLibraryResources\out\raw_prism.js.flat has been removed.
The input changes require a full rebuild for incremental task ':highlight:compileDebugLibraryResources'.
Compiling file D:\riklast\rik原作\rikkahub-master\rikkahub-1.9\highlight\build\intermediates\packaged_res\debug\packageDebugResources\raw\prism.js to D:\riklast\rik原作\rikkahub-master\rikkahub-1.9\highlight\build\intermediates\compiled_local_resources\debug\compileDebugLibraryResources\out\raw_prism.js.flat

> Task :search:compileDebugLibraryResources
Caching disabled for task ':search:compileDebugLibraryResources' because:
  Build cache is disabled
Task ':search:compileDebugLibraryResources' is not up-to-date because:
  Output property 'outputDir' file D:\riklast\rik原作\rikkahub-master\rikkahub-1.9\search\build\intermediates\compiled_local_resources\debug\compileDebugLibraryResources\out has been removed.
The input changes require a full rebuild for incremental task ':search:compileDebugLibraryResources'.

> Task :app:processDebugManifestForPackage
Custom actions are attached to task ':app:processDebugManifestForPackage'.
Caching disabled for task ':app:processDebugManifestForPackage' because:
  Build cache is disabled
Task ':app:processDebugManifestForPackage' is not up-to-date because:
  Output property 'packageManifests' file D:\riklast\rik原作\rikkahub-master\rikkahub-1.9\app\build\intermediates\packaged_manifests\debug\processDebugManifestForPackage has been removed.
  Output property 'packageManifests' file D:\riklast\rik原作\rikkahub-master\rikkahub-1.9\app\build\intermediates\packaged_manifests\debug\processDebugManifestForPackage\arm64-v8a has been removed.
  Output property 'packageManifests' file D:\riklast\rik原作\rikkahub-master\rikkahub-1.9\app\build\intermediates\packaged_manifests\debug\processDebugManifestForPackage\arm64-v8a\AndroidManifest.xml has been removed.
  and more...
work action resolve out (project :highlight) (Thread[included builds,5,main]) started.
work action resolve out (project :search) (Thread[included builds,5,main]) started.
Resolve mutations for :tts:compileDebugLibraryResources (Thread[included builds,5,main]) started.
:tts:compileDebugLibraryResources (Thread[included builds,5,main]) started.
Resolve mutations for :app:preDebugUnitTestBuild (Thread[Execution worker Thread 6,5,main]) started.
:app:preDebugUnitTestBuild (Thread[Execution worker Thread 6,5,main]) started.

> Task :app:preDebugUnitTestBuild UP-TO-DATE
Skipping task ':app:preDebugUnitTestBuild' as it has no actions.
Resolve mutations for :app:javaPreCompileDebugUnitTest (Thread[Execution worker Thread 6,5,main]) started.
:app:javaPreCompileDebugUnitTest (Thread[Execution worker Thread 6,5,main]) started.

> Task :tts:compileDebugLibraryResources
Caching disabled for task ':tts:compileDebugLibraryResources' because:
  Build cache is disabled
Task ':tts:compileDebugLibraryResources' is not up-to-date because:
  Output property 'outputDir' file D:\riklast\rik原作\rikkahub-master\rikkahub-1.9\tts\build\intermediates\compiled_local_resources\debug\compileDebugLibraryResources\out has been removed.
The input changes require a full rebuild for incremental task ':tts:compileDebugLibraryResources'.
work action resolve out (project :tts) (Thread[included builds,5,main]) started.
Resolve mutations for :app:processDebugResources (Thread[included builds,5,main]) started.
:app:processDebugResources (Thread[included builds,5,main]) started.

> Task :app:javaPreCompileDebugUnitTest
Caching disabled for task ':app:javaPreCompileDebugUnitTest' because:
  Build cache is disabled
Task ':app:javaPreCompileDebugUnitTest' is not up-to-date because:
  No history is available.
Resolve mutations for :common:bundleLibRuntimeToJarDebug (Thread[Execution worker Thread 3,5,main]) started.
:common:bundleLibRuntimeToJarDebug (Thread[Execution worker Thread 3,5,main]) started.
Resolve mutations for :common:processDebugJavaRes (Thread[Execution worker Thread 8,5,main]) started.
:common:processDebugJavaRes (Thread[Execution worker Thread 8,5,main]) started.

> Task :common:bundleLibRuntimeToJarDebug
Caching disabled for task ':common:bundleLibRuntimeToJarDebug' because:
  Build cache is disabled
  Simple merging task
Task ':common:bundleLibRuntimeToJarDebug' is not up-to-date because:
  Output property 'output' file D:\riklast\rik原作\rikkahub-master\rikkahub-1.9\common\build\intermediates\runtime_library_classes_jar\debug\bundleLibRuntimeToJarDebug\classes.jar has been removed.

> Task :common:processDebugJavaRes
file or directory 'D:\riklast\rik原作\rikkahub-master\rikkahub-1.9\common\src\main\resources', not found
file or directory 'D:\riklast\rik原作\rikkahub-master\rikkahub-1.9\common\src\debug\resources', not found
Caching disabled for task ':common:processDebugJavaRes' because:
  Build cache is disabled
  Caching has been disabled for the task
Task ':common:processDebugJavaRes' is not up-to-date because:
  Output property 'destinationDir' file D:\riklast\rik原作\rikkahub-master\rikkahub-1.9\common\build\intermediates\java_res\debug\processDebugJavaRes\out has been removed.
  Output property 'destinationDir' file D:\riklast\rik原作\rikkahub-master\rikkahub-1.9\common\build\intermediates\java_res\debug\processDebugJavaRes\out\me has been removed.
  Output property 'destinationDir' file D:\riklast\rik原作\rikkahub-master\rikkahub-1.9\common\build\intermediates\java_res\debug\processDebugJavaRes\out\me\rerere has been removed.
  and more...
file or directory 'D:\riklast\rik原作\rikkahub-master\rikkahub-1.9\common\src\main\resources', not found
file or directory 'D:\riklast\rik原作\rikkahub-master\rikkahub-1.9\common\src\debug\resources', not found
file or directory 'D:\riklast\rik原作\rikkahub-master\rikkahub-1.9\common\src\main\resources', not found
file or directory 'D:\riklast\rik原作\rikkahub-master\rikkahub-1.9\common\src\debug\resources', not found
work action resolve out (project :common) (Thread[Execution worker Thread 8,5,main]) started.
work action resolve classes.jar (project :common) (Thread[Execution worker Thread 8,5,main]) started.
Resolve mutations for :document:bundleLibRuntimeToJarDebug (Thread[Execution worker Thread 8,5,main]) started.
:document:bundleLibRuntimeToJarDebug (Thread[Execution worker Thread 8,5,main]) started.
Resolve mutations for :document:processDebugJavaRes (Thread[Execution worker Thread 9,5,main]) started.
:document:processDebugJavaRes (Thread[Execution worker Thread 9,5,main]) started.

> Task :document:processDebugJavaRes
file or directory 'D:\riklast\rik原作\rikkahub-master\rikkahub-1.9\document\src\main\resources', not found
file or directory 'D:\riklast\rik原作\rikkahub-master\rikkahub-1.9\document\src\debug\resources', not found
Caching disabled for task ':document:processDebugJavaRes' because:
  Build cache is disabled
  Caching has been disabled for the task
Task ':document:processDebugJavaRes' is not up-to-date because:
  Output property 'destinationDir' file D:\riklast\rik原作\rikkahub-master\rikkahub-1.9\document\build\intermediates\java_res\debug\processDebugJavaRes\out has been removed.
  Output property 'destinationDir' file D:\riklast\rik原作\rikkahub-master\rikkahub-1.9\document\build\intermediates\java_res\debug\processDebugJavaRes\out\me has been removed.
  Output property 'destinationDir' file D:\riklast\rik原作\rikkahub-master\rikkahub-1.9\document\build\intermediates\java_res\debug\processDebugJavaRes\out\me\rerere has been removed.
  and more...
file or directory 'D:\riklast\rik原作\rikkahub-master\rikkahub-1.9\document\src\main\resources', not found
file or directory 'D:\riklast\rik原作\rikkahub-master\rikkahub-1.9\document\src\debug\resources', not found
file or directory 'D:\riklast\rik原作\rikkahub-master\rikkahub-1.9\document\src\main\resources', not found
file or directory 'D:\riklast\rik原作\rikkahub-master\rikkahub-1.9\document\src\debug\resources', not found
work action resolve out (project :document) (Thread[Execution worker Thread 9,5,main]) started.
Resolve mutations for :highlight:bundleLibRuntimeToJarDebug (Thread[Execution worker Thread 9,5,main]) started.
:highlight:bundleLibRuntimeToJarDebug (Thread[Execution worker Thread 9,5,main]) started.
Resolve mutations for :highlight:processDebugJavaRes (Thread[Execution worker Thread 4,5,main]) started.
:highlight:processDebugJavaRes (Thread[Execution worker Thread 4,5,main]) started.

> Task :highlight:bundleLibRuntimeToJarDebug
Caching disabled for task ':highlight:bundleLibRuntimeToJarDebug' because:
  Build cache is disabled
  Simple merging task
Task ':highlight:bundleLibRuntimeToJarDebug' is not up-to-date because:
  Output property 'output' file D:\riklast\rik原作\rikkahub-master\rikkahub-1.9\highlight\build\intermediates\runtime_library_classes_jar\debug\bundleLibRuntimeToJarDebug\classes.jar has been removed.

> Task :document:bundleLibRuntimeToJarDebug
Caching disabled for task ':document:bundleLibRuntimeToJarDebug' because:
  Build cache is disabled
  Simple merging task
Task ':document:bundleLibRuntimeToJarDebug' is not up-to-date because:
  Output property 'output' file D:\riklast\rik原作\rikkahub-master\rikkahub-1.9\document\build\intermediates\runtime_library_classes_jar\debug\bundleLibRuntimeToJarDebug\classes.jar has been removed.

> Task :highlight:processDebugJavaRes
file or directory 'D:\riklast\rik原作\rikkahub-master\rikkahub-1.9\highlight\src\main\resources', not found
file or directory 'D:\riklast\rik原作\rikkahub-master\rikkahub-1.9\highlight\src\debug\resources', not found
Caching disabled for task ':highlight:processDebugJavaRes' because:
  Build cache is disabled
  Caching has been disabled for the task
Task ':highlight:processDebugJavaRes' is not up-to-date because:
  Output property 'destinationDir' file D:\riklast\rik原作\rikkahub-master\rikkahub-1.9\highlight\build\intermediates\java_res\debug\processDebugJavaRes\out has been removed.
  Output property 'destinationDir' file D:\riklast\rik原作\rikkahub-master\rikkahub-1.9\highlight\build\intermediates\java_res\debug\processDebugJavaRes\out\me has been removed.
  Output property 'destinationDir' file D:\riklast\rik原作\rikkahub-master\rikkahub-1.9\highlight\build\intermediates\java_res\debug\processDebugJavaRes\out\me\rerere has been removed.
  and more...
file or directory 'D:\riklast\rik原作\rikkahub-master\rikkahub-1.9\highlight\src\main\resources', not found
file or directory 'D:\riklast\rik原作\rikkahub-master\rikkahub-1.9\highlight\src\debug\resources', not found
file or directory 'D:\riklast\rik原作\rikkahub-master\rikkahub-1.9\highlight\src\main\resources', not found
file or directory 'D:\riklast\rik原作\rikkahub-master\rikkahub-1.9\highlight\src\debug\resources', not found
work action resolve out (project :highlight) (Thread[Execution worker Thread 4,5,main]) started.
work action resolve classes.jar (project :highlight) (Thread[Execution worker Thread 4,5,main]) started.
work action resolve classes.jar (project :document) (Thread[Execution worker Thread 4,5,main]) started.
Resolve mutations for :tts:bundleLibRuntimeToJarDebug (Thread[Execution worker Thread 4,5,main]) started.
:tts:bundleLibRuntimeToJarDebug (Thread[Execution worker Thread 4,5,main]) started.
Resolve mutations for :tts:processDebugJavaRes (Thread[Execution worker Thread 3,5,main]) started.
:tts:processDebugJavaRes (Thread[Execution worker Thread 3,5,main]) started.

> Task :tts:processDebugJavaRes
file or directory 'D:\riklast\rik原作\rikkahub-master\rikkahub-1.9\tts\src\main\resources', not found
file or directory 'D:\riklast\rik原作\rikkahub-master\rikkahub-1.9\tts\src\debug\resources', not found
Caching disabled for task ':tts:processDebugJavaRes' because:
  Build cache is disabled
  Caching has been disabled for the task
Task ':tts:processDebugJavaRes' is not up-to-date because:
  Output property 'destinationDir' file D:\riklast\rik原作\rikkahub-master\rikkahub-1.9\tts\build\intermediates\java_res\debug\processDebugJavaRes\out has been removed.
  Output property 'destinationDir' file D:\riklast\rik原作\rikkahub-master\rikkahub-1.9\tts\build\intermediates\java_res\debug\processDebugJavaRes\out\me has been removed.
  Output property 'destinationDir' file D:\riklast\rik原作\rikkahub-master\rikkahub-1.9\tts\build\intermediates\java_res\debug\processDebugJavaRes\out\me\rerere has been removed.
  and more...
file or directory 'D:\riklast\rik原作\rikkahub-master\rikkahub-1.9\tts\src\main\resources', not found
file or directory 'D:\riklast\rik原作\rikkahub-master\rikkahub-1.9\tts\src\debug\resources', not found
file or directory 'D:\riklast\rik原作\rikkahub-master\rikkahub-1.9\tts\src\main\resources', not found
file or directory 'D:\riklast\rik原作\rikkahub-master\rikkahub-1.9\tts\src\debug\resources', not found
work action resolve out (project :tts) (Thread[Execution worker Thread 3,5,main]) started.

> Task :tts:bundleLibRuntimeToJarDebug
Caching disabled for task ':tts:bundleLibRuntimeToJarDebug' because:
  Build cache is disabled
  Simple merging task
Task ':tts:bundleLibRuntimeToJarDebug' is not up-to-date because:
  Output property 'output' file D:\riklast\rik原作\rikkahub-master\rikkahub-1.9\tts\build\intermediates\runtime_library_classes_jar\debug\bundleLibRuntimeToJarDebug\classes.jar has been removed.
work action resolve classes.jar (project :tts) (Thread[Execution worker Thread 4,5,main]) started.

> Task :app:processDebugResources
file or directory 'D:\riklast\rik原作\rikkahub-master\rikkahub-1.9\app\libs', not found
file or directory 'D:\riklast\rik原作\rikkahub-master\rikkahub-1.9\app\libs', not found
file or directory 'D:\riklast\rik原作\rikkahub-master\rikkahub-1.9\app\libs', not found
Caching disabled for task ':app:processDebugResources' because:
  Build cache is disabled
Task ':app:processDebugResources' is not up-to-date because:
  Output property 'RClassOutputJar' file D:\riklast\rik原作\rikkahub-master\rikkahub-1.9\app\build\intermediates\compile_and_runtime_r_class_jar\debug\processDebugResources\R.jar has been removed.
  Output property 'linkedResourcesOutputDir' file D:\riklast\rik原作\rikkahub-master\rikkahub-1.9\app\build\intermediates\linked_resources_binary_format\debug\processDebugResources has been removed.
  Output property 'linkedResourcesOutputDir' file D:\riklast\rik原作\rikkahub-master\rikkahub-1.9\app\build\intermediates\linked_resources_binary_format\debug\processDebugResources\linked-resources-binary-format-arm64-v8aDebug.ap_ has been removed.
  and more...
The input changes require a full rebuild for incremental task ':app:processDebugResources'.
AAPT2 aapt2-9.0.0-14304508-windows Daemon #0: starting

> Task :ai:compileDebugKotlin
w: file:///D:/riklast/rik原作/rikkahub-master/rikkahub-1.9/ai/src/main/java/me/rerere/ai/provider/providers/ClaudeProvider.kt:74:78 Unnecessary safe call on a non-null receiver of type 'ResponseBody'.
w: file:///D:/riklast/rik原作/rikkahub-master/rikkahub-1.9/ai/src/main/java/me/rerere/ai/provider/providers/ClaudeProvider.kt:77:40 Unnecessary safe call on a non-null receiver of type 'ResponseBody'.
w: file:///D:/riklast/rik原作/rikkahub-master/rikkahub-1.9/ai/src/main/java/me/rerere/ai/provider/providers/ClaudeProvider.kt:119:86 Unnecessary safe call on a non-null receiver of type 'ResponseBody'.
w: file:///D:/riklast/rik原作/rikkahub-master/rikkahub-1.9/ai/src/main/java/me/rerere/ai/provider/providers/ClaudeProvider.kt:122:36 Unnecessary safe call on a non-null receiver of type 'ResponseBody'.
w: file:///D:/riklast/rik原作/rikkahub-master/rikkahub-1.9/ai/src/main/java/me/rerere/ai/provider/providers/GoogleProvider.kt:121:41 Unnecessary safe call on a non-null receiver of type 'ResponseBody'.
w: file:///D:/riklast/rik原作/rikkahub-master/rikkahub-1.9/ai/src/main/java/me/rerere/ai/provider/providers/GoogleProvider.kt:178:86 Unnecessary safe call on a non-null receiver of type 'ResponseBody'.
w: file:///D:/riklast/rik原作/rikkahub-master/rikkahub-1.9/ai/src/main/java/me/rerere/ai/provider/providers/GoogleProvider.kt:181:36 Unnecessary safe call on a non-null receiver of type 'ResponseBody'.
w: file:///D:/riklast/rik原作/rikkahub-master/rikkahub-1.9/ai/src/main/java/me/rerere/ai/provider/providers/OpenAIProvider.kt:59:78 Unnecessary safe call on a non-null receiver of type 'ResponseBody'.
w: file:///D:/riklast/rik原作/rikkahub-master/rikkahub-1.9/ai/src/main/java/me/rerere/ai/provider/providers/OpenAIProvider.kt:62:40 Unnecessary safe call on a non-null receiver of type 'ResponseBody'.
w: file:///D:/riklast/rik原作/rikkahub-master/rikkahub-1.9/ai/src/main/java/me/rerere/ai/provider/providers/OpenAIProvider.kt:91:75 Unnecessary safe call on a non-null receiver of type 'ResponseBody'.
w: file:///D:/riklast/rik原作/rikkahub-master/rikkahub-1.9/ai/src/main/java/me/rerere/ai/provider/providers/OpenAIProvider.kt:176:78 Unnecessary safe call on a non-null receiver of type 'ResponseBody'.
w: file:///D:/riklast/rik原作/rikkahub-master/rikkahub-1.9/ai/src/main/java/me/rerere/ai/provider/providers/OpenAIProvider.kt:179:36 Unnecessary safe call on a non-null receiver of type 'ResponseBody'.
w: file:///D:/riklast/rik原作/rikkahub-master/rikkahub-1.9/ai/src/main/java/me/rerere/ai/provider/providers/openai/ChatCompletionsAPI.kt:96:86 Unnecessary safe call on a non-null receiver of type 'ResponseBody'.
w: file:///D:/riklast/rik原作/rikkahub-master/rikkahub-1.9/ai/src/main/java/me/rerere/ai/provider/providers/openai/ChatCompletionsAPI.kt:99:36 Unnecessary safe call on a non-null receiver of type 'ResponseBody'.
w: file:///D:/riklast/rik原作/rikkahub-master/rikkahub-1.9/ai/src/main/java/me/rerere/ai/provider/providers/openai/ResponseAPI.kt:86:36 Unnecessary safe call on a non-null receiver of type 'ResponseBody'.
w: file:///D:/riklast/rik原作/rikkahub-master/rikkahub-1.9/ai/src/main/java/me/rerere/ai/ui/Message.kt:390:26 'data class ToolCall : UIMessagePart' is deprecated. Use UIMessagePart.Tool instead.
w: file:///D:/riklast/rik原作/rikkahub-master/rikkahub-1.9/ai/src/main/java/me/rerere/ai/ui/Message.kt:390:37 'data class ToolCall : UIMessagePart' is deprecated. Use UIMessagePart.Tool instead.
w: file:///D:/riklast/rik原作/rikkahub-master/rikkahub-1.9/ai/src/main/java/me/rerere/ai/ui/Message.kt:391:20 'constructor(toolCallId: String, toolName: String, arguments: String, approvalState: ToolApprovalState = ..., metadata: JsonObject? = ...): UIMessagePart.ToolCall' is deprecated. Use UIMessagePart.Tool instead.
w: file:///D:/riklast/rik原作/rikkahub-master/rikkahub-1.9/ai/src/main/java/me/rerere/ai/ui/Message.kt:470:30 'data class ToolCall : UIMessagePart' is deprecated. Use UIMessagePart.Tool instead.
w: file:///D:/riklast/rik原作/rikkahub-master/rikkahub-1.9/ai/src/main/java/me/rerere/ai/ui/Message.kt:471:30 'data class ToolResult : UIMessagePart' is deprecated. Use UIMessagePart.Tool instead.
w: file:///D:/riklast/rik原作/rikkahub-master/rikkahub-1.9/ai/src/main/java/me/rerere/ai/ui/Message.kt:472:30 'data object Search : UIMessagePart' is deprecated. Deprecated.
w: file:///D:/riklast/rik原作/rikkahub-master/rikkahub-1.9/ai/src/main/java/me/rerere/ai/util/ErrorParser.kt:46:9 'when' is exhaustive so 'else' is redundant here.
Finished executing kotlin compiler using DAEMON strategy
Resolve mutations for :ai:compileDebugJavaWithJavac (Thread[Execution worker Thread 2,5,main]) started.
:ai:compileDebugJavaWithJavac (Thread[Execution worker Thread 2,5,main]) started.

> Task :ai:compileDebugJavaWithJavac NO-SOURCE
Skipping task ':ai:compileDebugJavaWithJavac' as it has no source files and no previous output files.
Resolve mutations for :ai:bundleLibRuntimeToJarDebug (Thread[Execution worker Thread 2,5,main]) started.
:ai:bundleLibRuntimeToJarDebug (Thread[Execution worker Thread 2,5,main]) started.
Resolve mutations for :ai:processDebugJavaRes (Thread[Execution worker Thread 10,5,main]) started.
:ai:processDebugJavaRes (Thread[Execution worker Thread 10,5,main]) started.

> Task :ai:processDebugJavaRes
file or directory 'D:\riklast\rik原作\rikkahub-master\rikkahub-1.9\ai\src\main\resources', not found
file or directory 'D:\riklast\rik原作\rikkahub-master\rikkahub-1.9\ai\src\debug\resources', not found
Caching disabled for task ':ai:processDebugJavaRes' because:
  Build cache is disabled
  Caching has been disabled for the task
Task ':ai:processDebugJavaRes' is not up-to-date because:
  Output property 'destinationDir' file D:\riklast\rik原作\rikkahub-master\rikkahub-1.9\ai\build\intermediates\java_res\debug\processDebugJavaRes\out has been removed.
  Output property 'destinationDir' file D:\riklast\rik原作\rikkahub-master\rikkahub-1.9\ai\build\intermediates\java_res\debug\processDebugJavaRes\out\me has been removed.
  Output property 'destinationDir' file D:\riklast\rik原作\rikkahub-master\rikkahub-1.9\ai\build\intermediates\java_res\debug\processDebugJavaRes\out\me\rerere has been removed.
  and more...
file or directory 'D:\riklast\rik原作\rikkahub-master\rikkahub-1.9\ai\src\main\resources', not found
file or directory 'D:\riklast\rik原作\rikkahub-master\rikkahub-1.9\ai\src\debug\resources', not found
file or directory 'D:\riklast\rik原作\rikkahub-master\rikkahub-1.9\ai\src\main\resources', not found
file or directory 'D:\riklast\rik原作\rikkahub-master\rikkahub-1.9\ai\src\debug\resources', not found
work action resolve out (project :ai) (Thread[Execution worker Thread 10,5,main]) started.
Resolve mutations for :ai:bundleLibCompileToJarDebug (Thread[Execution worker Thread 10,5,main]) started.
:ai:bundleLibCompileToJarDebug (Thread[Execution worker Thread 10,5,main]) started.

> Task :ai:bundleLibRuntimeToJarDebug
Caching disabled for task ':ai:bundleLibRuntimeToJarDebug' because:
  Build cache is disabled
  Simple merging task
Task ':ai:bundleLibRuntimeToJarDebug' is not up-to-date because:
  Output property 'output' file D:\riklast\rik原作\rikkahub-master\rikkahub-1.9\ai\build\intermediates\runtime_library_classes_jar\debug\bundleLibRuntimeToJarDebug\classes.jar has been removed.
work action resolve classes.jar (project :ai) (Thread[Execution worker Thread 2,5,main]) started.

> Task :ai:bundleLibCompileToJarDebug
Caching disabled for task ':ai:bundleLibCompileToJarDebug' because:
  Build cache is disabled
  Simple merging task
Task ':ai:bundleLibCompileToJarDebug' is not up-to-date because:
  Output property 'output' file D:\riklast\rik原作\rikkahub-master\rikkahub-1.9\ai\build\intermediates\compile_library_classes_jar\debug\bundleLibCompileToJarDebug\classes.jar has been removed.
work action resolve classes.jar (project :ai) (Thread[Execution worker Thread 10,5,main]) started.
Resolve mutations for :search:compileDebugKotlin (Thread[Execution worker Thread 10,5,main]) started.
:search:compileDebugKotlin (Thread[Execution worker Thread 10,5,main]) started.

> Task :search:compileDebugKotlin
file or directory 'D:\riklast\rik原作\rikkahub-master\rikkahub-1.9\search\src\main\kotlin', not found
file or directory 'D:\riklast\rik原作\rikkahub-master\rikkahub-1.9\search\src\debug\java', not found
file or directory 'D:\riklast\rik原作\rikkahub-master\rikkahub-1.9\search\src\debug\kotlin', not found
file or directory 'D:\riklast\rik原作\rikkahub-master\rikkahub-1.9\search\src\debug\java', not found
file or directory 'D:\riklast\rik原作\rikkahub-master\rikkahub-1.9\search\src\main\kotlin', not found
file or directory 'D:\riklast\rik原作\rikkahub-master\rikkahub-1.9\search\src\debug\java', not found
file or directory 'D:\riklast\rik原作\rikkahub-master\rikkahub-1.9\search\src\debug\kotlin', not found
file or directory 'D:\riklast\rik原作\rikkahub-master\rikkahub-1.9\search\src\debug\java', not found
file or directory 'D:\riklast\rik原作\rikkahub-master\rikkahub-1.9\search\src\main\kotlin', not found
file or directory 'D:\riklast\rik原作\rikkahub-master\rikkahub-1.9\search\src\debug\java', not found
file or directory 'D:\riklast\rik原作\rikkahub-master\rikkahub-1.9\search\src\debug\kotlin', not found
file or directory 'D:\riklast\rik原作\rikkahub-master\rikkahub-1.9\search\src\debug\java', not found
Custom actions are attached to task ':search:compileDebugKotlin'.
Caching disabled for task ':search:compileDebugKotlin' because:
  Build cache is disabled
Task ':search:compileDebugKotlin' is not up-to-date because:
  Output property 'classpathSnapshotProperties.classpathSnapshotDir' file D:\riklast\rik原作\rikkahub-master\rikkahub-1.9\search\build\kotlin\compileDebugKotlin\classpath-snapshot has been removed.
  Output property 'classpathSnapshotProperties.classpathSnapshotDir' file D:\riklast\rik原作\rikkahub-master\rikkahub-1.9\search\build\kotlin\compileDebugKotlin\classpath-snapshot\shrunk-classpath-snapshot.bin has been removed.
  Output property 'destinationDirectory' file D:\riklast\rik原作\rikkahub-master\rikkahub-1.9\search\build\intermediates\built_in_kotlinc\debug\compileDebugKotlin\classes has been removed.
  and more...
The input changes require a full rebuild for incremental task ':search:compileDebugKotlin'.
file or directory 'D:\riklast\rik原作\rikkahub-master\rikkahub-1.9\search\src\main\kotlin', not found
file or directory 'D:\riklast\rik原作\rikkahub-master\rikkahub-1.9\search\src\main\kotlin', not found
file or directory 'D:\riklast\rik原作\rikkahub-master\rikkahub-1.9\search\src\debug\java', not found
file or directory 'D:\riklast\rik原作\rikkahub-master\rikkahub-1.9\search\src\debug\java', not found
file or directory 'D:\riklast\rik原作\rikkahub-master\rikkahub-1.9\search\src\debug\kotlin', not found
file or directory 'D:\riklast\rik原作\rikkahub-master\rikkahub-1.9\search\src\debug\kotlin', not found
file or directory 'D:\riklast\rik原作\rikkahub-master\rikkahub-1.9\search\src\debug\java', not found
file or directory 'D:\riklast\rik原作\rikkahub-master\rikkahub-1.9\search\src\debug\java', not found
file or directory 'D:\riklast\rik原作\rikkahub-master\rikkahub-1.9\search\src\main\kotlin', not found
file or directory 'D:\riklast\rik原作\rikkahub-master\rikkahub-1.9\search\src\debug\java', not found
file or directory 'D:\riklast\rik原作\rikkahub-master\rikkahub-1.9\search\src\debug\kotlin', not found
file or directory 'D:\riklast\rik原作\rikkahub-master\rikkahub-1.9\search\src\debug\java', not found
file or directory 'D:\riklast\rik原作\rikkahub-master\rikkahub-1.9\search\src\main\kotlin', not found
file or directory 'D:\riklast\rik原作\rikkahub-master\rikkahub-1.9\search\src\main\kotlin', not found
file or directory 'D:\riklast\rik原作\rikkahub-master\rikkahub-1.9\search\src\debug\java', not found
file or directory 'D:\riklast\rik原作\rikkahub-master\rikkahub-1.9\search\src\debug\java', not found
file or directory 'D:\riklast\rik原作\rikkahub-master\rikkahub-1.9\search\src\debug\kotlin', not found
file or directory 'D:\riklast\rik原作\rikkahub-master\rikkahub-1.9\search\src\debug\kotlin', not found
file or directory 'D:\riklast\rik原作\rikkahub-master\rikkahub-1.9\search\src\debug\java', not found
file or directory 'D:\riklast\rik原作\rikkahub-master\rikkahub-1.9\search\src\debug\java', not found
file or directory 'D:\riklast\rik原作\rikkahub-master\rikkahub-1.9\search\src\main\kotlin', not found
file or directory 'D:\riklast\rik原作\rikkahub-master\rikkahub-1.9\search\src\main\kotlin', not found
file or directory 'D:\riklast\rik原作\rikkahub-master\rikkahub-1.9\search\src\debug\java', not found
file or directory 'D:\riklast\rik原作\rikkahub-master\rikkahub-1.9\search\src\debug\java', not found
file or directory 'D:\riklast\rik原作\rikkahub-master\rikkahub-1.9\search\src\debug\kotlin', not found
file or directory 'D:\riklast\rik原作\rikkahub-master\rikkahub-1.9\search\src\debug\kotlin', not found
file or directory 'D:\riklast\rik原作\rikkahub-master\rikkahub-1.9\search\src\debug\java', not found
file or directory 'D:\riklast\rik原作\rikkahub-master\rikkahub-1.9\search\src\debug\java', not found
file or directory 'D:\riklast\rik原作\rikkahub-master\rikkahub-1.9\search\src\main\kotlin', not found
file or directory 'D:\riklast\rik原作\rikkahub-master\rikkahub-1.9\search\src\main\kotlin', not found
file or directory 'D:\riklast\rik原作\rikkahub-master\rikkahub-1.9\search\src\debug\java', not found
file or directory 'D:\riklast\rik原作\rikkahub-master\rikkahub-1.9\search\src\debug\java', not found
file or directory 'D:\riklast\rik原作\rikkahub-master\rikkahub-1.9\search\src\debug\kotlin', not found
file or directory 'D:\riklast\rik原作\rikkahub-master\rikkahub-1.9\search\src\debug\kotlin', not found
file or directory 'D:\riklast\rik原作\rikkahub-master\rikkahub-1.9\search\src\debug\java', not found
file or directory 'D:\riklast\rik原作\rikkahub-master\rikkahub-1.9\search\src\debug\java', not found
Kotlin source files: D:\riklast\rik原作\rikkahub-master\rikkahub-1.9\search\src\main\java\me\rerere\search\BingSearchService.kt, D:\riklast\rik原作\rikkahub-master\rikkahub-1.9\search\src\main\java\me\rerere\search\BochaSearchService.kt, D:\riklast\rik原作\rikkahub-master\rikkahub-1.9\search\src\main\java\me\rerere\search\BraveSearchService.kt, D:\riklast\rik原作\rikkahub-master\rikkahub-1.9\search\src\main\java\me\rerere\search\ExaSearchService.kt, D:\riklast\rik原作\rikkahub-master\rikkahub-1.9\search\src\main\java\me\rerere\search\FirecrawlSearchService.kt, D:\riklast\rik原作\rikkahub-master\rikkahub-1.9\search\src\main\java\me\rerere\search\JinaSearchService.kt, D:\riklast\rik原作\rikkahub-master\rikkahub-1.9\search\src\main\java\me\rerere\search\LinkUpService.kt, D:\riklast\rik原作\rikkahub-master\rikkahub-1.9\search\src\main\java\me\rerere\search\MetasoSearchService.kt, D:\riklast\rik原作\rikkahub-master\rikkahub-1.9\search\src\main\java\me\rerere\search\OllamaSearchService.kt, D:\riklast\rik原作\rikkahub-master\rikkahub-1.9\search\src\main\java\me\rerere\search\PerplexitySearchService.kt, D:\riklast\rik原作\rikkahub-master\rikkahub-1.9\search\src\main\java\me\rerere\search\RikkaHubSearchService.kt, D:\riklast\rik原作\rikkahub-master\rikkahub-1.9\search\src\main\java\me\rerere\search\SearchService.kt, D:\riklast\rik原作\rikkahub-master\rikkahub-1.9\search\src\main\java\me\rerere\search\SearXNGService.kt, D:\riklast\rik原作\rikkahub-master\rikkahub-1.9\search\src\main\java\me\rerere\search\TavilySearchService.kt, D:\riklast\rik原作\rikkahub-master\rikkahub-1.9\search\src\main\java\me\rerere\search\ZhipuSearchService.kt
Java source files: 
Script source files: 
Script file extensions: 
Using Kotlin/JVM incremental compilation
[KOTLIN] Kotlin compilation 'jdkHome' argument: C:\Program Files\Java\jdk-17
Options for KOTLIN DAEMON: IncrementalCompilationOptions(super=CompilationOptions(compilerMode=INCREMENTAL_COMPILER, targetPlatform=JVM, reportCategories=[0, 3], reportSeverity=2, requestedCompilationResults=[0], kotlinScriptExtensions=[]), sourceChanges=org.jetbrains.kotlin.buildtools.api.SourcesChanges$Unknown@3c53ec43, classpathChanges=NotAvailableForNonIncrementalRun, workingDir=D:\riklast\rik原作\rikkahub-master\rikkahub-1.9\search\build\kotlin\compileDebugKotlin\cacheable, multiModuleICSettings=MultiModuleICSettings(buildHistoryFile=D:\riklast\rik原作\rikkahub-master\rikkahub-1.9\search\build\kotlin\compileDebugKotlin\local-state\build-history.bin, useModuleDetection=true), icFeatures=IncrementalCompilationFeatures(usePreciseJavaTracking=true, withAbiSnapshot=false, preciseCompilationResultsBackup=true, keepIncrementalCompilationCachesInMemory=true, enableUnsafeIncrementalCompilationForMultiplatform=false, enableMonotonousIncrementalCompileSetExpansion=true), outputFiles=[D:\riklast\rik原作\rikkahub-master\rikkahub-1.9\search\build\intermediates\built_in_kotlinc\debug\compileDebugKotlin\classes, D:\riklast\rik原作\rikkahub-master\rikkahub-1.9\search\build\kotlin\compileDebugKotlin\cacheable, D:\riklast\rik原作\rikkahub-master\rikkahub-1.9\search\build\kotlin\compileDebugKotlin\local-state])

> Task :app:processDebugResources
Aapt output file D:\riklast\rik原作\rikkahub-master\rikkahub-1.9\app\build\intermediates\linked_resources_binary_format\debug\processDebugResources\linked-resources-binary-format-universalDebug.ap_
AAPT2 aapt2-9.0.0-14304508-windows Daemon #1: starting
Aapt output file D:\riklast\rik原作\rikkahub-master\rikkahub-1.9\app\build\intermediates\linked_resources_binary_format\debug\processDebugResources\linked-resources-binary-format-x86_64Debug.ap_
Aapt output file D:\riklast\rik原作\rikkahub-master\rikkahub-1.9\app\build\intermediates\linked_resources_binary_format\debug\processDebugResources\linked-resources-binary-format-arm64-v8aDebug.ap_

> Task :search:compileDebugKotlin
w: file:///D:/riklast/rik原作/rikkahub-master/rikkahub-1.9/search/src/main/java/me/rerere/search/ExaSearchService.kt:76:44 Unnecessary safe call on a non-null receiver of type 'ResponseBody'.
w: file:///D:/riklast/rik原作/rikkahub-master/rikkahub-1.9/search/src/main/java/me/rerere/search/ExaSearchService.kt:96:38 Unnecessary safe call on a non-null receiver of type 'ResponseBody'.
w: file:///D:/riklast/rik原作/rikkahub-master/rikkahub-1.9/search/src/main/java/me/rerere/search/LinkUpService.kt:105:74 Unnecessary safe call on a non-null receiver of type 'ResponseBody'.
w: file:///D:/riklast/rik原作/rikkahub-master/rikkahub-1.9/search/src/main/java/me/rerere/search/LinkUpService.kt:148:74 Unnecessary safe call on a non-null receiver of type 'ResponseBody'.
w: file:///D:/riklast/rik原作/rikkahub-master/rikkahub-1.9/search/src/main/java/me/rerere/search/MetasoSearchService.kt:76:44 Unnecessary safe call on a non-null receiver of type 'ResponseBody'.
w: file:///D:/riklast/rik原作/rikkahub-master/rikkahub-1.9/search/src/main/java/me/rerere/search/MetasoSearchService.kt:97:46 Unnecessary safe call on a non-null receiver of type 'ResponseBody'.
w: file:///D:/riklast/rik原作/rikkahub-master/rikkahub-1.9/search/src/main/java/me/rerere/search/PerplexitySearchService.kt:112:74 Unnecessary safe call on a non-null receiver of type 'ResponseBody'.
w: file:///D:/riklast/rik原作/rikkahub-master/rikkahub-1.9/search/src/main/java/me/rerere/search/RikkaHubSearchService.kt:85:74 Unnecessary safe call on a non-null receiver of type 'ResponseBody'.
w: file:///D:/riklast/rik原作/rikkahub-master/rikkahub-1.9/search/src/main/java/me/rerere/search/SearXNGService.kt:114:46 Unnecessary safe call on a non-null receiver of type 'ResponseBody'.
w: file:///D:/riklast/rik原作/rikkahub-master/rikkahub-1.9/search/src/main/java/me/rerere/search/ZhipuSearchService.kt:75:44 Unnecessary safe call on a non-null receiver of type 'ResponseBody'.
w: file:///D:/riklast/rik原作/rikkahub-master/rikkahub-1.9/search/src/main/java/me/rerere/search/ZhipuSearchService.kt:95:38 Unnecessary safe call on a non-null receiver of type 'ResponseBody'.
Finished executing kotlin compiler using DAEMON strategy
Resolve mutations for :search:compileDebugJavaWithJavac (Thread[Execution worker Thread 10,5,main]) started.
:search:compileDebugJavaWithJavac (Thread[Execution worker Thread 10,5,main]) started.

> Task :search:compileDebugJavaWithJavac NO-SOURCE
Skipping task ':search:compileDebugJavaWithJavac' as it has no source files and no previous output files.
Resolve mutations for :search:bundleLibCompileToJarDebug (Thread[Execution worker Thread 10,5,main]) started.
:search:bundleLibCompileToJarDebug (Thread[Execution worker Thread 10,5,main]) started.
Resolve mutations for :search:bundleLibRuntimeToJarDebug (Thread[Execution worker Thread 7,5,main]) started.
:search:bundleLibRuntimeToJarDebug (Thread[Execution worker Thread 7,5,main]) started.
Resolve mutations for :search:processDebugJavaRes (Thread[included builds,5,main]) started.
:search:processDebugJavaRes (Thread[included builds,5,main]) started.

> Task :search:processDebugJavaRes
file or directory 'D:\riklast\rik原作\rikkahub-master\rikkahub-1.9\search\src\main\resources', not found
file or directory 'D:\riklast\rik原作\rikkahub-master\rikkahub-1.9\search\src\debug\resources', not found
Caching disabled for task ':search:processDebugJavaRes' because:
  Build cache is disabled
  Caching has been disabled for the task
Task ':search:processDebugJavaRes' is not up-to-date because:
  Output property 'destinationDir' file D:\riklast\rik原作\rikkahub-master\rikkahub-1.9\search\build\intermediates\java_res\debug\processDebugJavaRes\out has been removed.
  Output property 'destinationDir' file D:\riklast\rik原作\rikkahub-master\rikkahub-1.9\search\build\intermediates\java_res\debug\processDebugJavaRes\out\me has been removed.
  Output property 'destinationDir' file D:\riklast\rik原作\rikkahub-master\rikkahub-1.9\search\build\intermediates\java_res\debug\processDebugJavaRes\out\me\rerere has been removed.
  and more...
file or directory 'D:\riklast\rik原作\rikkahub-master\rikkahub-1.9\search\src\main\resources', not found
file or directory 'D:\riklast\rik原作\rikkahub-master\rikkahub-1.9\search\src\debug\resources', not found
file or directory 'D:\riklast\rik原作\rikkahub-master\rikkahub-1.9\search\src\main\resources', not found
file or directory 'D:\riklast\rik原作\rikkahub-master\rikkahub-1.9\search\src\debug\resources', not found
work action resolve out (project :search) (Thread[included builds,5,main]) started.

> Task :search:bundleLibCompileToJarDebug
Caching disabled for task ':search:bundleLibCompileToJarDebug' because:
  Build cache is disabled
  Simple merging task
Task ':search:bundleLibCompileToJarDebug' is not up-to-date because:
  Output property 'output' file D:\riklast\rik原作\rikkahub-master\rikkahub-1.9\search\build\intermediates\compile_library_classes_jar\debug\bundleLibCompileToJarDebug\classes.jar has been removed.
work action resolve classes.jar (project :search) (Thread[Execution worker Thread 10,5,main]) started.
Resolve mutations for :app:kspDebugKotlin (Thread[Execution worker Thread 10,5,main]) started.
:app:kspDebugKotlin (Thread[Execution worker Thread 10,5,main]) started.

> Task :search:bundleLibRuntimeToJarDebug
Caching disabled for task ':search:bundleLibRuntimeToJarDebug' because:
  Build cache is disabled
  Simple merging task
Task ':search:bundleLibRuntimeToJarDebug' is not up-to-date because:
  Output property 'output' file D:\riklast\rik原作\rikkahub-master\rikkahub-1.9\search\build\intermediates\runtime_library_classes_jar\debug\bundleLibRuntimeToJarDebug\classes.jar has been removed.
work action resolve classes.jar (project :search) (Thread[Execution worker Thread 7,5,main]) started.

> Task :app:kspDebugKotlin
file or directory 'D:\riklast\rik原作\rikkahub-master\rikkahub-1.9\app\libs', not found
Caching disabled for task ':app:kspDebugKotlin' because:
  Build cache is disabled
Task ':app:kspDebugKotlin' is not up-to-date because:
  Value of input property 'kspConfig.logLevel' has changed for task ':app:kspDebugKotlin'
The input changes require a full rebuild for incremental task ':app:kspDebugKotlin'.
file or directory 'D:\riklast\rik原作\rikkahub-master\rikkahub-1.9\app\libs', not found
file or directory 'D:\riklast\rik原作\rikkahub-master\rikkahub-1.9\app\libs', not found
i: [ksp] loaded provider(s): [androidx.room.RoomKspProcessor$Provider]
Resolve mutations for :app:compileDebugKotlin (Thread[Execution worker Thread 10,5,main]) started.
:app:compileDebugKotlin (Thread[Execution worker Thread 10,5,main]) started.

> Task :app:compileDebugKotlin
file or directory 'D:\riklast\rik原作\rikkahub-master\rikkahub-1.9\app\src\main\kotlin', not found
file or directory 'D:\riklast\rik原作\rikkahub-master\rikkahub-1.9\app\src\debug\java', not found
file or directory 'D:\riklast\rik原作\rikkahub-master\rikkahub-1.9\app\src\debug\kotlin', not found
file or directory 'D:\riklast\rik原作\rikkahub-master\rikkahub-1.9\app\src\debug\java', not found
file or directory 'D:\riklast\rik原作\rikkahub-master\rikkahub-1.9\app\src\main\kotlin', not found
file or directory 'D:\riklast\rik原作\rikkahub-master\rikkahub-1.9\app\src\debug\java', not found
file or directory 'D:\riklast\rik原作\rikkahub-master\rikkahub-1.9\app\src\debug\kotlin', not found
file or directory 'D:\riklast\rik原作\rikkahub-master\rikkahub-1.9\app\src\debug\java', not found
file or directory 'D:\riklast\rik原作\rikkahub-master\rikkahub-1.9\app\libs', not found
file or directory 'D:\riklast\rik原作\rikkahub-master\rikkahub-1.9\app\src\main\kotlin', not found
file or directory 'D:\riklast\rik原作\rikkahub-master\rikkahub-1.9\app\src\debug\java', not found
file or directory 'D:\riklast\rik原作\rikkahub-master\rikkahub-1.9\app\src\debug\kotlin', not found
file or directory 'D:\riklast\rik原作\rikkahub-master\rikkahub-1.9\app\src\debug\java', not found
Resource missing. [HTTP HEAD: https://repo.maven.apache.org/maven2/com/google/devtools/ksp/symbol-processing/2.3.4/symbol-processing-2.3.4.jar]
Custom actions are attached to task ':app:compileDebugKotlin'.
Caching disabled for task ':app:compileDebugKotlin' because:
  Build cache is disabled
Task ':app:compileDebugKotlin' is not up-to-date because:
  Output property 'classpathSnapshotProperties.classpathSnapshotDir' file D:\riklast\rik原作\rikkahub-master\rikkahub-1.9\app\build\kotlin\compileDebugKotlin\classpath-snapshot has been removed.
  Output property 'classpathSnapshotProperties.classpathSnapshotDir' file D:\riklast\rik原作\rikkahub-master\rikkahub-1.9\app\build\kotlin\compileDebugKotlin\classpath-snapshot\shrunk-classpath-snapshot.bin has been removed.
  Output property 'destinationDirectory' file D:\riklast\rik原作\rikkahub-master\rikkahub-1.9\app\build\intermediates\built_in_kotlinc\debug\compileDebugKotlin\classes has been removed.
  and more...
The input changes require a full rebuild for incremental task ':app:compileDebugKotlin'.
file or directory 'D:\riklast\rik原作\rikkahub-master\rikkahub-1.9\app\src\main\kotlin', not found
file or directory 'D:\riklast\rik原作\rikkahub-master\rikkahub-1.9\app\src\main\kotlin', not found
file or directory 'D:\riklast\rik原作\rikkahub-master\rikkahub-1.9\app\src\debug\java', not found
file or directory 'D:\riklast\rik原作\rikkahub-master\rikkahub-1.9\app\src\debug\java', not found
file or directory 'D:\riklast\rik原作\rikkahub-master\rikkahub-1.9\app\src\debug\kotlin', not found
file or directory 'D:\riklast\rik原作\rikkahub-master\rikkahub-1.9\app\src\debug\kotlin', not found
file or directory 'D:\riklast\rik原作\rikkahub-master\rikkahub-1.9\app\src\debug\java', not found
file or directory 'D:\riklast\rik原作\rikkahub-master\rikkahub-1.9\app\src\debug\java', not found
file or directory 'D:\riklast\rik原作\rikkahub-master\rikkahub-1.9\app\build\generated\ksp\debug\java', not found
file or directory 'D:\riklast\rik原作\rikkahub-master\rikkahub-1.9\app\src\main\kotlin', not found
file or directory 'D:\riklast\rik原作\rikkahub-master\rikkahub-1.9\app\src\debug\java', not found
file or directory 'D:\riklast\rik原作\rikkahub-master\rikkahub-1.9\app\src\debug\kotlin', not found
file or directory 'D:\riklast\rik原作\rikkahub-master\rikkahub-1.9\app\src\debug\java', not found
file or directory 'D:\riklast\rik原作\rikkahub-master\rikkahub-1.9\app\libs', not found
file or directory 'D:\riklast\rik原作\rikkahub-master\rikkahub-1.9\app\src\main\kotlin', not found
file or directory 'D:\riklast\rik原作\rikkahub-master\rikkahub-1.9\app\src\main\kotlin', not found
file or directory 'D:\riklast\rik原作\rikkahub-master\rikkahub-1.9\app\src\debug\java', not found
file or directory 'D:\riklast\rik原作\rikkahub-master\rikkahub-1.9\app\src\debug\java', not found
file or directory 'D:\riklast\rik原作\rikkahub-master\rikkahub-1.9\app\src\debug\kotlin', not found
file or directory 'D:\riklast\rik原作\rikkahub-master\rikkahub-1.9\app\src\debug\kotlin', not found
file or directory 'D:\riklast\rik原作\rikkahub-master\rikkahub-1.9\app\src\debug\java', not found
file or directory 'D:\riklast\rik原作\rikkahub-master\rikkahub-1.9\app\src\debug\java', not found
file or directory 'D:\riklast\rik原作\rikkahub-master\rikkahub-1.9\app\build\generated\ksp\debug\java', not found
file or directory 'D:\riklast\rik原作\rikkahub-master\rikkahub-1.9\app\src\main\kotlin', not found
file or directory 'D:\riklast\rik原作\rikkahub-master\rikkahub-1.9\app\src\main\kotlin', not found
file or directory 'D:\riklast\rik原作\rikkahub-master\rikkahub-1.9\app\src\debug\java', not found
file or directory 'D:\riklast\rik原作\rikkahub-master\rikkahub-1.9\app\src\debug\java', not found
file or directory 'D:\riklast\rik原作\rikkahub-master\rikkahub-1.9\app\src\debug\kotlin', not found
file or directory 'D:\riklast\rik原作\rikkahub-master\rikkahub-1.9\app\src\debug\kotlin', not found
file or directory 'D:\riklast\rik原作\rikkahub-master\rikkahub-1.9\app\src\debug\java', not found
file or directory 'D:\riklast\rik原作\rikkahub-master\rikkahub-1.9\app\src\debug\java', not found
file or directory 'D:\riklast\rik原作\rikkahub-master\rikkahub-1.9\app\build\generated\ksp\debug\java', not found
file or directory 'D:\riklast\rik原作\rikkahub-master\rikkahub-1.9\app\src\main\kotlin', not found
file or directory 'D:\riklast\rik原作\rikkahub-master\rikkahub-1.9\app\src\main\kotlin', not found
file or directory 'D:\riklast\rik原作\rikkahub-master\rikkahub-1.9\app\src\debug\java', not found
file or directory 'D:\riklast\rik原作\rikkahub-master\rikkahub-1.9\app\src\debug\java', not found
file or directory 'D:\riklast\rik原作\rikkahub-master\rikkahub-1.9\app\src\debug\kotlin', not found
file or directory 'D:\riklast\rik原作\rikkahub-master\rikkahub-1.9\app\src\debug\kotlin', not found
file or directory 'D:\riklast\rik原作\rikkahub-master\rikkahub-1.9\app\src\debug\java', not found
file or directory 'D:\riklast\rik原作\rikkahub-master\rikkahub-1.9\app\src\debug\java', not found
file or directory 'D:\riklast\rik原作\rikkahub-master\rikkahub-1.9\app\build\generated\ksp\debug\java', not found
Kotlin source files: D:\riklast\rik原作\rikkahub-master\rikkahub-1.9\app\src\main\java\me\rerere\rikkahub\data\ai\AILogging.kt, D:\riklast\rik原作\rikkahub-master\rikkahub-1.9\app\src\main\java\me\rerere\rikkahub\data\ai\AIRequestInterceptor.kt, D:\riklast\rik原作\rikkahub-master\rikkahub-1.9\app\src\main\java\me\rerere\rikkahub\data\ai\GenerationHandler.kt, D:\riklast\rik原作\rikkahub-master\rikkahub-1.9\app\src\main\java\me\rerere\rikkahub\data\ai\GenerationPrompts.kt, D:\riklast\rik原作\rikkahub-master\rikkahub-1.9\app\src\main\java\me\rerere\rikkahub\data\ai\mcp\McpConfig.kt, D:\riklast\rik原作\rikkahub-master\rikkahub-1.9\app\src\main\java\me\rerere\rikkahub\data\ai\mcp\McpManager.kt, D:\riklast\rik原作\rikkahub-master\rikkahub-1.9\app\src\main\java\me\rerere\rikkahub\data\ai\mcp\McpStatus.kt, D:\riklast\rik原作\rikkahub-master\rikkahub-1.9\app\src\main\java\me\rerere\rikkahub\data\ai\mcp\transport\SseClientTransport.kt, D:\riklast\rik原作\rikkahub-master\rikkahub-1.9\app\src\main\java\me\rerere\rikkahub\data\ai\mcp\transport\StreamableHttpClientTransport.kt, D:\riklast\rik原作\rikkahub-master\rikkahub-1.9\app\src\main\java\me\rerere\rikkahub\data\ai\prompts\CompressPrompt.kt, D:\riklast\rik原作\rikkahub-master\rikkahub-1.9\app\src\main\java\me\rerere\rikkahub\data\ai\prompts\LearningMode.kt, D:\riklast\rik原作\rikkahub-master\rikkahub-1.9\app\src\main\java\me\rerere\rikkahub\data\ai\prompts\OcrPrompt.kt, D:\riklast\rik原作\rikkahub-master\rikkahub-1.9\app\src\main\java\me\rerere\rikkahub\data\ai\prompts\Suggestion.kt, D:\riklast\rik原作\rikkahub-master\rikkahub-1.9\app\src\main\java\me\rerere\rikkahub\data\ai\prompts\TitleSummary.kt, D:\riklast\rik原作\rikkahub-master\rikkahub-1.9\app\src\main\java\me\rerere\rikkahub\data\ai\prompts\Translation.kt, D:\riklast\rik原作\rikkahub-master\rikkahub-1.9\app\src\main\java\me\rerere\rikkahub\data\ai\RequestLoggingInterceptor.kt, D:\riklast\rik原作\rikkahub-master\rikkahub-1.9\app\src\main\java\me\rerere\rikkahub\data\ai\subagent\SubAgentExecutor.kt, D:\riklast\rik原作\rikkahub-master\rikkahub-1.9\app\src\main\java\me\rerere\rikkahub\data\ai\subagent\SubAgentProgressManager.kt, D:\riklast\rik原作\rikkahub-master\rikkahub-1.9\app\src\main\java\me\rerere\rikkahub\data\ai\tools\LocalTools.kt, D:\riklast\rik原作\rikkahub-master\rikkahub-1.9\app\src\main\java\me\rerere\rikkahub\data\ai\tools\MemoryTools.kt, D:\riklast\rik原作\rikkahub-master\rikkahub-1.9\app\src\main\java\me\rerere\rikkahub\data\ai\tools\SearchTools.kt, D:\riklast\rik原作\rikkahub-master\rikkahub-1.9\app\src\main\java\me\rerere\rikkahub\data\ai\tools\ToolGuard.kt, D:\riklast\rik原作\rikkahub-master\rikkahub-1.9\app\src\main\java\me\rerere\rikkahub\data\ai\transformers\Base64ImageToLocalFileTransformer.kt, D:\riklast\rik原作\rikkahub-master\rikkahub-1.9\app\src\main\java\me\rerere\rikkahub\data\ai\transformers\DocumentAsPromptTransformer.kt, D:\riklast\rik原作\rikkahub-master\rikkahub-1.9\app\src\main\java\me\rerere\rikkahub\data\ai\transformers\OcrTransformer.kt, D:\riklast\rik原作\rikkahub-master\rikkahub-1.9\app\src\main\java\me\rerere\rikkahub\data\ai\transformers\PlaceholderTransformer.kt, D:\riklast\rik原作\rikkahub-master\rikkahub-1.9\app\src\main\java\me\rerere\rikkahub\data\ai\transformers\PromptInjectionTransformer.kt, D:\riklast\rik原作\rikkahub-master\rikkahub-1.9\app\src\main\java\me\rerere\rikkahub\data\ai\transformers\RegexOutputTransformer.kt, D:\riklast\rik原作\rikkahub-master\rikkahub-1.9\app\src\main\java\me\rerere\rikkahub\data\ai\transformers\SandboxContextFileTransformer.kt, D:\riklast\rik原作\rikkahub-master\rikkahub-1.9\app\src\main\java\me\rerere\rikkahub\data\ai\transformers\TemplateTransformer.kt, D:\riklast\rik原作\rikkahub-master\rikkahub-1.9\app\src\main\java\me\rerere\rikkahub\data\ai\transformers\ThinkTagTransformer.kt, D:\riklast\rik原作\rikkahub-master\rikkahub-1.9\app\src\main\java\me\rerere\rikkahub\data\ai\transformers\Transformer.kt, D:\riklast\rik原作\rikkahub-master\rikkahub-1.9\app\src\main\java\me\rerere\rikkahub\data\api\RikkaHubAPI.kt, D:\riklast\rik原作\rikkahub-master\rikkahub-1.9\app\src\main\java\me\rerere\rikkahub\data\api\SponsorAPI.kt, D:\riklast\rik原作\rikkahub-master\rikkahub-1.9\app\src\main\java\me\rerere\rikkahub\data\container\PackageManager.kt, D:\riklast\rik原作\rikkahub-master\rikkahub-1.9\app\src\main\java\me\rerere\rikkahub\data\container\PRootManager.kt, D:\riklast\rik原作\rikkahub-master\rikkahub-1.9\app\src\main\java\me\rerere\rikkahub\data\datastore\DefaultProviders.kt, D:\riklast\rik原作\rikkahub-master\rikkahub-1.9\app\src\main\java\me\rerere\rikkahub\data\datastore\migration\PreferenceStoreV1Migration.kt, D:\riklast\rik原作\rikkahub-master\rikkahub-1.9\app\src\main\java\me\rerere\rikkahub\data\datastore\PreferencesStore.kt, D:\riklast\rik原作\rikkahub-master\rikkahub-1.9\app\src\main\java\me\rerere\rikkahub\data\db\AppDatabase.kt, D:\riklast\rik原作\rikkahub-master\rikkahub-1.9\app\src\main\java\me\rerere\rikkahub\data\db\dao\ConversationDAO.kt, D:\riklast\rik原作\rikkahub-master\rikkahub-1.9\app\src\main\java\me\rerere\rikkahub\data\db\dao\GenMediaDAO.kt, D:\riklast\rik原作\rikkahub-master\rikkahub-1.9\app\src\main\java\me\rerere\rikkahub\data\db\dao\MemoryDAO.kt, D:\riklast\rik原作\rikkahub-master\rikkahub-1.9\app\src\main\java\me\rerere\rikkahub\data\db\dao\MessageNodeDAO.kt, D:\riklast\rik原作\rikkahub-master\rikkahub-1.9\app\src\main\java\me\rerere\rikkahub\data\db\entity\ConversationEntity.kt, D:\riklast\rik原作\rikkahub-master\rikkahub-1.9\app\src\main\java\me\rerere\rikkahub\data\db\entity\GenMediaEntity.kt, D:\riklast\rik原作\rikkahub-master\rikkahub-1.9\app\src\main\java\me\rerere\rikkahub\data\db\entity\MemoryEntity.kt, D:\riklast\rik原作\rikkahub-master\rikkahub-1.9\app\src\main\java\me\rerere\rikkahub\data\db\entity\MessageNodeEntity.kt, D:\riklast\rik原作\rikkahub-master\rikkahub-1.9\app\src\main\java\me\rerere\rikkahub\data\db\migrations\Migration_11_12.kt, D:\riklast\rik原作\rikkahub-master\rikkahub-1.9\app\src\main\java\me\rerere\rikkahub\data\db\migrations\Migration_12_13.kt, D:\riklast\rik原作\rikkahub-master\rikkahub-1.9\app\src\main\java\me\rerere\rikkahub\data\db\migrations\Migration_6_7.kt, D:\riklast\rik原作\rikkahub-master\rikkahub-1.9\app\src\main\java\me\rerere\rikkahub\data\db\migrations\Migration_8_9.kt, D:\riklast\rik原作\rikkahub-master\rikkahub-1.9\app\src\main\java\me\rerere\rikkahub\data\export\ExportHooks.kt, D:\riklast\rik原作\rikkahub-master\rikkahub-1.9\app\src\main\java\me\rerere\rikkahub\data\export\ExportSerializer.kt, D:\riklast\rik原作\rikkahub-master\rikkahub-1.9\app\src\main\java\me\rerere\rikkahub\data\model\Assistant.kt, D:\riklast\rik原作\rikkahub-master\rikkahub-1.9\app\src\main\java\me\rerere\rikkahub\data\model\Avatar.kt, D:\riklast\rik原作\rikkahub-master\rikkahub-1.9\app\src\main\java\me\rerere\rikkahub\data\model\Conversation.kt, D:\riklast\rik原作\rikkahub-master\rikkahub-1.9\app\src\main\java\me\rerere\rikkahub\data\model\Leaderboard.kt, D:\riklast\rik原作\rikkahub-master\rikkahub-1.9\app\src\main\java\me\rerere\rikkahub\data\model\Sponsor.kt, D:\riklast\rik原作\rikkahub-master\rikkahub-1.9\app\src\main\java\me\rerere\rikkahub\data\model\SubAgent.kt, D:\riklast\rik原作\rikkahub-master\rikkahub-1.9\app\src\main\java\me\rerere\rikkahub\data\model\Tag.kt, D:\riklast\rik原作\rikkahub-master\rikkahub-1.9\app\src\main\java\me\rerere\rikkahub\data\model\WorkflowState.kt, D:\riklast\rik原作\rikkahub-master\rikkahub-1.9\app\src\main\java\me\rerere\rikkahub\data\repository\ConversationRepository.kt, D:\riklast\rik原作\rikkahub-master\rikkahub-1.9\app\src\main\java\me\rerere\rikkahub\data\repository\GenMediaRepository.kt, D:\riklast\rik原作\rikkahub-master\rikkahub-1.9\app\src\main\java\me\rerere\rikkahub\data\repository\MemoryRepository.kt, D:\riklast\rik原作\rikkahub-master\rikkahub-1.9\app\src\main\java\me\rerere\rikkahub\data\sync\s3\AwsSignatureV4.kt, D:\riklast\rik原作\rikkahub-master\rikkahub-1.9\app\src\main\java\me\rerere\rikkahub\data\sync\s3\S3Client.kt, D:\riklast\rik原作\rikkahub-master\rikkahub-1.9\app\src\main\java\me\rerere\rikkahub\data\sync\s3\S3Config.kt, D:\riklast\rik原作\rikkahub-master\rikkahub-1.9\app\src\main\java\me\rerere\rikkahub\data\sync\S3Sync.kt, D:\riklast\rik原作\rikkahub-master\rikkahub-1.9\app\src\main\java\me\rerere\rikkahub\data\sync\webdav\WebDavClient.kt, D:\riklast\rik原作\rikkahub-master\rikkahub-1.9\app\src\main\java\me\rerere\rikkahub\data\sync\webdav\WebDavSync.kt, D:\riklast\rik原作\rikkahub-master\rikkahub-1.9\app\src\main\java\me\rerere\rikkahub\di\AppModule.kt, D:\riklast\rik原作\rikkahub-master\rikkahub-1.9\app\src\main\java\me\rerere\rikkahub\di\DataSourceModule.kt, D:\riklast\rik原作\rikkahub-master\rikkahub-1.9\app\src\main\java\me\rerere\rikkahub\di\RepositoryModule.kt, D:\riklast\rik原作\rikkahub-master\rikkahub-1.9\app\src\main\java\me\rerere\rikkahub\di\ViewModelModule.kt, D:\riklast\rik原作\rikkahub-master\rikkahub-1.9\app\src\main\java\me\rerere\rikkahub\RikkaHubApp.kt, D:\riklast\rik原作\rikkahub-master\rikkahub-1.9\app\src\main\java\me\rerere\rikkahub\RouteActivity.kt, D:\riklast\rik原作\rikkahub-master\rikkahub-1.9\app\src\main\java\me\rerere\rikkahub\sandbox\SandboxEngine.kt, D:\riklast\rik原作\rikkahub-master\rikkahub-1.9\app\src\main\java\me\rerere\rikkahub\service\ChatService.kt, D:\riklast\rik原作\rikkahub-master\rikkahub-1.9\app\src\main\java\me\rerere\rikkahub\ui\activity\ShortcutHandlerActivity.kt, D:\riklast\rik原作\rikkahub-master\rikkahub-1.9\app\src\main\java\me\rerere\rikkahub\ui\components\ai\AssistantPicker.kt, D:\riklast\rik原作\rikkahub-master\rikkahub-1.9\app\src\main\java\me\rerere\rikkahub\ui\components\ai\ChatInput.kt, D:\riklast\rik原作\rikkahub-master\rikkahub-1.9\app\src\main\java\me\rerere\rikkahub\ui\components\ai\CompressContextDialog.kt, D:\riklast\rik原作\rikkahub-master\rikkahub-1.9\app\src\main\java\me\rerere\rikkahub\ui\components\ai\McpPicker.kt, D:\riklast\rik原作\rikkahub-master\rikkahub-1.9\app\src\main\java\me\rerere\rikkahub\ui\components\ai\ModelList.kt, D:\riklast\rik原作\rikkahub-master\rikkahub-1.9\app\src\main\java\me\rerere\rikkahub\ui\components\ai\ProviderBalanceText.kt, D:\riklast\rik原作\rikkahub-master\rikkahub-1.9\app\src\main\java\me\rerere\rikkahub\ui\components\ai\ReasoningPicker.kt, D:\riklast\rik原作\rikkahub-master\rikkahub-1.9\app\src\main\java\me\rerere\rikkahub\ui\components\ai\SearchPicker.kt, D:\riklast\rik原作\rikkahub-master\rikkahub-1.9\app\src\main\java\me\rerere\rikkahub\ui\components\container\ContainerManagerSheet.kt, D:\riklast\rik原作\rikkahub-master\rikkahub-1.9\app\src\main\java\me\rerere\rikkahub\ui\components\container\ContainerRuntimeCard.kt, D:\riklast\rik原作\rikkahub-master\rikkahub-1.9\app\src\main\java\me\rerere\rikkahub\ui\components\easteregg\EmojiBurst.kt, D:\riklast\rik原作\rikkahub-master\rikkahub-1.9\app\src\main\java\me\rerere\rikkahub\ui\components\message\ChatMessage.kt, D:\riklast\rik原作\rikkahub-master\rikkahub-1.9\app\src\main\java\me\rerere\rikkahub\ui\components\message\ChatMessageActions.kt, D:\riklast\rik原作\rikkahub-master\rikkahub-1.9\app\src\main\java\me\rerere\rikkahub\ui\components\message\ChatMessageAvatar.kt, D:\riklast\rik原作\rikkahub-master\rikkahub-1.9\app\src\main\java\me\rerere\rikkahub\ui\components\message\ChatMessageBranch.kt, D:\riklast\rik原作\rikkahub-master\rikkahub-1.9\app\src\main\java\me\rerere\rikkahub\ui\components\message\ChatMessageCopySheet.kt, D:\riklast\rik原作\rikkahub-master\rikkahub-1.9\app\src\main\java\me\rerere\rikkahub\ui\components\message\ChatMessageCot.kt, D:\riklast\rik原作\rikkahub-master\rikkahub-1.9\app\src\main\java\me\rerere\rikkahub\ui\components\message\ChatMessageNerdLine.kt, D:\riklast\rik原作\rikkahub-master\rikkahub-1.9\app\src\main\java\me\rerere\rikkahub\ui\components\message\ChatMessageReasoning.kt, D:\riklast\rik原作\rikkahub-master\rikkahub-1.9\app\src\main\java\me\rerere\rikkahub\ui\components\message\ChatMessageTools.kt, D:\riklast\rik原作\rikkahub-master\rikkahub-1.9\app\src\main\java\me\rerere\rikkahub\ui\components\message\ChatMessageTranslation.kt, D:\riklast\rik原作\rikkahub-master\rikkahub-1.9\app\src\main\java\me\rerere\rikkahub\ui\components\nav\BackButton.kt, D:\riklast\rik原作\rikkahub-master\rikkahub-1.9\app\src\main\java\me\rerere\rikkahub\ui\components\richtext\HighlightCodeBlock.kt, D:\riklast\rik原作\rikkahub-master\rikkahub-1.9\app\src\main\java\me\rerere\rikkahub\ui\components\richtext\LatexText.kt, D:\riklast\rik原作\rikkahub-master\rikkahub-1.9\app\src\main\java\me\rerere\rikkahub\ui\components\richtext\Markdown.kt, D:\riklast\rik原作\rikkahub-master\rikkahub-1.9\app\src\main\java\me\rerere\rikkahub\ui\components\richtext\MarkdownWeb.kt, D:\riklast\rik原作\rikkahub-master\rikkahub-1.9\app\src\main\java\me\rerere\rikkahub\ui\components\richtext\MathBlock.kt, D:\riklast\rik原作\rikkahub-master\rikkahub-1.9\app\src\main\java\me\rerere\rikkahub\ui\components\richtext\Mermaid.kt, D:\riklast\rik原作\rikkahub-master\rikkahub-1.9\app\src\main\java\me\rerere\rikkahub\ui\components\richtext\SimpleHtmlBlock.kt, D:\riklast\rik原作\rikkahub-master\rikkahub-1.9\app\src\main\java\me\rerere\rikkahub\ui\components\richtext\ZoomableAsyncImage.kt, D:\riklast\rik原作\rikkahub-master\rikkahub-1.9\app\src\main\java\me\rerere\rikkahub\ui\components\sandbox\CreateFileDialog.kt, D:\riklast\rik原作\rikkahub-master\rikkahub-1.9\app\src\main\java\me\rerere\rikkahub\ui\components\sandbox\EditFileDialog.kt, D:\riklast\rik原作\rikkahub-master\rikkahub-1.9\app\src\main\java\me\rerere\rikkahub\ui\components\sandbox\RenameFileDialog.kt, D:\riklast\rik原作\rikkahub-master\rikkahub-1.9\app\src\main\java\me\rerere\rikkahub\ui\components\sandbox\SandboxFileManagerDialog.kt, D:\riklast\rik原作\rikkahub-master\rikkahub-1.9\app\src\main\java\me\rerere\rikkahub\ui\components\table\DataTable.kt, D:\riklast\rik原作\rikkahub-master\rikkahub-1.9\app\src\main\java\me\rerere\rikkahub\ui\components\ui\AIIcon.kt, D:\riklast\rik原作\rikkahub-master\rikkahub-1.9\app\src\main\java\me\rerere\rikkahub\ui\components\ui\BitmapComposer.kt, D:\riklast\rik原作\rikkahub-master\rikkahub-1.9\app\src\main\java\me\rerere\rikkahub\ui\components\ui\ChainOfThought.kt, D:\riklast\rik原作\rikkahub-master\rikkahub-1.9\app\src\main\java\me\rerere\rikkahub\ui\components\ui\DotLoading.kt, D:\riklast\rik原作\rikkahub-master\rikkahub-1.9\app\src\main\java\me\rerere\rikkahub\ui\components\ui\Emoji.kt, D:\riklast\rik原作\rikkahub-master\rikkahub-1.9\app\src\main\java\me\rerere\rikkahub\ui\components\ui\ErrorCard.kt, D:\riklast\rik原作\rikkahub-master\rikkahub-1.9\app\src\main\java\me\rerere\rikkahub\ui\components\ui\Export.kt, D:\riklast\rik原作\rikkahub-master\rikkahub-1.9\app\src\main\java\me\rerere\rikkahub\ui\components\ui\Favicon.kt, D:\riklast\rik原作\rikkahub-master\rikkahub-1.9\app\src\main\java\me\rerere\rikkahub\ui\components\ui\FloatingWindow.kt, D:\riklast\rik原作\rikkahub-master\rikkahub-1.9\app\src\main\java\me\rerere\rikkahub\ui\components\ui\Form.kt, D:\riklast\rik原作\rikkahub-master\rikkahub-1.9\app\src\main\java\me\rerere\rikkahub\ui\components\ui\Greeting.kt, D:\riklast\rik原作\rikkahub-master\rikkahub-1.9\app\src\main\java\me\rerere\rikkahub\ui\components\ui\icons\DiscordIcon.kt, D:\riklast\rik原作\rikkahub-master\rikkahub-1.9\app\src\main\java\me\rerere\rikkahub\ui\components\ui\icons\Heart.kt, D:\riklast\rik原作\rikkahub-master\rikkahub-1.9\app\src\main\java\me\rerere\rikkahub\ui\components\ui\icons\TencentQQIcon.kt, D:\riklast\rik原作\rikkahub-master\rikkahub-1.9\app\src\main\java\me\rerere\rikkahub\ui\components\ui\ImagePreviewDialog.kt, D:\riklast\rik原作\rikkahub-master\rikkahub-1.9\app\src\main\java\me\rerere\rikkahub\ui\components\ui\InjectionSelector.kt, D:\riklast\rik原作\rikkahub-master\rikkahub-1.9\app\src\main\java\me\rerere\rikkahub\ui\components\ui\Input.kt, D:\riklast\rik原作\rikkahub-master\rikkahub-1.9\app\src\main\java\me\rerere\rikkahub\ui\components\ui\JsonTree.kt, D:\riklast\rik原作\rikkahub-master\rikkahub-1.9\app\src\main\java\me\rerere\rikkahub\ui\components\ui\KeepScreenOn.kt, D:\riklast\rik原作\rikkahub-master\rikkahub-1.9\app\src\main\java\me\rerere\rikkahub\ui\components\ui\ListSelectableItem.kt, D:\riklast\rik原作\rikkahub-master\rikkahub-1.9\app\src\main\java\me\rerere\rikkahub\ui\components\ui\LoadingBlock.kt, D:\riklast\rik原作\rikkahub-master\rikkahub-1.9\app\src\main\java\me\rerere\rikkahub\ui\components\ui\permission\PermissionManager.kt, D:\riklast\rik原作\rikkahub-master\rikkahub-1.9\app\src\main\java\me\rerere\rikkahub\ui\components\ui\permission\PermissionRationaleDialog.kt, D:\riklast\rik原作\rikkahub-master\rikkahub-1.9\app\src\main\java\me\rerere\rikkahub\ui\components\ui\permission\PermissionState.kt, D:\riklast\rik原作\rikkahub-master\rikkahub-1.9\app\src\main\java\me\rerere\rikkahub\ui\components\ui\permission\PermissionTypes.kt, D:\riklast\rik原作\rikkahub-master\rikkahub-1.9\app\src\main\java\me\rerere\rikkahub\ui\components\ui\permission\RememberPermissionState.kt, D:\riklast\rik原作\rikkahub-master\rikkahub-1.9\app\src\main\java\me\rerere\rikkahub\ui\components\ui\QRCode.kt, D:\riklast\rik原作\rikkahub-master\rikkahub-1.9\app\src\main\java\me\rerere\rikkahub\ui\components\ui\Select.kt, D:\riklast\rik原作\rikkahub-master\rikkahub-1.9\app\src\main\java\me\rerere\rikkahub\ui\components\ui\ShareSheet.kt, D:\riklast\rik原作\rikkahub-master\rikkahub-1.9\app\src\main\java\me\rerere\rikkahub\ui\components\ui\StickyHeader.kt, D:\riklast\rik原作\rikkahub-master\rikkahub-1.9\app\src\main\java\me\rerere\rikkahub\ui\components\ui\Switch.kt, D:\riklast\rik原作\rikkahub-master\rikkahub-1.9\app\src\main\java\me\rerere\rikkahub\ui\components\ui\Tag.kt, D:\riklast\rik原作\rikkahub-master\rikkahub-1.9\app\src\main\java\me\rerere\rikkahub\ui\components\ui\TagList.kt, D:\riklast\rik原作\rikkahub-master\rikkahub-1.9\app\src\main\java\me\rerere\rikkahub\ui\components\ui\TextArea.kt, D:\riklast\rik原作\rikkahub-master\rikkahub-1.9\app\src\main\java\me\rerere\rikkahub\ui\components\ui\ToggleSurface.kt, D:\riklast\rik原作\rikkahub-master\rikkahub-1.9\app\src\main\java\me\rerere\rikkahub\ui\components\ui\Tooltip.kt, D:\riklast\rik原作\rikkahub-master\rikkahub-1.9\app\src\main\java\me\rerere\rikkahub\ui\components\ui\TTSController.kt, D:\riklast\rik原作\rikkahub-master\rikkahub-1.9\app\src\main\java\me\rerere\rikkahub\ui\components\ui\UIAvatar.kt, D:\riklast\rik原作\rikkahub-master\rikkahub-1.9\app\src\main\java\me\rerere\rikkahub\ui\components\ui\UpdateCard.kt, D:\riklast\rik原作\rikkahub-master\rikkahub-1.9\app\src\main\java\me\rerere\rikkahub\ui\components\ui\ViewText.kt, D:\riklast\rik原作\rikkahub-master\rikkahub-1.9\app\src\main\java\me\rerere\rikkahub\ui\components\webview\WebView.kt, D:\riklast\rik原作\rikkahub-master\rikkahub-1.9\app\src\main\java\me\rerere\rikkahub\ui\components\workflow\DraggableWorkflowFab.kt, D:\riklast\rik原作\rikkahub-master\rikkahub-1.9\app\src\main\java\me\rerere\rikkahub\ui\components\workflow\WorkflowMenuCard.kt, D:\riklast\rik原作\rikkahub-master\rikkahub-1.9\app\src\main\java\me\rerere\rikkahub\ui\components\workflow\WorkflowMenuSheet.kt, D:\riklast\rik原作\rikkahub-master\rikkahub-1.9\app\src\main\java\me\rerere\rikkahub\ui\context\LocalSettings.kt, D:\riklast\rik原作\rikkahub-master\rikkahub-1.9\app\src\main\java\me\rerere\rikkahub\ui\context\LocalTTSState.kt, D:\riklast\rik原作\rikkahub-master\rikkahub-1.9\app\src\main\java\me\rerere\rikkahub\ui\context\NavContext.kt, D:\riklast\rik原作\rikkahub-master\rikkahub-1.9\app\src\main\java\me\rerere\rikkahub\ui\context\SharedElement.kt, D:\riklast\rik原作\rikkahub-master\rikkahub-1.9\app\src\main\java\me\rerere\rikkahub\ui\context\ToasterContext.kt, D:\riklast\rik原作\rikkahub-master\rikkahub-1.9\app\src\main\java\me\rerere\rikkahub\ui\hooks\AvatarShape.kt, D:\riklast\rik原作\rikkahub-master\rikkahub-1.9\app\src\main\java\me\rerere\rikkahub\ui\hooks\ChatInputState.kt, D:\riklast\rik原作\rikkahub-master\rikkahub-1.9\app\src\main\java\me\rerere\rikkahub\ui\hooks\ColorMode.kt, D:\riklast\rik原作\rikkahub-master\rikkahub-1.9\app\src\main\java\me\rerere\rikkahub\ui\hooks\Debounce.kt, D:\riklast\rik原作\rikkahub-master\rikkahub-1.9\app\src\main\java\me\rerere\rikkahub\ui\hooks\HeroAnimation.kt, D:\riklast\rik原作\rikkahub-master\rikkahub-1.9\app\src\main\java\me\rerere\rikkahub\ui\hooks\ImeAutoScroller.kt, D:\riklast\rik原作\rikkahub-master\rikkahub-1.9\app\src\main\java\me\rerere\rikkahub\ui\hooks\Lifecycle.kt, D:\riklast\rik原作\rikkahub-master\rikkahub-1.9\app\src\main\java\me\rerere\rikkahub\ui\hooks\PlayStore.kt, D:\riklast\rik原作\rikkahub-master\rikkahub-1.9\app\src\main\java\me\rerere\rikkahub\ui\hooks\Settings.kt, D:\riklast\rik原作\rikkahub-master\rikkahub-1.9\app\src\main\java\me\rerere\rikkahub\ui\hooks\SharedPreferences.kt, D:\riklast\rik原作\rikkahub-master\rikkahub-1.9\app\src\main\java\me\rerere\rikkahub\ui\hooks\TTS.kt, D:\riklast\rik原作\rikkahub-master\rikkahub-1.9\app\src\main\java\me\rerere\rikkahub\ui\hooks\UseAssistant.kt, D:\riklast\rik原作\rikkahub-master\rikkahub-1.9\app\src\main\java\me\rerere\rikkahub\ui\hooks\UseEditState.kt, D:\riklast\rik原作\rikkahub-master\rikkahub-1.9\app\src\main\java\me\rerere\rikkahub\ui\modifier\Clickable.kt, D:\riklast\rik原作\rikkahub-master\rikkahub-1.9\app\src\main\java\me\rerere\rikkahub\ui\modifier\Shimmer.kt, D:\riklast\rik原作\rikkahub-master\rikkahub-1.9\app\src\main\java\me\rerere\rikkahub\ui\pages\assistant\AssistantPage.kt, D:\riklast\rik原作\rikkahub-master\rikkahub-1.9\app\src\main\java\me\rerere\rikkahub\ui\pages\assistant\AssistantVM.kt, D:\riklast\rik原作\rikkahub-master\rikkahub-1.9\app\src\main\java\me\rerere\rikkahub\ui\pages\assistant\detail\AssistantBasicPage.kt, D:\riklast\rik原作\rikkahub-master\rikkahub-1.9\app\src\main\java\me\rerere\rikkahub\ui\pages\assistant\detail\AssistantDetailPage.kt, D:\riklast\rik原作\rikkahub-master\rikkahub-1.9\app\src\main\java\me\rerere\rikkahub\ui\pages\assistant\detail\AssistantDetailVM.kt, D:\riklast\rik原作\rikkahub-master\rikkahub-1.9\app\src\main\java\me\rerere\rikkahub\ui\pages\assistant\detail\AssistantImporter.kt, D:\riklast\rik原作\rikkahub-master\rikkahub-1.9\app\src\main\java\me\rerere\rikkahub\ui\pages\assistant\detail\AssistantInjectionsPage.kt, D:\riklast\rik原作\rikkahub-master\rikkahub-1.9\app\src\main\java\me\rerere\rikkahub\ui\pages\assistant\detail\AssistantLocalToolPage.kt, D:\riklast\rik原作\rikkahub-master\rikkahub-1.9\app\src\main\java\me\rerere\rikkahub\ui\pages\assistant\detail\AssistantMcpPage.kt, D:\riklast\rik原作\rikkahub-master\rikkahub-1.9\app\src\main\java\me\rerere\rikkahub\ui\pages\assistant\detail\AssistantMemoryPage.kt, D:\riklast\rik原作\rikkahub-master\rikkahub-1.9\app\src\main\java\me\rerere\rikkahub\ui\pages\assistant\detail\AssistantPromptPage.kt, D:\riklast\rik原作\rikkahub-master\rikkahub-1.9\app\src\main\java\me\rerere\rikkahub\ui\pages\assistant\detail\AssistantRequestPage.kt, D:\riklast\rik原作\rikkahub-master\rikkahub-1.9\app\src\main\java\me\rerere\rikkahub\ui\pages\assistant\detail\BackgroundPicker.kt, D:\riklast\rik原作\rikkahub-master\rikkahub-1.9\app\src\main\java\me\rerere\rikkahub\ui\pages\assistant\detail\PropertyEditor.kt, D:\riklast\rik原作\rikkahub-master\rikkahub-1.9\app\src\main\java\me\rerere\rikkahub\ui\pages\backup\BackupPage.kt, D:\riklast\rik原作\rikkahub-master\rikkahub-1.9\app\src\main\java\me\rerere\rikkahub\ui\pages\backup\BackupVM.kt, D:\riklast\rik原作\rikkahub-master\rikkahub-1.9\app\src\main\java\me\rerere\rikkahub\ui\pages\backup\components\BackupDialog.kt, D:\riklast\rik原作\rikkahub-master\rikkahub-1.9\app\src\main\java\me\rerere\rikkahub\ui\pages\backup\tabs\ImportExportTab.kt, D:\riklast\rik原作\rikkahub-master\rikkahub-1.9\app\src\main\java\me\rerere\rikkahub\ui\pages\backup\tabs\S3Tab.kt, D:\riklast\rik原作\rikkahub-master\rikkahub-1.9\app\src\main\java\me\rerere\rikkahub\ui\pages\backup\tabs\WebDavTab.kt, D:\riklast\rik原作\rikkahub-master\rikkahub-1.9\app\src\main\java\me\rerere\rikkahub\ui\pages\chat\Background.kt, D:\riklast\rik原作\rikkahub-master\rikkahub-1.9\app\src\main\java\me\rerere\rikkahub\ui\pages\chat\ChatDrawer.kt, D:\riklast\rik原作\rikkahub-master\rikkahub-1.9\app\src\main\java\me\rerere\rikkahub\ui\pages\chat\ChatList.kt, D:\riklast\rik原作\rikkahub-master\rikkahub-1.9\app\src\main\java\me\rerere\rikkahub\ui\pages\chat\ChatPage.kt, D:\riklast\rik原作\rikkahub-master\rikkahub-1.9\app\src\main\java\me\rerere\rikkahub\ui\pages\chat\ChatSizeChecker.kt, D:\riklast\rik原作\rikkahub-master\rikkahub-1.9\app\src\main\java\me\rerere\rikkahub\ui\pages\chat\ChatVM.kt, D:\riklast\rik原作\rikkahub-master\rikkahub-1.9\app\src\main\java\me\rerere\rikkahub\ui\pages\chat\ConversationList.kt, D:\riklast\rik原作\rikkahub-master\rikkahub-1.9\app\src\main\java\me\rerere\rikkahub\ui\pages\chat\Export.kt, D:\riklast\rik原作\rikkahub-master\rikkahub-1.9\app\src\main\java\me\rerere\rikkahub\ui\pages\chat\TTSAutoPlay.kt, D:\riklast\rik原作\rikkahub-master\rikkahub-1.9\app\src\main\java\me\rerere\rikkahub\ui\pages\container\ContainerToolsPage.kt, D:\riklast\rik原作\rikkahub-master\rikkahub-1.9\app\src\main\java\me\rerere\rikkahub\ui\pages\debug\DebugPage.kt, D:\riklast\rik原作\rikkahub-master\rikkahub-1.9\app\src\main\java\me\rerere\rikkahub\ui\pages\debug\DebugVM.kt, D:\riklast\rik原作\rikkahub-master\rikkahub-1.9\app\src\main\java\me\rerere\rikkahub\ui\pages\developer\DeveloperPage.kt, D:\riklast\rik原作\rikkahub-master\rikkahub-1.9\app\src\main\java\me\rerere\rikkahub\ui\pages\developer\DeveloperVM.kt, D:\riklast\rik原作\rikkahub-master\rikkahub-1.9\app\src\main\java\me\rerere\rikkahub\ui\pages\history\HistoryPage.kt, D:\riklast\rik原作\rikkahub-master\rikkahub-1.9\app\src\main\java\me\rerere\rikkahub\ui\pages\history\HistoryVM.kt, D:\riklast\rik原作\rikkahub-master\rikkahub-1.9\app\src\main\java\me\rerere\rikkahub\ui\pages\imggen\ImgGenPage.kt, D:\riklast\rik原作\rikkahub-master\rikkahub-1.9\app\src\main\java\me\rerere\rikkahub\ui\pages\imggen\ImgGenVM.kt, D:\riklast\rik原作\rikkahub-master\rikkahub-1.9\app\src\main\java\me\rerere\rikkahub\ui\pages\log\LogPage.kt, D:\riklast\rik原作\rikkahub-master\rikkahub-1.9\app\src\main\java\me\rerere\rikkahub\ui\pages\menu\MenuPage.kt, D:\riklast\rik原作\rikkahub-master\rikkahub-1.9\app\src\main\java\me\rerere\rikkahub\ui\pages\prompts\PromptPage.kt, D:\riklast\rik原作\rikkahub-master\rikkahub-1.9\app\src\main\java\me\rerere\rikkahub\ui\pages\prompts\PromptVM.kt, D:\riklast\rik原作\rikkahub-master\rikkahub-1.9\app\src\main\java\me\rerere\rikkahub\ui\pages\setting\components\BalanceOption.kt, D:\riklast\rik原作\rikkahub-master\rikkahub-1.9\app\src\main\java\me\rerere\rikkahub\ui\pages\setting\components\PresetThemeButton.kt, D:\riklast\rik原作\rikkahub-master\rikkahub-1.9\app\src\main\java\me\rerere\rikkahub\ui\pages\setting\components\ProviderConfigure.kt, D:\riklast\rik原作\rikkahub-master\rikkahub-1.9\app\src\main\java\me\rerere\rikkahub\ui\pages\setting\components\TTSProviderConfigure.kt, D:\riklast\rik原作\rikkahub-master\rikkahub-1.9\app\src\main\java\me\rerere\rikkahub\ui\pages\setting\SettingAboutPage.kt, D:\riklast\rik原作\rikkahub-master\rikkahub-1.9\app\src\main\java\me\rerere\rikkahub\ui\pages\setting\SettingDisplayPage.kt, D:\riklast\rik原作\rikkahub-master\rikkahub-1.9\app\src\main\java\me\rerere\rikkahub\ui\pages\setting\SettingDonatePage.kt, D:\riklast\rik原作\rikkahub-master\rikkahub-1.9\app\src\main\java\me\rerere\rikkahub\ui\pages\setting\SettingMcpPage.kt, D:\riklast\rik原作\rikkahub-master\rikkahub-1.9\app\src\main\java\me\rerere\rikkahub\ui\pages\setting\SettingModelPage.kt, D:\riklast\rik原作\rikkahub-master\rikkahub-1.9\app\src\main\java\me\rerere\rikkahub\ui\pages\setting\SettingPage.kt, D:\riklast\rik原作\rikkahub-master\rikkahub-1.9\app\src\main\java\me\rerere\rikkahub\ui\pages\setting\SettingProviderDetailPage.kt, D:\riklast\rik原作\rikkahub-master\rikkahub-1.9\app\src\main\java\me\rerere\rikkahub\ui\pages\setting\SettingProviderPage.kt, D:\riklast\rik原作\rikkahub-master\rikkahub-1.9\app\src\main\java\me\rerere\rikkahub\ui\pages\setting\SettingSearchPage.kt, D:\riklast\rik原作\rikkahub-master\rikkahub-1.9\app\src\main\java\me\rerere\rikkahub\ui\pages\setting\SettingTTSPage.kt, D:\riklast\rik原作\rikkahub-master\rikkahub-1.9\app\src\main\java\me\rerere\rikkahub\ui\pages\setting\SettingVM.kt, D:\riklast\rik原作\rikkahub-master\rikkahub-1.9\app\src\main\java\me\rerere\rikkahub\ui\pages\share\handler\ShareHandlerPage.kt, D:\riklast\rik原作\rikkahub-master\rikkahub-1.9\app\src\main\java\me\rerere\rikkahub\ui\pages\share\handler\ShareHandlerVM.kt, D:\riklast\rik原作\rikkahub-master\rikkahub-1.9\app\src\main\java\me\rerere\rikkahub\ui\pages\translator\TranslatorPage.kt, D:\riklast\rik原作\rikkahub-master\rikkahub-1.9\app\src\main\java\me\rerere\rikkahub\ui\pages\translator\TranslatorVM.kt, D:\riklast\rik原作\rikkahub-master\rikkahub-1.9\app\src\main\java\me\rerere\rikkahub\ui\pages\webview\WebViewPage.kt, D:\riklast\rik原作\rikkahub-master\rikkahub-1.9\app\src\main\java\me\rerere\rikkahub\ui\theme\CodeColor.kt, D:\riklast\rik原作\rikkahub-master\rikkahub-1.9\app\src\main\java\me\rerere\rikkahub\ui\theme\Color.kt, D:\riklast\rik原作\rikkahub-master\rikkahub-1.9\app\src\main\java\me\rerere\rikkahub\ui\theme\presets\AutumnTheme.kt, D:\riklast\rik原作\rikkahub-master\rikkahub-1.9\app\src\main\java\me\rerere\rikkahub\ui\theme\presets\BlackTheme.kt, D:\riklast\rik原作\rikkahub-master\rikkahub-1.9\app\src\main\java\me\rerere\rikkahub\ui\theme\presets\OceanTheme.kt, D:\riklast\rik原作\rikkahub-master\rikkahub-1.9\app\src\main\java\me\rerere\rikkahub\ui\theme\presets\SakuraTheme.kt, D:\riklast\rik原作\rikkahub-master\rikkahub-1.9\app\src\main\java\me\rerere\rikkahub\ui\theme\presets\SpringTheme.kt, D:\riklast\rik原作\rikkahub-master\rikkahub-1.9\app\src\main\java\me\rerere\rikkahub\ui\theme\PresetTheme.kt, D:\riklast\rik原作\rikkahub-master\rikkahub-1.9\app\src\main\java\me\rerere\rikkahub\ui\theme\Theme.kt, D:\riklast\rik原作\rikkahub-master\rikkahub-1.9\app\src\main\java\me\rerere\rikkahub\ui\theme\Type.kt, D:\riklast\rik原作\rikkahub-master\rikkahub-1.9\app\src\main\java\me\rerere\rikkahub\utils\CacheUtil.kt, D:\riklast\rik原作\rikkahub-master\rikkahub-1.9\app\src\main\java\me\rerere\rikkahub\utils\ChatUtil.kt, D:\riklast\rik原作\rikkahub-master\rikkahub-1.9\app\src\main\java\me\rerere\rikkahub\utils\ClipboardUtil.kt, D:\riklast\rik原作\rikkahub-master\rikkahub-1.9\app\src\main\java\me\rerere\rikkahub\utils\CollectionUtils.kt, D:\riklast\rik原作\rikkahub-master\rikkahub-1.9\app\src\main\java\me\rerere\rikkahub\utils\ComposeExt.kt, D:\riklast\rik原作\rikkahub-master\rikkahub-1.9\app\src\main\java\me\rerere\rikkahub\utils\ContextUtil.kt, D:\riklast\rik原作\rikkahub-master\rikkahub-1.9\app\src\main\java\me\rerere\rikkahub\utils\CoroutineUtils.kt, D:\riklast\rik原作\rikkahub-master\rikkahub-1.9\app\src\main\java\me\rerere\rikkahub\utils\DatabaseUtil.kt, D:\riklast\rik原作\rikkahub-master\rikkahub-1.9\app\src\main\java\me\rerere\rikkahub\utils\EmojiUtils.kt, D:\riklast\rik原作\rikkahub-master\rikkahub-1.9\app\src\main\java\me\rerere\rikkahub\utils\ImageUtils.kt, D:\riklast\rik原作\rikkahub-master\rikkahub-1.9\app\src\main\java\me\rerere\rikkahub\utils\Json.kt, D:\riklast\rik原作\rikkahub-master\rikkahub-1.9\app\src\main\java\me\rerere\rikkahub\utils\MarkdownUtils.kt, D:\riklast\rik原作\rikkahub-master\rikkahub-1.9\app\src\main\java\me\rerere\rikkahub\utils\NotificationUtil.kt, D:\riklast\rik原作\rikkahub-master\rikkahub-1.9\app\src\main\java\me\rerere\rikkahub\utils\PlayStoreUtil.kt, D:\riklast\rik原作\rikkahub-master\rikkahub-1.9\app\src\main\java\me\rerere\rikkahub\utils\StringUtils.kt, D:\riklast\rik原作\rikkahub-master\rikkahub-1.9\app\src\main\java\me\rerere\rikkahub\utils\TimeUtil.kt, D:\riklast\rik原作\rikkahub-master\rikkahub-1.9\app\src\main\java\me\rerere\rikkahub\utils\UiState.kt, D:\riklast\rik原作\rikkahub-master\rikkahub-1.9\app\src\main\java\me\rerere\rikkahub\utils\UpdateChecker.kt, D:\riklast\rik原作\rikkahub-master\rikkahub-1.9\app\build\generated\ksp\debug\kotlin\me\rerere\rikkahub\data\db\AppDatabase_AutoMigration_10_11_Impl.kt, D:\riklast\rik原作\rikkahub-master\rikkahub-1.9\app\build\generated\ksp\debug\kotlin\me\rerere\rikkahub\data\db\AppDatabase_AutoMigration_1_2_Impl.kt, D:\riklast\rik原作\rikkahub-master\rikkahub-1.9\app\build\generated\ksp\debug\kotlin\me\rerere\rikkahub\data\db\AppDatabase_AutoMigration_2_3_Impl.kt, D:\riklast\rik原作\rikkahub-master\rikkahub-1.9\app\build\generated\ksp\debug\kotlin\me\rerere\rikkahub\data\db\AppDatabase_AutoMigration_3_4_Impl.kt, D:\riklast\rik原作\rikkahub-master\rikkahub-1.9\app\build\generated\ksp\debug\kotlin\me\rerere\rikkahub\data\db\AppDatabase_AutoMigration_4_5_Impl.kt, D:\riklast\rik原作\rikkahub-master\rikkahub-1.9\app\build\generated\ksp\debug\kotlin\me\rerere\rikkahub\data\db\AppDatabase_AutoMigration_5_6_Impl.kt, D:\riklast\rik原作\rikkahub-master\rikkahub-1.9\app\build\generated\ksp\debug\kotlin\me\rerere\rikkahub\data\db\AppDatabase_AutoMigration_7_8_Impl.kt, D:\riklast\rik原作\rikkahub-master\rikkahub-1.9\app\build\generated\ksp\debug\kotlin\me\rerere\rikkahub\data\db\AppDatabase_AutoMigration_8_9_Impl.kt, D:\riklast\rik原作\rikkahub-master\rikkahub-1.9\app\build\generated\ksp\debug\kotlin\me\rerere\rikkahub\data\db\AppDatabase_AutoMigration_9_10_Impl.kt, D:\riklast\rik原作\rikkahub-master\rikkahub-1.9\app\build\generated\ksp\debug\kotlin\me\rerere\rikkahub\data\db\AppDatabase_Impl.kt, D:\riklast\rik原作\rikkahub-master\rikkahub-1.9\app\build\generated\ksp\debug\kotlin\me\rerere\rikkahub\data\db\dao\ConversationDAO_Impl.kt, D:\riklast\rik原作\rikkahub-master\rikkahub-1.9\app\build\generated\ksp\debug\kotlin\me\rerere\rikkahub\data\db\dao\GenMediaDAO_Impl.kt, D:\riklast\rik原作\rikkahub-master\rikkahub-1.9\app\build\generated\ksp\debug\kotlin\me\rerere\rikkahub\data\db\dao\MemoryDAO_Impl.kt, D:\riklast\rik原作\rikkahub-master\rikkahub-1.9\app\build\generated\ksp\debug\kotlin\me\rerere\rikkahub\data\db\dao\MessageNodeDAO_Impl.kt
Java source files: D:\riklast\rik原作\rikkahub-master\rikkahub-1.9\app\build\generated\source\buildConfig\debug\me\rerere\rikkahub\BuildConfig.java
Script source files: 
Script file extensions: 
Using Kotlin/JVM incremental compilation
[KOTLIN] Kotlin compilation 'jdkHome' argument: C:\Program Files\Java\jdk-17
Options for KOTLIN DAEMON: IncrementalCompilationOptions(super=CompilationOptions(compilerMode=INCREMENTAL_COMPILER, targetPlatform=JVM, reportCategories=[0, 3], reportSeverity=2, requestedCompilationResults=[0], kotlinScriptExtensions=[]), sourceChanges=org.jetbrains.kotlin.buildtools.api.SourcesChanges$Unknown@3c53ec43, classpathChanges=NotAvailableForNonIncrementalRun, workingDir=D:\riklast\rik原作\rikkahub-master\rikkahub-1.9\app\build\kotlin\compileDebugKotlin\cacheable, multiModuleICSettings=MultiModuleICSettings(buildHistoryFile=D:\riklast\rik原作\rikkahub-master\rikkahub-1.9\app\build\kotlin\compileDebugKotlin\local-state\build-history.bin, useModuleDetection=true), icFeatures=IncrementalCompilationFeatures(usePreciseJavaTracking=true, withAbiSnapshot=false, preciseCompilationResultsBackup=true, keepIncrementalCompilationCachesInMemory=true, enableUnsafeIncrementalCompilationForMultiplatform=false, enableMonotonousIncrementalCompileSetExpansion=true), outputFiles=[D:\riklast\rik原作\rikkahub-master\rikkahub-1.9\app\build\intermediates\built_in_kotlinc\debug\compileDebugKotlin\classes, D:\riklast\rik原作\rikkahub-master\rikkahub-1.9\app\build\kotlin\compileDebugKotlin\cacheable, D:\riklast\rik原作\rikkahub-master\rikkahub-1.9\app\build\kotlin\compileDebugKotlin\local-state])
e: file:///D:/riklast/rik原作/rikkahub-master/rikkahub-1.9/app/src/main/java/me/rerere/rikkahub/data/ai/tools/LocalTools.kt:552:48 Unresolved reference 'PACKAGES'.
e: file:///D:/riklast/rik原作/rikkahub-master/rikkahub-1.9/app/src/main/java/me/rerere/rikkahub/data/ai/tools/LocalTools.kt:552:85 Unresolved reference 'it'.
e: file:///D:/riklast/rik原作/rikkahub-master/rikkahub-1.9/app/src/main/java/me/rerere/rikkahub/data/ai/tools/LocalTools.kt:614:60 Unresolved reference 'launch'.
e: file:///D:/riklast/rik原作/rikkahub-master/rikkahub-1.9/app/src/main/java/me/rerere/rikkahub/data/ai/tools/LocalTools.kt:615:68 Suspension functions can only be called within coroutine body.
e: file:///D:/riklast/rik原作/rikkahub-master/rikkahub-1.9/app/src/main/java/me/rerere/rikkahub/data/ai/tools/LocalTools.kt:636:60 Unresolved reference 'launch'.
e: file:///D:/riklast/rik原作/rikkahub-master/rikkahub-1.9/app/src/main/java/me/rerere/rikkahub/data/ai/tools/LocalTools.kt:637:48 Suspension functions can only be called within coroutine body.
e: file:///D:/riklast/rik原作/rikkahub-master/rikkahub-1.9/app/src/main/java/me/rerere/rikkahub/data/ai/tools/LocalTools.kt:647:60 Unresolved reference 'PACKAGES'.
e: file:///D:/riklast/rik原作/rikkahub-master/rikkahub-1.9/app/src/main/java/me/rerere/rikkahub/data/ai/tools/LocalTools.kt:648:48 Suspension functions can only be called within coroutine body.
e: file:///D:/riklast/rik原作/rikkahub-master/rikkahub-1.9/app/src/main/java/me/rerere/rikkahub/data/ai/tools/LocalTools.kt:648:60 Unresolved reference 'it'.
e: file:///D:/riklast/rik原作/rikkahub-master/rikkahub-1.9/app/src/main/java/me/rerere/rikkahub/data/ai/tools/LocalTools.kt:653:61 Unresolved reference 'it'.
e: file:///D:/riklast/rik原作/rikkahub-master/rikkahub-1.9/app/src/main/java/me/rerere/rikkahub/data/ai/tools/LocalTools.kt:662:48 Unresolved reference 'PACKAGES'.
e: file:///D:/riklast/rik原作/rikkahub-master/rikkahub-1.9/app/src/main/java/me/rerere/rikkahub/data/ai/tools/LocalTools.kt:662:74 Cannot infer type for value parameter 'pkg'. Specify it explicitly.
e: file:///D:/riklast/rik原作/rikkahub-master/rikkahub-1.9/app/src/main/java/me/rerere/rikkahub/data/ai/tools/LocalTools.kt:664:57 Unresolved reference 'name'.
e: file:///D:/riklast/rik原作/rikkahub-master/rikkahub-1.9/app/src/main/java/me/rerere/rikkahub/data/ai/tools/LocalTools.kt:665:65 Unresolved reference 'displayName'.
e: file:///D:/riklast/rik原作/rikkahub-master/rikkahub-1.9/app/src/main/java/me/rerere/rikkahub/data/ai/tools/LocalTools.kt:666:64 Unresolved reference 'description'.
e: file:///D:/riklast/rik原作/rikkahub-master/rikkahub-1.9/app/src/main/java/me/rerere/rikkahub/data/ai/tools/LocalTools.kt:667:68 Unresolved reference 'defaultVersion'.
e: file:///D:/riklast/rik原作/rikkahub-master/rikkahub-1.9/app/src/main/java/me/rerere/rikkahub/data/container/PackageManager.kt:54:53 Unresolved reference 'PATH'.
e: file:///D:/riklast/rik原作/rikkahub-master/rikkahub-1.9/app/src/main/java/me/rerere/rikkahub/data/container/PackageManager.kt:66:35 Unresolved reference 'HOME'.
e: file:///D:/riklast/rik原作/rikkahub-master/rikkahub-1.9/app/src/main/java/me/rerere/rikkahub/data/container/PackageManager.kt:67:51 Unresolved reference 'HOME'.
e: file:///D:/riklast/rik原作/rikkahub-master/rikkahub-1.9/app/src/main/java/me/rerere/rikkahub/data/container/PackageManager.kt:67:64 Unresolved reference 'PATH'.
e: file:///D:/riklast/rik原作/rikkahub-master/rikkahub-1.9/app/src/main/java/me/rerere/rikkahub/data/container/PackageManager.kt:79:52 Unresolved reference 'PATH'.
e: file:///D:/riklast/rik原作/rikkahub-master/rikkahub-1.9/app/src/main/java/me/rerere/rikkahub/data/container/PackageManager.kt:92:59 Unresolved reference 'PATH'.
e: file:///D:/riklast/rik原作/rikkahub-master/rikkahub-1.9/app/src/main/java/me/rerere/rikkahub/data/container/PackageManager.kt:104:74 Unresolved reference 'PATH'.
e: file:///D:/riklast/rik原作/rikkahub-master/rikkahub-1.9/app/src/main/java/me/rerere/rikkahub/data/container/PackageManager.kt:115:52 Unresolved reference 'PATH'.
e: file:///D:/riklast/rik原作/rikkahub-master/rikkahub-1.9/app/src/main/java/me/rerere/rikkahub/data/container/PackageManager.kt:405:17 Operator '!=' cannot be applied to 'JsonElement?' and 'Boolean'.
e: file:///D:/riklast/rik原作/rikkahub-master/rikkahub-1.9/app/src/main/java/me/rerere/rikkahub/data/container/PackageManager.kt:480:17 Operator '!=' cannot be applied to 'JsonElement?' and 'Boolean'.
e: file:///D:/riklast/rik原作/rikkahub-master/rikkahub-1.9/app/src/main/java/me/rerere/rikkahub/data/container/PackageManager.kt:694:24 Unresolved reference 'HOME'.
e: file:///D:/riklast/rik原作/rikkahub-master/rikkahub-1.9/app/src/main/java/me/rerere/rikkahub/data/container/PackageManager.kt:695:24 Unresolved reference 'PATH'.
e: file:///D:/riklast/rik原作/rikkahub-master/rikkahub-1.9/app/src/main/java/me/rerere/rikkahub/ui/pages/container/ContainerToolsPage.kt:17:34 Unresolved reference 'icons'.
e: file:///D:/riklast/rik原作/rikkahub-master/rikkahub-1.9/app/src/main/java/me/rerere/rikkahub/ui/pages/container/ContainerToolsPage.kt:18:34 Unresolved reference 'icons'.
e: file:///D:/riklast/rik原作/rikkahub-master/rikkahub-1.9/app/src/main/java/me/rerere/rikkahub/ui/pages/container/ContainerToolsPage.kt:19:34 Unresolved reference 'icons'.
e: file:///D:/riklast/rik原作/rikkahub-master/rikkahub-1.9/app/src/main/java/me/rerere/rikkahub/ui/pages/container/ContainerToolsPage.kt:20:34 Unresolved reference 'icons'.
e: file:///D:/riklast/rik原作/rikkahub-master/rikkahub-1.9/app/src/main/java/me/rerere/rikkahub/ui/pages/container/ContainerToolsPage.kt:21:34 Unresolved reference 'icons'.
e: file:///D:/riklast/rik原作/rikkahub-master/rikkahub-1.9/app/src/main/java/me/rerere/rikkahub/ui/pages/container/ContainerToolsPage.kt:84:28 @Composable invocations can only happen from the context of a @Composable function
e: file:///D:/riklast/rik原作/rikkahub-master/rikkahub-1.9/app/src/main/java/me/rerere/rikkahub/ui/pages/container/ContainerToolsPage.kt:205:43 Unresolved reference 'Icons'.
e: file:///D:/riklast/rik原作/rikkahub-master/rikkahub-1.9/app/src/main/java/me/rerere/rikkahub/ui/pages/container/ContainerToolsPage.kt:212:43 Unresolved reference 'Icons'.
e: file:///D:/riklast/rik原作/rikkahub-master/rikkahub-1.9/app/src/main/java/me/rerere/rikkahub/ui/pages/container/ContainerToolsPage.kt:220:47 Unresolved reference 'Icons'.
e: file:///D:/riklast/rik原作/rikkahub-master/rikkahub-1.9/app/src/main/java/me/rerere/rikkahub/ui/pages/container/ContainerToolsPage.kt:265:43 Unresolved reference 'Icons'.
Finished executing kotlin compiler using DAEMON strategy

> Task :app:compileDebugKotlin FAILED
AAPT2 aapt2-9.0.0-14304508-windows Daemon #0: shutdown
AAPT2 aapt2-9.0.0-14304508-windows Daemon #1: shutdown
Build b1167cee-0faa-46cc-8687-cd1bdc4a268c is closed

[Incubating] Problems report is available at: file:///D:/riklast/rik%E5%8E%9F%E4%BD%9C/rikkahub-master/rikkahub-1.9/build/reports/problems/problems-report.html

FAILURE: Build failed with an exception.

* What went wrong:
Execution failed for task ':app:compileDebugKotlin'.
> A failure occurred while executing org.jetbrains.kotlin.compilerRunner.GradleCompilerRunnerWithWorkers$GradleKotlinCompilerWorkAction
   > Compilation error. See log for more details

* Try:
> Run with --stacktrace option to get the stack trace.
> Run with --debug option to get more log output.
> Run with --scan to generate a Build Scan (Powered by Develocity).
> Get more help at https://help.gradle.org.

Deprecated Gradle features were used in this build, making it incompatible with Gradle 10.

You can use '--warning-mode all' to show the individual deprecation warnings and determine if they come from your own scripts or plugins.

For more on this, please refer to https://docs.gradle.org/9.1.0/userguide/command_line_interface.html#sec:command_line_warnings in the Gradle documentation.

BUILD FAILED in 2m 57s
117 actionable tasks: 117 executed
Watched directory hierarchies: [D:\riklast\rik原作\rikkahub-master\rikkahub-1.9]
